Ålborg
Århus
Örebro
Östersund
's-Gravenhage
's-Hertogenbosch
Aaccra
Aachen
Aalborg
Aarau
Aarhus
Ababa
Abadan
Abakan
Aberdeen
Abertawe
Abha
Abi Dhabi
Abidjan
Abilene
Abingdon
Abu
Abu Dhabi
Abuja
Acapulco
Acarigua
Accra
Adak Island
Adana
Addis
Addis Ababa
Addlestone
Adelaide
Aden
Adler
Adnan Menderes
Agadir
Aguascalientes
Ahmedabad
Aires
Aix En Provence
Aix-En-Provence
Aix-Les-Bains
Ajaccio
Ajijic
Akiachak
Akiak
Akita
Akron
Al Basrah
Al Iskandariyh
Al Muthana
Al-Baha
Al-Fujairah
Albany
Albert Bay
Albertville
Alborg
Albuquerque
Aleandria
Aleandroupolis
Alencon
Aleppo
Ales
Alexandrie
Alger
Algesiras
Algiers
Alicante
Allahabad
Allakaket
Allentown
Alma Ata
Alma-Ata
AlmatyAmiens
Almere
Alofi
Alor Setar
Altona
Altoona
Altrincham
Amarillo
Amaroussion
Amchitka
Amersfoort
Amman
Amritsar
Amstelveen
Amsterdam
Anchorage
Ancona
Andahuaylas
Andorra
Anfa
Angeles
Angers
Angouleme
Anguilla
Aniak
Ankang
Ankara
Annaba
Annapolis
Annecy
Annecy-Le-Vieux
Antalya
Antananarivo
Antannanarivo
Antigua
Antigua-Et-Anvers
Antofagasta
Antrim
Antwerp
Antwerpen
Anvers
Anvik
Aomori
Apia
Appleton
Apra Harbor
Aqaba
Arcachon
Arcata
Arctic Village
Arecibo
Arequipa
Argentia
Arhus
Arica
Arkhangelsk
Arlanda
Arnheim
Arnhem
Arnsberg
Aruba
Arzanah Island
As Suways
Asahikawa
Ascension
Aschaffenburg
Asheville
Ashford
Ashkhabad
Asmara
Astrurias
Asunción
Asuncion
Aswan
Athen, Athènes
Athenes
Athens
Athinai
Atlanta
Atlantic City
Atmautluak
Aubervillers
Auckland
Augsburg
Augusta
Aurora
Austin
Auteuil
Autrans
Auvillar
Avarua
Avignon
Aviv
Avoriaz
Ayacucho
Aylesbury
Bâle
Baar
Bad Homburg v. d. Höhe
Bad Homburg v. d. Hoehe
Baghdad
Bahrain
Bahrein
Bakersfield
Baku
Balboa
Ballerup
Balmaceda
Baltimore
Bamako
Bandar
Bandar Abbas
Bandar Seri Begawan
Bandar Shahid Rejaie
Baneasa
Bangalore
Bangkok
Bangor
Bangui
Banjul
Banzart
Baotou
Barbados
Barcelona
Barcelone
Bardufoss
Barentsburg
Bari
Barinas
Barletta
Barnes
Barnsley
Barquisimeto
Barranquilla
Barrow
Barrow-In-Furness
Bascharage
Basel
Basildon
Basingstoke
Basle
Basra
Basse-Terre
Basseterre
Bastia
Basuo Gang
Baton Rouge
Battle Creek
Bay City
Bayonne
Bayonnne
Beaumont
Beauvais -
Beauvais
Beaver
Beaver Ruin
Bedford
Begawan
Beijing
Beira
Beirut
Bel-Air
Belem
Belfast
Belfast City
Belfort
Belgrade
Belize
Bellingham
Belmopan
Belo Horizonte
Benghazi
Bergamo
Bergen -
Bergen
Bergerac
Bergisch Gladbach
Berkeley
Berlin
Bermuda
Bern
Berne
Berne, Berna
Bertrange
Besançon
Besancon
Bethel
Bethlehem
Bettels
Bettles
Beverly Hills
Beyrouth
Biak
Biarritz
Biel
Bielefeld
Bienne
Bietigheim-Bissingen
Bilbao
Bilbo
Billings
Billingstad
Billund
Biloxi
Binghamton
Bintulu
Birmingham
Bismarck
Bissau
Bitche
Blackburn -
Blagnac
Blanding
Blantyre
Blantyre-Limbe
Bloemfontein
BloisBogota
Bloomington
Blyth
Boa Vista
Bocholt
Bochum
Bodo
Bogotá
Bogota
Boise
Bologna
Bologne
Bolton
Bombay
Bonaire
Bonn
Borås
Bordeaux
Borispol
Bornem
Boston
Boulder
Boulogne
Boulogne-Billancourt
Bournemouth
Bozeman
Brüssel
Bracknell
Bradenton
Bradford
Braga
Brainerd
Brake
Brasilia
BRATISLAVA
Braunschweig
Brazzaville
BREDA
Bremen
Bremerhaven
Bremerton
Brentford
Brentwood
Brescia
Brest
Bridgend
Bridgeport
Bridgetown
Brindisi
Brisbane
Bristol
Brize Norton
Bromma
Bromsgrove
Brooklyn
Brownsville
Bruchsal
Brugge
Brunswick
Brussels
Bruxelles
Bruz
Buarest
Bucaramanga
Bucarest
Bucharest
Bucknall
Bucuresti
Budapest
Buenos
Buenos Aires
Buffalo
Bujumbura
Bukarest
Bulawayo
Bur Said
Bur Sudan
Burbank
Burke Lakefront
Burkina-Caen
Burlington
Burnsall
Burton-on-Trent
Bury St Edmunds
Busan
Bushehr
Butte
Caën
Cadiz
Caen
Caerdydd
Caire
Cairns
Cairo
Cajamarca
Calais
Calama
Calcutta
Calgary
Cali
Calicut
Calikyitsik
California
Calumet
Calumet Harbor
Calvi
Camberley
Cambridge
Cambridge Bay
Camden
Camembert
Camp David
Campana
Campo Grande
Canaima
Canaport
Canberra
Cancun
Canet
Cannes
Canton
Cap
Cape Girardeau
Cape Town
Cape Yakatage
Capelle aan den Ijssel
Caracas
Cardif
Cardiff
Carlisle
Carlsbad
Carnac
Carson City
Cartagena
Cartagene
Carthage
Carupano
Casablanca
Casnewydd
Casper
Castries
Catania
Cayenne
Cebu
Cedar City
Cedar Rapids
Celle
Cergy
Ceuta
Chachapoyas
Chaiang Mai
Chalon Sur Saône
Chalon-sur-Saône
Chalons-Sur-Saone
Chambery
Chamonix
Champaign
Champigny
Chandigarh
Changchun
Changsha
Chantilly
Charleston
Charlestown
Charleville-Mezieres
Charlotte Amalie
Chartres
Chateau-Thierry
Chatham Docks
Chattanooga
Chavanod
Chavenay
Cheam
Chefornak
Cheju
Chelmsford
Cheltenham
Chemnitz
Chengdu
Chennai
Cherbourg
Chester
Chesterfield
Chetumal
Chevak
Cheyenne
Chi
Chi Lung
Chiang
Chicago
Chichen Itza
Chiclayo
Chico
Chignik
Chihuahua
Ching Tao
Chiswick
Chitose
Chittagong
Chongqing
Christchurch
Chuathbaluk
Cienfuegos
Cigli Military
Cincinnati
City
Ciudad del Carmen
Ciudad del Este
Civitavecchia
Cladisvostok
Clampino
Clermont-Ferrand
Cleveland
Clichy
Cobh
Cochabamba
Cochin
Coeur D'Alene
Coimbra
Colchester
Cold Bay
Colima
College Station
Colmar
Cologne
Colombo
Colombo Harbor
Colorado Springs
Columbia
Columbus
Columbuss
Conakry
Concepcion
Concord
Congonhas
Constantine
Copenhage
Copenhagen
Copenhague
Copiapo
Cordova
Corinth
Cork
Coro
Corpus Christi
Cotonou
Courbevoie
Courchevel
Courtaboeuf
Coventry
Coyhaique
Cozumel
Cracovie
Crawley
Cremona
Cristobal
Crokked Creek
Croydon
Cruzeiro Do Sul
Cuenca
Cuiaba
Cul de Sac
Culebra
Culiacan
Cumana
Curacao
Curitiba
Cusco
Cuxhaven
Düren
Düsseldorf
Dakar
Dalaman
Dalian
Dallas
Damas
Damascus
Damietta
Danbury
Danderyd
Danville
Dar
Dar Es Salaam
Dar-Es-Salaam
Darmstadt
Darnetal
Dartford
Darwin
Davao
DAYTON
Daytona Beach
Deadhorse
Deauville
Decatur
Deer Lake
Deering
Deeside
Del Rio
Delft
Delhi
Delta
Delta Junction
Den Bosch
Den Haag
Denpasar
Denver
Derby
DES MOINES
Destin
DETROIT
Dhabi
Dhahran
Dhaka
Dieppe
Dietlikon
Dijon
Dillingham
Ditzingen
Djakarta
Djerba
Djibouti
Doha
Domingue
Domodedovo
Doncaster
Dordrecht
Dorking
Dortmund
Dothan
Douala
Dover
Dover Harbor
Drammen
Dresden
Dubai
Dublin
Dubrovnik
DUDELANGE
Dudinka
Dueren
Duesseldorf
Duisburg
Duluth
Dundee
Dunkerque
Dunstable -
Durango
Durban
Durham
Durres
Dushanbe
Dusseldorf
Dutch Harbor
Eagle Pass
Ealing
East London
East Midlands
Easter Island
Eastleigh
Edinburgh
Edison
Edmonton
Egegik
Egham
Eindhoven
Ekaterinburg
El Aaiun
El Ferrol Del Caudillo
El Paso
El Salvador
El Segundo
El Vigia
Elat
Elbeuf
Elko
Elmira
Elmshorn
Ely
Embarkadero
Emden
Emirats
Enfield
English
English Bay
Enschede
Ensenada
Epernay
Epsom
Ercan
Erfurt
Erie
Erlangen
Eros
Esbjerg
Esch-sur-Alzette
Eschborn
Esenboga
Eskilstuna
Essen
Essendon
Esslingen am Neckar
Ettlingen
Eugene
Eureka
Europa Point
Europoort
Evansville
Evenes
Evian
Evreux
Evry
Exeter
Fürth
Fagall'l
Fairbanks
Falkirk
Falmouth
False Pass
Fangcheng Gang
Fareham
Fargo
Farnborough
Faro
Fawley
Fayetteville
Fecamp
Fellbach
Felletin
Feltham
Ferte-Bernard
Fez
Filderstadt
Fillmore
Findlay
Firenze
Fiumicino
Flagstaff
Flensburg
Flint
Florence
Florenz
Flores
Fontainebleau
Fornebu
Fort De France
Fort Lauderdale
Fort Myers
Fort Nelson
Fort Pierce
Fort Simpson
Fort Smith
Fort St. John
Fort Walton Beach
Fort Wayne
Fort Worth
Fort Yukon
Fort-de-France
Fortaleza
Framingham
Francfort
Frankenthal Pfalz
Frankfort
Frankfurt
Frankfurt am Main
Franklin Park
Fransisco
Frechen
Fredericton
Freeport
Freetown
Freiburg
Freiburg im Breisgau
Fremantle
Fresno
Fribourg
Friedrichshasen
Frunze
Fuerth
Fukuoka
Fukuyama
Fulda
Fulham
Funafuti
Funchal
Futuna
Fuzhou
Gävle
Göppingen
Göteborg
Göttingen
Gütersloh
Gaborone
Gainsville
Galena
Galveston
Gamagori
Gand
Garching b. München
Gardermoen
Garoua
Gassim
Gauhati
Gayaquil
Gdansk
Gdynia
Geelong
Geisum
Gelsenkirchen
Gemena
Genève
Geneva
Geneve
Genf
Genk
Gennevilliers
Genoa
Genova
Gent
Genua
Georgetown
Ghardaia
Ghent
Gießen
Glacier National Park
Gladbeck
Glasgow
Glendale
Glostrup
Goa
Godthab
Goeppingen
Goeteborg
Goettingen
Golovim
Goma
Goodnews
Goodnews Bay
Goose Bay
Goroka
Goslar
Goteborg
Gothenburg
Gouda
Gran Canaria
Grand Cayman
Grand Forks
Grand Junction
Grand Rapids
Grand Turk
Grande Prairie
Grangemouth
Grasse
Grayling
Graz
Great Falls
Green Bay
Greenock
Greensboro
Greenville
Grenada
Grenoble
Grimsby
Groningen
Groton
Guadalajara
Guam
Guangzhou
Guatemala
Guatemala City
Guayaquil
Guernsey
Guetersloh
Guildford
Guilin
Guinea-Bissau
Guiyang
Gulfport
Gulkana
Gunnison
Haarlem
HafnarfjörÐur
Hafnarfjordur
Hagen
Haguenau
Haikou
Hail
Haines
Hakata
Hakodate
Halifax
Halim Perdana Kusuma
Hall Beach
Halle Saale
HalleWestfalen
Halmstad
Halsingborg
Halstead
Hambourg
Hamburg
Hamilton
Hamm
Hanau
Haneda
Hangzhou
Hanko
Hanley
Hannover
Hanoi
Hanover
Hanstholm Havn
Harare
Harbin
Harburg
Harlingen
Harlow
Harrisburg
Harrogate
Hartford
Hartlepool
Hastings
Hat Yai
Hatfield
Haugesund
Havana
Havane
Havre
Hay River
Haye
Hayward
Headingley
Hefei
Heidelberg
Heilbronn
Helena
Helsingborg
Helsingfors
Helsinki
Hemel Hempstead
Heraklion
Herford
Hermosillo
Herne
Hertford -
Hewanorra
Hibbing
Higashi Harima
High Wycombe
Hilden
Hilo
Hilversum
Hiroshima
Ho
Ho Chi Minh
Ho Chi Minh City
Hobart
Hoboken
Hofheim am Taunus
Hohhot
Hollywood
Holy Cross
Homer
Hong Kong
HongHongkong
Honiara
Honolulu
Hoofddorp
Hoolehua
Hooper Bay
Hoorn
Hoskins
Hounslow
Houston
Hove
Huangpu
Huatulco
Huddersfield
Hull
Humberside
Hunterston
Huntingdon
Huntington
Huntsville
Huslia
Hvalfjordur
Hyannis
Hyderabad
Hyeres
Ibaizabal
Idaho Falls
Igarka
Iguassu Falls
Ile
Ilford
Iliamna
Immingham
Inchon
Indianapolis
Ingelheim
Ingolstadt
Innsbruck
Intercontinental
International Falls
Inuvik
Iowa City
Ipoh
Ipswich
Iqaluit
Iquique
Iraklion
Iron Mountain
Irvine
Irving
Iserlohn
Isfahan
Isiro
Isla Grande
Islamabad
Ismaning
Issy-Les-Moulineaux
Istanbul
Itami
Ithaca
Ivanoff Bay
Iwakuni
Ixtapa
Izmir
Jönköping
Jackson
Jackson Hole
Jacksonville
Jaipur
Jakarta
Jalalabad
Janeiro
Janesville
Jarnac
Jeddah
Jefferson City
Jersey
Jersey City
Jerusalem
Jinan
Joenkoeping
Johannesburg
John O'Groats
Johnston Island
Johor Bahru
Jonkoping
Jorge Newbery
Jose
Jouy-En-Josas
Juan
Juanjui
Juba
Jubail
Juliaca
Juneau
Köln
København
Kabul
Kaduna
Kagoshima
Kahului
Kaiserslautern
Kakogawa
Kaktovik
Kalamazoo
Kaliningrad
Kalispell
Kalskag
Kaltag
Kampala
Kampong Saom
Kanab
Kanakanak
Kananga
Kano
Kansas City
Kao Hsiung
Kaohsiung
Karachi
Karachi Harbor
Karaganda
Karlsruhe
Karlstad
Karsto
Karup
Kasigluk
Kasko
Kassel
Kathmandou
Kathmandu
Katunan
Kawasaki
Kehl
Kelang
Kemaman Harbor
Kempten Allgäu
Kenai
Kerman
Ketchikan
Kettering
Key West
Kgs. Lyngby
Khabarovsk
Khartoum
Khorramshahr
Kiel
Kiev
Kigali
Kilburn
Kilimanjaro
Killeen
Kimberley
Kin Wan
Kindu
King Cove
King Salmon
Kingston
Kingston upon Hull
Kingston-upon-Thames
Kingstown
Kinshasa
Kipnuk
Kiruna
Kisangani
Kisarazu
Kishinev
Kista
Kivalina
Kkuujjuaq
Klagenfurt
Klagentfurt
Klaipeda
Knoxville
Kobe
Kobenhavn
Koblenz
Kochi
Kodiak
Kokruagarok
Kolonia
Komatsu
Kona
Kongens Lyngby
Kongiganak
Konstanz
Kontich
Kopenhagen
Koror
Kosovo
Kosrae
Kota Kinabalu
Kotka
Kotzebue
Koweit
Koyukuk
Krasnojarsk
Krefeld
Kristiansand
Kristianstad
Kristinestad
Kuala
Kuala Lumpur
Kuantan New Port
Kuching
Kumamoto
Kunming
Kuopio
Kure
Kushikino
Kushiro
Kuujjuarapik
Kuwait
Kwajalien
Kwangju
Kwethluk
Kwigillingok
Kyoto
Lübbecke
Lübeck
Lüdenscheid
La Ceiba
La Coruna
La Crosse Wi
La Grande
La Habana
La Pallice
La Paz
La Plata
La Rochelle
La Spezia
Labuan
Lae
Lafayette
Lagos
Lahad Datu
Lahore
LahoreLancon
Lake Charles
Lake Havasu City
Lakehead Harbor
Lanai City
Lancaster
Lands End
Landshut
Langen
Langkawi
Lannion
Lansing
Lanzhou
Laredo
Larnaca
Las Palmas
Las Piedras
Las Vegas
Latouche
Launceston
Lausanne
Laval
Lawi Lawi
Lawton
Lax
Le Bourget
Le Havre
Le Mans
Le Palais
Leatherhead
Lebanon
Leeds
Leicester
Leinfelden-Echterdingen
Leinster
Leipzig
Leith
Leningrad
Lerwick
Les Sables Dolonne
Les Ulis
Lethbridge
Levallois-Perret
Leverkusen
Lexington
Lhasa
Libourne
Libreville
Lido
Liepaja
Lihue
Lille
LilleLima
Lilongwe
Lima
Limerick
Limoges
Linate
Lincoln
Linköping
Linz
Lippstadt
Lisboa
Lisbon
Lisbonne
Lissabon
Little Rock
Liverpool
Livingstone
Livorno
Ljubljana
Lome
London
London City
Londres
Long Beach
Longview
Longyearbyen
Loreto
Lorient
Los Angeles
Los Cabos
Los Mochis
Louis
Louisville
Lourdes
Louviers
Luanda
Lubbock
Lubeck
Lubumbashi
Lucknow
Luda
Ludwigsburg
Ludwigshafen
Luebeck
Luedenscheid
Lueneburg
Lugano
Luka Gruz
Luleå
Lulea
Lumpur
Lund
Luneville
Lusaka
Luton
Luxembourg
Luxemburg
Luxor
Luzern
Lyngby-Taarbæk
Lyon
Lyons
Lysaker -
Mölndal
Mönchengladbach
Mülhausen
Mülheim an der Ruhr
München
Münster
Maastricht
Macclesfield
Machelen
Macon
Madinah
Madison
Madras
Madrid
Magadan
Magdeburg
Magenta
Mahe
Mahe Island
Maidenhead
Maidstone
Maiduguri
Mailand
Mainz
Maisons-Laffitte
Maizuru
Majuro
Malabo
Malaga
Male
Malindi
Malmö
Malmo
Malmoe
Malpensa
Malta
Malvern
Manado
Managua
Manama
Manaus
Manchester
Manhattan
Manila
Manille
Mannheim
Mans
Manzanillo
Maputo
Maracaibo
Marburg
Margarita
Maribor
Marignane
Marion
Marl
Marlow
Marmorilik
Marne-la-Vallée
MAROUSSI
Marquette
Marrakech
Marriot Astrodrome
Marseille
Marshall
Martha's Vineyard
Mascate
Maseru
Mashad
Massy
Matadi
Matamoros
Matsuyama
Maturin
Mauritius
Mayaguez
Mazatlan
Mbabane
Mbandaka
Mbuji-Mayi
McAllen
McGrath
Mechelen
Medan
Medellin
Medford
Meekatharra
Mekoryuk
Melbourne
Melun
Melville Hall
Memmingen
Memphis
Mendoza
Merida
Meriden
Meridian
Meshik
Messina
Metz
Mexicali
Mexico
Mexico City
Meylan
Miami
Middlesbrough
Milan
Milano
Milford
Milton Keynes
Milwaukee
Mina Jabal Ali
Minatitlan
Minden
Mineralnye Vody
Minh
Minneapolis
Minot
Minsk
Miquelon
Miri
Mishima Kawanoe
Missoula
Mitcham
Miyazaki
Mizushima
Modena
Moenchengladbach
Moers
Mogadishu
Moji
Moline
Molokai
Molyneux
Mombasa
Monaco
Moncton
Mongstad
Monroe
Monrovia
Mont-De-Marsan
Mont-St-Michel
Montego
Montego Bay
Monterrey
Montervideo
Montevideo
Montgomery
Monticello
Montignac
Montigny
Montmorillon
Montpelier
Montpellier
Montreal
Montreuil
Montrouge
Morelia
Moresby
Moroni
Moscou
Moscow
Moses Point
Moskau
Moskva
Mount Hagen
Mount Pleasant
Moutiers
Muelheim an der Ruhr
Muenster
Mulhouse
Mumbai
Munich
Munster
Murmansk
Muroran
Muscat
Muscle Shoals
Muskegon
Myrtle Beach
Nürnberg
N'Djamena
Nadi
Nagasaki
Nagayeva
Nagoya
Nairobi
Nanchang
Nancy
Nanisivik
Nanjing
Nanning
Nanterre
Nantes
Nantucket
Nanyuan
Napakiak
Napaskiak
Naples
Napoli
Narita
Nashville
Nassau
Natal
Neckarsulm
Nemours
Nemrut
Nenana
Neu-Isenburg
Neuilly-Sur-Seine
Neuss
New Bedford
New Bern
New Delhi
New Haven
New Orleans
New Westminster
New York
New York City
Newark
Newburgh
Newbury
Newcastle
Newcastle Upon Tyne
Newhalen
Newport
Newtok
Niagara Falls
Niamey
Nice
Nicosia
NicosieNimes
Nieuwegein
Nightmute
Niigata
Nijmegen
Nimes
Ningbo
Niort
Nis
Nizhnevartovsk
Nogales
Nogent
Nome
Norderstedt
Norfolk
Norfolk Beach
Norilsk
Norman Wells
Norrköping
Norrkoping
Norte Los Rodeos
North Philadelphia
Northampton
Norwich
Nottingham
Nouakchott
Noumea
Novi Sad
Novosibirsk
Nuevitas
Nuevo Laredo
Nuku'Alofa
Nukus
Nulato
Nunapitchuk
Nuremberg
Nuuk
Oakland
Oaxaca
Oberursel
Ockelbo
Odense
Odessa
Oerebro
Offenbach am Main
Offenburg
Oita
Okadama
Okayama
Okinawa
Oklahoma City
Old Harbor
Oldenburg
Oldenburg Oldb
Oldham
Oliktok
Olympia
Omaha
Ontario
Oostende
Oporto -
Oran
Oranjestad
Orio Al Serio
Orlando
Orleans
Osaka
Oshkosh
Osijek
Oslo
Osnabrück
Osnabrueck
Osorno
Ostend
Otaru
Otopeni
Ottawa
Ouagadougou
Ovda
Oxford
Oxnard
Paderborn
Padova
Padua
Pago Pago
Paitilla
Palaiseau
Palembang
Palermo
Palm Springs
Palma
Palmer
Palo Alto
Panama
Panama City
Panguitch
Papeete
Paphos
Paramaribo
Parempuyre
Paris
Parkersburg
Parma
Parme
Parthenay
Pasajes
Pascagoula
Pasco
Pau
Paulo
Paya Lebar
Paz
Pecos
Pedro Juan Caballero
Pekin
Penang
Penh
Pensacola
Peoria
Pereira
Perimeter Mall
Perpignan
Perryville
Perth
Pesaro
Pescara
Peshawar
Peterborough
Petersburg
Petropavlovsk
Pforzheim
Philadelphia
Phnom
Phoenix
Phuket
Pierre
Pinang
Piraievs
Pirmasens
Pisa
Pittsburgh
Piura
Plaisir
Planegg
Plata
Platinum
Plymouth
Pocatello
Pohnpei
Point a Pitre
Point Hope
Point Lay
Pointe-à-Pitre
Poitiers
Polamar
Ponce
Ponta Delgada
Pontiac
Pontoise
Poole
Pori
Pornic
Port Adelaide
Port Arthur
Port au Prince
Port Dalrymple
Port Elizabeth
Port Everglades
Port Graham
Port Harcourt
Port Hedland
Port Heiden
Port Louis
Port Lyttelton
Port Moller
Port Moresby
Port Of Spain
Port of Tyne
Port Vila
Port-Au-Prince
Port-Grimaud
Port-of-Spain
Port-Villa
Portland
Porto
Porto Alegre
Porto de Leixoes
Porto De Sines
Porto Velho
Porto-Novo
Portsmouth
Portsmouth Harbor
Potsdam
Prag
Prague
Praha
Praia
Preßburg
Presque Isle
Preston
Prestwick
Pretoria
Prince George
Prince Rupert
Providence
Providenciales
Prudhoe Bay
Pucallpa
Puebla
Puerto
Puerto Armuelles
Puerto Ayachucho
Puerto Del Callao
Puerto Escondido
Puerto La Cruz
Puerto La Guaira
Puerto Maldonado
Puerto Montt
Puerto Ordaz
Puerto Plata
Puerto Vallarta
Punta Arenas
Punta Palenque
Pusan
Puteaux
Pyongyang
Pyramiden
Qingdao
Que Iboe
Quebec
Quetta
Quimper
Quinhagak
Quito
Rüsselsheim
Rabat
Rabaul
Raleigh
Ramstein
Randers
Rangoon
Ranshofen
Ranton
Rapid City
Rarotonga
Ras At Tannurah
Ras Shukhier
Ratingen
Rauma
Ravensburg
Reading
Recife
Recklinghausen
Red Devil
Red Dog
Redding
Redditch
Redhill -
Redstone
Regensburg
Reggio Emilia
Regina
Reims
Rellingen
Remscheid
Rennes
Reno
Resolute
Reunion
Reutlingen
Reval
Reykjav¡k
Reykjavik
Reze
Rheims
Rheine
Rho
Richards Bay
Richland
Richmond
Rickmansworth -
Ried im Innkreis
Riga
Rijeka Luka
Rijswijk
Rimini
Rio
Rio De Janeiro
Rio Gallegos
Rioja
Riverhead
Riyad
Riyadh
Road Town
Roanne
Roanoke
Roatan
Rochefort
Rochelle
Rochester
Rockford
Rocky Mount
Rodez
Rom
Roma
Rome
Roosevelt
Rosario
Roseau
Roskilde
Rostock
Rota
Rotherham
Rothesay Dock
Rotterdam
Roubaix
Rouen
Roussillon
Ruby
Rueil-Malmaison
Ruesselsheim
Rugby
Runcorn -
Rungis
Russian Mission
Søborg
Saarbrücken
Saarbrucken
Saarbruecken
Sacramento
Safi
Saganoseki
Saginaw
Saigon
Saint Georges
Saint Johns
Saint Michael
Saint Paul
Saint Petersburg
Saint-Denis
Saint-Etienne
Saint-Etienne Du Rouvray
Saint-Herblain
Saint-Jean
Saint-Nazaire
Saint-Omer
Saint-Ouen
Saint-Petersbourg
Saint-Quentin
Saint-Quentin-en-Yvelines
Saint-Sauveur
Saint-Sulpice
Saint-Tropez
Saipan
Sakai Senboku
Sakhalinsk
Sal
Saldanha Bay
Salem
Salmesbury
Salon-De-Provence
Salt Lake City
Saltillo
Salvador
Salzburg
San
San Andres Island
San Angelo
San Antonio
San Bernardino
San Diego
San Fernando
San Fernando de Apure
San Francisco
San Jose
San Juan
San Luis Potosi
San Pedro Sula
San Salvador
San Tome
Sana'A
Sanaa
Sand Point
Sandakan
Santa Barbara
Santa Cruz
Santa Cruz De Tenerife
Santa Fe
Santa Maria
Santander
Santiago
Santiago de Compostela
Santiago De Cuba
Santo
Santo Domingo
Santos
Santos Dumont
Sanya
Sanzibar
Sao
Sao Luiz
Sao Paulo
Sao Tome
Sao Tome Island
Sapporo
Sarajevo
Sarasota
Sarrebruck
Sasebo
Sault St. Marie
Sauveterre-De-Bearn
Savannah
Savona
Scammon Bay
Scatsta
Schlieren
Schwalbach am Taunus
Schweinfurt
Schwerte
Scunthorpe
Sde Dov
Seattle
Sedona
Segrate
Seldovia
Seletar
Sendai
Seoul
Seri
Sevenoaks
Sevilla
Seville
Seward
Shageluk
Shang Hai
Shanghai
Shannon
Shantou
Sharjah
Sheffield
Shemya Islands
Shenyang
Shenzhen
Sheremetyevo
Shibushi
Shields Harbor
Shijiazhuang
Shimizu
Shimonoseki
Shiraz
Shishmaref
Shreveport
Shung Shan
Sibenik
Sibu
Siegen
Simferopol
Singapore
Singapour
Sint-Niklaas
Sioux City
Sioux Falls
Siracusa
Sirri Island
Sitka
Sizewell
Skagway
Skulte
Sleetmute
Slough
Sochi
Soeborg
Sofia
Sokoto
Soldotna
Solihull
Solingen
Sollentuna
Solna
Sonderborg
Sondre Stromfjord
South Bend
Southampton
Speyer
Split
Spreitenbach
Springfield
St Albans
St Denis
St Herblain
St John
St Louis
St Nazaire
St Ouen
St Priest
St-Petersburg
St-Pierre
St. Denis de la Reunion
St. Gallen
St. George
St. George Island
St. Helena
St. Johns
St. Kitts
St. Kitts and Nevis
St. Louis
St. Lucia
St. Maarten
St. Mary's
St. Paul
St. Petersburg
St. Pierre and Miquelon
St. Thomas
St. Vincent
St. Vincent and the Grenadines
Staines
Starkville
Stavanger
Stavenger
Steamboat Spring
Stevenage
Stevens Village
Stockholm
Stockport
Stockton
Stoke Poges
Stoke-On-Trent
Stony River
Storlien
Straßburg
Strasbourg
Strassen
Studstrup
Stuttgart
Sudbury
Sukhumi
Sumuburgh
Sundbyberg
Sunderland
Sundsvall
Superior
Sur Reine Sofia
Surabaya
Surbiton
Suresnes
Sutton
Suva
Swanage
Swansea
Swatow
Swindon
Sydney
Syracuse
Szczecin
Tübingen
Tabriz
Tabuk
Tachibana
Tacna
Tacoma
Taegu
Tagonoura
Tahkoluoto
Tai-pei
Taif
Taipeh
Taipei
Taiyuan
Takamatsu
Takoradi
Talara
Talkeetna
Tallahassee
TALLINN
Tamanrasset
Tamiami
Tampa
Tampere
Tampico
Tanana
Tananarive
Tanger
Tangier
Tanjungpriok
Tapis
Tapis Oilfield
Tarabulus
Taranto
Tarapoto
Tarawa
Tarbes
Tashkent
Tawau
Tazerka
Tbilisi
Teesport
Teesside
Tegel
Tegucigalpa
Teheran
Tehran
Tel Aviv
Tel Aviv-Yafo
Telford
Teller
Tempelhof
Temuco
Tenerife
Tepic
Terceira
Terneuzen
Terrace
Tetlin Junction
Texarkana
Thanh Pho Ho Chi Minh
Thann
The Hague
The Valley
Thessaloniki
Thessalonoki
Thimphu
Thonon
Thunder Bay
Tianjin
Tijuana
Timisoara
Tinee
Tingo Maria
Tingwall
Tinson
Tipton
Tirana
Tirane
Tobago
Togiak
Toksook Bay
Tokushimax
Tokyo
Toledo
Tompkinsville Si
Tongatapu
Tonnerre
Topeka
Torino
Toronto
Toronto Island
Torreon
Tortola
Tottori
Toucy
Toulon
Toulouse
Tourcoing
Tours
Toyama
Traun
Traverse City
Trenton
Tresco
Treviso
Trier
Triest
Trieste
Trincomalee Harbor
Trinite
Tripoli
Trivandrum
Trois Rivieres
Trollhättan
Trombetas
Tromso
Trondheim
Troyes
Trujillo
Truk
Tucson
Tuebingen
Tulsa
Tuluksak
Tumbes
Tunis
Tunstall
Tuntutuliak
Tununak
Turin
Turku
Tuscaloosa
Tuxtla Gutierrez
Tuzla
Twickenham -
Twin Falls
Tyler
Ube
Ujung Pandang
Ukiah
Ulaanbaatar
Ulan Bator
Ulm
Umeå
Umea
Umiat
Umkumiut
Unalakleet
Ungalik
Unna
Uppsala
Urumqi
Ussel
Utopia
Utrecht
Uxbridge
Västerås
Växjö
Vélizy-Villacoublay
Vaasa
Vaduz
Vaesteras
Vaexjoe
Val D'Or
Valdez
Valdosta
Valencia
Valera
Valladolid
Vallarta
Valletta
Valparaiso
Vancouver
Vanda
Vannes
Vantaa
Varadero
Varengeville
Varsovie
Vasteras
Vatican
Vaxjo
Vegas
Veghel
Vejle
Venetie
Venice
Venise
Venlo
Veracruz
Vernal
Verona
Versailles
Vichy
Victoria
Victoria Harbor
Vienna
Vienne
Vientiane
Vieques
Viersen
Vigo
Villahermosa
Villanueva
Villefranche-Sur-Saone
Villeneuve d'Ascq
Villepreux
Villeurbanne
Villingen-Schwenningen
Vilnius
Vilvoorde
Viracopos
Viroflay
Vishakhapatnam
Vitrolles
Vladivostok
Vlissingen
Vnukovo
Voiron
Voreppe
Vyborg
Würzburg
Wabush
Waco
Wadi Feiran
Wainwright
Wakamatsu
Wakefield
Wallis
Walsall
Warrington
Warsaw
Warschau
Warszawa
Warwick
Washington
Washington, DC
Waterloo
Watford
Watson Lake
Wausau
Wednesbury
Weisbaden
Wellingborough
Wellington
Wells
Wels
Welwyn Garden City
Wembley
Wenatchee
Wendover
West Bromwich
West Palm Beach
West Point
Westchester County
Westminster
Wetzlar
Wevok
Weybridge
Weymouth
Whitehall
Whitehorse
Whittier
Wichita
Wichita Falls
Wien
Wiesbaden
Wilhelmshaven
Wilkes-Barre
Willemstad
Williamsburg
Willow
Willow Run
Wilmington
Wilson
Wimborne
Windhoek
Windsor
Winnipeg
Winston-Salem
Winterthur
Wirral
Witney
Witten
Woking
Wokingham
Wolfsburg
Wolverhampton
Woolwich
Worcester
Worms
Wrangell
Wuerzburg
Wuhan
Wuppertal
Xiamen
Xian
Yakima
Yakutat
Yamagata
Yanan
Yangon
Yantai
Yaounde
Yap Caroline Island
Yaren
Yellowknife
Yerevan
Yinchuang
Yokkaichi
Yokohama
Yokosuka
York
Yuma
Yurimaguas
Yuzhno
Zürich
Zacatecas
Zagreb
Zahedan
Zaragoza
Zaventem
Zeebrugge
Zhanjiang
Zhengzhou
Zihuatanejo
Zoetermeer
Zorg En Hoop
Zug
Zurich
Canterbury
Edgbaston
