Abu Dabi
Abu Dhabi
Abu Hail
Abu Zabi
Abu Zabye
Abu Zabyo
Ad Dharbaniya
Adgat
Adh Dhaid
Adhin
Afarah
`Ain
Ain al Ghamur
`Ain Dhawahir
Ajima
Akamiya
Al Abadilah
Al Ain
Al Ajman
Al `Ayn
Al `Ayn al Ghamur
Al Badiyah
Al Bithnah
Al Daid
Al-Dhayd
Al Dini
Al Duss
Al Fai
Al Fiyya
Al-Fudjayra
Al Fuqait
Al Fuyay'
Al-Ghil
Algida
Al Gissemari
Al Hagarein
Al Haira
Al Hairah
Alhala
Al Hama'im
Al Hamra'
Al Hamriya
Al Hayir
Al Hayl
Al Hayl
Al Hinya
Al-Hirah
Al-Humaimah
Al Ian
Aliya
Al Jazirah al Hamra'
Al Jima
Al Jimi
Al Khalabiya
Al Kharan
Al Khatt
Al Khawiya
Al Khulaybiyah
Al Layyah
Al Maham
Al-Mariyya Al-Gharbyya
Al-Mariyya
Al-Mariyyah
Al-Mirfa'
Al Mu`taridh
Al Muwaijh
Al Muweiqi
Al-Nashash
Al-Naslah
Al Odeid
Al-Qatarah
Al Qawr
Al Qima
Al Qor
Al-Rol
Al Saad
Al Said
Al Satwa
Al Selimat
Al Sharjah
Al-Tarif
Al-'Udaid
Al-`Udeid
Al Wathba
An Naslah
Aqqa
`Arada
Araibi
Ar Ru'ays
Ash 'Mariqah
Ash Shariqa
`Asimah
As Salihiyah
As Saqamqam
Athaba
At Tarif
At Turayf
`Awanat
Ayaina
Ayn al Faidah
`Ayn al Ghamur
`Ayn Zawahir
Badiya
Badiyyah
Bandar Mirfah
Barahah
Batain
Batein
Bidayarat Margham
Bidiya
Bidyah
Bid' Zayed
Bilaida
Bilaidah
Bithna
Bithnah
Budayyah
Bulaidha
Chuwais
Daba al-Ghurfah
Daba al-Hisn
Daba
Dabei
Dadna
Dadnah
Dafir
Dafta
Daira
Dairah
Dasa
Datta
Dayd
Deira
Dhadna
Dhafir
Dhaiah
Dhaid
Dhaiyah
Dhawaihir
Dhayd
Dhuwaiher
Diba al Hisn
Dibah
Dibai
Dibay
Dibba
Dibbah
Digdagga
Diq Duqqah
Dirah
Dubai
Dubay
Duhayd
Duwaihir
Duwayhin
El Ain
Fahlain
Fahlayn
Faiyada
Fakkan
Falaiya
Falaiyah
Falaj al Ali
Falaj Ibn Mu'alla
Falj Al `Ali
Falq Al Ali
Fara
Far`
Farfar
Fashra
Fayyadah
Fili Ma`ala
Fort Dabei
Fujaira
Fujairah
Fujayrah
Fulayyah
Furfar
Gargaha
Garmada
Ge'aisa
Ghadaf
Ghail
Ghail
Ghalla
Ghallah
Ghamara
Gharaifah
Gharefa
Ghob
Ghubbah
Ghubbat Khawarah
Ghumrah
Ghuna
Ghura
Ghurayfah
Ghurfah
Girath
Habhab
Hadaibah
Hadeiba
Hadhi
Hail
Hail
Hail
Haira
Hair
Hajarain
Hajarayn
Hajrain
Hama'im
Hamra
Hamriya
Hamriyah
Hamriyyah
Harra
Hayrah
Hil
Hili
Hisn Diba
Hiweitein
Hiyawa
Howeilat
Humaym
Husn Dibba
Huwaila
Huwaitin
Huweilah
Idhn
Ihaid
Istaihah
Isteiha
Jareef
Jarmada
Je`eisah
Jeraira
Jereirah
Jimeirah
Jimi
Juhr
Julfa
Jumairah
Jumaira
Jumeira
Kalbah
Kayya
Khaimah
Khalaibiyah
Khalaibiya
Khan
Khauran
Khawr al Fakkan
Khawr al Kalba
Khawran
Khawr Mala
Khawr Za`ab
Khor al Fakhan
Khor al Fakkan
Khor al Kalba
Khorfakan
Khorfakhan
Khor Fakhan
Khor Fakkan
Khor Kalba
Khor Khuwair
Khouran
Khubakhib
Khuwair
Kuways
Laiyah
Laiya
Laiyya
Latir
Lisaili
Lulaiyah
Luliyyah
Lu'lu'iyah
Luluya
Lumweijah
Ma'airidh
Ma'aridh
Ma`arid
Ma'ataradh
Ma'ataridh
Madaq
Madha
Madinat Za'id
Magrobiyya
Mahtarraqah
Maidaq
Manai'i
Manai
Manamah
Manama
Manqasnah
Marawah
Marbad
Marbah
Ma`rid
Mas`adi
Mashrub
Mas'ud
Mausal
Mausil
Mawsal
Ma`yarid
Mezaira'a
Milqata
Mirba
Mirbih
Mirfah
Mirfa
Mizeir`ah
Mondafanah
Mondafinah
Mozayri`
Muaifi
Mughairah
Mughaira
Mugharah
Mughayrah
Muhtarqah
Mukhtaraja
Mundafnah
Murawwah
Musafi
Musaifi
Mushayrib
Musil
Mutaradh
Mu`tarad
Mutarad
Muwafi
Nadd Shubayh
Nad Shibeih
Nahai
Nahawa
Nashshash
Naslah
Nasla
Nedaifi
Nefair
Nishash
Nuslah
'Odaid
Palhain
Port Khor Fakkan
Qalba
Qamh
Qaraiyah
Qaraiyat
Qarat ad Dulm
Qarat al Dum
Qarmadah
Qatarah
Qatara
Qattara
Qatuf
Qidfa
Qidfi`
Qima
Qimh
Quor
Qurayyah
Qusaidat
Qutuf
Ramla
Raml Sabil
Raml Za`bil
Rams
Ras al Khaimah
Ras al Khaima
Ras Dibba
Rashdia
Rashidiyah
Righeilat
Riyama
Rol Dadnah
Rugheilat
Rul Dabbah
Rul Dadnah
Rul Dhadna
Rul Dibah
Rul Dibba
Ruwais
Sa`bah
Sabakha
Sabkha
Sabukhah
Sahawat
Sakamkam
Sal
Shaam
Sha`m
Sharam
Sharga
Sharijah
Shariqah
Sharjah
Sharja
Shauka
Shib al Gat
Shimil
Shokah
Shuways
Sram
Sufad
Suheila
Sulaymat
Sumbrair
Taiyibah
Taraif
Tawian
Tawi as Siji
Tawi Siji
Tayibah
Tayiban
Tayyibah
Tereg
Tharwaniyyah
Tharwaniyya
Theeb
Thoban
Ud al Beida
`Ujman
Um al Quweim
Umm al Qaiwain
Umm al Qawain
Umm as Suqaym
Umm Grain
`Umm Qrein
`Uyaynah
Wa'abain
Waafit
Wafid
Wahala
Wedheil
Wefid
Western Mariyyah
Wudhayl
Yaif
Yalah
Yumul al Quwain
Zayah
Zubara
Zuweihir
