Ararat
Australie
Barber
Bau Seroe
Bella Vista
Bel Nem
Belvédère
Beneden Prinsen
Beneden Prinsen Kwartier
Benesuela
Benners
Berg Altena
Blomonte
Blomonti
Bloomingdale
Boka Samí
Bona Vista
Bonavista
Botele
Bottom
Bouille
Bou'i Seru
Boven Bolivia
Boven Prinsen
Boven Prinsen Kwartier
Bricat
Brievengat
Buena Esperansa
Buena Vista
Bullenbaai
Caranjito
Cas Chikitoe
Cas Corá
Cerrito
Chapel Piece
Cher Asile
Coeroeboeroe
Colon
Concordia
Cornet
Cottage Pasture
Crispeen
Cul de Sac
Cupe Coy
Deenterra
Defiance
De Hoop
Dentera
Den Tuna
Diamond
Domi
Domingitu
Dominguito
Dorp Antriol
Dorp Lagoen
Dorp Lagún
Dorp Nikiboco
Dorp Nikiboko
Dorp Noor i Sãlina
Dorp Nor i Saliña
Dorp Rincan
Dorp Rincón
Dorp Sabana
Dorp Sint Michiel
Dorp Sint Willebrordus
Dorp Sint Willibrordus
Dorp Soto
Dorp Tera Corá
Dorp Tera Kora
Dorp Westpunt
Emmastad
Emmstad
English Quarter
Entrejol
Experiment
Filipsburg
Fiscal
Fleur de Marie
Fontein
Fortuna Abau
Fortuna Abou
Fortuna Abu
Gato
Gilheads
Glass Bottle
Godet
Golden Rock
Great Bay
Groot Kwartier
Guatemala
Habai
Hato
Hearty
Hellsgate
Hoop
Industrie
Ishiri
Jan Doran
Jan Doret
Janwé
Jan Zoutvat
Juan Domingo
Juicio
Julianadorp
Juliandorp
Karké
Kas Chikitu
Kashu Tuin
Kibra Hacha
Koera Joeri
Kokorobi
Kolontjie
Koolbaai
Kortijn
Krakeel
Kralendijk
Kunchi
Kunuku Abou
Kura Juri
Kuruburu
Labra
Lagoen
Lagún
Leeuwarden
Leverock Town
Libie
Lower Hell's Gate
Lower Prince's Quarter
Lower Town
Mansion
Marchena
Mari Pompun
Mary's Fancy
Mentor
Middle Region
Montange
Montan'i Rei
Montanja di Reij
Montanje
Morgenster
Motet
Mountain Piece
Mundo
Mundo Nobo
Nazareth
New Ground
Newport
Nieuw Nederland
Nieuwpoort
Nikiboko
Nobo
Noord di Salinja
One Hoe
Onima
Orange Grove
Orange Town
Oranje Pan
Oranjestad
Orinoco
Otrabanda
Otrobanda
Over the Pond
Overzijde
Paradijs
Para Mira
Paramira
Pareira
Parera
Philipsburg
Pietermaai
Pine Garden
Playa
Porta Makaku
Porto Spaño
Prospect Farm
Prospect
Punda
Rancho
Republiek
Rigot
Rincón
Riscado
Rockland
Rood Huis
Roosendaal
Roozendaal
Rozendaal
Rust en Vrede
Rustoord
Rust
Sabana Westpunt
Sabaneta
Saint John's Flat
Saint Peter
Saliña Abou
Saliña
Salinja
San Bernardo
San José
San Pedro
Santa Catarina
Santa Clara
Santa Cruz
Santa Krus
Santa Maria
Santa Rosa
Saunders
Schaarlo
Scharloo
Schotsenhoek
Senkuria
Ser'i Bientu
Seritu
Seroe Bientoe
Seroebiento
Simsonbaai
Simson Bay Village
Simsons Bay
Sint Jago
Sint John
Sint John's
Sint Joris
Sint Josefsdal
Sint Jozefdal
Sint Jozefsdal
Sint Michiel Liber
Sint Michiel
Sint Willebrordus
Slangenbaai
Soto
Spring Garden
Steenrijk
Su Casa
Sucker Garden
Suffisant Dorp
Suriname Dorp
Tera Hundu
Terra Corra
The Bottom
The Corner
The Gap
The Hope
The Level
The Villa
Trial
Union Farm
Upper Hell's Gate
Upper Prince's Quarter
Upper Town
Valentijn
Venezuela
Vianen
Vineyard
Vlijt
Vredeberg
Vredenberg
Wanapa
Weis Afó
Weis
Weitje
Welgelegen
Westpunt
Willebrordus
Willemstad
Wilton
Windsor
Windward Side
Wishi
Zeelandia
