Aadorf
Aarau
Aaray
Aarberg
Aarburg
Aarwangen
Aathal
Ablandschen
Abtwil
Abtwyl
Acheberg
Ackersand
Acla
Aclas Dafora
Acquacalda
Acquarossa
Adannes
Adelboden
Adligenswil
Adliswil
Aecherli
Aeckenmatt
Aedermannsdorf
Aelgau
Aelgauli
Aelggi Alm
Aelggi Alp
Aernen
Aesch
Aesch
Aesch
Aeschau
Aescher
Aeschi
Aeschlen
Aeschlenberg
Aettenschwil
Aeugst
Affeltrangen
Affoltern
Affoltern am Albis
Agarn
Ageri
Agettes
Agiez
Agno
Agra
Aigle
Aino
Aion
Airlonia
Airola
Airolo
Alberswil
Albeuve
Albinen
Albligen
Alchenstorf
All'Acqua
All'Acqua Ospizio
Allaman
Alle
Allmendingen
Allschwil
Almagell
Alpe Braita
Alpe Cava
Alpe de la Barma
Alpe della Costa
Alpe de Noveli
Alpe de Peryeire
Alpe de Tortin
Alpe di Boggio
Alpe di Cava
Alpe di Cortas
Alpe di Crastera
Alpe dil Chant
Alpe di Naccio
Alpe di Quarnajo
Alpe di Scieru
Alpe di Trescolmen
Alpe Hannig
Alpe Porcarescio
Alpe Pulgabio
Alpe Quarnaro
Alpe Ritom
Alpe Schmorras
Alpe Sfille
Alpe Silvretta
Alpe Trescolmine
Alp Grum
Al Piano
Alpi di Trescolmine
Alpiglen
Alp Laret-Dadaint
Alpnach
Alpnachstad
Alp Schmorras
Alp Spinas
Alptal
Alpthal
Alp Vallatsch
Alp Valtnov
Al Sasso
Altanca
Altdorf
Alten
Altendorf
Altenrhein
Alterswil
Alterswilen
Alt-Felsberg
Alt Guraletsch
Altishofen
Altmatt
Altnau
Alton
Alt Sankt Johann
Altstatten
Alt Toggenburg
Alt-Wiedikon
Alvaneu
Alvaneubad
Alvaneu Dorf
Alvaschein
Am Bach
Ambri
Amden
Amriswil
Amsoldingen
Amsteg
Andeer
Andelfingen
Andermatt
Andest
Andwil
Angeli Custodi
Angone
Anieres
Anveuda
Anzonico
Appenzell
Apples
Apro
Aproz
Aquila
Aquino
Arbas
Arbaz
Arbedo
Arbon
Arcegno
Arch
Arconciel
Ardet
Ardez
Ardon
Argseeli
Arisdorf
Aristau
Arlesheim
Arnex
Arni Alm
Arni Alp
Arni
Arogno
Arolla
Arosa
Arosa Bahnhof
Arosio
Artaschiew
Arth
Arveyes
Arvigo
Arzier
Arzo
Ascharina
Aschlenberg
Ascona
Assens
Astano
Asuel
Attalens
Attinghausen
Attiswil
Au
Au
Au
Au
Aubonne
Auenstein
Auf dem Stock
Auf der Hohe
Augio
Augst
Aumont
Auressio
Aurigeno
Ausserbinn
Ausserdinhard
Aussere Altmatt
Ausserferrera
Ausserglas
Ausserholligen
Ausser Latterbach
Aussersihl
Autigny
Auvernier
Auw
Aux Acacias
Avegno
Avenches
Avry
Avry-sur-Matran
Axenstein
Ayent
Ayer
Baar
Bach
Bachenbulach
Bachlen
Bachs
Bachtolen
Baden
Bad Ragaz
Bad Schinznach
Bad-Schwarzsee
Bagnes
Baillaigues
Bains de Lavey
Bale
Balen
Balerna
Balgach
Ballaigues
Ballaluna
Ballens
Ballwil
Balm
Balm bei Messen
Balmenegg
Balstal
Balsthal
Baltenswil
Baltschieder
Banco
Bangerten
Bannwil
Barau
Barbereche
Barberine
Baretswil
Bariswil
Barma
Barmaz
Barme
Barschwil
Barschwil-Dorf
Basadingen
Baselaugst
Basel
Basenheid
Basilea
Basle
Bassecourt
Basse-Nendaz
Bassersdorf
Batanja
Batterkinden
Bauen
Baulmes
Bauma
Bauried
Bauriet
Bavois
Bavugls
Bazenheid
Beatenbeig
Beatenberg
Beckenried
Bedra
Bedretto
Beggingen
Begnins
Bei der Sage
Beim Hohenhaus
Beim Thurm
Beinwil
Belalp
Belfaux
Bellaluna
Bellechasse
Bellelay
Bellerive
Bellevue
Bellinzona
Bellmund
Bellwald
Belmont-sur-Lausanne
Belp
Belvedere
Benken
Benken
Bercher
Berg
Bergun
Berikon
Beringen
Berisal
Berna
Bern
Berne
Berneck
Bernex
Berninahauser
Bernina Suot
Beromunster
Berschis
Berzona
Betelried
Betelried Blankenburg
Betschwanden
Bettelried
Betten
Bettingen
Bettlach
Beuson
Bevaix
Bevers
Bevilard
Bex
Beznau
Biasca
Biaschina
Biasco
Biber
Biberbrucke
Biberen
Biberist
Bibern
Biborgo
Bichelsee
Bidogno
Biel
Biel
Bienne
Biere
Bigenthal
Biglen
Bignasco
Bigorio
Bilten
Binn
Binningen
Bioggio
Bioley-Orjulaz
Birmensdorf
Birmenstorf
Birmenstorf
Bironico
Birr
Birr-Lufig
Birrwil
Birsfelden
Birtschen
Bissegg
Bissone
Bitsch
Bivio
Bivio Stalla
Blankenburg
Blas
Blatten
Blatten
Blatten
Blauen
Blausee
Blitzingen
Blonay
Blumenstein
Boden
Boden
Bodio
Boegia
Boggia
Bogia
Bogis-Bossey
Bogno
Bolastro
Bolgen
Bollaigues
Boll
Bolligen
Bolligen-Dorf
Boltigen
Bolzbach
Bonaduz
Boncourt
Bonfol
Bonigen
Boniswil
Bonmont
Bonnefontaine
Bonstetten
Bonvillars
Borex
Borgnone
Borgonovo
Bort
Bosco Gurin
Bosingen
Bossey
Bottens
Bottenwil
Bottighofen
Bottmingen
Bottstein
Boudevilliers
Boudry
Bourg-Saint-Pierre
Bourg San Pierre
Bouveret
Bovernier
Bowil
Bozen
Brail
Bramis
Bramois
Brand
Bratsch
Braunwald
Bre
Brecholey
Breibe
Breil
Breite
Breitenbach
Breitenfeld
Bremgarten
Bremgarten
Bremis
Brenles
Breno
Brenzikofen
Bre sopra Lugano
Bretzwil
Brienz
Brienz
Brienzwiler
Brienzwiler-Dorf
Brig
Brigels
Brigerbad
Brignon
Brigue
Brione
Brislach
Brissago
Bristen
Brittnau
Broc
Broch
Broglio
Bronschhofen
Brontallo
Brot-Dessous
Brot-Plamboz
Brucke
Brugg
Brugg
Bruggen
Brunigen
Brunnadern
Brunnen
Brunnenthal
Brusino Arsizio
Brusio
Bruson
Bruttelen
Brutten
Bruttisellen
Bubendorf
Bubikon
Buchberg
Buch
Buchen
Buchen
Buchen
Buchholterberg
Buchler
Buchrain
Buchs
Buchs
Buchthalen
Buhlen
Buhler
Buhlruti
Buholz
Buix
Bulach
Bulle
Bullet
Bumbach
Bumpliz
Bundtels
Buochs
Buonas
Burchen
Bure
Buren an der Aare
Buren
Buren
Buren
Buren nid dem Bach
Burg
Burgdorf
Burgias
Burgistein
Burglen
Burglen
Burglen
Buron
Bursinel
Bursins
Burstera
Burtgas
Burtigny
Busen
Buseno
Busserach
Busserein
Bussigny
Busskirch
Busswil bei Buren an der Aare
Busswil
Butschwil
Buttes
Buttisholz
Buttwil
Butzberg
Buus
Buzberg
Cabbiola
Cabbiolo
Cadempino
Cadenazzo
Cadro
Cagiallo
Cagnago
Cala
Calortsch
Calpiogna
Cama
Camana
Camorino
Campascio
Campfer
Campliun
Campo Blenio
Campo
Campocologno
Campo Valmaggia
Campovasto
Campsut
Canobbio
Cantine-de-Proz
Capolago
Carena
Carouge
Carrera
Cartigny
Cartygny
Casaccia
Casima
Caslano
Cassina
Cassino
Castagnola
Castasegna
Castello San Pietro
Castel San Pietro
Castels
Castiel
Castione
Castro
Cauco
Caux
Caux sur Montreux
Cavergno
Caviano
Cazis
Celerina
Celigny
Cerentino
Cern
Cerniat
Cernier
Certara
Cevio
Chabrey
Chalais
Chalet a Gobet
Chambesy
Cham
Chamoson
Champagne
Champery
Champex
Champfer
Champsec
Champvent
Chancy
Chandolin
Changins
Chants
Chapelle
Chardonne
Charmey
Charmilles
Charmoille
Charrat
Charrat-les-Chenes
Chateau de Bonmont
Chateau-d'Oex
Chateauneuf
Chatelaine
Chatelaine-Geneve
Chatelard
Chatel-Saint-Denis
Chatonnaye
Chaumont
Chaumont-de-Pury
Chavannes
Chavannes-le-Chene
Chavannes-sous-Orsonnens
Chavornay
Cheiry
Chemin
Chene-Bougeries
Chene-Bourg
Chene-Paquier
Chermignon
Chermignon-d'en Bas
Chermignon-d'en Haut
Cheseaux
Chesieres
Chevenez
Chevroux
Chexbres
Chex le Bart
Cheyres
Chezard-Saint-Martin
Chez-le-Bart
Chiasso
Chiavasco
Chiesaz
Chiggiogna
Chippis
Chironico
Choindez
Chur
Churwalden
Ciavasco
Cierfs
Cierfs-Orasom
Ciernes-Picat
Cimadera
Cimalmotto
Cinuskel
Claro
Clavadel
Clugin
Coeuve
Cointrin
Coire
Col des Roches
Collombey
Collonges
Colombier
Colombier
Colovrex
Coltura
Comano
Combremont
Combremont-le-Petit
Comologno
Compadials
Compatsch
Compesieres
Comprovasco
Concise
Confignon
Conters
Conthey
Contone
Contra
Coppet
Coppet
Corbeyrier
Corcapolo
Corcelles
Corcelles
Cordast
Cordona
Cordonaz
Corgemont
Corippo
Corminboeuf
Cornaux
Cornol
Corsier
Corsier Port
Cortaillod
Cortascio
Corte
Corte Grande
Cortuillod
Cossonay
Cossonay-Ville
Cote aux Fees
Cottens
Coulouvreniere
Courfaivre
Courgenay
Courgevaux
Courlevon
Courrendlin
Courroux
Court
Courtedoux
Courtelary
Courtemaiche
Courtepin
Courtetelle
Courtion
Couta
Couvet
Cra digl Lai
Crana
Crans
Crans
Crans-sur-Sierre
Crassier
Crasta
Cre digl Lai
Cremines
Cresciano
Cressier
Cressier
Cresta
Creta
Crich
Crico
Crissier
Croce
Crusch
Cudrefin
Cugnasco
Cugy
Cully
Cumbels
Cunter
Curaglia
Curtina
Dachsen
Dagmersellen
Daillens
Daillet
Dailley
Dailly
Dallenwil
Dalpe
Damvant
Dandrio
Daniken
Danis
Dardagny
Darligen
Darstetten
Dattwil
Davos Dorf
Davos Platz
Degersheim
Deisswil
Deitingen
Dele
Delemont
Delsberg
Densburen
Derendingen
Devant
Diablerets
Diechtersmatt
Diegten
Dielsdorf
Diemtigen
Diepoldsau
Diesbach
Diessbach
Diesse
Diessenhofen
Dietikon
Dietlikon
Dietwil
Digg
Dinhard
Dino
Disentis
Disla
Distel Alp
Distel
Dizy
Dogern
Domat
Domat Ems
Dombresson
Domdidier
Dompierre
Dompierre
Donatyre
Dongio
Donneloye
Doppleschwand
Dorenaz
Dorfji
Dorfli
Dornach
Dornhalden
Dornhaus
Dottikon
Dottingen
Dranse
Dreiligass
Dreischubel
Dubendorf
Dudingen
Duno
Duranna
Durnten
Durrboden
Durrenasch
Durrenboden
Durrenroth
Dutgien
Dutjen
Duvin
Eaux-Vives
Ebikon
Ebligen
Ebnat
Ebnat-Kappel
Echallens
Echarlens
Econe
Ecublens
Ecuvillens
Effingen
Effretikon
Egerkingen
Egga
Egg
Eggenschwand
Eggenwil
Eggerberg
Eggersriet
Eggiwil
Eglisau
Egliswil
Egnach
Ehrendingen
Eichberg
Eich
Eigenthal
Eiken
Einigen
Einsiedeln
Eischol
Eischoll
Eison
Eisten
Elgg
Ellikon am Rhein
Ellikon an der Thur
Ellikon
Ellikon
Elm
Elsau
Elsigbach
Embd
Embrach
Emmenbrucke
Emmen
Emmenmatt
Emmetten
Emmeuen
Emmishofen
Emosson
Ems
Endingen
Engehalde
Engelberg
Engi
En la Gottaz
Ennenda
Ennetburgen
Ennetegg
Enney
Ensex
Entenmoos
Entfelden
Entlebuch
En Vennes
Epalinges
Epautheyres
Ependes
Ependes
Epinassey
Eptingen
Erde
Eriswil
Eriz
Erlach
Erlenbach
Erlenbach im Simmental
Erlen
Erlinsbach
Ermatingen
Ernen
Erschmatt
Erschwil
Ersigen
Erstfeld
Eschenbach
Eschenbach
Eschenz
Escher
Esch
Eschikofen
Eschlikon-Dorf
Eschlikon
Escholzmatt
Essertines-sur-Rolle
Estavannens-Dessous
Estavannens-Dessus
Estavannens
Estavayer
Estavayer-le-Lac
etit-Savagnier
Ettingen
Ettiswil
Etzel
Etzel-Kulm
Etzgen
Etzwilen
Euseigne
Eutal
Euthal
Evilard
Evionnaz
Evolene
Exergillod
Eyholz
Eysins
Faedo
Fafleralp
Fahrni
Fahrwangen
Fahy
Faido-Borgo
Faido
Faldum Alp
Falera
Fallanden
Fanas
Fang
Fankhaus
Faoug
Fardun
Farnigen
Farvagny-le-Grand
Farvagny-le-Petit
Faulensee
Fehraltorf
Felben
Feldbach
Feldbach
Feldbrunnen
Feldbrunner
Feld
Feldis
Feldmeilen
Feldmoos
Feldmoos
Feldmos
Fellers
Felsberg
Felsenau
Ferden
Ferenbalm
Fermelberg
Fermellager
Fernigen
Ferret
Ferrex
Feschel
Fetan
Fetan Grand
Feuerthalen
Feusisberg
Feutersoey
Fex-Crasta
Feydey
Fidaz
Fideris Dorf
Fideriser Alp Duranna
Fideriseralp
Fideris
Fiescherthal
Fiesch
Fiesso
Fiez
Filderich
Filisur
Filzbach
Findelen
Findeln bei Staldenreid
Findeln
Finhaut
Finstermunz
Fionnay
Fischental
Fischenthal
Fischingen
Flaach
Flamatt
Flasch
Flawil
Flerden
Fleurier
Flims Dorf
Flims
Flims Waldhaus
Flond
Flueli
Flueln
Fluhalp
Fluhli
Fluhli Ranft
Flums
Flurlingen
Fontaine
Fontainemelon
Fontana
Fontana
Fontenais
Forel
Forna
Fornasette
Foroglio
Founex
Fraschels
Frasco
Fraubrunnen
Frauenfeld
Frauenkappelen
Frauenkirch
Freiburg
Freiche
Freidorf
Freienbach
Frenieres
Frenkendorf
Fribourg
Friburgo
Frick
Friedau
Frieswil
Froda
Froideville
Fruence
Frunt
Frutigen
Frutt
Fuhre
Fuldera
Fulenbach
Full
Fullinsdorf
Fully
Fuorn
Furkels
Furna-Dorf
Furna
Furstenaubruck
Furth
Fusio
Gachlingen
Gachnang
Gadmen
Gadmen
Gafarra
Gafien
Gais
Galgern
Galm
Galmis
Galmiz
Gals
Gampelen
Gampel
Gamsen
Gams
Gandria
Gansbrunnen
Ganterschwil
Ganterswil
Gebenstorf
Gelfingen
Gelterkinden
Gemmipass
Gemmi Passhohe
Gempen
Genestrerio
Geneva
Geneve
Genf
Genolier
Gentalhutten
Genthalalp
Genthalhutten
Geretsried
Geristein
Gerlafingen
Gerlikon
Gerliswil
Gerra
Gerra-Verzasca
Gersau
Gerschnialp
Gerzensee
Geschinen
Gettnau
Geuensee
Gheiba
Gibswil
Gidisdorf
Giebel
Giessbach
Giffers
Gilly
Gimel
Gimmelwald
Ginevra
Gingins
Giornico
Giova
Gipf-Oberfrick
Girenbad
Girenbad
Girenbad-matten
Girenbad Seelmatten
Giswil
Giubiasco
Giumaglio
Givrins
Gland
Glaris
Glarus
Glattbrugg
Glattburg
Glattburg
Glattenberg
Glattfelden
Gletsch
Glion
Glis
Glovelier
Gmeinalp
Gnosca
Goldach
Goldau
Goldingen
Goldiwil
Goldswil
Gollion
Gommiswald
Gondiswil
Gondo
Gonten
Gontenschwil
Goppenstein
Goppisberg
Gordevio
Gordola
Gorduno
Gorgier
Goschenenalp
Goschenen
Gosgen
Gosheneralp
Goslikon
Gossau
Gossau
Gottefrey
Gottlieben
Goumoens-la-Ville
Graben
Grabs
Grachen
Gracher
Grafenort
Grancy
Grandcour
Grandfontaine
Grand-Saconnex
Grand-Savagnier
Grandsivaz
Grandson
Grandval
Grandvillard
Granges
Granges
Granges-pres-Sion
Granichen
Gravelon
Gravesano
Greifensee
Grellingen
Grenchen
Grengiols
Greppen
Gresso
Gribbio
Griesalp
Grimentz
Grimisuat
Grimmialp
Grindelfeld
Grindelwald
Griosch
Grodei
Grodoey
Grolley
Grone
Grono
Grossaffoltern
Grossalpen
Grossandelfingen
Grossbosingen
Gross-Fetan
Gross Gurmels
Gross Hochstetten
Grosswangen
Gruben
Grundbach
Grund
Grund
Grun
Gruningen
Grusch
Gruyeres
Gryon
Gstaad
Gsteig
Gsteig
Guarda
Gubel
Guevaux
Guggisberg
Gumegna
Gumligen
Gummeli
Gummenen
Gunten
Gunt
Gunzgen
Gunz
Gunzwil
Guraletsch
Gurnigelbad
Gurnigel
Gurtnellen
Gutsch
Guttannen
Guttingen
Gwatt
Gydisdorf
Gyrenbad
Gyrenbad
Habkern
Habsburg
Hagenbuch
Hagendorf
Haggenschwil
Hagglingen
Hagneck
Haldenstein
Halen
Hallau
Hallwil
Halten
Hamikon
Handeck
Handegg
Hannigalp
Hasle
Hasle
Haslen
Hasle-Ruegsau
Hasli
Hatzingen
Hauderes
Hauenstein
Hauptwil
Hausen
Hausen
Hauterive
Hauterize
Hauteville
Heerbrugge
Heerbrugg
Hegi
Heidbuhl
Heiden
Heiligenschwendi
Heimberg
Heimenschwand
Heimiswil
Heitenried
Heitmannsegg
Hellbuhl
Hemberg
Hemishofen
Hemmental
Hemmenthal
Hemmiken
Henau
Hendschiken
Hendschikon
Henggart
Herbetswil
Herblingen
Herbrigen
Herbriggen
Herbrug
Herdern
Heremence
Hergersboden
Hergiswil
Hergiswil
Herisan
Herisau
Hermance
Hermetschwil
Hermiswil
Herrenhof
Herrliberg
Hertenstein
Hertenstein
Herzberg
Herzogenbuchsee
Hessigkofen
Hettlingen
Hildisrieden
Hilterfingen
Himmelried
Hindelbank
Hinterdorf
Hintere-Windspillen
Hinter Horbis
Hinterkappelen
Hinterlochen
Hinter Netschbuhl
Hinterrhein
Hinter Wallegg
Hint Schweig
Hinwil
Hirschhorn
Hirzel
Hittnau
Hitzkirch
Hochdorf
Hochfinstermunz
Hochwald
Hofen
Hof
Hofstetten
Hofstetten
Hohenhaus
Hohenrain
Hohfluh
Holderbank
Hollerbiel
Hollerbuhl
Holstein
Holzhostatt
Hombrechtikon
Homburg
Hondrich
Hongg
Horgen
Horhausen
Horn
Hornkessel
Hornussen
Horw
Hospental
Hospenthal
Huemoz
Hulftegg
Hundwald
Hundwil
Hunenberg
Hunibach
Huntwangen
Hunzigenbrugg
Hunzikenbrucke
Hurden
Husen
Huttenberg
Hutten
Huttlingen
Huttwilen
Huttwil
Ibach
Iffigenalp
Iffigen
Igis
Igl Plang
Ilanz
Il Fuorn
Illgau
Illiswil
Illnau
Im Esch
Im Fang
Imfeld
Im Kloster
Im Loch
Immensee
Indemini
Inden
In der Schweig
Ingenbohl
Innercamana
Innerferrera Calantgil
Innerferrera
Inner Hof
Inner Praden
Innertal
Innerthal
Innertkirchen
Ins
Interlaken
Intragna
Intsche
Intschi
Inwil
Iragna
Irgenhausen
Irgenhusen
Iseltwald
Isenfluh
Isental
Isenthal
Iseo
Iserables
Isleten
Islikon
Isola
Isone
Issert
Itravers
Ittental
Ittenthal
Ittingen
Jaggisbachau
Jaun
Javernaz
Javerne
Jegenstorf
Jeli
Jenaz
Jenins
Jerisberghof
Jerisberg
Jeuss
Jona
Jonen
Jonschwil
Juf
Jussy
Kaiseraugst
Kaiserstuhl
Kaiserstuhl
Kaisten
Kalberhoni
Kalchrain
Kalchstatten
Kallnach
Kaltbad
Kaltbrunn
Kandergrund
Kandersteg
Kappel am Albis
Kappelen
Kappeli
Kappel
Kappel
Kasern
Kaserstatt
Kastanienbaum
Kastris
Kefikon
Kehrsatz
Kehrsiten
Kemmeribodenbad
Kemmeriboden
Kempttal
Kemptthal
Kendergrund
Kernenried
Kerns
Kerzers
Kesswil
Kienholz
Kien
Kiental
Kienthal
Kiesen
Kiessen
Kilchberg
Killwangen
Kinzeralp
Kippel
Kirchberg
Kirchberg
Kirchdinhard
Kirchdorf
Kirchlindach
Klein-Basel
Kleindietwil
Kleinhochstetten
Kleinhuningen
Kleinlutzel
Klingnau
Kloster
Klosters Brucke
Klosters Dorf
Klosters Dorfli
Klosters
Klosters Platz
Klosters Serneus
Kloten
Klusi
Knonau
Knutwil
Koblenz
Kollbrunn
Kolliken
Koniz
Konolfingen Dorf
Konolfingen
Koppigen
Kradolf
Krattigen
Krauchtal
Krauchthal
Krautmettli
Kreuzbrucke
Kreuzlingen
Kriechenwil
Kriegmatte
Kriegsmatte
Kriegstetten
Kriegstten
Kriens
Krienz
Krinau
Kronbuhl bei Sankt Gallen
Kronbuhl
Kroschenbrunnen
Krummenau
Kublis
Kuenz
Kulm
Kulm
Kulm
Kumma
Kunten
Kuoni
Kuonz
Kurhaus Grimmialp
Kurhaus
Kurheim-Grimmialp
Kusnacht
Kussnacht am Rigi
Kussnacht
Kuttigen
Kuttigkofen
Kyburg
Laax bei Ilanz
Laax
La Balmaz
La Barma
La Barmaz
La Barmaz
L'Abbaye
La Brevine
La Chaux de Fonda
La Chaux-de-Fonds
La Chaux-des-Breuleux
La Chaux
La Chaux-sur-Breuleux
Lachen
La Chiesaz
La Comballaz
La Cote-aux-Fees
La Cote
La Coulouvreniere
La Creta
La Cure
La Dernier
Ladholz
Ladils
Ladir
Laeufelfingen
La Ferriere
La Fontaine
La Forclaz
La Fouly
La Giete Dele
La Gottaz
La Gouille
La Heutte
Lai
Lajoux
Lalden
La Lecherette
Lamboing
La Mereune
La Monta
Lana
Landarenca
Landbrugg
Landiswil
Landquart Fabriken
Landquart
Laneron-Combes
Laneron
La Neuveville
Langenbruck
Langenschachen
Langental
Langenthal
Langnau
Langnau
Langnau
Langrickenbach
Langwies
Lanna
Lannaz
Lansch
Lantsch
La Pecherette
La Perreyre
La Plaine
La Pleine
La Praille
La Praz
La Punt
La Redoute
Laret
Laret
La Reuchenette
La Roche
La Rosa
Larsi
l'Arzo
La Sagne
La Sarraz
La Scheulte
La Tine
La Tour-de-Peilz
La Tour-de-Treme
La Tour
Latsch
Lauenen
Lauerz
Laufelfingen
Laufenburg
Laufen
Laufen
Laupen
Laupersdorf
Lauperswil
Laura
Lausanne
Lausen
Lauterbrunnen
Lavertezzo
Lavey
Lavey-les-Bains
Lavey-Village
Lavin
Lavorgo
Lax
Le Bouveret
Le Brassus
Le Bry
Le Chable
Le Chalet-a-Gobet
Le Chatelard
Le Chatelard-Montreux
Lechelles
Le Chenit
Lecherette
Le Col-des-Roches
Le Contour
Le Cret
Le Cret-pres-Semsales
Le Fays
Le Feydey
Leggia
Le Grand-Saconnex
Leibstadt
Leimbach
Leis
Leissigen
Le Landeron
Lelgio
Lelin
Le Locle
Le Mont
Le Mont-sur-Lausanne
Lengnau
Lenk
Le Noirmont
Lens
Lenzburg
Lenzerheide
Lenz
Le Paquier
Le Peuchapatte
Le Pont
Le Prese
Les Acacias
Les Adanes
Les Avants
Les Bayards
Les Bois
Les Brenets
Les Breuleux
Les Charbonnieres
Les Charmilles
Les Coeudres
Les Devens
Les Diablerets
Les Eaux-Vives
Le Sentier
Le Sepey
Les Garettes
Les Geneveys-sur-Coffrane
Les Genevez
Les Hauderes
Les Hauts-Geneveys
Les Hauts-Genveys
Les Marecottes
Les Mosses
Les Moulins
Les Paquis
Les Plans
Les Plans-sur-Bex
Les Pleiades
Les Pommerats
Les Ponts-de-Martel
Les Ponts-Martel
Les Rappes
Les Siernes-Picats
Lessoc
Les Thioleyres
Les Valettes
Les Verrieres
Letten
Leuggelbach
Leukerbad
Leuk
Leuk Stadt
Leutmerken
Leutwil
Leuzigen
Le Vaud
Le Vichiesso
Leysin
Leytron
Lichtensteig
Liddes
Liebefeld
Liebistorf
Lieli
Lienz
Liesberg
Liestal
Ligers
Ligerz
Lignieres
Ligornetto
Lindau
Linden bei Oberdiessbach
Lindenhof
Linden
Lindenthal
Linthal
Linththal
Liplisbuhl
Lipplisbuhl
L'Isle
Littau
Littewil
Lobbia
Locarno
Loch
Loco
Lodano
Lodrino
Lohalp
Lohn
Lohn
Lommis
Longirod
Los
Losone
Lostallo
Lostorf
Lottigna
Lotzwil
Lourtier
Lovald
Lowerz
Lucens
Lucerna
Lucerne
Luchsingen
Ludiano
Lugano
Lully
Lu
Lumbreineralp
Lumbrein
Lumino
Lungern
Lunschania
Lurtigen
Lustenau
Luterbach
Luterbach
Luthern
Lutisburg-Dorf
Lutisburg
Lutmerken
Lutry
Lutschental
Lutschental
Lutschenthal
Lutzelfluh
Luven
Luvis
Luzein
Luzern
Luziensteig
Lyssach
Lyss
Macolin
Madiswil
Madra
Madrigen
Madulein
Magadino
Magdenau
Magden
Maggia
Magglingen
Magliasina Chiesa
Magliasina
Magnot
Maienfeld
Maisprach
Maladers
Malans
Malix
Malleray
Malmigiuer
Malmigiur
Malmiguier
Maloggia
Maloja
Malters
Malvaglia
Mammern
Manas
Mannedorf
Mannens
Manno
Mannried
Maracon
Marbach
Marchissy
Maria
Mariastein
Marin
Marly-le-Grand
Marmels
Marmorera
Maroggia
Marsens
Marstetten-Dorf
Marstetten
Marthalen
Martigny-Bourg
Martigny-Combe
Martigny-Croix
Martigny
Martigny-Ville
Martina
Martinsbruck
Marwil
Marzili
Masans
Maschenboden
Maschwanden
Mase
Massagno
Mastrils
Matelon
Mathon
Matteli
Matte
Matten bei Interlaken
Mattenhof-Leist
Mattenhof
Matten
Matten
Matt
Matzendorf
Matzenried
Matzingen
Mauborget
Mauensee
Mauren
Maur
Mauvoisin
Mayens de Pralong
Mayoux
Medeglia
Medels im Rheinwald
Medels
Medels Rheinwald
Medergen
Meggen
Meierhof
Meierskappel
Meilen
Meinier
Meinisberg
Meiringen
Meisterschwanden
Melano
Melchnau
Melchtal
Melchthal
Melera
Melide
Mellingen
Mels
Mendrisio
Menziken
Menzingen
Menznau
Merdassonnet
Merdessonnet
Merenschwand
Mergoscia
Meride
Merishausen
Merligen
Mervelier
Meschino
Mesocco
Messen
Metsch
Mettendorf
Mettlen
Mettmenstetten
Metzerlen
Mex
Meyrin
Mezieres
Mezzovico
Miecourt
Miege
Mieville
Miglieglia
Miliut
Minusio
Miralago
Misox
Mitholz
Mittal
Mittel Arni
Mittel-Muhen
Mittelsass
Mitthal
Mittholz
Mittlersass
Mogelsberg
Moghegno
Mogno
Mohlin
Mohrlialp
Moleno
Mollens
Mollettes
Mollis
Mols
Mompetavetsch
Mompe-Tujetsch
Monbiel
Monchaltorf
Mon
Mons
Monstein
Montagibert
Montagnola
Montagnon
Montagny-la-Ville
Montagny
Montana
Montana Vermala
Montana-Village
Montbovon
Montcherand
Monte Ardet
Monte Carasso
Monte Carasso-Sementina
Monte Ceneri
Monte di Stabbio
Monte Gumegna
Monte Laura
Monte
Monte Scala
Montfaucon
Monthey
Monti Anvedua
Monti della-Tagliada
Monti della Trinita
Monti di Co
Monti di Lanes
Monti di Moneda
Monti di Odro
Monti di Pianturino
Monti di Ruscada
Monti di Vif
Montignez
Monti Laura
Monti Moneda
Monti Pertiscio
Monti Ruscada
Monti Viff
Mont-la-Ville
Montreux
Montricher
Mont-sur-Rolle
Moosleerau
Morat
Morbio Inferiore
Morbio
Morbio Superiore
Morcles
Morcote
Morel
Morens
Morgarten
Morges
Morgeten
Morgins
Morigen
Moriken
Morissen
Morschach
Morschwil
Morteratsch
Moscia
Mosnang
Mosogno
Motet
Motiers
Motot
Motto
Moudon
Moutier
Movelier
Mugena
Muggio
Muhen
Muhlau
Muhlebach
Muhleberg
Muhlehorn
Muhlen
Muhlethurnen
Muhlruti
Muldain
Mulegns
Mullheim
Mumliswil
Mumpf
Munchenbuchsee
Munchenstein
Munchwilen
Mund
Munsingen
Munsterlingen
Munster
Munster
Munster
Munstschemier
Munter
Muolen
Muotatal
Muotathal
Murgental
Murgenthal
Murg
Muri bei Bern
Muri
Muri
Murren
Murten
Mussen
Mustair
Mutten
Muttenz
Mutzlenberg
Nafels
Nanikon
Narglesa
Nargliesa
Nascharegnas
Naters
Nax
Naz
Nebikon
Necker
Neftenbach
Negrentino
Neker
Nendaz
Nessental
Nessenthal
Nesslau
Netstal
Neuchatel
Neudorf
Neuenburg
Neuenhof
Neuenkirch
Neuewelt
Neu-Felsberg
Neuhausem
Neuhausen am Rheinfall
Neuhaus
Neuheim
Neukirch bei Ilanz
Neukirch
Neukirch
Neumuhle
Neunforn
Neunkirch
Neu Sankt Johann
Neyruz
Nidau
Nidegg
Nidfurn
Niederbipp
Niederbuchsiten
Niederburen
Niedererlinsbach
Niedergampel
Niedergerlafingen
Niedergestelen
Niedergesteln
Niedergosgen
Niederhallwil
Niederhelfenschwil
Niederlenz
Niedern
Niedern Stafel
Niederrickenbach
Niederried
Niederrohrdorf
Niederscherli
Nieder-Schongau
Niedersommeri
Nieder Surenen Alm
Nieder Surenen Alp
Niedersurrenen
Niederurnen
Niederuzwil
Niederwald
Niederweningen
Niederwichtrach
Nieder-Zeihen
Nods
Nohl
Noiraigue
Noirmont
Nonnenhorn
Norantola
Noreaz
Nottwil
Novaggio
Novalles
Novazzano
Noveli
Nufenen
Nunningen
Nurensdorf
Nuschlau
Nussbaumen
Nydegg
Nyon
Oberaach
Oberalp
Ober Alp
Oberbalm
Ober-Basenheid
Ober-Bazenheid
Ober-Bilten
Oberbipp
Ober-Buch
Oberbuchsiten
Oberburen
Oberbure
Oberburg
Obercastels
Oberdiessbach
Oberdorf
Oberdorf
Oberdorf
Obere Alp
Oberegg
Oberembrach
Oberems
Oberendingen
Oberengstringen
Oberentfelden
Obererlinsbach
Ober-Etzel
Oberfeld
Oberfeld
Obergerlafingen
Obergestelen
Obergesteln
Oberglatt
Obergosgen
Ober Gurzelen
Oberhallau
Oberhausen
Oberhegi
Oberhelfenschwil
Oberhofen bei Etzgen
Oberhofen
Oberhofen
Oberhusen
Oberiberg
Ober Illnau
Oberkirch
Ober Lager
Oberlager
Ober-Laret
Oberlunkhofen
Obermatt
Oberneuforn
Ober Oenz
Oberonz
Ober-Plotsch
Ober Ramis
Oberrickenbach
Oberrieden
Oberried
Oberried
Oberried
Oberriet
Ober Rohrmoos
Oberruti
Obersaxen
Ober-Says
Ober-Schlatt
Oberschlatt
Oberschonenbuch
Ober-Schongau
Oberschrot
Ober Siez
Ober-Siggental
Obersiggenthal
Ober Stafel
Ober Stafel
Ober Staffel
Ober-Stammheim
Oberstocken
Oberterzen
Ober Trubsee Alm
Ober Trubsee Alp
Ober Tschappina
Oberulmiz
Ober Urdorf
Oberuzwil
Obervaz
Oberwald
Ober-Wangen
Oberwangen
Oberweningen
Ober-Wetzikon
Oberwilen
Oberwil
Oberwil
Oberwil
Ober-Wohlen
Oberzelg
Obfelden
Obstalden
Ochlenberg
Ochsenboden
Ocourt
Oensingen
Oenz
Oerlikon
Oeschberg
Oetwil am See
Oetwil an der Limmat
Oey
Oftringen
Ohmstal
Oleyres
Olivone
Ollon
Olten
Onex
Onnens
Onnens
Onsingen
Opfikon
Oppens
Orasom Cierfs
Orbe
Orello
Ormalingen
Oron-la-ville
Orpond
Orpund
Orsera
Orsieres
Orsonnens
Orthalden
Orvin
Osco
Osogna
Ossingen
Osterfingen
Ostermundigen
Otelfingen
Othmarsingen
Ottenbach
Ouchy
Ovronnaz
Pailly
Palagnedra
Palezieux
Pampigny
Panex
Panix
Pany
Papiermuhle
Pardatsch
Parde
Parpan
Partnun
Paspels
Paudex
Payerne
Peccia
Pedrinate
Peiden Bad
Peist
Peney-le-Jorat
Peney
Penthalaz
Perlen
Perrefitte
Perroy
Personico
Pertise
Pery
Peseux
Pfafers Drof
Pfaffenried
Pfaffensprung
Pfaffhusen
Pfaffikon
Pfaffikon
Pfaffnau
Pfeffikon
Pfeffingen
Pffaffhausen
Pfungen
Pfyn
Piandera
Pianezzo
Piano
Pian San Giacomo
Piatto
Piazzogna
Pieterlen
Pignia
Pignieu
Piora
Piotta
Pitasch
Plaffeien
Planacc
Plan-de-la-Chaux
Plan Fey
Plang
Plan-les-Ouates
Plan-les-Ouattes
Plan Pro
Plasselb
Platta
Platz
Plaun dils Matts
Plaz Beischen
Pleigne
Pont-de-Nant
Ponte Brolla
Ponte Campovasto
Ponte
Ponte Valentino
Ponthaux
Pontirone
Ponto Valentino
Pontresina
Porrentruy
Porsel
Portalban- Dessous
Portalban
Port-de-Corsier
Porto Ronco
Port-Valais
Poschiavo
Pra Combeira
Pra Combera
Prada
Pradella
Praden bei Chur
Praden
Prafloric
Pragmartin
Pralong
Pralovin
Pramieisters
Prangins
Prarion
Praroman
Prato
Pratteln
Praz-de-Fort
Prazfleuri
Praz
Praz
Preda
Pregassona
Pregny
Preles
Presinge
Prieure
Prilly
Prolin
Promontogno
Prosito
Provence
Prugiasco
Pruntrut
Puidoux
Pully
Puplinge
Pura
Pusced di Sopra
Puscen Negro
Pusserein
Quarten
Quartino
Quinten
Quinto
Rabius
Radelfingen
Radons
Rafz
Ragaz
Ramismuhle
Ramiswil
Ramsen
Rances
Randa
Randogne
Ranfluh
Ranft
Ranft
Raperswilen
Rapperswil
Rapperswil
Raron
Raterichsboden
Raterschen
Ratzenberg
Realp
Realta
Reams
Rebstein
Rechthalten
Reckingen
Reconvilier
Redoute
Regensberg
Regensdorf
Rehetobel
Reichenau
Reichenbach
Reichenburg
Reiden
Reigoldswil
Reinach
Reischen
Rekingen
Rempen
Remus
Renan
Renens
Reuchenette
Reusch
Reutigen
Rhazuns
Rheinau
Rheineck
Rheinfelden
Riaz
Riburg
Richental
Richenthal
Richigen
Richisau
Richterswil
Rickenbach
Rickenbach
Ricken
Riddes
Riedbach
Riedbargli
Riedbergli
Riedberg
Riederen
Riedern
Riedholz
Riedlig
Riedli
Ried
Ried
Ried
Riedstatt
Riehen
Riein
Riemenstalden
Riffenmatt
Riggisberg
Rigi Kaltbad
Rigi-Kulm
Rikon
Ringgenberg
Ringgenberg
Ringoldingen
Rinkenberg
Riom
Risch
Riti
Ritti
Ritzingen
Riva
Riva San Vitale
Rive Haute
Riveo
Rivera-Bironico
Robasacco
Roche
Roches
Rodels
Rodersdorf
Rodi
Rofflaschlucht
Roffna
Roflaschlucht
Roggwil
Roggwil
Rohrbach
Rohrdorf
Rohrmatten
Rohr
Rolle
Romainmotier
Romanel
Romanel-sur-Lausanne
Romanshorn
Romerswil
Romerswil
Romont
Rona
Roncapiano
Ronco
Ronco
Ronco sopra Ascona
Rondchatel
Rongellen
Root
Ropraz
Rorbas
Roschach
Roschenz
Rosegg
Rossa
Rossens
Rosshausern
Rossiniere
Rossura
Rotenbrunnen
Rotenturm
Rothbad
Rothenbach
Rothenbrummen
Rothenbrunnen
Rothenthurm
Rothernburg
Rothrist-Dorf
Rothrist
Roticcio
Rotkreuz
Rotonda
Rotticcio
Rotunda
Rougemont
Roverdo
Roveredo
Rovio
Rovray
Rubigen
Ruden
Ruderswil
Rudlingen
Rudolfstetten
Rueggisberg
Rueras
Rue
Rueschegg
Rueun
Rueyres
Rufi
Ruis
Rumikon
Rumlang
Runenberg
Ruppen
Rupperswil
Ruschegg-Graben
Ruschegg
Ruschein
Ruschlikon
Russikon
Russin
Rustenschwil
Ruswil
Ruthi
Ruti
Ruti
Ruti
Rutli
Rutti
Ryborg
Ryburg
Saanenmoser
Saanen
Saas-Almagel
Saas-Balen
Saas-Fee
Saas-Grund
Saas
Sabbione
Sachseln
Saclens
Saclentse
Saconnex
Safenwil
Safien Platz
Saflischmatten
Sagens
Sage
Sage
Saglia
Sagliaz
Sagogn
Saicourt
Saignelegier
Saillon
Saint-Aubin
Saint-Blaise
Saint-Brais
Saint-Cergue
Saint Chalet a Gobet
Sainte-Croix
Saint Gallen
Saint-Gall
Saint-Germain
Saint German
Saint-Gingolph
Saint-Gothard
Saint Gotthard
Saint-Imier
Saint-Jean
Saint-Leonard
Saint-Livres
Saint-Luc
Saint-Martin-Chezard
Saint-Martin
Saint-Maurice
Saint Moritz
Saint Peter
Saint-Pierre-de-Clages
Saint-Prex
Saint-Romain
Saint-Sulpice
Saint-Ursanne
Saland
Sala
Salategnas
Sales
Salez
Salgesch
Saline
Salmsach
Salouf
Salux
Salvan
Samaden
Sambucco
Sambuco di Fuori
Sambuco
Samedan
Samnaun
Samstagern
San Bernardino
San Carlo
San Carlo
San Gallo
Sangernboden
San Giacomo
San Gions
San Giusep
San Gottardo
Sankt Antonien
Sankt Antoni
Sankt Fiden
Sankt Gallenkappel
Sankt Gallen
Sankt German
Sankt Gotthard
Sankt Jakob
Sankt Johann
Sankt Margrethen
Sankt Martin
Sankt Moritz-Bad
Sankt Moritz-Dorf
Sankt Murezzan
Sankt Niklaus
Sankt Niklaus
Sankt Peter
Sankt Peterzell
Sankt Stephan
Sankt Ursen
San Nazzaro
Santa Domenica
Santa Maria in Cama
Santa Maria
Santa Maria
Sant'Antonio
San Vittore
Sapinhaut
Sardasca
Sargans
Sariswil
Sarmenstorf
Sarnen
Sarn
Satigny
Sattel
Sauges
Saulcy
Saus Oberberg
Savatan
Saviese
Savigny
Savognin
Savosa Paese
Saxeten
Saxon
Sax
Scala
Scanfs
Sceresio
Schachen
Schaffhausen
Schafisheim
Schaftelen
S-chanf
Schangnau
Schanis
Scharans
Scharligbad
Scharlig
S-charl
Scharmadlager
Schattdorf
Schatzalp
Scheid
Schelten
Schenkon
Scherliau
Scherzingen
Scherzligen
Schiers
Schimbergbad
Schindellegi
Schinznach Bad
Schinznach Dorf
Schinznach
Schlattingen
Schlatt
Schlatt
Schlatt
Schleins
Schleitheim
Schleuis
Schlieren
Schlossrued
Schlucht
Schluocht
Schmelzboden-Monstein
Schmelzboden
Schmerikon
Schmitten
Schmitten
Schnottwil
Schofhausen
Schoftland
Schonbuhl
Schoneck
Schonegg
Schonenberg
Schonenberg
Schonenbuch
Schonengrund
Schonenwerd
Schongau
Schonholzerswilen
Schonried
Schotz
Schrattern Alpe
Schrattern
Schrickmatten
Schubelbach
Schuders
Schulh
Schuls
Schupbach
Schupfen
Schupfheim
Schurlialp
Schwaderloch
Schwanden
Schwanden
Schwandi
Schwarzenberg
Schwarzenburg
Schwarzenegg
Schwarzenthal
Schwarzseebad
Schwefelbergbad
Schweizerhalle
Schwellbrunn
Schwendibad
Schwendikaltbad
Schwendi
Schwyz
Scona
Scuol
Secheron
Sedeilles
Sedrun
Seebach
Seeberg
Seedorf
Seedorf
Seegraben
Seelisberg
Seengen
Seewes
Seewis Dorf
Seewis im Oberland
Seewis im Pratigau
Seewisi Pratigau
Seewis
Seftigen
Segl-Maria
Seires
Selfranga
Selma
Seltisberg
Selzach
Sembrancher
Sementina
Sempach
Semsales
Sengg
Sennhof
Sennwald
Sent
Seon
Seraplana
Serneus Dorf
Serneus
Serrieres
Sertig Dofli
Sessa
Seth
Seuberg
Seuzach
Sevelen
Sevgein
Sevgiein
Sezegnin
Siblingen
Siebnen
Siegershausen
Siernes Picats
Sierre
Sigirino
Siglistorf
Signau
Signina
Signora
Sigriswil
Sihlbrucke
Sihlbrugg Dorf
Sihlbrugg
Silenen
Sils im Domleschg
Sils-Maria
Sils
Silvapiana
Silvaplana
Silvaplauna
Silvrettaegg
Silvrettahaus
Silvretta Hutte
Simpeln
Simplon Dorf
Sins
Sion
Sirnach
Siselen
Sisikon
Sissach
Sitten
Siviriez
Soazza
Sobrio
Soglio
Soja
Solduno
Soleure
Solgone
Solothurn
Someo
Somlaproz
Sommerau
Sommeri
Somprai
Somvix
Sonceboz
Sonogno
Sonvico
Sonvilier
Sool
Soral
Sorenberg
Sorengo
Sorens
Soresina
Sornetan
Sornico
Sorte
Sottens
Soubey
Soussillon
Soyhieres
Speicher
Speicher
Spiez
Spiggengrund
Spinas
Spiringen
Spitelruti
Spitzenhaus
Spluga
Splugen
Sporz
Spreitenbach
Spruga
Stabbio
Stabio
Stachelberg Bad
Stadel
Stafa
Stafel Alp
Stafel
Stafel
Stafelten
Stafelti
Staffelalp
Staffelbach
Staldenried
Stalden
Stalden
Stalden
Stalla
Stallen
Stallikon
Stammheim
Stampa
Stansstad
Stans
Starlera
Starnebarg
Staufen
Staviala Vedra
Stechelberg
Steckborn
Steffisburg
Steg
Steinalp
Stein am Rhein
Steinenberg
Steinen
Steinerberg
Steinhausen
Steinhaus
Steinhaus
Steinibach
Stein
Stein
Stein
Sternenberg
Stettfurt
Stettlen
Stierva
Stilli
Stock
Stogl
Stoos
Stossen
Stoss
Strassberg
Strengelbach
Stuckishaus
Stugl
Stuls
Sturvis
Suberg
Subingen
Suchy
Sudern
Sufers
Sugiez
Suhr
Sulgen
Sulgone
Sulsana
Sulsanna
Sulsauna
Sulz
Sulzthal
Sumiswald
Sundlauenen
Suracqua
Surava
Surcuolm
Suren
Surlej
Surrhin
Sursee
Susauna
Sus
Tafers
Tagerwilen
Tagliada
Tamins
Tanay
Taney
Taniken
Tanikon
Tannay
Tannen Alpe
Tannen
Tann
Tarasp
Tartar
Tarviersch
Tasch
Tauffelen
Tavanasa
Tavannes
Taverne
Taveyannaz
Tecknau
Tegerfelden
Tegna
Tenero
Tenigerbad
Tenna
Termen
Territet
Tesserete
Teufental
Teufen
Teufen
Teufenthal
Teuffenthal
Tgantieni
Tga
Thalheim
Thalheim
Thalkirch
Thal
Thalwil
Thayngen
Thermen
Therwil
Thielle
Thierachern
Thierrens
Thonex
Thorberg
Thorishaus
Thundorf
Thunstetten
Thun
Thusis
Tiefenbach
Tiefencastel
Tierachern
Tiermatti
Tinizong
Tinizung
Tinzen
Titterten
Tobel
Toffen
Tomils
Torbel
Torre
Tortin
Tossegg
Tossriedern
Toss
Tour de Treme
Trachsellauenen
Trachselwald
Tramelan
Trans
Trasadingen
Travers
Travesasch
Travisasch
Treib
Trelex
Tretsch
Treyfayes
Trey
Treyvaux
Tribschen
Triengen
Trient
Trimbach
Trimmis Dorf
Trimmis
Trimstein
Trins Dorf
Trinsermuhle
Trins
Trogen
Troistorrents
Trubbach
Trubschachen
Trub
Trullikon
Truns
Trun
Tschamut
Tschappina
Tschenten
Tschiertschen
Tschingeren
Tschuggen
Tuggen
Tuors Davant
Turahus
Turbental
Turbenthal
Turgi
Turtmann
Twann
Uberstorf
Udligenswil
Ueberlandquart
Ueberstorf
Uerikon
Uerkheim
Uesslingen
Uetendorf
Uetikon am See
Uetikon
Uettligen
Uffikon
Ufhusen
Uhwiesen
Uina Dadora
Uitikon am Albis
Uitikon
Ulrichen
Undervelier
Unteraegeri
Unterageri
Unterbachen
Unterbach
Unterbach
Unter-Basenheid
Unter-Bazenheid
Unter-Bilten
Unter-Buch
Unter dem Birg
Unterehrendingen
Unter Eiger
Unter Embrach
Unterengstringen
Untererlinsbach
Unter-Gomerkinden
Unteriberg
Unter Illnau
Unterkulm
Unter-Laret
Unter Lauchbuhl
Unterlunkhofen
Unter-Mutten
Unterschachen
Unter-Schlatt
Unter Schwendimatt
Unterseen
Unter-Siggental
Untersiggenthal
Unter-Sohl
Unter Staffel
Unter-Stammheim
Unterterzen
Untervaz
Unterwasser
Unter-Wetzikon
Unter-Wohlen
Uors
Urdorf
Urmein
Urnasch
Urnerstafel
Ursenbach
Urtenen
Useigne
Uster
Utendorf
Uttigen
Uttwil
Utzenstorf
Uznach
Uzwil
Vacallo
Vairano
Valangin
Valatschalp
Valatscha
Valbella
Valcava
Val-d'Iliez
Val d'Illiez
Valendas
Valens
Vallorbe
Vals Platz
Valtnovalp
Valzeina
Vandoeuvres
Vanescha
Varen
Vason
Vattis
Vauderens
Vaud
Vauffelin
Vaulion
Vaulruz
Vechigen
Veltheim
Veltheim
Vendlincourt
Vennes-sur-Lausanne
Vennes
Verbier
Verbois
Vercorin
Verdabbio
Verdasio
Vergeletto
Vermala
Vermes
Vernamiege
Vernayaz
Vernec
Vernier
Versam
Verscio
Versoix
Vesenaz
Vetroz
Vevey
Vex
Veyrier
Veysonnaz
Veytaux-Chillon
Veytaux
Vezenaz
Viano
Vicosoprano
Vicques
Viege
Viganello
Vigens
Vignogn
Villarsel-le-Gibloux
Villarsel
Villarsiviriaux
Villars-le-Grand
Villars-sur-Glane
Villars-sur-Marly
Villars-sur-Ollon
Villars
Villarvolard
Villa
Villa
Villaz-Saint-Pierre
Ville d'Issert
Villeneuve
Villeret
Villetta
Villettaz
Villigen
Villmergen
Villnachern
Vilters
Vinzel
Vionnaz
Vira Gambarogno
Vira
Visletto
Visperterminen
Visp
Visse
Vissoie
Vissoye
Vitg Dadens
Vitg Dado
Vitznau
Volketswil
Vordemwald
Vorder Boden
Vorder Feld
Vorderfultigen
Vorder Stafel
Vordertal
Vorderthal
Vorder Waggithal
Vorfrutt
Vor Siez
Vouvry
Vrin
Vuadens
Vuisternens
Vuiteboeuf
Vullierens
Vulpera
Wabern
Wachseldorn
Wadenswil
Wagenhausen
Wahlen
Wahlen
Wahlern
Walchwil
Waldenburg
Waldhaus
Waldheim
Waldi
Waldkirch
Waldstatt
Wald
Wald
Walern
Walkringen
Wallenbuch
Wallendstadt
Wallenried
Wallenstadt
Wallisellen
Waltensburg Dorf
Waltensburg
Waltenschwil
Walterswil
Waltikon
Walzenhausen
Wangen an der Aare
Wangen
Wangen
Wangi
Wangs
Wasen
Wassen
Wasserauen
Wasterkingen
Wattenwil
Wattwil
Wauwil
Weesen
Wegenstetten
Weggis
Weiermannshaus
Weiermoos
Weinfelden
Weiningen
Weissbad
Weissenbach
Weissenburg
Weisslingen
Weisstannen
Welschenrohr
Wengen
Wengi
Werdenberg
Werdholzli
Wergenstein
Werkholzli
Wernetshausen
Werthenstein
Wettingen
Wetzikon
Wetzikon
Weyermannshaus
Wichtrach
Wiedikon
Wiedlisbach
Wiesendangen
Wieseneralp
Wiesen
Wiesner Alp
Wiggen
Wiggen
Wigoltingen
Wikon
Wila
Wilchingen
Wildberg
Wildegg
Wilderswil
Wildhaus
Wilerbad
Wileroltigen
Wiler
Wiler
Wiler
Wiler
Willigen
Willisau Stadt
Willisau
Wil
Wil
Wimmis
Windisch
Windlach
Winikon
Winkeln bei Sankt Gallen
Winkeln
Winkel
Winklen
Winterthur Toss
Winterthur
Witikon
Wittenbach
Wittnau
Wity
Witzwil
Wohlen
Wohlen
Wolfenschiessen
Wolfgang
Wolflinswil
Wolfwil
Wolhusen
Wollerau
Worben
Worblaufen
Worb
Wuadingen
Wunnewil
Wuppenau
Wurenlingen
Wurenling
Wurenlos
Wyhlen
Wynau
Wynigen
Wyssachen
Wyte
Wyti
Yens
Yverden
Yverdon-les-Bains
Yverdon
Yvonand
Yvorne
Zaloner Hutten
Zaziwil
Zeglingen
Zeihen
Zelg
Zell
Zell
Zeneggen
Zermatt
Zermeiggern
Zernes
Zernez
Zervreila-Oberboden
Zervreila-Unterboden
Zervreila
Ziegelbrucke
Zignau
Zihlschlacht
Zillis
Zimmerwald
Zinal
Zizers
Zofingen
Zollbruck
Zollikofen
Zollikon
Zuchwil
Zuckenriet
Zugersee
Zug
Zullwil
Zumdorf
Zumholz
Zumikon
Zum Loch
Zunzgen
Zuoz
Zurchersmuhle
Zurichhorn
Zurich
Zurzach
Zuzgen
Zuzwil
Zweilutschinen
Zweisimmen
Zwingen
Zwischbergen
