Aba
Aba
Ababa
Ababita
Abafu
Abafum
Abafun
Abagouré
Abahun
Abakoum
Abakpa
Abala
Abam
Abamba
Abana
Aban
Abanga
Abang
Abang
Abang
Abang I
Abang II
Abang Mindi
Abang-Minko
Abangnang
Abangok
Abari
Abasouni
Abat
Abé
Abéganga
Abek
Abel
Abélankaï
Abem
Abem
Abembé I
Abembé II
Abendoman
Abendouroua
Abenedima's
Abeyda
Abiaté
Abiété
Abili
Abimoa
Aboa
Aboba
Abodemving
Abodi
Aboélon
Aboki
Abom
Abombo
Abonando
Abondo
Abong Doum
Abong Mbang
Abonis
Abonkwa
Abono
Abonse
Abonshe
Abós
Abou
Abou Dangala
Abou Djali
Aboué
Abou Fala
Abou Goudou
Abou Kano
Abou Kous Djékébé
Abou Kous I
Abou Kous II
Aboulou
Aboumadzalé
Aboumzok
Abou Soultouk
Abou Tabilo
About
Abou Yakouba
Abouyi
Abu
Abumandjalé
Abunemri
Abunkpa
Abunshie
Acom
Adakélé
Adamou
Adda
Addi
Ader
Adere
Adia
Adia
Adi
Adian
Adikomama
Adjab
Adjain
Adjaine
Adjala
Adjandounga
Adjap
Adjap
Adjéla
Adjéla I
Adjia
Adji
Adjiri
Adjong
Adjou
Adouma
Adoum
Adoum
Adoumré
Adoumri
Adumre
Adzabilon
Adzané
Adzap
Adzap
Adzenzoumou
Afadé
Afaman
Afamvé
Afan
Afan
Afanengong
Afanésélé
Afanétabini
Afanétouana
Afanoveng
Afanoya
Afan Samabanga
Afem
Affelé
Afnami
Afom Baba
Agala
Ager
Agolna
Agong
Agorma
Agwofon
Agzaoya
Ahala
Ahip
Aigayo
Aito
Aiyaka
Aiyewawa
Aiyomojok
Aiyundep
Ajama
Ajaman
Ajané
Ajos
Ajung
Akagbe
Akak
Akak
Akak
Akakélé
Akak I
Akak II
Akak-Metom
Akam
Akam Bitam
Akamé
Akam I
Akam-Messi
Akana
Akao
Aka's
Ake
Akékéla
Aki
Akina
Akoabas
Akoakas
Ako
Akoaloui
Akoassi
Akoatala
Akoéman
Akoja
Akok
Akok
Akokam
Akokan
Akok Bikélé
Akok Bikoé
Akok Maka
Akok Yébékolo
Akolo
Akom
Akom
Akomangan
Akom-Bikak
Akombinien
Akom Bong
Akomendibi
Akomésing
Akométam
Akom II
Akomkada
Akomlangan
Akomnyada I
Akomnyada II
Akomolinga
Akomvoo
Akon
Akon
Akonangi
Akonangui
Akonba
Akondo
Akondok
Akonékié
Akonétchié
Akonétyé
Akong
Akongo
Akongo III
Akonko
Akono
Akonolinga
Akonotangan
Akoo
Akorenjong
Akossa
Akoua
Akouén
Akoulouzok
Akoum
Akoumbou
Akoumou
Akounou I
Akouta
Akpa Abatin
Akpak
Akpassang
Akpwak
Akum
Akwa
Akwa
Akwaja
Akwato
Akwen
Akwetto
Akwonse
Akwun
Alac
Aladekaké
Alade-Makei
Aladjaba
Aladji Saïdo
Alagarno
Alagarno Mousgoum
Alak
Alamé
Alanda
Alangana
Alangana
Alarada
Alarké
Alata Makey
Alaté-Makay
Alati
Alat Makay
Alaya
Albréla
Alek
Alen
Alen
Aléné
Alhadji
Alifaré
Alio
Alis
Ali Souloumri
Al Khel
Alla Djaba
Allendé
Almé
Almé Trab
Alobzok
Alombo
Alop
Alotomé
Alouma
Aloum
Alte Fakt Delele
Aluma
Alum
Ama Ahélé
Ama
Amadabo
Amadjoura
Amadoukchi
Amadou Nabata
Amadzili
Amaïri
Amak
Amalgoss
Amalive
Aman
Amanavil
Amasadek
Amba
Ambaka
Ambam
Ambam Essaobam
Ambane
Ambangua
Am Chédiré
Amchédiré
Am Chidé
Amchilga
Amdagalgi
Amdan
Amdane
Amdjagara
Amdjagara Déga
Amdjéména
Amdoum
Ame
Amebesu
Amedjoumé
Amedou
Amfara
Amfey
Amfleï
Aminikeir
Amkindin
Amkindine
Amkoundro
Am Koyé
Amoto
Amouré
Amré
Amsa
Amsabang
Amsanka
Amsénéni
Amsérach
Amuta
Amuto
Amutu
Amvam
Amvom
Amvon
Amwam
Anam
Anbanga
Ancien Béka
Ancien Sengbé
Ande
Anderni
Andi
Andione
Andjek
Andjon
Andjou
Andjouk
Andok
Andom
Andom
Andom
Andon
Andoo
Andoung
Andu-Bombo
Angala
Angalé
Angari
Angelo
Angie
Angon
Angonfémé
Angongé
Angongo
Angonowo
Angossas
Anguengue
Anina
Ankoung
Ankouomb
Anloua
Anmbarang
Anmvam
Anoé
Anoyé
Anpel
Anski
Antizam
Antoa
Anyougoum
Anyoungan
Anyoungom
Aoua
Aoudi
Aoudjali
Apadjop
Apfede
Apou
Araru
Archibong
Archibong's
Arcou-Djérine
Ardaf
Ardé
Ardeb
Ardebe
Ardo Ama
Ardo Amadou
Ardo Ardou Etiel
Ardo Balel
Ardo-Goni
Arnadola
Arnado Niakoum
Arsibon
Arsibon's Town
Asala I
Asala II
Asam
Asanzoa
Asehunda
Ashigashiya
Ashong
Ashum
Ashun
Ashunda
Asia
Asié
Asip
Asok
Asok
Asombo
Asouk
Asoumondélé I
Asoumondélé II
Asoumondélé III
Assa
Assam
Assam
Assam-Ebaé
Assam-Ossou
Assana
Assana
Assandjik
Assehip II
Assek
Asseng
Asseng
Assia
Assigassia
Assimi
Assip
Assok
Assosseng
Assoumondélé I
Assunda
Asuk
Asung
Atabong East
Atabong West
Atak
Atantem
Atchoka
Atebong
Atéga
Atémeya
Atiek
Atimé Faré
Ating
Atinzam
Atoa
Atoasi
Atog-Boga
Atok
Atok-Boga
Atokzok
Atolo
Atong
Atong
Atooveng
Atop
Atoui
Atout
Atout
Atri
Atta
Avangane
Avébé
Avébé
Avébé
Aveubé
Avoané
Avo
Avobengono
Awa
Awa
Awada-Gazi
Awaé
Awaé
Awaé Fala
Awaé I
Awanje
Awoan
Awoané
Awomo
Awout
Awout
Ayamang
Ayan
Ayaoke
Ayée
Ayem
Ayéné
Ayéné
Ayéné
Ayiwawa
Ayos
Ayouri
Ayuanah
Ayuk Ndip
Ayuwawa
Azem
Azem
Azem
Azié
Azonkout
Ba
Baba
Baba
Baba
Bababla
Babadion
Babadjon
Babadjou
Baba I
Babanki
Babanki Tungo
Babarkin
Baba Yaya
Babaye
Babbabla
Babelengonzo
Babenga
Babessa
Babessi
Babète
Babi
Babimbi
Babimbi III
Babinga
Babio
Baboate
Baboné
Babongo
Babosa
Babossa
Babotou
Baboua
Babouankou
Baboudi
Baboudji
Ba Bouri
Baboutcha
Baboutcha Fongam
Babouté
Babouté
Babubo
Babubok
Babungo
Babute
Bac
Bachama
Bachao
Baché
Bachéo
Bachuo Akagbé
Bacita
Badadaye
Badam
Badan
Badangé
Badangué
Badékok
Bad es Sem
Badi
Badisa
Badissé
Baditoum
Badjab
Badjalalou
Badjari
Badjari Toumbingel
Badje
Badjélé
Badje Ndop
Badji
Badjob
Badjoki
Badjoki
Badjouma
Badjuma
Badongo
Badongoué
Badoudi
Badoumé
Badoume II
Badschama
Badudi
Baduma
Badun
Badyob
Badzéré
Badzumbo
Baéla
Bafaka
Bafang
Bafani
Bafanji
Baffia
Bafia
Bafia
Bafia Ngitakuba
Bafié
Bafolé
Bafoto
Bafou
Bafouk
Bafousam
Bafoussam
Bafoussam II
Bafreng
Bafusam
Bafut
Bagaboung
Bagalaf
Bagalé
Bagam
Bagarao
Bagarni
Bagbetout
Bagbézé
Bagbézé II
Bagma
Bagnou
Bagoalé
Bago
Bagodo
Bagofit
Bagoloul
Bagouaka
Bahalé
Baham
Baham II
Baham III
Bahouan
Bahouok
Baï
Bai Bikom
Baicham
Bai Dieka
Bai Estate
Bai Foe
Baïgam
Baïgom
Bai Grass
Baïkoua
Bai Kuke
Baïla
Bai Longe
Bai Manya
Baina
Bai Panya
Baïré
Bai Sombe
Bajangam
Baka
Baka
Bakabetout
Bakakté
Bakambé
Bakane
Bakanki
Bakanki Tungo
Bakari
Bakari Bata
Bakari-Bata
Bakassa
Bakatougé
Baké
Bakebe
Bakem
Bakha
Bakindja
Bakingele
Bakingili
Baknay
Bakoa
Bakoa
Bakoa
Bako
Bakoissié
Bakoko
Bakole
Bakombébé
Bakombélé
Bakombo
Bakomoiam
Bakona
Bakonbo
Bakondji
Bakong
Bakongkom
Bakonwa
Bakore
Bakossi
Bakossi
Bakoua
Bakouini
Bakoukoué
Bakourehi
Baktala
Bakté
Bakumba
Bakundu Foe
Bakut
Bakwat
Bakwe
Bala
Balamata
Balamba
Balam
Balam
Balam
Balandjwok
Balangi
Balaplata
Bálasa
Balassa
Balatchi
Balaza
Balché
Balda
Balda
Baléklongo
Balembo
Baleng
Balengou
Balengué
Baléré
Balessé
Balessing
Baleveng
Balgué
Balia
Baliama
Bali-Bagam
Bali
Balibangue
Baliben
Baligham
Balighansin
Balikumbat
Ba-Litouo
Ba-Lituo
Baljari
Balka
Balkoa
Balkossa
Ballip
Balondo
Baloua
Baloum
Balso
Balungu
Balveï
Bamakou
Bamale
Bamali
Bamana
Bamba
Bambala
Bambalang
Bam
Bambao
Bambéla
Bambele
Bambia
Bambili
Bambouti
Bambui
Bambuko
Bambuluwe
Bamchérafa
Bameka
Bamékok
Bamélap
Bamena
Bamenda
Bamendjinda
Bamendjing
Bamendjou
Bamendou
Bamenjo
Bamenkombo
Bamenyam
Bamessi
Bamessing
Bamessing
Bamesso
Bamindjin
Baminje
Baminjinda
Bamkim
Bamkin
Bamoko
Bamougong
Bamougoum
Bamougoum II
Bamoungo
Bamoun I
Bamtsi
Bamumkumbit
Bamundum
Bamunka
Bamunkumbit
Bamuso
Bamusso
Bamwèn
Bana
Banamé
Banana
Banana Kéka
Banano
Banbala
Ban
Banbota
Banbungo
Bancoupen
Bancoy I
Banda
Banda
Bandalaré
Bandam
Bandang
Bande
Bandeng
Bandeng
Bandenkop
Bandéwouri
Bandjou
Bandjoukri
Bandjoun
Bandoba
Bandongoué
Bandongwé
Bandoumgia
Bandoumka
Bandoumkassa
Bandounga
Bandrefam
Banena
Banfeko
Banfelouk
Banga
Banga Bekele
Banga Fondje
Bangai
Bangale
Bangam
Bangambi
Bangana
Bangang
Bangang
Bangang Fokam
Bangangté
Banganté
Bangay
Bangbale
Bang
Bangbel
Bangbèle
Bangé
Bangebis
Bangei
Bangele
Bangi
Bangoa
Bango
Bangola
Bangolé II
Bangone
Bangou
Bangoué
Bangougni
Bangou II
Bangoulap
Bangoum
Bangouren
Bangoy I
Bangoy I Bonbang
Bangoy II
Bangoy I Molongodiba
Bangseng
Bangsombi
Bangué
Bangué
Bangueï
Bangui
Bangum
Bangwa
Bania
Banika
Baningaziouto
Baningoang
Banion
Banja
Banjo
Banjou
Banka
Bankim
Bankin
Banonga
Bansan
Bansoa
Bantadjé
Bantadji
Bantaji
Bantakpa
Bantcheu
Bantoum
Bantoum I
Banya II
Banyo
Banyo
Bao
Baou
Baoudi
Baouli Ardjaniré
Baouri
Bapa
Bapi
Bapilé
Bapouli
Bapoungé
Bapoúni
Bara
Baraé
Baram
Barampie
Baran
Baranka
Bardouki
Barébangé
Baré
Bareko
Baréok
Baréto
Bargué-Vonguélé
Baria Godjo
Bari
Barkari
Barkaya
Barkeno
Barki
Barlang
Barnaké
Barombi Koto
Barombi Mbo
Barombi Mokoko
Baromb Kang
Barsa
Barsola
Baru
Barun
Barwa
Basak
Basari
Bas-Banyo
Basché
Bascheo
Bascho
Basheo
Basho
Basima
Ba-Sira
Basolo
Bassabar
Bassa
Bassa
Bassa
Bassa Ndokati
Bassari
Basseng
Bassolé
Bassoum
Bas Tépé
Basu
Bata
Batabi
Batamo
Batanga
Batanga
Bataol
Batar
Batari
Bat
Batcha
Batcham
Batchenga
Batchingou
Baté
Batebi
Bateka
Bateka
Batéka Malembé
Batéka Malen
Batéka Ndjong
Batéka Ngoli
Bati
Batibo
Batié
Batigui
Batilbako
Batoakoum
Batoke
Batoki
Batomo
Batoua
Batoua
Batóu
Batoufam
Batoufo
Batoum
Batounda
Batouré
Batouri
Batouri
Batschenga
Batu
Baturi
Baturi
Batway
Baudi
Bault Makak
Baut-Makak
Bavenga
Bawa
Bawan
Bawinga
Bayadel
Bayangam
Bayang
Bayara
Bayéka
Bayien
Bayis
Bayoé
Bayomen
Bayon
Bayong
Bayong I
Bazanga
Bazer
Bazou
Bazzama
Beach
Béba
Bébaé
Bébamboué
Bé
Bé
Bebein
Bebe-Keti
Bebe Ketti
Bechati
Béda
Bédao
Bedara
Bédat
Bédehr
Bédéini
Béder
Béderk
Bédi
Bédobo
Bedou
Bédoumo
Befang
Befoss
Béfosse
Befoussam
Bégelé
Bégni
Beila
Beïo
Béka
Beka
Beka
Béka
Béka
Béka
Beka Congo
Béka Goto
Béka Modibo
Bekandje
Békapétel
Békasiki
Bekatako
Békélé
Bekili
Bekoki
Békoko
Bekoko
Békoko
Bekoli
Bekondo
Békoudou
Bekouma
Bekume
Bekumu
Bekura
Béla
Bélabo
Belacha-Mbere
Bélagha-Mbéré
Bélaka Mbéré
Bélaka Mboum
Bélaka Moéré
Bélay
Bélay
Bélé
Bélébili
Bélé Gana
Bélel
Belembé
Bélé Salo
Belgédé
Béli
Béli
Bélikoubou
Bélimbam
Bélingou
Belisola
Belissola
Bélita
Bélita I
Bélita II
Belkongou
Bella
Bell
Bello
Bello
Belo
Bembaran
Bembé
Bembé
Bembiong
Bemblong
Bembo
Bemengé
Benakoma
Benakuma
Benakumo
Benchansi
Bendéko
Bendissola
Bendji
Bénébalot
Bénébalot
Beng-Beng
Bengbia
Bengbis
Benghia
Bengond
Bengsé
Bengué
Bengué Tiko
Bénisawé
Benou
Bent
Benyougou
Beokoma
Bep
Bépédé
Bera
Béra
Berabi
Beramcaragoua
Béramkaragoua
Ber
Béré
Bérem
Bérengté
Bérim
Béring
Berkong
Bernbé
Bertoua
Bertua
Besam
Besan
Besi
Besongabang
Bésoukoudou
Bésou Kourou
Besoung Kang
Bessengué
Bessi
Bessombé
Béta
Betaka
Bétamba
Betanga
Bétani
Bétaré-Baya
Betare
Bétaré Gongo
Bétaré-Gongong
Bétaré Oya
Betaye-Oya
Betékélé
Betenge
Betika
Betika-Malale
Bétombé
Bétombo
Betoungou
Bétoungu
Betuge
Beul
Bewang
Béwang I
Béwondo
Beyang Mbondjo
Bezama
Bézam
Bia
Biakoa
Biakoja's
Biam
Biamésé
Biamo
Biamou
Bian
Bian
Biang
Biang Do
Biatingéna
Biatsota I
Biatsota II
Biba
Biba
Biba
Bibabimwoto
Bibae
Biba I
Biba II
Bibas
Bibassa
Bibé
Bibéme
Bibémi
Bibeñ
Bibey
Bi
Bibia
Bibié
Bibinda
Bibindi
Biboa
Bibodi
Biboko
Bibom
Bibomo
Bibondi
Biboné
Bibote
Biboulemam
Bibouleman
Biboulman
Bibundi
Bidalé
Bideng
Biding
Bidjang
Bidjap
Bidjenj II
Bidjigé
Bidjoka
Bidjom
Bidjombo
Bidjong
Bidjouka
Bidjouka
Bidou
Bidoue
Bidougou
Bidou I
Bidou II
Bidou III
Bidsar
Biduë
Bidzar
Bidzok
Biem
Biendendé
Biénémama
Bifa
Bifindi
Bifod
Bifoss
Bifot
Bifoulé
Bifoulo
Bigalére
Bigambo
Bigaolarey
Big Babanki
Bigidi
Bigidim
Big Kombo
Bigmop
Bigna
Big Ngwandi
Bignienyalé
Bigoens
Bigokam
Bigorlareï
Bigouam
Bigué Palam
Biguidi
Bihi
Bihouya
Bika
Bikaga
Bikala
Bïkdi
Bikoa
Bikoada
Bikobo
Bikoé I
Bikogo
Bikoka
Bikok
Bikoki
Bikoko
Bikollet
Bikolok
Bikomam
Bikondo
Bikong
Bikong
Bikonjok
Bikop
Bikoto
Bikouba
Bikou
Bikoué
Bikoué
Bikoui
Bikoukound
Bikoula
Bikoum
Bikoungou
Bikpwaé
Bikpwak
Bikti
Bila
Bila
Bilagal
Bila Matoko
Bilanga Kombé
Bilangé
Bilangya
Bilenga-Kombé
Bili
Bilik
Bilik Bindik
Bilik I
Billi
Bilobé
Bilobé I
Bilobé II
Bilom
Bilomo
Bilon
Bilong
Bilo's
Bilossi
Biloum
Bimba
Bimbia
Bimbiong
Bimbou
Bimlérou
Bimvia
Binarwi
Bindalima
Bindalima I
Bindam
Binda-Meyos
Binda Méyos
Bindamongo
Bindananga
Bindanang
Bindanyengé
Bindé Guijiba
Bindem
Bindeme
Bindé Sagali
Bindiba
Bindiba
Bindi
Bindinding
Bindisola
Bindom
Bindong
Bindouba
Bindoumba
Bingando
Binganga
Bingari
Binge
Bingela I
Bingela II
Bingong
Bingongok
Bingongol
Bingué-Tiko
Biniyna
Binjal
Binjame
Binka
Binkou
Binndiba
Binnjal
Binoum
Binshua
Bintoum
Bintsina
Bintsiri
Binyenyalé
Binyina
Biok
Bioko
Biouaminso
Biou
Bipan
Bipay
Bipindi
Bipoga
Bipogué
Bipwai
Bira Baka
Bira
Birdif
Biri
Biridjom
Birnaoui
Birsok
Bisa
Bisam
Bisé
Bisele
Biso
Bisogo
Bisombé
Bisombo
Bisoua
Bissa
Bissaga
Bissam
Bissambo
Bissélé
Bisséré
Bissiriou
Bissol
Bissombé
Bissombé I
Bissombo
Bissono
Bissono
Bissoro
Bissoumé
Bissouna
Bissousouk
Bissyang
Bisyang
Bita
Bitam
Bitandé-Assok
Bitandé
Bitandé-Moloko
Bitané
Bitang
Bitcheu
Bitchokman
Bitengé
Bitet
Biting
Biton
Bitoto
Bitoula
Bitoutouk
Bitoutouk
Bitoy
Bitsil
Bitsokmam
Bitye
Bityli
Bitzok
Biuku
Biviang
Bivola
Bivong
Bivouna
Bivouvoué
Biwala
Biwawé
Biwolé
Biwolo
Biwong
Biwong
Biyan
Biyan
Biyebé
Biyébé
Biyem
Biyeyem
Biyi
Biyoka
Biyombo
Biyouha
Biyouka
Bizok
Blabago
Blabin
Bla
Blablin
Blabline
Blamé
Blangafé
Blangoua
Blé
Blische
Blo
Bnagam
Boa Bekondo
Boa
Boadibo
Boalondo
Boana
Boanda
Boanda
Boa Yenge
Boba
Bobea
Bobende
Bobia
Bobodji
Bobok
Bobok
Boboldou
Boboyo
Bodal
Bodam
Bodel
Boden
Bodéo
Bodi
Bodjongo
Bodjwo
Bodo Kouda
Bodomo
Bodong
Boforo
Boga
Bogbo
Bog
Bogdi
Bogdou
Bogninga
Bog-Nso
Bogoba
Bogo
Bogondo
Bogongo
Bogour
Bogso
Bogu
Boguel
Boguolo's
Bohanto
Bohengué
Boher Wabili
Boili
Boimotah
Bojri
Boka
Boka
Bokaga
Bokaka
Bokaré
Bokendja
Boki
Bokindja
Bokito
Bokki
Boklita
Boko
Boko
Boko
Bokoko
Bokoso
Bokosso
Bokoula
Bokova
Bokté
Boku
Boku
Bokwa
Bokwae
Bokwango
Bokwei
Bola
Bola
Bole
Bolélé
Bolgui
Boli
Bolifamba
Bolifambi
Bolo Moboka
Boloudé
Boloundo
Bolounga
Boloy Boléo
Bolunga
Bolyfamba
Boma
Bomaka
Bomana Bakweri
Bomba
Bombanda
Bombato
Bomb
Bombé
Bombé
Bombe
Bombele
Bombemgué
Bombi
Bombingue
Bombingwe
Bombiong
Bombot
Bombouma
Bomé
Bomkoul
Bomono Ba Djérou
Bomono Ba Mbengué
Bomono Gare
Bompélo
Bomteng
Bonabéké
Bonabéri
Bona
Bonabondo
Bonabouab
Bonabweng
Bona-Daja
Bonadikombo
Bonadoumbe
Bonagam
Bonajamesse
Bonakanda
Bonakata
Bonako
Bonako-Mungo
Bonakou
Bonakwassi
Bonalambo
Bonaléa Mandouka
Bonalébé
Bonalembé
Bonalongso
Bonamakita
Bonamakolo
Bonamatoumbe
Bonamboulé
Bonambwassé
Bonamombé
Bonamoné
Bonamouang
Bonandam
Bonandika
Bonandjeng
Bonando
Bonandolo
Bonanga
Bonangando
Bonangang
Bonangango
Bonangolé
Bonanjoa
Bonanjo
Bonanka
Bonano
Bonanyama
Bonanyasi
Bonao
Bonaolo
Bona Sédi
Bonasson
Bonayamalimbé
Bonayamesse
Bonboyo
Bondapendé
Bondi
Bondjadi
Bondjali
Bondjo
Bondjok
Bondo
Bondon
Bonebanda
Bonéko
Bonékoulé
Bonéloke
Bonendalé
Bonenza
Bonépéa
Bonépoupa
Bonépoupa II
Bonéyan
Bonga
Bongan
Bongando
Bong
Bongi
Bong Ngoss
Bongo
Bongo
Bongo
Bongolo I
Bongolo II
Bongomguel
Bongone
Bongoya
Bongui
Boniamavio
Bonibaou
Boniberi
Boni
Bonidekombo
Bonikwé
Bonindi
Bonja
Bonji
Bonjok
Bonjongo
Bontoum
Boor
Bopo
Bora
Boram
Boré
Borgou
Bori
Bori
Bornori
Boro
Boro
Borongo
Borongo
Borongokou
Borongoué
Borongoué I
Borongoué II
Boronguë
Boroungo
Boroungoué
Bosedi
Bosgoye
Boso
Bossa
Bossaka
Bossamba
Bossara
Bossi
Bossoum
Bossum
Bossunga
Bota
Botmakak
Botmon
Botombo
Botom
Botonga
Botoudé
Bouaberi
Boua
Bouambé
Bouam
Bouandja
Bouandjo
Bouang
Bouanjo
Bouba
Boubala
Boubara
Boubou
Boubou I
Boubou II
Boudang Aossani
Boudang Touilbéré
Boudé
Boudjouma
Boudoum
Boudva
Bouéa
Bouéko
Bouéma
Bouga
Bougaye
Bougi
Bougoudi
Bougougou
Bougouma
Bougouma
Bougwi
Bouikoung
Bouilel
Bouk
Bouki
Boukma
Boukoula
Boukouma
Boukous
Bouktan
Bouktang
Bouktani
Boula
Boula-Ibi
Boulamadéri
Boulé
Boulembé
Boulko
Boulleng
Boulourou
Bouma
Boumba
Boumba
Boumbaka
Boum-Boum
Boum-de-Fom
Boumedjé
Boumi
Boumiyébel
Boumkok
Boumnkok
Boumpial
Boumsé
Boundang
Boundé
Boundel
Boundéri
Boundey
Boundjé
Boundjou
Boundou
Bounedenenegana
Bouni
Bounjou Keme
Bounjoukoura
Bounoubou
Bounou
Bounou Madarou
Boupi
Bouraf
Boura I
Boura II
Bouraka
Bourba
Bourbeye
Bourdan
Bourha
Bourha Wango
Bourhoy
Bouri
Bourmagoui
Bourmi
Bourmous
Bourngala
Bourouma
Bouroumti
Bourra
Bourrah
Bourrah Vango
Bourrha
Bourwoy
Bousa
Bousaya
Bousedi
Bousia
Bouss
Boussia
Bouta el Haden
Boutakoun
Boutare
Boutila
Boutou
Boutourou
Boutouza
Bouya
Bouzi
Bouzoubouzou
Bova
Bovia
Boviongo
Bowanda
Bowiongo
Boyaba
Boyabisoumbi
Boy
Boyé
Brazzaville Bélidjengi
Brazzaville
Bri
Brouavéré
Brova
Buambe
Buánjo
Buasa
Buassa
Buba I
Buba II
Buba Waterfall
Bu
Buea
Buguma
Buikúng
Bukamba
Bulutu
Bum
Bundang
Bunyu Keme
Burha
Busedi
Bussumbu
Butare
Butu
Bwabwa
Bwadibo
Bwanda
Bwanenbwa
Bwapé
Bwassa
Bwélélo
Bweme
Bwéné
Bwenga
Bwili
Byane
Campa-Beach
Campo Aka
Campo
Cashiga
Cedea
Cha
Chafo
Chalang
Chang
Chaoué
Chaoui
Chawé
Cheboa
Chede
Chef Bororo
Chéloba
Cheloba I
Chemba
Chidifi
Chimeri
Chirmoussari
Cholaba
Choliré
Chollire
Choua
Choua
Chouam
Chumba
Coffee Estate
Congo
Contsing II
Cotto
Couchémadji
Daba Daba
Dabanga
Dabéré
Dabilda
Daboaya
Dabongo
Daboukoré
Daboulao
Daboulda
Dadje
Dafa
Dafen
Dafouk
Daftaka
Dagé
Dagoumna
Dague
Daguen
Daguen
Dai
Daïgéné
Dakar
Dakari
Dakidongo
Dakodji
Dala
Dalambi
Dalami
Daléhi
Daligéné
Daliguéné
Daloudji
Dama
Damagaram Takaya
Damaï
Damalgou
Damba
Dambi
Damé
Damigri
Damingo
Dampta
Damrou
Damta
Danaba Toumsa
Dana
Dana
Danboura
Dangabissi
Dang
Dang-Haoussa
Danguerchem
Danguéré
Danhaoussa
Daniel
Danigué
Dankali
Danoa
Danou
Daouaya
Daouyang
Dara
Daram
Darang
Darazi
Daré
Dargala
Dari
Darké
Darosa
Datchéka
Daujang
Davagan
Dawan
Daydo
Dazal
Dchang
Déa
Débako
Débissa
Debundga
Debundja
Debundscha
Debunja
Debunsha
Dédé
Defang
Defang-Eonga
Dega
Déguéri
Déhané
Dehani
Deido
Déleb
Délédel
Déléib
Delelé
Demasa
Demba
Demba I
Demba II
Dembako
Dembesse
Dembo
Dem
Dem
Demsa
Demssa
Déné
Dénékri
Dengdend
Deng Deng
Deng-Haoussa
Dengin
Denglé
Dengui
Denkwop
Denma
Dennma
Deou
Déoulé
Désoukou
Deta
Déta
Deuk
Deyna
Dhong
Diadom
Diafka
Diaglassi
Diaka
Dialem
Diambati
Diamboutou
Diam
Diamhayré
Diampiel
Diang
Diang
Diara
Diatoumi
Diba
Dibanda
Dibang
Dibango
Dibemgi
Dibi
Dibi Manbéré
Diboki Balue
Dibombari
Dibombé
Dibonda
Dibonde
Dibongo
Diboué
Diboumbou
Dibouné
Dida
Di
Diemba
Diendé
Dienyi
Digam
Digombi
Digou
Diguisi
Dihani
Dihoul
Dikamak
Dikeme
Dikola
Dikombe Ngolo
Dikome Bafaw
Dikome Balue
Dikome
Dikongob
Dikonop
Dikoulou
Dikouma
Dikullu
Dikulu
Dikuma
Dil-Bafúm
Dilga
Dilka
Dilling
Dimako
Dimako I
Dimako II
Dimakou
Dimbala
Dimbong
Dimé
Diméo
Dimpam
Dina
Dingbaré
Dink
Dio
Dioma
Diongo
Dioudé
Dioula
Dioula Kangoy
Dioula Mbandamé
Dipendi
Dipikar
Dirbas
Dirbass
Dir
Diri
Dirr Illagaré
Dirtcha
Disahaï
Diso
Dissesso
Dissoni
Ditam
Divel
Diwa
Diwala
Dizangué
Dizanqué
Dizé
Djaba
Djabao
Djabbé
Djabé
Djabi
Djabiré
Djaboulé
Djabrari
Djada
Djada
Djada Hina
Djada Motou
Dja
Dja
Dja
Djadjaya
Djadjoli
Djafga
Djagalat
Djagou
Djaindi Zamey
Djajakaya
Djakoundi
Djaktaou
Djakva
Djalbang
Djal
Djalingo
Djalingo
Djalumé
Djamani
Djamba
Djambati
Djamboutou
Djam Boutou
Djaména Abder Rahman
Djaména
Djaména Issa
Djamina
Djamina I
Djamje
Djamonimine
Djamonomine
Djamoussa
Djampa
Djampiel
Djam Tari
Djamtari
Djang
Djankoni
Djanpala
Djaoro Abo
Djaoro Adji
Djaoro Bali
Djaoro Bougwi
Djaoro Boutounou
Djaoro Dahué
Djaoro Deou
Djaoro Dila
Djaoro Doko
Djaoro Gotel
Djaoro Kousi
Djaoro Lamou
Djaoro Léndjouk
Djaoro Likok
Djaoro Nana
Djaoro Ndigou
Djaoro Olkan
Djaoro Sambo
Djaoura
Djaouro Djibrila
Djaouro-Gambara
Djaouro Goni
Djaouro Gwotel
Djapaï
Djapoma
Djaposten
Djarendi
Djarengol
Djarindi
Djasa
Djazeng
Djébalé
Djébalé I
Djébalé II
Djébao
Djébé
Djébé
Djéboa
Djebo
Djedel
Djedjengué
Djekadeï
Djéki
Djeldé
Djéleng
Djelenjémou
Djelmé
Djem
Djéména
Djémiong
Djenabalam
Djénasoumeu
Djendé
Djénehang
Djénerang
Djenereng
Djenga
Djengreng
Djenkwo
Djenou
Djénoun
Djenum
Djéra
Djerendi
Djerféké
Djervin
Djeulévé
Djibao
Djibe
Djida
Djida
Djidat
Djiddel
Djidi
Djidifi
Djidoma
Djikom
Djilbé
Djilbé Gana
Djimbou
Djimé
Djiméta
Djimi
Djimtilo
Djimvoum
Djindi Zamay
Djingbe
Djing
Djingé
Djinglia
Djingué
Djiraib
Djoa
Djoagéné
Djoandjila
Djoda
Djodji
Djodjok
Djogi
Djogo
Djogone
Djohong
Djoknéboum
Djokoydi
Djola
Djolempoum
Djoléré
Djolimpoum
Djombaso
Djombi
Djom
Djomédjo
Djondong
Djoné
Djong Djong
Djongdong
Djongi
Djongolo
Djop
Djopongo
Djornomo
Djoubourouo
Djoudé
Djoudjoua
Djoudjouka
Djoudjoukou
Djouébla
Djougla
Djougoumta
Djougui
Djouka
Djouki
Djoukou
Djoukoudoumou
Djoulgouf
Djoum
Djoumté
Djoundé
Djoungo
Djoungolo
Djount
Djounyat
Djouo
Djourdé Karéhi
Djouroum
Djouroum
Djout
Djouyaya
Djouzami
Djouzé
Djuéla
Djurum
Djutittsa
Djuttitsa
Doana
Doaouissa
Dobaren
Dobie's
Dobinga
Dodéo
Dodiaré
Dodjomo
Dodjoula
Do
Do
Dodo
Dofé
Dogba
Dogba
Dogbwo
Dogmembé
Dogon
Dôh
Dokbé
Dokko
Dokoa
Dokodombé
Dokoula
Dokoy
Dokwoï
Dolé
Dollago
Dollé
Dolo
Doma
Domayo
Domba
Dombé
Dombol
Dom
Dom
Domé
Domiaka-Mintomiaka
Domo
Domsa
Domta
Dondi
Don
Donga
Dongali
Dongko
Dongoa
Dongo
Dongo
Dongo
Dongolé
Dongolo
Dongone
Dongongo
Dongoro
Dongo Villages
Dongrossé
Doninking
Donka
Donkéré
Dontchua
Dora
Dorba
Doreissou
Dorek
Dororéya
Dororoya
Dota
Doua
Douala
Douala
Doualayel
Douane
Douanes
Doubabé Gos
Doubabé Krénak
Doubabé Ras el Fîl
Doubabé Sabal Bouta
Douban
Doubané
Doubann
Doubbel
Doubé
Doubel
Douboulé Alagarno
Doubouvoum
Doudja
Doudoundiam
Doué
Douffing
Dougbé
Dougia
Dougm
Dougmo
Dougon
Dougoudougou
Dougoumassi
Dougoumbia
Dougoumbra
Dougoumsilio
Douguia
Dougui
Douing
Douing
Douka Notcha
Doukba
Doukeroum
Doukoudji
Doukoula
Doukroum
Doula
Dou-la-Poka
Doulé
Doulek
Doulo
Douma
Douma
Doumaidant
Doumaintang
Doumba
Doumba
Doumba II
Doumbanyan
Doumbé
Doumbi
Doumboulko
Doumbouo
Doum
Doumé
Doumé
Doum I
Doum II
Doumla
Doumo
Doumo
Doum Ola
Doumomama
Doumos
Doumourou
Doumrou
Doumzo
Doundé
Doundeye
Dounga
Dounibazok
Dountam
Dounzo
Dounzo I
Dourbey
Dourou
Dourou
Douroum
Douroum
Douroy
Doutarou
Douva
Douvouni
Douzay
Douzeye
Doyang
Doyaya
Doyo
Doza
Dozi
Dozomo
Dpoué
Dro
Dschang
Dsigilau
Duala
Dubange
Dúduka's
Dugudugu
Dukba
Dukerum
Dukuj
Dukula
Dula
Dulo
Dumbo
Dume
Dume-Station
Dumo
Dumuru
Dusat
Duwu-Sadoniako
Dwanda
Dyébadop
Dyélélong
Dzaba
Dzandakala
Dzaora
Dzaoultaf
Dzaoura
Dzéré
Dzerkoka
Dzertoro
Dziguilao
Dzindan
Dzing
Dzingué
Dzir Toro
Dzougui
Dzoum Dzoum
Dzouzok
Eang
East Atabong
Ebabot
Ebabsi
Ébadé
Ebaé
Ebah
Ebaka
Ebako
Ebalabalassé
Ebalondok
Ébam
Ebamina
Ebamina I
Ebamina II
Ebaminal
Ébanga
Ebangal
Ebang
Ébang
Ebang I
Ebang II
Ebayaga
Ebéa
Ebeba I
Ebeba II
Ébebda I
Ébebda II
Ebé
Ebekoé
Ebemi Bakundu
Ebemwok
Eben
Ebénéwoman
Ebengon
Ébézom
Ebianemeyong
Ebie
Ebimimbang
Ebloukon
Éboa
Ebobe
Ebod
Ebodé
Ebodié
Ebodinkou
Ebodnkou
Ebodoumou
Ébodoumou
Eboga
Ebogo
Ebogo II
Ebok
Eboko Bajok
Ebolakoun
Ebolakounou
Ebolboum
Ebolébola
Ebolmedzom
Ébolmongo
Ebolombama
Eboloum
Ébolova
Ebolova
Ebolowa
Ébolowa
Ebolsi
Ebolzock
Eboma
Éboman
Ebomané
Ebombang
Ebom
Ebom
Ebomé
Ébomési
Ebometendé
Ebomkop
Ebomsi I
Ebomsi II
Ebomzoud
Ebondégé
Eboné
Ebonga
Ebonga
Ebong
Ebonikak
Ebonja
Ebonji
Ebota
Ebotankou
Ébotenkou
Ebotnkou
Ebou
Eboufek
Ebougmenyou
Ébougsi
Eboukou
Eboulou
Eboundja
Ebounja
Ebounji
Ebozi
Ebubu
Ebul
Ebuman
Ebúnja
Ebunji
Edéa
Edendem
Edengoa
Ediango
Edib
Edibinjok
Edigidim
Ediki
Ediki Mbonge
Edipkonbo
Edjom
Edoudouma
Edoudoumwon
Edou
Edoumdané
Edu-Nkono's
Edzendouan
Edzen
Efandi
Efogo
Éfok
Efolofo
Efote
Efot
Efoulana
Efoulane
Efoulané
Efoulan
Éfoulan
Efoulan II
Éfoulan II
Efoulen
Efulén
Egba
Egnioumélé
Egona
Ehinango
Ehom
Éhondo
Ehyangoé
Ehyengué
Ékabita
Ekak
Ekak
Ékalan Minkou
Ekali
Ekanbeng
Ekan
Ekanga
Ekang
Ekangté
Ekangte
Ekangte Mpaka
Ekapita
Ekeb
Ekékam
Ekékam III
Ekéké
Ekidmékoé
Ekié
Ekiembié
Eking
Ekingili
Ekité
Ekoadjom
Ekoangombé
Ekobum
Ekodongo
Éko
Ekogate
Ekogati
Ekoh
Ekohok
Ekokbatindi
Ekokbouin
Ekokboum
Ekok
Ékok
Ékok
Ekok I
Ekok II
Ékoko
Ekoko I
Ekoko II
Ekolbouni
Ékol
Ekolkang
Ekomayé
Ekomba
Ékomba
Ekombe Bonji
Ékombé
Ekombité
Ekombité
Ekombitié
Ekombitié
Ekombo
Ekomdjong
Ékom
Ekom
Ekom
Ekom Nkam
Ékomo
Ekomtolo
Ekona Lelu
Ekona Mbenge
Ékondji
Ekondong
Ekondo Titi
Ekon
Ekoneman
Ekong
Ekong
Ékong
Ekonjo
Ekonong
Ekop
Ékoua
Ekouda
Ekoudbesanda
Ekoudindi
Ekoudou
Ékougou
Ekouk
Ekoukoua
Ekoumdouma
Ekoum Douma
Ékoumdoum
Ekoumdoum
Ekoumédoum
Ekouméyek
Ekouméyen
Ekoumtik
Ekoundon Titi
Ekoundou
Ekoundoum
Ekout Mintoum
Ekouyak
Ekowondo
Ekowong
Ekpassong
Ekpwakoula
Ekpwoe
Ekúk
Ekumbako
Ekumbe Bonji
Ekumbe Liongo
Ekumbe Mofako
Ekume Ekundunene
Ekundokundo
Ekundukundu
Ekundukundu I
Ekundukundu II
Ekundu Nene
Ekundu Ner
Ekundu-Titi
Ekwasson
Ekwe
Elabi
Élalé
Elambong
Élandjo
Élang
El Birké
Élé
Elemwoo's
Elendé
Éleng
Elésa
Elésogé
El Goumeri
Elig
Elig Ndoum
Elig Ngomo
Eligyen
Elobi
Elog Banag
Elog Nsogwouti
Elokbatindi
Elom
Élom
Élomzok
Elone
Eloné
Élon
Elon
Élong
Eloté
Elotkos
Eloumba
Eloum
Eloun
Elumba
Elum
Elún
Emamemvam
Emana
Emanemvam
Eminemvon
Emini
Emini-Pabela
Eminwong
Emptsé
Emtsé
Emvan
Emviang
Emvieng
Emvong
Énamenga
Enamingal
Énangana
Enangan
Enanguena
Endam
Endameyos
Endang
Endek
Endengé
Endengué
Endingding
Endo
Endom
Endoum
Engane
Engolozok
Engom
Engong
Engoudou
Enieng
Enjunue
Enoloung
Énoneh
Enongal
Enongbibak
Ensélan
Entié II
Enyandong
Enyeng
Eoumba
Épalékan
Epasi
Epéda I
Epi Aladji
Epi
Epiniandji
Epolo
Eptilélé
Erat
Eréder
Erima's
Eroua Gana
Erque
Esaba
Esa
Esaku
Ésam
Ésaminkou
Esaminsang
Esangmvout
Esazok I
Esazok II
Eschienbot
Eschou
Eséka
Esendé
Éseng
Esengi
Eshobi
Ésiengbot
Ési
Esiko
Esimel
Esingang
Esomo
Esong
Ésong
Esosoung
Essäku
Essama
Essamesso
Essangong
Essazok
Essé
Essékou
Essélégué
Essel
Esseng
Essimeyong
Essinguili
Essobenga
Essokié
Essomba
Esson
Essongwout
Essossoma
Essossong
Essu
Essuke
Esudan
Esu
Esuetan
Esukutan
Eta
Etalombo
Etam
Etam Koma
Etat
Etawang
Étchou
Eteo
Etétana
Etinachong
Etinkam
Etinkem
Étiolomo
Etoa
Etoba-Bibongo
Eto
Etognang
Étok
Etolé
Étol
Etol
Etondo
Éton
Étong
Etoto
Etoud
Etoudi
Étou
Etoug
Etouha
Etounabang
Etoutoua
Etudi
Etuku
Etumba
Eumba
Evélessi
Evés
Éviané
Evindisi
Evindisi
Evindisi II
Évodoula
Evolé
Évolembalma
Évom
Evouma
Evounzi
Evouzok
Ewangabi
Ewassa
Ewelesi
Ewelle
Ewo
Ewonda
Ewot
Éwot
Éyangap
Eyang
Eyang
Eyée
Éyé
Eyek
Eyéné
Eyen
Eyenméyong
Éyes
Eyiantoum
Eyo
Eyon-Bot
Eyumojok
Ezambé
Ézézang
Fabe
Fade
Fadéré
Fadjaoua
Fadjawa
Fadjé
Fadjé Fota
Fadjia
Faïdé
Fainchang
Faintschang
Fakélé I
Fakélé II
Falasi
Falcomré
Falcoumré
Fali
Faménasi
Famtchouet
Fang Bikan
Fang Bikang
Fangbilone
Fang Biloun
Fang
Fang
Fanso
Farch
Far
Farfati
Farkmari
Farkoum
Farkoumo
Farkumo
Fbuman
Fegmimbang
Féirdé Wamdé
Feitok
Féké
Fembo
Fenda
Fénéte
Fen
Ferndé
Fernlé
Fessanga
Fibo
Fibot
Fibot I
Fibot II
Fico
Fifinda
Figil
Fignolé
Figuil
Fiko
Fima
Fious
Fitim
Fitoum
Flayoukour
Flétari
Foe
Fofara
Fofoen
Fofuka
Fogoum
Fokamezoun
Fokoue
Fokouenki
Fokouni
Folap
Folefok
Folé
Folembet
Folentcha
Folessing
Folmirki
Fombap
Fombelé
Fomella
Fomépéa
Fomessa I
Fomessa II
Fom
Fomopéa
Fonakeukeu
Fondanti
Fondjanti
Fondjomékwet
Fondjomoko
Fone
Fon
Fonfuka
Fonfukka
Fonganje
Fong Donéra
Fongoh Deng
Fongoli
Fongotafo
Fongo Tongo
Fonkhe
Fonkouankem
Fo Nou Saamaya
Fontain
Fontem
Fonti
Fontsa
Fontsenta
Fontsinga
Fopouanga
Foradjé
Foreké Dschang
Forfoya
Forlomi
Fort-Foureau
Fort Fureau
Fossang
Fossette
Fossong Ellelem
Fossong
Fossong-Tohuentcheu
Fossonken
Fotabe
Fotetsa
Fotochi
Foto
Fotokol
Fotoména
Foto Ndontchouet
Fotouni
Fotsi
Fotsouli
Foulasi
Foulasi
Foulassi
Foulberé
Fouldaï
Foulday
Fouloudjé
Foulou
Foumbam
Foumban
Foumbang
Foumbat
Foumbot
Founban
Founjora
Fourgana
Foutouni
Fouy
Fowaji
Foyangem
Foyave
Foyemtcha
Foyèt
Frig el Madi
Frohiri
Fugua
Fujua
Fulani
Fulbe
Fumban
Fumbang
Funam
Fundong
Funge
Fungom
Furu
Gaba
Gaba
Gabako
Gaban
Gabardina
Gabareï
Gabareye Mérigne
Gabdé
Gaboa
Gaboua
Gada
Gadala
Gadas
Gadjia
Gadji
Gadjiwan
Gadjwan
Gado
Gado
Gado Kouda
Gado-Kuda
Gadouba
Gafakat
Gâ
Gâ
Gagadama
Gagadje
Gagadjt
Gagaji
Gagan
Gagayi
Gagi
Gagou
Gahamba
Gah
Gahiba
Gahlti
Gaï
Gailala
Gaina
Gai-Ndaro
Gajama
Gajiwau
Gakara
Gakawa
Galam
Galang
Galao
Galaou
Galboual
Galdala
Galégalé
Gali
Galim
Galoué
Gamal
Gamane
Gamba
Gamba
Gambarou
Gambé
Gambili
Gambol
Gamboli
Gambou
Gamboukou
Gamboula
Gamboula
Gamboura
Gamdama
Gamkoumbon
Gamti
Gamvaga
Gana
Ganboukou
Ganboura
Gandé
Gandi
Gandinan
Gandinang
Gandjiba
Gandoua
Gandou
Gandougoum
Gandúa
Gangal
Gan
Gangasaou
Ganga-Sarali
Gangassaou
Gangawa
Gangi
Gang Na
Gangoa
Gangouri
Gangoye
Gangoy
Ganhagiakila
Ganini
Gan Korianga
Gankoryanga
Gankoumbol
Ganmba
Gan Mbet
Ganmbou
Ganngui
Gansé
Gaojomé
Gaouana
Gaouar
Gaoubrem
Gaoudamji
Gaouel
Gaoundamji-Dourou
Gaoundamji
Gaoyanga
Gaoyan
Gara
Garam
Garamti
Garangatchi
Garang
Garbaïa
Gare
Garégoumo
Garésingo
Garey
Garga
Garga
Garga Sarali
Garga-Sardi
Garlé
Garna
Garoua Boulaï
Garoua-Commanda
Garoua Daba
Garoua
Garoua
Garoua-Kommanda
Garouao
Garoua Sambé
Garoua Sanbé
Garoua-Simbé
Garua
Gasama
Gasaua
Gaschiga
Gasdé Tsafali
Gashiga
Gasol
Gassama
Gassaoua
Gassari
Gassoua
Gata
Gatougal
Gatougel
Gauar
Gaudro
Gaukoumboum
Gaukumbal
Gaval
Gavéla
Gaviang
Gawar
Gawawa
Gayak
Gayama
Gay
Gay Gay Koumahiré
Gayioau
Gayivao
Gayivayo
Gazaoua
Gazawa Bizili
Gazawao
Gazi
Gazinguet
Gbabélé I
Gbadjanga
Gbalakisa
Gbaram
Gbata
Gbatok
Gbatoua
Gbongoué I
Gdamotou
Géboda
Géfige
Gé
Gégéri
Gelao
Gélawo
Gele-Menduka
Geling
Gena
Gendou
Gentsing I
Gérang
Gérélé
Gérété
Gerhedjé
Géri
Gérima
Gerwidig
Gésou
Gétalé
Gété
Giaou
Gider
Gidigig
Gidigis
Giding
Gidjiba
Gigidjé
Gilau
Gili
Gimdou
Gimoulounga
Ginda
Gindé
Gindigina
Ginglei
Gio
Girviza
Girwidig
Gisei-Gibi
Gitcha
Gito
Glao
Glei
Glem
Gley
Goamiboum
Goaningpoum
Goaningpum
Goap
Gobbigere
Gobdigere
Gobdiguéré
Gobo
Gobtikéré
Godanga
Godé
Godi
Godjé
Godji
Godo
Godok
Godo Kouda
Goédjim
Goémi
Goétam
Goétou
Gofka
Gogazi
Gogoboua
Gogogbangolo
Gogom
Gogre
Gôh
Goho
Gohorton
Going
Goingou
Goïtam
Goïzinak
Gokoro
Golala
Golaza
Goldavi
Goligué
Golim
Golmo
Golombé
Golombéouo
Golombi
Golongari
Golong Dakri
Golongini
Golonkéké
Golopo
Goloumou
Gomana
Gombila
Gombo
Gomeso's
Gompou
Gomté
Gonga
Gonga
Gongassao
Gongatoua
Gongolo
Gongon
Goni
Gonkoura
Gonkoy
Gonozo
Gonssambang
Gop
Gorail
Gor
Gorimbara
Goro
Gorom
Gorori
Gortchonou
Gosanougara
Gosé
Gotzer
Gouabila
Gouandaba
Gouanga
Goubago
Gouba
Goubara
Goubla
Goudak
Goudal
Goudé
Goudjari
Goudjé
Goudjougoudjou
Goudoul
Goudoum
Goudoum Goudoum
Goué
Gouéjélé
Gouékong
Gouenko
Goues
Goufan I
Goufan II
Goufé
Goufka
Gouga
Gouhigon
Gouifé
Gouima
Gouirwidig
Goula
Goulet
Goulféï Gana
Goulfeï
Goulfey Gana
Goulféy
Goulma
Goulmoun
Goulong Agou
Goulongo
Goulon
Goulouabadam
Goulouadouma
Gouloua
Gouloumbo
Gouloum
Goulourgou
Goumari
Goumbaïré
Goumbégerong
Goumbé
Goumbéla
Goumleï
Goumra
Gouna
Gouna
Gouna
Gounasou
Goundé
Goundehigui
Goundey Mango
Goundjouki
Gounféla
Goungourga
Goungournga
Gounjel
Gounou
Gounschigi
Gounté
Gouonteu
Goura
Goura
Goura I
Goura II
Gourgoura
Gouria
Gourié
Gourigue
Gouringel
Gourko
Gourmen
Gourmeu
Gourmeuï
Gouroum
Gourpé
Gourwalti
Gourya
Gousda
Goussoudou
Gouté
Gouzoudou
Gova
Goyanga
Goyé
Goymadji
Goyoum
Graha
Grand Batanga
Grand Makemba
Grand Mboka
Grand Pol
Grand Souza
Grand Viri
Grand Zambé
Grand Zambi
Gréa
Great Batanga
Great Sopo
Gréllé
Grémari
Gret
Gribi
Gross Batanga
Gross Pol
Guassanguel
Guédé
Gué
Guélaw
Guelba
Guelémandouka
Guéling
Guémé
Guendou
Guendoumi
Guené
Guérang
Guéré
Guéré
Guérémé
Guéreng
Guérété
Guerhejé
Guermé
Guertoua
Guervoum
Guesch
Guéssé
Guétalé
Gufka
Guibi
Guidder
Guider
Guidi Guidi
Guidiguis
Guidjiba
Guigdjé
Guilaou
Guili
Guinamé
Guinane
Guindé
Guingleï
Guingler
Guioué
Guiré
Guirlao
Guirlé
Guirling
Guirou
Guiruiza
Guirvidig
Guirwidig
Guisse
Guisseï-Guibi
Gulfei
Gumbela
Gumbila
Gumsoro Mal Baouio
Guna
Guneku
Gunschigi
Gurmeu
Gwati
Gwonepoum
Gwongwana
Gwova
Hach Rach
Hadamari
Haïta
Hakirvia
Halio
Hamadou
Hama Koussou
Haman
Hambaka
Hamdja
Ham
Hamoa Bello
Hamza
Hankao
Haoua
Haoussa
Haradoho
Harma
Harr
Haterpats
Hateurna's
Hati
Hawal
Hegba
Hépa
Héréimé
Herko
Héroua
Hilé Alifa
Hilegim
Hilé-Halifa
Hiltaboungla
Hina Djada
Hina
Hinalé
Hina Mandja
Hina Marbak
Hina Vindé
Hina-Winde
Hirché
Hodandeye
Hodogouay
Hodogway
Hoké
Hola Danou
Holchi
Holmann
Holom
Holoum
Holtforth
Homaga
Homa
Homain
Homaka
Homé Garal
Homé
Honlé
Hopi
Hoppo
Horaré Badjabou
Horare
Horé Ngoura
Hore Taram
Horlong
Hornbali
Hornomo
Hoséré Lesdi
Hotoye
Houli
Houlouf
Houloum
Houmoumsi
Houmséki
Houmsiki
Houng
Houpi
Hoursso Manan
Houzoumé
Hoy
Humseki
Humsiki
Humumsi
Hunyape
Hunyopa
Hwoli
Iba
Ibango
Ibaré
Ibemi
Ibou
Idenao
Idenau
Ido
Iérouzalem
Ifanga Nalende
Ifanga-Ya-Onya
Ikange
Ikasa
Ikassa
Ikata
Ikenge
Ikiliwindi
Ileka
Ilendé
Ilkwangsi II
Illété
Illoani
Illor
Iloani
Ilo
Ilou
Imchide
Ina
Indama
Indinding
Indingé
Indoum
Ine Asoma
Ine Atayo
Ine Atoyo
Ine Ekpai
Ine Ikoi
Ine Mba
Ine Okon Ideho
Ine Okon Idoho
Ine Okpo
Ingouseré
Inguiridjang
Ino Akpak
Inokum
Inokun
Ino Umo
Inua Abasi
Inua Mba
Irde
Irdeng
Irden
Irngileng
Irnguileng
Isandja
Isa's
Ishigashiya
Isobi
Isolwe
Isongo
Isove
Isu
Itabina
Itabuna
Itanda
Itayap
Itchimo
Itende
Itéré
Iteri
Itoki
Itondéfang
Itondé sur Mer
Itoundé
Itu
Ituka
Itunde
Iwo
Izongo
Jabana II
Jabana I
Jabane I
Jabassi
Jágua
Jakang
Jakiri
Jakotondu
Jamba
Jamei
Janjo
Japoma
Jarua's
Jassem
Jatu
Jaúnde
Jebale II
Jebale
Jebaté
Jebo
Jesok
Jessom
Jet
Jijiwa
Joko
Joldeo
Jolere
Jorké
Jorum
Joundi
Jurum
Jut
Kaa
Kaba
Kabdi
Kabé
Kabétoua
Kabili
Kabiloun
Kabo Kabir
Kabo Ségir
Kabouma
Kadam
Kadeï
Kadjel
Kaélé
Kaerladjé
Kaftaka
Kagama
Kagbané
Kagendjok
Kagnol II
Kagnol
Kagnol
Kahiéo
Kaigamatekel
Kaïlleran
Kajifa
Kajifu
Kakati
Kake II
Kaké
Kake
Kak III
Kak II
Kak
Kakoumi
Kalac
Kala Kafra
Kala
Kala
Kalak
Kalaldi
Kalang
Kalaoua
Kalassari
Kalawa
Kalbé
Kalbingto
Kalé
Kalembé
Kalfou
Kalfu
Kalgé
Kalgoulou
Kalgué
Kali
Kalkoussam
Kalochjam
Kalokiam
Kalong
Kalo's
Kalwa
Kama
Kamakouma
Kamakoum
Kamalé
Kamalone
Kamba II
Kamba I
Kamba
Kamba
Kamba
Kambaraki
Kambélé
Kambo
Kamboro
Kambo's
Kamélon
Kametoune
Kamine
Kam
Kam
Kamna
Kampo
Kampour
Kanafounoussi
Kana
Kanal
Kananga
Kanarou
Kanda
Kandonge
Kané Kané
Kange
kangléri
Kango Kéféro
Kangué
kanhon
kani
Kan
Kan
Kano
Ka Nord
Kantalan
Kaoledji
Kaosadjo
Kaou Sadjo
Kaousseïn
Kapan
Kapkana
Kap
Karagama
Karagari
Kara
Karalguié
Karam
Karantchi
Karba Manga
Karba Petel
Karedjé
Karedjé
Karéna
Kargama
Kari
Karing
Karladjé
Karmaye
Karmeï
Karna
Karnak
Karnak Logone
Karnok
Karsé
Kasa-Ngaoundéré
Kasangba
Kasarafam
Kaseldjadé
Kaséré
Kasibé
Kassamba
Kassa-Ngaoundéré
Kasseï
Kasse
Kassel
Ka Sud
Kataka Demsa
Kataka
Katamsa
Katchala
Katchawalé
Katiau
Katil-Foulbé
Katil
Katil Mboum
Katin
Kat
Katoal
Katoual
Katual
Kaw
Kaya
Kaya
Kayegué
Kaye Kaye I
Kayi
Kay-Kay
kazaouléou
Kazéré
Kbasala
Keadimako
Kébi
Kédé
Kédia
Keïa
Keigamalékel
Keïgamatekel
Keïkeï
Kéké
Kekem
Kek
Kekpam
Kekpani
Kéla
Kélali
Kélé
Kélé
Kélemba
Kéleng
Kéléo
Kéling
Kélkoto
Kellé-Mpek
Kellé Ndongong
Kembong
Keme
Kemes
Kempong
kenguilou
Ken
Kentzou
Kenzou
kenzu
Kepani
Kéraoua
Keraua
Kérawa
Kerbai-Kéraoua
Kerba Kéroua
Kertchem
Kerua
Késawa
Kesham
Kété
Keungueu
Keyem
Kharénal
Khazal
Kidia
kidibisi
Kidimébé
Kidjimatari
Kienké
Kiki
Kikot
Kila Djali
Kila
Kilaldji
Kila Mankao
Kilda
Kilguim
Kilissawa
Killa Mandi
Kimi
Kim
Kinada
Kinboya
Kinding
Kiniania
Kinlé
Kinsasa Mawa
Kinsasa Ngaymoko
Kinsasa Tékélé
Kinsasa Wandjé
Kinsasa Wélélé
Kintchaha
Kintélom
Kishong
Kishung
Kissi
Kita
Kitchaha
Kizoum
Kléhé
Klein Batanga
Klein Mbobue
Klein Mbobu
Koan
Koaw
Kobi
Kobi
Kobi
Kobila
Koboa
Kobo
Kobong
Kobosi
Kobro
Kochoro
Kodéala
Kodek
Kodé
Kodioléo
Kodja
Kodoki
Koengboé
Kofa
Kofide
Kogla
Kohi
Koiladjin
Koïna
Koindéri
Koka
Ko
Ko
Ko
Kokoa II
Kokoa
Kokoa
Kokobuma
Kokodo
Kokoé
Kokore
Kokoro
Kokoumi
Kokoum
Kokum
Kola
Kola
Kolara
Kolbanou
Kolen Mbam
Koléré
Koli
Koli
Kol
Kolkossé
Kolmaka
Kolofata
Kolombong
Kolonyin
Koloumbou
Komako
Komba II
Komba I
Komba
Kombé Bingé
Kombé
Kombé
Kombé
Kombele
Kombé-Tiko
Kombeul
Kombiang
Kombing
Kombo Dibo
Kombo Do
Kombo Dongo
Kombo-Dongo
Kombo Epaka
Kombo
Kombo
Kombo
Kombo-Laka
Kombo Loté
Kombo Mianjou
Kombo Missipi
Kombo-Moukenda
Kombo Mounja
Kombone Bafaw
Kombone
Kombone Mission
Kombo Njimé
Kombo Porigo
Komboul
Komboum
Komboura
Kombouro
Komine
Komlokassi
Komna-Sang
Komni
Komokouma
Komokuma
Kompina
Kompya
Konabing
Konaké
Kona
Kona
Kona
Konbé II
Konbé I
Konbé
Konbé Tiko
Konboa Ndongé
Konbo Dimbo
Konbo Dongo
Konbo Epaka
Konbo
Konbom
Koncha
Konda
Kondan
Kondébilong
Kondébiyen
Kondemeyos
Kondésong
Kondjok
Kondomyos
Kondon I
Koné
Konene
Konga II
Konga I
Kongak
Konga
Kong
Kong
Kong Kong
Konglé
Kongok
Kongo
Kongo
Kongola Djiddéo
Kongolo
Kongolo
Kongolou
Kongoulé
Kongoulou
Kongoulou
Kongrong
Kongron
Kongui
Kongulu
Kongwe
Konha
Koniakba
Konje
Konjoy
Kon Kidoum
Kon
Konmbo
Kono
Kontcha
Kontscha
Konye
Koo
Kopango
Kopdna
Kopongo
Kopya
Koraké
Koréel
Koré
Korianga
Koriong
Kormori
Koro
Korokoro
Korré
Kortchi
Kose
Koskin
Kosohon
Kosohoyé
Koso
Kosoumo
Kossa
Kossa
Kosse
Kossel
Kosselnialbi
Kosseoa
Kosséoua
Kossewa
Kossi
Kosso
Kossoumo
Kostom
Kósumo
Kota
Kotcholi
Kotchou
Kotele
Koti
Kotile
Koti Petel
Koto III
Koto II
Koto II
Koto I
Koto I
Koto
Koto
Kotto
Kouadalang
Kouadjo
Kouafang
Koua
Kouala
Kouala
Kouambang III
Kouambang II
Kouambang I
Kouambo
Kouangen
Kouang
Koubadjé
Koubadjé
Koubinzik
Koubokam
Koubougé
Koubout
Koudanding
Koudi
Koudini Mandal
Koudoukomo
Koudou
koudoukoura
Koudoumba
Kouédjina
Kouem-Kouem
Kouen
Kouénmonka
Kouetdjina
Koufen
Kouffen
Kougham Njitapon
Kougouda
Kouhouat
Koukouba
Koukoumti
Koukounou
Kouksé
Koulada
Koulawa
Koulboa
Koulkoulé
Koulouganga
Koulou
Koumak
Kouma
Koumangelo
Kouman
Koumargui
Koumasi
Koumbambang
Koumbam
Koumbinzik
Koumboula
Koumboul
Koumdongo
Koumé
Koumélap
Koumenké
Koum Kaoudji
Koum
Koum
Koum
Koum
Koum
Koumou
Koumou
Kounanaye
Kounang
Koundé
Kounden
Koundésong
Koundi
Koundini
Koundja
Koundjara
Koundjiri
Koundoué
Koundou
Koundoum
Koundoung
Kounga
Kounga
Koungo
Koungoulou
Koungoulou
Kouniakong
Kounja
Kounou
Kounvou
Kouodja
Kouomboum
Kouoptamo
Koupa Matapit
Kourdaïa
Kourgi
Kourgul
Kourmomo
Kourngeun
Kournguen
Kourom
Kourouk
Kourou
Kouroum
Kousé
Koussam
Koussé
Kousséri
Koutaba
Koutchankap
Kouti
Kout
Koutoubingono
Koutou
Koya
Koza
Kpagoungé
Kpa
Kpoti
Kpoui
Krénak II
Krénak I
Krénak
Kribi
Ksam
Kuambo
Kúbokam
Kudá
Kukaka
Kuke Bova
Kuk
Kuko
Kul's
Kumba
Kumbe Balondo
Kumbe Balue
Kumbo
Kumbo
Kumfutu
Kumin
Kum
Kumukumu
Kungo
Kunjang
Kupe
Kurume
Kusseri
Kwaché Wanday
Kwadalang
Kwadja
Kwagan
Kwala
Kwala
Kwana
Kwe
Kwiapé
Kwoussi
Kwoy Djifita
Laa-Bum
Laakom
Laarié
Labado
Laba
Labalga
Labaré
Labaré
Labare-Tingere
Labaré-Tinguère
Labaré-Tonga
Labaye
Laberé-Tingéré
Laboun
Lada
Laédégoulda
Laendé Mami
Lafia
Lafia Sawakin
Laf
Lafotio
Lagba
Lagdo
Lagosdorf
Lahaï
Lahay
Lahibir Doli
Lahir Dohi
Lahore
Lahoré Nasar
Laikom
Laïndé Bani
Laïndé Gébadi
Laindekan Sadol
Laïndé
Lain
Laïrloï
Laka de Panzama
Laka
Laka
Lakaor
Lakawar
Lakta
Lalabé
Lala II
Lala
Lala
Lalang
Lalémoto
Laman
Lamba
Lamba
Lambi
Lambo
Lam
Lamodan
Lamoiguel
Lamordé-Djoungoum
Lamorde Jungum
Lamordé
Lamordé
Lamoudan
Lamourdé Djoungoun
Lamudan
Lamurde-Djungum
Landa
Landjoué
Landou
Landouro
Landrouho
Landu
Langia
Langok
Laodam
Laodjougoy
Laoki Sonkori
Laok
Lao
Laonina
Laoré de Falkoumré
Laoré de Guissiré
Laoua
Laoudengé
Lapouang
Lara
Lara
Larbak
Larba
Lareski
Largoy
Larki
Laro
Lasin
Laska Ako
Lassin
Latié
Lati
Laua
Lavoi
La Wan
Layé
Ldama
Ldamsay
Ldarbak
Ldinglding
Léa Ngonbi
Lebamzib
Lébamzip I
Lébé
Leblibong
Leb Nkengué
Lébnyok
Lebok
Lébot
Leboudi II
Leboudi I
Lebou
Lefè
Légi
Leidegoulda
Leidgulda
Léimari
Lékek
Lékié
Lékoubek
Lékoun
Lekumbi
Lé
Lé
Lélé
Lelem
Lélep I
Lelodorf
Lélo
Lembé
Lèna
Lendi
Léne
Leng
Leng Tombo
Lénouk
Lensi
Lépopomo
Lepsé
Lepwindjou
Léquerré
Léra
Léré
Lesdibodéri
Léta
Letta
Letz
Levem
Levoni
Lewou
Libamba
Libélengoi
Libelgoï
Libé
Libi
Libobi
Libog
Libok
Libombé
Lieni
Lienyi
Lihong
Lika
Likoki
Likoko
Likoko Mimbia
Likomba
Likombe
Likongé
Likongué
Likouk
Likume
Lilale
Lila
Lilbalmi
Limani
Limbatmi
Limbe
Limboka
Limbo
Lindé
Lindo
Lindom II
Lindom I
Lindong
Lingam
Lingbim
Lingboka
Lingom
Lingon
Linsi
Linté
Lipenja
Lipenja Mukete
Lipenja Village
Lip
Lipter
Liri
Lisé
Lisé
Liséme
Lisendjé
Lisoka
Lisoni
Lissoka
Lissombe
Little Batanga
Liwenji
Liwenyi
Lloa
Loa
Lobe Estate
Lobe
Lobé
Lobétal
Lobethal
Lobe Village
Lobila
Lobi
Lobo
Lobo
Loe
Logbessou
Logbi
Loghoui
Log Mbo
Logo
Logone-Birni
Logoto
Logoya
Logpom
Logwambe
Log Wombé
Lohendje
Lokanda
Lokando
Lokoli
Loko
Lokomo
Lokonda
Lokoro
Lokossama
Lokoti
Lokoti
Lolabé
Lolodorf
Lolodrof
Lolo II
Lolo I
Lolo
Lombé
Lomié
Lominguel
Lom
Lom
Lompta
Londjap
Londo
Longi
Longji
Long
Long
Longmahi
Long Mboy II
Longo
Longouya
Longté
Longtimbi
Longtoka
Longtré
Longuyi
Longuy
Lorina
Loté
Loua II
Loua I
Loubam
Loubbour
Louga Alodji
Louga Bouli
Louga
Lougan
Lougéré
Lougéré
Lougéré
Lougéréo
Lougga Djabbet
Louggahori
Lougga
Louggé
Lougguéré
Lougguéréo
Lougoudé Djawé
Lougouma
Lougoundé - Wélaré
Louguéné
Louguéré
Louguéré-Mounïare
Lougueréo
Louka
Loulou
Louma
Loumbou
Loum Chantiers
Loumé
Loum II
Loum I
Loum
Loum
Loum
Loumsi
Loungahé
Loungan
Loun
Loupa
Lsu
Lubangi
Lue
Luga
Lugere
Lugere
Lulaba
Lum
Lus
Lwo
Lycée
Maadina
Maa
Maameniyne
Maaményin
Maaményné
Maamezam
Maan
Maari
Maba
Mabanga
Mabange
Mabang
Mabangue
Ma Banyo
Mabas
Mabélé
Mabénangé
Mabengé
Mabéré
Mabeta
Mabiogo
Mabobé
Mabobol
Mabom
Mabonji
Mabosso
Maboudji
Maboum
Mabouo
Mabourkia
Mabourki
Mabraka
Mabrouka
Maca
Machu
Madaf
Madaik
Madaka Lawanat
Mada Kolkoss
Madakoua
Madale
Mada
Madama Daba
Madama
Madam Dougourou
Madaoueha
Madara
Maday
Madekake
Madelhout
Madeou
Madibo Marou
Madingring
Madingrin
Madio
Madjabibomg
Madjadou
Madjap
Madjoho
Madjo
Madjono
Madjoué
Madjué I
Madju II
Madju I
Madjü
Madong
Madouba
Madouma
Madouma
Madoumaré
Madoumé
Madoungou
Madyiaré
Madzap
Maesdé
Mafako
Mafakwe
Mafandé
Mafanga
Mafanja
Mafaté
Mafete
Mafia
Mafoufou
Mafoulso
Mafoundou
Mafumbouo
Magadi
Magala Djaména
Magala Hidjelidjé
Magala Kabir
Maga
Magam
Magassé
Magba
Magdémé
Magel
Magham
Magouma
Magourdé
Mahadiri
Mahaha
Maha
Mahana
Mahao
Maharba
Mahé
Maheutchou
Mahilba
Mahiria
Mahohi I
Mahohi
Maholé
Mahole
Mahonda
Mahoui
Maïna
Mainari
Maisaji
Maite
Majanguin
Majomessi
Majus
Makabaï
Makai
Makakan
Makak
Makak
Makak
Makalaté
Makalat
Maka
Maka
Maka
Maka
Maka
Makam
Makam
Makanday
Makané
Makan
Makan
Makari
Makas
Makassa
Makday
Makélété
Makelingueï
Makep
Makéré
Makirvé
Mak
Makobe
Makob
Makoda
Makodo
Makoka II Bellevue
Makoka II
Makoka I
Makoka I Tembe
Makok
Makok
Makok
Makom
Makomol
Makoro
Makot
Makouamsap
Makou
Makouma
Makouma - Mounanga
Makoumbi
Makouopchichi
Makouosop
Makouré II
Makouré
Makourem
Makouri
Makoutem
Makpantoum
Maksi
Maku
Makumba
Makwamékouma
Makwe
Malaba
Maladi
Maladi
Malal
Malam Adamou
Mala
Malambo
Malamedou
Malamé
Malam
Malam
Malam Mango
Malam Pétel
Malamtoum
Malandé
Malanden
Malane
Malangué
Malan II
Malan I
Malan
Malantouan
Malantouen
Malapa
Malapé
Malarba
Malat
Malbéti
Malda Domo
Maleïa
Maléké
Malem
Malendé
Malende
Malen III
Malen I
Malen IV
Malen
Malen
Maleuleu
Malié
Malien
Mali
Malimba
Malimbé
Malimea
Malim
Malinkam
Malmadja
Maloa
Malohé
Malombo
Maloudia
Maloueï
Malougoudjé
Maloumé
Maloung
Malouro
Maltam
Malumkoga
Malwadou
Ma
Mama 1
Mama II
Mama II
Mama
Mama
Mama-Oassandé
Mamatata
Mambain
Mambale
Mambal I
Mambal
Mamba
Mambanda Camp
Mambanda
Mambanda
Mambang
Mambaya
Mambeia
Mambeya
Mambiné
Mambioko
Mambioko
Mamb
Mambongam
Mambonkon
Mamébili
Maméchi
Mamegnam
Maméniye
Maményin
Mamfe
Mamfu
Mam
Mamourdi
Mampali
Mampang
Mampélé
Mamu
Manaka
Mana
Manan
Mananya
Manaouadji
Manaré
Manawatchi
Manbaka
Manbéle
Manbeya
Mancha
Mandabé
Mandaka
Mandama
Mandama
Manda
Manda
Mandananao
Mandatituop
Mandeké
Mandese
Mandiba
Mandib I
Mandié
Mandi
Manding
Mandiyang
Mandjalang
Mandja
Mandjambok
Mandjandja II
Mandjandja I
Mandjap I
Mandjog
Mandjok
Mandjouk
Mandjou
Mandjoum
Mandjour
Mandoi
Mandoumba II
Mandoumba
Mandourou
Mandzou
Manegolé
Man Elon
Mané
Manengbleng
Maneng
Manengotene
Manengoteng
Manengoten
Manengouba
Mangachiri
Mangafé Ayatou
Mangafé Dobwol
Mangafé
Mangaï
Manga
Manga
Manga
Mangamba
Mangamban
Mangana
Manganga
Mangang
Mangan
Mangari
Mangati
Mangékam
Mangé-Koutou
Mangé Masadi
Mangenges
Mangengués
Mangenmandjok I
Mange Samba
Mangi
Manginda I
Mang
Mang
Mango
Mango
Mangombo
Mangom
Mangóng
Mangoulan
Mangoulé
Mangoum
Mangoun
Manguémé
Manguengue
Manguengues
Manguen I
Manguiembou
Manguiem
Mangundu
Mangzéan
Maniago
Manikalou
Maniou
Manja
Manjambi
Manjeme
Manjenge's
Manjibo
Manjo
Manjou
Manka
Mankarop
Mankembouot
Manki II
Mankim
Mankon
Mankouat
Mankoumbou
Mankoumvi
Mân
Manmenyin
Mann
Manoca
Manoka
Man O'War
Manpale
Mansa
Manscha
Mansen
Mansouen Foyouom
Mansouen Mambain
Mansoum
Mansourou
Mansuru's
Manta
Manta
Mante
Mantem II
Mantem I
Mantiba
Mantoum
Mantoum Palais
Manyay
Manyé
Manyemen
Manyim
Maobarkédjé
Maoda
Maond
Mao-Toubé
Mao-Tube
Maoua
Maoua
Maoundé
Mapan III
Mapanja
Mapan
Mapan
Mapara
Mapari
Mapea's
Mapfondou
Mapou
Maradi
Marafin
Marala
Mara
Mara
Marao
Mararaba
Marbak
Marboui
Marcol
Mardia
Mareille
Marfain
Margama
Margdaré
Margi
Margol
Margoua
Margoué
Marienberg
Mari
Maripa
Marka
Markamé
Markhi
Marko
Marma
Marma
Maromba
Marom
Maroua
Maroua
Maroua
Marsi
Martap
Marua
Marumba II
Marumba I
Marumba
Marvak
Masabay
Masahva
Masaki
Masakwa
Maséa
Mashi
Masia
Masiang
Masiel
Masiembo
Masilater
Masi Ndilim
Masins
Masio
Maskalaï
Maskété
Masok
Mason
Masore
Massaa
Massabay
Massabey
Massa Ika
Massaka I
Massaki
Massako
Massakoua
Massa Kouloueita
Massakuwa
Massaky
Massa
Massampo
Massangam
Masséa
Masset
Massette
Massia
Massiam
Massiang
Massian
Massi
Massindeye
Massi Ndilim
Massok
Masso
Mässo
Massor
Massoumbou Carrefour
Massoumbou-Chantiers
Massourdouba
Massuk
Massuma
Masuma
Matachon
Matafal
Matafat
Ma Taibao
Matakoro
Matalao
Matalfaré
Matamani
Matamaya
Matam
Matanani
Matanda I
Matanda
Matango
Mataré
Matari
Mata's
Matazu
Matcha
Matchao
Matchon
Matei
Matene
Matenne
Materpats
Matet
Matfaï
Matkous
Matol
Matol
Matomb
Matonb
Matondo II
Matondo I
Matong
Mator Butu
Matoufa
Matouké
Matounga
Matsa
Matsari
Matute
Maukoudé
Mavala
Mavoumay
Mawa
Maxi
Mayakoué
Maya
Mayang
Mayel Danéïl
Mayel Dikani
Mayel Doumsi
Mayel Kaoledji
Mayel Lamoungel
Mayen
Mayo Alfou
Mayo Alim
Mayo Badji
Mayo Baléo
Mayo Bani Haman
Mayo Bani Nana
Mayo Banyo
Mayo Bodéo
Mayo Bou
Mayo Boutaré
Mayo Dabi
Mayo Daré
Mayo Darlé
Mayo Djarendi
Mayo Djidola
Mayo Djinga
Mayo Djoi
Mayo Doubé
Mayo Fohourou
Mayo Galké
Mayo Hiné
Mayo Kéwé
Mayo Ladé
Mayo Lebou
Mayo Lega
Mayo Legga
Mayo Lopé
Mayo Loué
Mayo Mbana
Mayo Méké
Mayo-Nagué
Mayo Nakéré
Mayo Nibi
Mayo Niolga
Mayo Ouandé
Mayo Oudo
Mayo Oulo
Mayo Sanganaré
Mayo Sangé
Mayo Sangué
Mayo-Seni
Mayo-Sita
Mayos
Mayos
Mayo Soukaore
Mayouom
Mayous
Mayo Yeram
Mayto
Mayus
Mazaï
Mazam
Mazay
Mazélé
Mazera
Mazessé
Mazzabé
Mbaakam
Mbabang
Mbabe
Mba-Bitao
Mbaboèn
Mbabon
Mbaboua
Mbadji
Mbadoumou II
Mbadoumou I
Mbadoumou
Mbaé
Mbaga
Mbagnam
Mbahankou
M'Baï
Mbajen's
Mbaka
Mbaka
M'Baka
Mba Kana
Mbakang
Mbakaou
Mbakem
Mbaki
Mbakong
Mbakwa Supe
Mbala
Mbalam
Mbalam
Mbalange
Mbalangi
Mbalan
Mbaldjap
Mbalelon
Mbalé
Mbalié
Mbaligi
Mbali
Mbalmajo
Mbalmayo
Mbalmayo
Mbalngong
Mbama
Mbama
Mbamayok
Mba
Mba
Mba
Mba
Mba
Mbambé
Mbambo
Mbamdi
Mbamé II
Mbamé I
Mbamé
Mbam-Essaobam
Mbamkouop
Mbam
Mbam
Mbamti
Mbanda
Mbande
Mbandi
Mbandjock
Mbandjok
Mbandjouk
Mbangalan
Mbanga
Mbanga
Mbanga
Mbanga
Mbanga Mpongo
Mbangasina
Mbangbéré
M'Bangé
Mbange
Mbang
Mbang
Mbang
Mbang
Mbang
Mbang Mbéré
Mbango
Mbango
Mbangou
Mbangué II
Mbangué I
Mbanguel
Mbangué
Mbanha
Mbanjako
Mbankomo
Mban
Mban
Mbannang
Mbantim-Bang
Mbanti
Mbao
Mbapé
Mbaram
Mbarang
Mbardi
Mbaré
Mbarembeng
Mbargué
Mbarka
Mbarma
Mbarrang
Mbartala
Mbasila
Mbassa
Mbasse
M'Bata
M'Bata
Mbati
Mbayan
Mbazoa
Mbébé
Mbede-Ngubu's
Mbédoumou
Mbéga
Mbékaa II
Mbékaa I
Mbek
Mbékoa
Mbékomo
Mbélalen
Mbélébina
Mbélékié
Mbélembeké
Mbélé
Mbélé
Mbélé
Mbella
Mbémang
Mbé
Mbé
Mbé
Mbemdem
Mbem
Mbemndjok
Mbenbou
Mbendzi
Mbénéga
Mbenga
Mbengang
Mbengbeng
Mbengé
Mbenge
Mbengi
Mbeng
Mbengo
Mbengué
Mbengueni
Mbengwi
Mbenjan
Mbenjou
Mben
Mbenmong
Mbénoa
Mbenola
Mbenyan
Mbera
Mbéré
Mbéré
Mbering
Mbésélébot
Mbési
Mbétè
Mbet II
Mbet
Mbeudoum
Mbéué
Mbeuga
Mbéwe
Mbéyingé
Mbguri
Mbiak
Mbiako
Mbialé
Mbia
Mbiambia
Mbiame
Mbiam
Mbiam
Mbiasséra
Mbiassoro
Mbi Dem
Mbi Djoro
Mbidou
Mbiélé
Mbiélémé
Mbifoui
Mbikiliki
Mbila
Mbile
Mbilemvom
Mbili
Mbilishi
Mbilntangan
Mbinang
Mbinda
Mbingéou
Mbing
Mbing Yelkas
Mbinjong
Mbinkas
Mbiofiong
Mbiofong
Mbip
Mbirel
Mbiret
Mbiribua
Mbiribwa
Mbissa
Mbissor
Mbitao
Mbitom
Mblishe
Mboa
Mboa
Mboa
Mboango
Mbobori
Mbodé
Mbodé
Mboébo
Mboendang
Mbogé
Mboghom
Mboglom
Mbogmut
Mbokambo
Mboké
Mboké
Mbokem
Mbok
Mbokola
Mboku
Mbola
Mbola
Mbol
Mboma
Mbomba
Mbombe
Mbombia
Mbo
Mbomboo
Mboméla
Mbome Ngwandang
Mbomenjok
Mbomeutaa
Mbomisum's
Mbom
Mbomouango
Mbondji
Mbondjo II
Mbondjo I
Mbondo
Mbondo
Mboné
Mbongé
Mbonge-Meteke II
Mbonge Meteke I
Mbong
Mbong
Mbong
Mbongo
Mbongo
Mboni
Mbonko
Mbonyo
Mbopé
Mborgéné
Mborguéné
Mbor
Mborokou
Mborossi
Mbosilyin
Mbosso
Mbotakoum
Mbotilgou
Mbot
Mbotondou
Mboua
Mboua
Mbouassoum
Mbouda
Mboué
Mboué
Mbouendoum
Mboufou
Mboui
Mboulaï
Mboulai
Mboula
Mboula
Mboule
Mbouli
Mbouli
Mbouma
Mboumas
Mboume
Mboum
Mboumo
Mbounézok
Mboun
Mboun
Mboun
Mbounou
Mbouraba
Mbouraf
Mboura
Mbouroukou
Mbousa
Mboussa
Mboussa Sengué
Mbout
Mboutou Dembo
Mboutou
Mbouzie
Mbové
Mboyé
Mbrhim
Mbridja
Mbriwa
Mbriwe
Mbrodon
Mbuk
Mbula
Mbula's
Mbule
Mbule
Mbulom
Mbu
Mbu
Mbun
M'bwal
Mbwat
Mbyali
Mdeimé
Meanja
Méba
Méba
Méba
Mébam
Mébana
Mébandé
Mébané
Mébangadzama
Mebanga
Mebang
Mebang
Mébang
Meban
Mébasa
Mébasa
Mébemenko
Mébem
Mebem
Mébémonko
Mébengadzama
Mebengadzomo
Mebessi
Méboé
Mébolé
Méboményié
Mébomézoa
Mébomo
Mébomo
Méboo
Mébosso
Meboto
Mébou
Médalmbom
Médégen
Médégwer
Medjamba
Medjambouni
Medjap
Medjémé
Médjime
Médji-Ossi
Medjo
Medjounou
Medju
Medjum
Medmiché
Médoumbou
Médoumé
Médoum
Medoum
Médoumou
Médoumou
Medum
Medzang
Medzek
Méfadé
Méfak
Méfanda
Mefet
Méfiep
Mefo
Méfomo
Méfou
Méfoup
Megami
Mégang
Megangmé
Mégobi
Méhandan
Meidougou
Meiganda
Meïganga
Méinari
Mejang
Mejila
Mejung
Mékaa
Mékaa
Mekak
Mékak
Mekala
Mekalaté
Mékaman
Mékamba
Meka
Mekamen
Mékamévom
Mékam
Mekan
Mékas
Mekedaku
Mekedembeng
Mékélek
Mékel Etam
Mékel
Meket
Mékimébodo
Mékin
Mékoa
Mékoassi
Mekoé
Mékok
Mekoli
Mekoma
Mékomba
Mékomengona
Mekomengon
Mekom
Mekom
Mékom
Mékomo
Mékomo
Mékomo-Ondossi
Mekone II
Mekone II
Mekone I
Mekoto
Mékoué
Mekouma
Mékoumbou
Mékoum
Mélam
Mélangé II
Mélangé I
Mélangé
Melangué
Mélan
Mélaté
Méléa
Méléki
Méléky
Mélémé
Mélem
Meléne
Mélen III
Mélen II
Melen
Melen
Mélen V
Mélik
Meli
Melim
Mélogo
Mélombo
Mélomébaé
Melo
Mélond
Mélondo
Mélondo
Mélong II
Melong
Melong
Méloumvi
Méloundou
Melounvoun
Membeng
Membine
Me
Mémel
Mémel
Meme
Mémé
Mémia
Mémiam
Memvaé
Memvin
Memvounga
Mendamen
Mendésé
Mendif
Mendimi-Oveng
Mendim
Mendiou
Mendjikom
Mendjimi II
Mendjimi I
Mendjimi
Mendjuo
Mendom
Mendong
Mendoumbé
Mendoume
Mendoum
Mendoum
Mendoungé
Meneu
Mengaa
Mengaé
Mengala
Mengalé
Mengama
Mengamé
Menga
Mengam
Mengana
Mengane
Mengang
Mengang
Menganguès
Mengan
Mengbala
Mengboua
Mengémé
Mengémé
Mengen Mbo
Menges
Mengoa
Mengom
Mengomo
Mengondé
Mengong
Mengong
Mengon
Mengor
Mengossa
Mengou
Mengoum
Menguémé
Mengue
Mengué
Menguendi
Ménim
Menka
Menka
Ménoak
Menvini
Menyeng Adzap
Menyoumékombo
Menziong
Meodjimi
Meoui
Mépouta
Méra
Méré
Merem
Méri
Mésadjiso
Mésak
Mésak
Mesambe
Mesame
Mesaména
Mesa
Mesamindongo
Mésam
Mésèle
Mésé
Mésila
Mesing
Mesok II
Mesok I
Mesok
Meso
Mésondo
Mésong
Messagué
Messaka
Messama III
Messama I
Messambé
Messaména
Messa
Messa
Messassa
Mességué
Messéké
Messembé
Messeng
Messibigui
Messi Messi
Messondo
Métadiam
Metak
Meta
Metchim
Metchypalé
Metek
Metémané
Meté
Métèp
Metet
Métet
Metiykpwale
Metoko Ma Bekondo
Metoko
Métomba
Meto
Métom
Métomo
Métondo
Metoré
Metta
Metzimévin
Metzinavine
Meuba
Meuban
Meukaa
Meukak
Meukong
Meulan
Meulok
Meusé
Meusok
Meutondok
Meuyos
Meuzion
Mévamébot
Mévaméboto
Méven
Mevo Mevo
Mevong
Mévous
Mewomé
Méwoulou
Mewout
Meyak
Meyané
Méyangoua
Meyan
Meydoum
Meyek
Méyémaya
Meyéré
Meyete
Meyiboto
Méyila
Méyila
Meyo Biboulou
Meyo-Centre
Meyo-Elie
Méyomadjom
Méyomakot
Meyo-Mengo
Méyomésala
Méyomési
Méyo
Meyo
Meyo-Nyaka
Méyos-Méla
Méyos
Méyos
Meyos
Meyos Obam
Meyosso
Méyos Yemvak
Méyous
Meys-Centre
Mézaa II
Mézaa I
Mézali
Meza
Mezang
Mezassa
Mezass
Mézésé
Mezong
Mfakwe
Mfandéna
Mfang
Mfékoundi
Mfe
Mfem
Mfendo-Doum
Mfida
Mfida
Mfohouon
Mfomakak
Mfomalène
Mfomo
Mfoua
Mfouladja
Mfoulokok
Mfou
Mfum
Mfuni
Mgbaga
Mialkougou
Miambo
Miangadjo
Miang
Mian
Miatta
Miba
Midan
Midéré
Miendé
Miéri
Migalat
Mijem's
Mijivin
Mikaï
Mikan
Mikeï
Mikila
Mikine Man
Mikino-Man
Mikouagé
Milam
Mildi
Milié
Mili
Milli
Milo
Milo
Mima
Mimbaminga
Mimbang
Mimbang
Mimbang
Mimban
Mimbebé
Mimbélé
Mimbi
Mimboman
Mimbo
Mimbomimbo
Mimbomimbo Souap
Mimfombo
Mimkang
Mimpala
Mimpfoundou
Mimpfundu
Minavaho
Minawao
Minbang
Minbang
Mindif
Mindimi
Mindjiwa
Mindjo
Mindombo
Mindong
Mindouga
Mindouma
Mindoung
Mindourou
Mindzié
Mindzomo
Mingama
Minganda
Mingbala
Mingek
Mingémé
Mingeumeu
Mingogol
Mingon
Miniam
Minifoumou
Minim
Minkama
Minkam I
Minka
Minkana
Minkané
Minkang II
Minkang I
Minkan II
Minkan I
Minkan-Mengalé
Minkan
Minkan
Minkoa Mimbang
Minkoa
Minkok
Minkolong
Minkomibé
Minkomilala
Minko
Minko
Minkom
Minkomo
Minkongmésang
Minkoo
Minkouma
Minkoumou
Minkoumou
Minkpwéle
Minkwamoveng
Minkwélé
Minlaa
Minlaba
Minlaba
Minlamizibi II
Minlamizibi
Minlop
Minomijok
Minsélé
Minsé
Minsoan
Minso II
Minso I
Minta
Mintima
Mintomiaka
Mintom II
Mintom I
Minto
Mintom
Mintom
Mintotomo
Mintoum
Mintsang
Mintyaminyoumin
Mintyéné
Minyamé
Minyin
Miogoi
Miogoye
Mipé
Miribié
Miskine
Mislippi
Missaje
Missaka
Missallele
Missallelle
Missélélé
Missellele
Missong
Mitchimi
Mitmikch
Mitondo
Mitounga
Miyépé Badangé
Mléboo
Mme-Bafumen
Mme
Moadjendi
Moadoum
Moamti
Moapak
Moassa's
Mobambo
Mobanbou
Mobange
Mobéso
Mobout
Moda
Modeka
Modele
Modélé
Modelle
Modé
Modjom Bodi
Modjongo
Mofako Bekondo
Mofako
Mofou
Moganjé
Mogodé
Mogogné
Mogom
Mogo
Mogonjé
Mogorfo
Mogozi
Mohoula
Mohoura
Mokadémi
Mokala
Mokga
Moki
Mokohon
Mokoko
Mokola
Mokol
Mokolo
Mokolo
Mokolo
Moko
Mokona
Mokonjo
Mokoouassi
Mokorvong
Mokorvon
Mokossé
Mokota
Mokouono
Mokoy
Mokunda
Mokundange
Molane
Molé
Moliko
Moliwe
Molkoa
Mol
Molobo
Moloko
Molombo
Molonga
Molongo
Molongo
Moloundou
Molundu
Mombal
Mombo Beach
Mombo Gare
Momboré
Momboué
Momboue Sanga
Mombouko
Momebelinga
Momébili
Momjépom
Mom
Mom
Mom-Nug's
Momo
Momzopya
Monabo
Monatélé II
Monatélé
Monay
Monbel
Monbianko
Monboré
Mondoni
Mondousa
Monéko
Monélam
Money
Mongobia
Mongo Manou
Mongombé
Mongossi
Mongoussi
Mongwossa
Moningombo
Monkong
Monnay
Monoka
Montané
Monyangi
Mopfou
Mopolo
Mopwo
Mora
Mordauk Foulbé
Morgoï
Mosgo
Moskota
Moso
Mosongeseli
Mosongisele
Mosso
Mossongo
Motcheboum
Motindi
Motombo
Mouadjandi
Mouangel
Mouangko
Mouanko
Moudal
Mouda
Moudangré
Moudia
Moudi
Moudolo
Moudougoua
Mouéna
Moufek
Moufwélé
Mougadé
Mougda
Mougé
Mougoulounga
Mougou
Mougué
Mougwou
Mouhengoue
Mouhour
Moukak
Moukala Tanda
Mouken
Moukjé
Mouko
Moukonyé
Moukouké
Moukoumé
Moukoy
Mouladok
Moulandji
Moulanga
Mouldal
Moulongo
Moulouang
Mouloum
Moulva
Moulvoudaï
Moulvouday
Moumba
Moumbel
Moumékeng
Moumou
Moumour
Mouna
Moundamé
Moundek
Moundia
Moundi
Moundja Moussadi
Moundoun Kao
Moungangué
Moungoulounga
Mounja
Mounké
Mounko
Mountagari
Mountangari
Mour-Fellatah
Mourgoum
Mouri I
Mouri
Mourla
Mour
Mouroum
Mousgoi
Mousgoum
Mousgou
Mousgoy
Moussafon
Moussa's
Moussoko
Moussougueï
Moutangari
Mouték
Moutimbelembé
Mouto
Moutouroua
Mouvouloua
Mouyouka II
Mouyouka I
Mouyouka
Mouzi
Mouzouma
Moviongo
Mowutu
Moya
Mozogo
Mpaka
Mpaki
Mpako
Mpandang
Mpand
Mpandzé
Mpané
Mpang
Mpan
Mparo
Mpémézok
Mpindé
Mpintimé
Mpobo
Mpolbé
Mpoldok
Mpondo
Mpoumdon
Mpoundou
Mpundu
Mséli
Mtseukar
Muakam
Muambong II
Muambong I
Muambong
Muankoo
Mubadji
Mubaji
Mubenge
Muea
Mueba
Mufako
Mufo
Múgode
Mukang
Mukango
Mukondange
Mukonje
Mukono
Mukonye
Mukoro
Mukuna
Mukuru
Mulanga
Mulongo
Mundabi
Mundame
Mundek
Mundemba
Mundenba
Mundongo
Mundum
Mungo
Mungo Ndor
Mungong
Munjanga
Munji
Munka
Múnke
Munken
Munkep
Munschi's
Munyange
Munyenge
Muri
Musgo
Musoko
Musome
Musone
Mussaka Village
Mussoko
Musugeu
Mutangari
Mutaso
Mutengene
Muydip
Muyuka
Mvaa
Mvabékone
Mvaézom
Mvamba
Mvamédjap Fong
Mvamédjap
Mvam
Mva
Mvanbison
Mvanda
Mvané
Mvanessi
Mvangane
Mvangan
Mvangué
Mvan
Mvassé
Mvé II
Mvé I
Mve
Mvé
Mveng
Mvengué
Mvengué
Mven
Mvesson
Mvet
Mvia
Mvié
Mvieng
Mviglimengalé
Mvila
Mvilé
Mvimi
Mvingé I
Mvingé
Mvionga
Mvolo
Mvolyé
Mvombo
Mvomdoumba
Mvomékaa
Mvomékak
Mvom
Mvomon
Mvong
Mvongo
Mvono
Mvoua
Mvoula
Mvou
Mvoundé
Mvounkeng
Mvoutési II
Mvoutési I
Mvoutessi
Mvoutoum
Mwakoumel
Mwa
Mwandong
Mwanyambé
Mwapak
Mweli
Mwe
Mwila
Mwine
Mwongo
Mwoutessi
Mwula
Myan II
Myan I
Myet
Mying
Mzereli
Naala
Naba
Nabémo
Naboubou
Naboun
Nachtigal Bekeke
Nachtigal
Nadji
Naga
Nagouaro
Nahanami
Nahayedé
Naheina's
Nah
Naïmain
Nake Bongwana
Nake II
Nakéré Abdo
Nakonbo
Nakong
Nalasi
Nalda
Namayeng
Namayong
Nambalo
Namba
Nambaya
Nambona
Nambora
Nana
Nana
Nana's
Nandéké Barki
Nandéké
Nandoungué
Nangabodoua
Nanga Eboko
Nangan
Nanga's
Nang-Ekak
Nangé
Nangésan
Nangmané
Nangwalé
Nanikalo
Nanso
Naodel
Napsa
Narende
Narendi
Nargoro
Nari
Narmada
Nasaky
Nasarao
Nasarao
Nassa Ouro
Nassarao
Nassarao
Nassarao
Nataye
Natdjari
Natsari
Natzaié
Natzaré
Nayeguissia
Nazerkékédé
Nbabewa
N'Baki
Nbamba
Nbananga
Nbanlam
Nbéélon
Nboabeng
Nboni
Nbouga
Nbounou
Nboutoum
Nchain
Nchang
Ncoumadjap
Ncumadyap
Ndaga
Ndagnan
Ndaka
Ndamagoromé
Ndambi
Ndameka
Ndamono
Ndananba
Ndandengé
Ndandouk
Ndanga Gandima
Ndanga
Ndanging I
Ndanging
Ndani
Ndanko
Ndanko Sopélé
Ndanse Afaga
Ndaumale
Ndayang
Ndédé II
Ndéga
Ndégo
Ndéina
Ndek
Ndélélé
Ndelé
Ndélé
Ndéllé
Ndéma
Ndemba II
Ndemba I
Ndemba
Ndemba
Ndembo
Ndem II
Ndem I
Ndemnam
Ndem
Ndéné
Ndengé
Ndeng-Mindim
Ndeng
Ndeng
Ndeng
Ndengué
Ndengué
Nden
Nden
Ndenngué
Ndéra
Ndereya
Ndiam Badi
Ndiam Baélou
Ndiam Etenan
Ndiam Etinam
Ndiam Ibbi
Ndiam Ibi
Ndiang
Ndian
Ndibesong
Ndibi
Ndibisong
Ndidiang
Ndifo
Ndigou
Ndiguina
Ndika
Ndikdoum
Ndikinemeki
Ndikiniméki
Ndik
Ndikoko
Ndikolo
Ndili
Ndimbo
Ndimi
Ndimuko
Ndingé
Nding
Ndingonbi
Ndiong
Ndiou
Ndiou
Ndipa
Ndipélé
Ndip
Ndiri
Ndi's
Ndissi
Nditam Ditam
Nditsi
Ndjabem
Ndjamé
Ndjamono
Ndja
Ndja
Ndjangané
Ndjang
Ndjantom
Ndjassi
Ndjélé
Ndjia
Ndjimekong
Ndjinda
Ndjok
Ndjok Nkong I
Ndjolé
Ndjombé
Ndjom Ésé
Ndjom
Ndjondge
Ndjondje
N'Djong Kong
Ndjonkong
Ndjop
Ndjoré
Ndjoué
Ndjoumbé
Ndjuijong
Ndoa
Ndobégingé I
Ndobégingé
Ndobéguéngue II
Ndobéguéngué
Ndobo
Ndobo
Ndodéhe
Ndog Bam
Ndogbenan
Ndog Bong
Ndoghèm-Poudrière
Ndog Mbiango
Ndog Mongo
Ndogobangué
Ndog Odjong
Ndogo Mongo
Ndogon
Ndogtounga
Ndoh Beach
Ndoh II
Ndoi Bakundu
Ndoi
Ndokak
Ndokalendé
Ndokama
Ndokaniak
Ndokati
Ndokayo
Ndokbaembi
Ndokbaemb
Ndokbaem
Ndokbakoumek
Ndokbangendeng
Ndokbangingi
Ndokbasabem
Ndokbasagog I
Ndokbélé
Ndokbelle
Ndokbian
Ndokbinan
Ndokbom II
Ndokbong
Ndokbou II
Ndokhok
Ndokiamen
Ndokmbalé
Ndokméka
Ndokmel
Ndokmen I
Ndokminokon II
Ndokminokon I
Ndoknak
Ndok
Ndok Ngong
Ndokniok
Ndoknyam
Ndokobamol Ndikdoum
Ndokobassaben
Ndokobek
Ndokobong
Ndokobou II
Ndokohoc
Ndokok
Ndokoko
Ndokomondo
Ndokomouen
Ndokong
Ndokon
Ndokononoro
Ndokoula
Ndokou
Ndokpenda
Ndokpo
Ndoktima
Ndoktol
Ndoktouna
Ndokula
Ndokyab
Ndolé
Ndol
Ndombam
Ndombeng
Ndombo
Ndom II
Ndom
Ndom
Ndomnjinge
Ndondaré
Ndo
Ndondono
Ndonga
Ndongbéli
Ndongdiboum
Ndongélang
Ndongliem
Ndonglien
Ndong
Ndongo
Ndongo
Ndongong I
Ndong Soumbou
Ndonko
Ndonkou
Ndonku
Ndoougué
Ndop
Ndor
Ndoto
Ndotoron
Ndoua
Ndoubé
Ndoubian
Ndoudjem
Ndoudjeng
Ndoudjen
Ndoughoula
Ndougla
Ndoukia
Ndoukla
Ndoukoula
Ndoukou
Ndoula
Ndoulou
Ndouma
Ndoumba
Ndoumbé
Ndoumbi
Ndoum Djandi
Ndouminbé
Ndoumkain
Ndoum
Ndoum
Ndounda
Ndou
Ndou
Ndoundou
Ndoungué
Ndoupé
Ndoup
Ndoup
Ndourou
Ndoutou
Ndoyo
Ndoyong
Ndresseu
Ndua
Ndudjen
N'Dui
Ndujem
Nduma
Ndumba
Ndumbi
Ndum
Ndu
Ndu
Ndunge
Ndun
Ndupe
Ndyondye
Ndzana
Ndzandouan
Ndziéfidi
Ndzi
Nebasso
Nefanté
Néfo
Néga
Négé
Néléfoup
Néléjoup
Nemayong
Némayong
Néméyong II
Néméyong I
Néméyong
Néméyong
Néminaka
Némounaka
Né
Nene
Néso
New Bell
New Bonako
New Butu
New Difenda
New Madie
New Town
Neyek
Nézam
Nfakwe
Nfoulakom
Ngabana
Ngabe
Ngabesam
Ngab
Ngada
Ngainemborou
Ngai
Ngakélé
Ngalando
Ngalane
Ngala
Ngala
Ngalan
Ngalan
Ngalbiwa
Ngale
Ngaleu
Ngali II
Ngali I
Ngali
Ngal
Ngamba II
Ngamba
Ngamba
Ngambé
Ngambé
Ngambé Nyangforo
Ngamé II
Ngamé I
Ngamé
Ngamé
Ngam
Ngam
Ngam
Nganatir
Nganawé
Nganbé II
Nganbé
Nganda II
Ngandamé
Ngandou
Ngangam
Nganga
Nganga
Ngang
Ngangout-Koufomloum
Nganha
Ngani
Nganjo Bolende
Nganjo
Nganju Bulende
Ngan
Ngan
Ngany
Ngao Bakala
Ngaoua
Ngaou Bémi
Ngaoundal
Ngaoundé
Ngaoundéré
Ngaoundéré
Ngaouyanga
Ngara
Ngardoukoum
Ngaréso
Ngarindembo
Ngarkawa
Ngaroua
Ngasa
Nga's
Ngassa
Ngassawé
Ngasset
Ngaté
Ngat II
Ngati
Ngat I
Ngat
Ngat
Ngato
Ngatsongo
Ngatto
Ngaundere
Ngazi
Ngbaba II
Ngbaba I
Ngbouasa
Ngboutou
Ngbwa
Ngbwassa
Ngéchéwé
Ngélébok
Ngeme
Ngem
Ngémo
Ngen
Ngentoum
Ngenye
Ngésé
Ngété
Ngeu's
Ngibasal
Ngilabo
Ngila
Ngilili I Djombi
Ngilili II
Ngilili I Mawéya
Nginda
Nginda
Nginégin
Nging
Ngissar
Ngnibango
Ngoakélé
Ngoakomba
Ngoambang
Ngoane
Ngoang
Ngoan
Ngoan
Ngoantet
Ngoantet
Ngoap
Ngoasé
Ngoas
Ngoatsabe
Ngoazik
Ngoazip I
Ngóbajang
Ngobayang
Ngobilo
Ngoboo
Ngodéni
Ngodi
Ngodoumou
Ngoébi
Ngoémétak
Ngog Wouté
Ngoïda
Ngoïla
Ngok Basong
Ngok-Bassong
Ngok Mapoubi
Ngoksa
Ngolambélé
Ngola
Ngola
Ngola
Ngolébomon
Ngolé
Ngolé
Ngol
Ngolo Metoko
Ngoma
Ngoma
Ngomban
Ngombas
Ngombawassé
Ngombé Akou
Ngombe Aku
Ngombé II
Ngombé I
Ngombé
Ngombi
Ngombo Aku
Ngomboku
Ngombombeng
Ngombo
Ngomébaé
Ngomedjap
Ngomedzap
Ngome's
Ngomessâne
Ngomma
Ngom
Ngomoïn
Ngomo
Ngomouin
Ngomuin
Ngomyop
Ngonabok
Ngona
Ngonbé
Ngonbo
Ngondé
Ngondo
Ngondo
Ngondouma
Ngonébemeu
Ngonébok
Ngone
Ngonga
Ngonga
Ngongiel
Ngong
Ngong
Ngongo
Ngongo
Ngongou
Ngon
Ngon
Ngonobok
Ngonovoa
Ngonovo
Ngontan
Ngonu
Ngonwa
Ngoo
Ngori
Ngori
Ngoro
Ngorro
Ngose
Ngosi
Ngoti
Ngotin
Ngoto
Ngouama
Ngouambang
Ngoubi
Ngoubisong
Ngoubou
Ngoudjieng
Ngoué
Ngouenjingoumbe
Ngougoumou
Ngoui
Ngoula Kanyol
Ngoula
Ngoula Nkoljonkol
Ngoula Totimpak
Ngoulémakong
Ngoulemakong
Ngoulémékong
Ngoulemekong
Ngoulen
Ngoulessaman
Ngoulmakong
Ngoulmékong
Ngoulmekong
Ngoulminanga
Ngoulminanga
Ngoulmokong
Ngouma
Ngoumati
Ngoum-Bandi
Ngoumbou
Ngoumé
Ngoumesseng
Ngoumi
Ngoum
Ngoum
Ngoum
Ngoumou
Ngoumou
Ngoum Petel
Ngouna
Ngounayos
Ngoundi
Ngoundou
Ngoundou
Ngoundoup
Ngoungal
Ngoungoum
Ngoungoum
Ngoungoumou II
Ngoungoumou I
Ngoungoumou
Ngoungoumou
Ngoungou
Ngoungouo
Ngoun
Ngouong
Ngouo
Ngoura
Ngoura
Ngouri
Ngouso
Ngoutiri
Ngout
Ngoutou
Ngoutou
Ngovayang
Ngoya II
Ngoya I
Ngoyang
Ngoy Baléma
Ngoy Djélidjé
Ngoyong
Ngréé
Nguambang
Nguandang
Nguéchéwé
Nguélébok
Nguélébo
Nguélémendouka
Nguen
N'Guenn
Nguermé Gana
Nguermé
Nguesek
Nguété
Nguibassal
Nguiemo
Nguilabo
Nguila
N'Guila
Nguinda
Nguiniouma
Ngula
Ngulemakong
Ngulemakong
N'Guma
Ngumi
Ngumu
Ngu
Ngunguo
Ngunu
Nguru
Ngussi
Nguti
Nguyimi
Ngwa
Ngwenge
Ngwengi
Niabilak
Niabitande
Niadaba
Niadou
Niagi
Niagoum
Niagoum Pétél
Niaioum-Mayo-Seni
Niakira
Niala
Niamanga II
Niamanga I
Niambala
Niambaran
Niamoumou
Niamtam
Niamvoudou
Niam Yami
Nianbaka
Niandjida
Niangaru
Nianjida
Nian
Niansom
Niaoua
Niasar
Niasé Soukol
Niata
Niatchotta
Niato
Niawa
Niayessé
Niayoum Mayo Seni
Niazongo
Niegto
Niel
Nie
Nietché
Niézam
Niga
Nigba
Nigé
Nigue
Nika
Niloukou
Nimdélou
Nimia
Nimika
Nindje
Ninga
Ningé
Ningtéli
Ninje
Ninong
Niodjekount
Niombo
Nio
Nioré
Nissirq
Nitcheu
Nitoukou
Nivé
Njabesan
Njabilobé
Njada
Njadoko
Njafob
Njagaré
Njamono
Njandong
Nja
Njassi
Njéfi
Njejelé
Njekom
Njeme
Njenama
Njéné
Njenge
Njen
Njibot
Njichom
Njikatnkie
Njimom
Njincha
Njindoun
Njingouo
Njinikom
Njinjo
Njinka
Njintom
Njnikom
Njognkong
Njoke
Njok
Njola
Njombé
Njombo
Njon Asi
Njongo
Njonje
Njotin
Njouki
Njouma Songo
Njoumbeng
Njuki
Njum
Nkadip
Nkaé
Nkaganzogou
Nkagnam
Nkai
Nkaka
Nkak Boum
Nkakombo
Nkamba
Nkambe
Nkam
Nkam
Nkâne
Nkangaak
Nkangasié
Nkang
Nkang
Nkanjok
Nka
Nkankombo
Nkan
Nkannyé
Nkaobang
Nkaoule
Nkapa
Nkarsé
Nkasomo
Nkawkaw
Nkemchi
Nkemechi
Nkendé
Nkiko
Nkil
Nkilnsam
Nkilzok II
Nkilzok I
Nkilzok
Nkilzok
Nkimeman
Nkingé
Nkito
Nkoabang
Nkoabé
Nkoabong
Nkoadjap
Nkoadoum
Nkoakom
Nkoakone
Nkoambang
Nkoambang
Nkoambé
Nkoandok
Nkoando
Nkoatom
Nkoaving
Nkoavos
Nkoayos
Nkobdombo
Nkobiba
Nkodasa
Nkoébé
Nkoékouk
Nkoélon
Nkoemvom
Nkoé
Nkoetyé
Nko-Etyé
Nkohakombo
Nkohyo
Nkokem
N'Kola Afamba
Nkolafamba
Nkolafendek
Nkolakay
Nkolakey
Nkolakié
Nkolakoa
Nkolakono II
Nkolakono I
Nkolamougou
Nkolang
Nkolasa
Nkolasi
Nkolasok
Nkolatom
Nkolato
Nkolavolo II
Nkolavolo I
Nkolayos
Nkolbana
Nkolbang
Nkolba
Nkolbebé
Nkolbek
Nkolbéwa III
Nkolbéwa II
Nkolbewa
Nkolbibak
Nkolbikogo
Nkolbikok
Nkolbison
Nkolbitché
Nkolbiyen
Nkolbogo III
Nkolbogo II
Nkolbogo I
Nkolbogo
Nkolbomo
Nkolbonda
Nkoldjama II
Nkoldja
Nkoldjobé
Nkolébaé
Nkolébang
Nkoléban
Nkolébasimbi
Nkolebassimbi
Nkolébengue
Nkolébityé
Nkolébom
Nkolébo
Nkolebon
Nkoleboous
Nkolébouma
Nkolebvoua
Nkolebwa
Nkolédam
Nkolédouma
Nkol-Efoulan
Nkolegok
Nkolégondo
Nkolekabéli
Nkolekon
Nkolékono
Nkolékotking
Nkolékoul
Nkolelang
Nkolélouga
Nkoléman
Nkolembembé
Nkolemboula
Nkolemomodo
Nkolemwong
Nkolenda
Nkolendom
Nkolénieng
Nkoléniong
Nkolé
Nkolényang
Nkolényeng
Nkolenyen
Nkolésas
Nkolesé
Nkolesong
Nkolesono
Nkolessé
Nkolessong
Nkolesson
Nkolététo
Nkolévodo
Nkoléyop
Nkolfem
Nkolfep
Nkolfiti
Nkolfong
Nkolfon
Nkolfoulou
Nkolgok
Nkolianga
Nkoliengue
Nkolinjenge
Nkolkosé
Nkolkossé
Nkolkougda
Nkolkoumou
Nkolkwa
Nkolmaka
Nkolmba
Nkolmbéné
Nkolmbomo
Nkolmbong
Nkolmébang
Nkolmébel
Nkolmedzap
Nkolméfon
Nkolméfou II
Nkolméfou I
Nkolmeka
Nkolméké
Nkolmékok
Nkolmékok
Nkolmékouma
Nkolmelen
Nkolmélok
Nkolmenyingé
Nkolmesing I
Nkolmésing
Nkolmesi
Nkolmétet
Nkolmétolo
Nkolméva
Nkolmévout
Nkolmewout
Nkolméyanga
Nkolmeyang
Nkolmeyang
Nkolmeyo
Nkolméyos I
Nkolméyos
Nkolmgbana
Nkolmindim
Nkolmvak
Nkolmvanzé
Nkolmveng
Nkolmvolan
Nkolmvon
Nkolnda
Nkolndobo
Nkolndzomo
Nkolngal
Nkolngélé
Nkolngem
Nkolnget
Nkolngi
Nkolngoé
Nkolngok III
Nkolngok
Nkolnking
Nkol
Nkol
Nkolnlong III
Nkolnlong II
Nkolnlong I
Nkolnsala
Nkolnsam
Nkolnso
Nkolntsa
Nkolnyada
Nkolnyama
Nkolnyingé
Nkolobang II
Nkolobang I
Nkolobodou
Nkoloboudou
Nkoloboutou
Nkolokédé
Nkolombondé
Nkolombo
Nkolondogo
Nkolondom
Nkolong
Nkolonieng
Nkolo
Nkolo
Nkolonyé
Nkolosanga
Nkolotoutou
Nkoloumba
Nkoloungé
Nkoloungué
Nkolovan
Nkoloving
Nkolovom
Nkolowon
Nkolpoblo
Nkolsélé
Nkolsing
Nkoltai
Nkoltombo
Nkoltomo II
Nkoltomo I
Nkoltsit
Nkolvé
Nkolya
Nkolyégé
Nkolyem
Nkolyop
Nkolyoup
Nkolzoa
Nkolzomo
Nkomakak
Nkomassi
Nkombasi
Nkombibam
Nkomekou
Nko Melen
Nkomenan
Nkomendong
Nkomesébé
Nkomessamba
Nkomessé
Nkométou II
Nkométou I
Nkomeye
Nkoméyo
Nkomeyos
Nkom II
Nkomindong
Nkom I
Nkomintom
Nkom
Nkomo
Nkomo
Nkomou
Nkondjok
Nkondjom
Nkondom
Nkondong
Nkondong
Nkondongo
Nkondop
Nkondougou I
Nkondouké
Nkondzou
Nkongabok II
Nkongabok I
Nkongabok
Nkonga II
Nkonga
Nkongbass
Nkongbibega
Nkong Bingela
Nkong Bone
Nkong bong
Nkongdougou
Nkong-Dougou
Nkongi
Nkongmakak
Nkongmalan
Nkongmédjap
Nkongmedzap
Nkongmelen
Nkongmesa
Nkongmeyos
Nkong-Milong
Nkongminom
Nkongnen II
Nkongnen I
Nkongnen
Nkongngok
Nkong Njok
Nkong
Nkong
Nkong
Nkongnsam
Nkongoa
Nkongou
Nkong Pina
Nkongsamba
Nkongsomba
Nkongsoung
Nkongtok
Nkongzok I
Nkongzok
Nkonjok
Nko
Nko
Nkono-Mékak
Nkono
Nkono
Nkontangan
Nkontounda
Nkonzu
Nkooemvong
Nkoolong
Nkosim
Nkossé
Nkossim
Nkotabel
Nkoteng
Nkotnkong
Nkotoveng
Nkouabayé
Nkouak
Nkouambo
Nkouamendjing
Nkoua
Nkoua
Nkouemvom
Nkouenwang
Nkoukoué
Nkoulazé
Nkoulngoui
Nkoul
Nkoulokay
Nkouloum
Nkoulou
Nkoumadjap III
Nkoumadjap II
Nkoumadjap I
Nkoumadjap
Nkoumadzap
Nkoumékéké
Nkoum
Nkoumoutou
Nkoun Adjap
Nkoundé
Nkoungoué
Nkoungoulou
Nkounkout
Nkoutou
Nkovos
Nkozoa
Nkpwaébaé
Nkuko
Nkumayop
Nkuru
Nkwakwan
Nkwambo
Nkwangsi
Nlane
Nlang
Nlan
Nlanyop
Nloayong
Nlobésé
Nlobolé
Nloé
Nlog
Nlolak
Nlomoto
Nlongbon
Nlongkeng
Nlongménanga
Nlong
Nlongonambélé
Nlongonembéla
Nlongo
Nlongzok
Nlonkou
Nlono
Nloudou
Nloufessa
Nloup
Nloupossa
Nna-Doungué
Noama
Noara
Nobkobassaben
Nogram
Nola Mbeten
Nola
Nol
Nomajos
Nomayos
Nome
Nong-Ekak
Nono
Nooudjem
Nouara
Noubou
Nouda
Noulda
Nouldayna
Noultourgaye
Nouma
Noumbakoé
Noumsé
Noya
Npombo
Npouang
Nsaké
Nsakoua
Nsamba
Nsanakang
Nsana
Nsanaragati
Nsanarati
Nsangbwang
Nsankang
Nsan
Nsapak
Nsassoum
Nsazomo
Nschi
Nsébé
Nsébito
Nséke
Nsélang
Nsem
Nsenglong
Nsengou
Nséosou
Nsepé
Nser
Nsesougou
Nsézeng
Nsimalen
Nsimékélé
Nsimékéllé
Nsimi
Nsimi
Nsinla
Nsob
Nsog's
Nsola
Nsomessok
Nsong
Nsop
Nsouké
Nsuke
Nsungli
Ntabako
Ntale
Ntamele
Ntamelle
Ntam
Ntanbe
Ntang
Ntébézok
Ntemele
Ntem
Ntem
Ntenkissu
Ntibonkwé
Ntimbé
Ntola
Ntollok
Ntol
Ntolok
Ntoné
Ntonga
Ntongé
Ntong
Nton
Nto
Ntouda
Ntouesong
Ntouesong V
Ntouiesong
Ntouling
Ntoumba
Ntoumou
Ntoumzok
Ntoung
Ntoun
Ntsaékang
Ntsama
Ntsan
Ntui
Ntumbaw
Ntwi
Nvor
Nyabang
Nyabesam
Nyabéssan
Nyabéwa
Nyabibété
Nyabilong
Nyabi
Nyabissou
Nyabizou
Nyajua
Nyakélé
Nyale
Nyambaka
Nyambam
Nyambat
Nyambay
Nya Mben
Nya Mbong
Nyamboya
Nyaminyami
Nyamkimbi
Nyamongo
Nyamsambo
Nyamsa
Nyamsong
Nyamtam
Nyamtani
Nyamtimbi
Nyamvindé
Nyandong
Nyangadou
Nyanga
Nyangbasa
Nyange
Nyang
Nyang
Nyangong
Nyan
Nyan
Nyanon
Nyantoum
Nyaourédou
Nyasi
Nyasoso
Nyassi
Nyassosso
Nyazanga
Nyéélé
Nyéméyong
Nyemeyong
Nyem
Nyenda
Nyengé
Nyenge
Nyengué
Nyep
Nyimbé
Nyoke
Nyokon I
Nyola
Nyomayré
Nyombé
Nyom II
Nyom I
Nyomo
Nyonge
Nyonye
Nyos-Acha
Nyos
Nyoudem
Nyoungou
Nyouya
Nzakié
Nzakonn
Nzam
Nza
Nzinbélé
Nzinbé
Nzinfon
Nzingoué
Nzinké
Nzoé
Oala
Obak
Obala
Obang II
Obang I
Obang
Oban
Obélé
Obem
Ober-Furu
Obis
Oboa
Obofianga
Obok
Obokoé
Obom
Obom
Obonye
Oboul
Obout
Odango
Oding
Odon
Odoudouma
Odza II
Odza I
Odza
Ofam
Ofoumou Nselek I
Ofoumselek
Oglo
Ogoran
Ogurang
Oguran
Oh
Oindjara
Okala
Okala
Oka
Okarobélé
Okassang
Okoa
Okobo
Okodé
Okok
Okokong
Okola
Okola
Okolo
Okong
Okong
Okorobi
Okoualane
Okoukouda
Okoyen
Okpwang
Okpweng
Okulikang
Oku
Okurikang
Okuri
Olama
Olamindoué
Olamzé
Olang
Old Ifanga
Olela
Olembé
Olembé
Olem
Olengina
Oloa
Olom
Olounou
Olullu
Olulo
Oman II
Oman I
Ombamo
Ombe
Ombe Rein
Ombésa
Ombessa
Omeng
Omgbangdouma
Omgbang
Omié
Omindé
Oming
Omok
Omvan
Onana Besa
Onana Bessa
Onana Mbesa
Onangona
Ondek
Ondogadjab
Ondogadjap
Ondokoa
Ondondo II
Ondondo I
Ondondo
Ondoné
Ondoundou
Ongandi
Ongané
Ongat
Ongbwang
Ongol
Ongolzok
Ongongo
Ongot
Ongoua
Oniangé
Oniangue
Onjod
Onon
Onyié
Onyod
Orogadji
Osatu
Osébé
Oshie
Oshum
Osimb II
Osimb I
Osoé Békada
Osoébemva
Osoé Bikobo
Osoéfémé
Osoe Mékéning
Osoésam
Osokoé
Osombé
Osom
Osonkia
Ossandé
Ossato
Ossele
Osselle
Ossing
Ossoé-Bikobo
Ossoéssam
Ossombe
Otélé
Otellé
Otéré
Otétek
Otibili
Otibil
Otile
Otoangan
Otong Mbong
Ototomo
Otoué
Otou
Otou
Ottélé
Ottotomo
Ottotom
Ottotumo
Otué
Otu
Ouadak
Ouadjé Touna
Ouadjiri
Ouafango
Oua Fango
Ouainérou
Ouak
Oualahoul
Ouamago
Ouama
Ouami
Ouanbaré
Ouandaï
Ouandei
Ouanden
Ouandjilé
Ouangara
Ouan
Ouanten
Ouantonou
Ouantounou
Ouaramari
Ouarkla
Ouarkla Ouraré
Ouarla
Ouassa Babouté
Ouassa Bamvélé
Ouassandé
Ouassa
Ouassin
Ouaza-Garou
Ouazan
Oubao
Oudahaï
Ouda Haman
Oudah
Oudal
Ouda
Oudayay
Oudouk
Oudoum Yaré
Oudoum Zaray
Oudoum Zareï
Oudou
Ouedi
Oueilonaga
Ouenden
Oué
Ouéya
Ougayo
Ouingok
Ouirdiho
Ouji
Oulad
Oulan Sao
Oulargo
Oulemendamba
Oulibiam
Oulidik
Oulikomp
Ouli
Oulkiokalé
Oulki
Oulky
Oulomnogmé
Oulouf
Oulous
Oumar Abied
Oumoumsi
Oumré
Ounangaré
Oundi-Mekui's
Oupay
Oura Baba
Ourlang
Ouro Aladji
Ouro Alinbagou
Ouro Allao
Ouro Ardo-Ban
Ouro Ardo Rey
Ouro Ardoya ya
Ouro Badalil
Ouro Badjouma
Ouro Ba
Ouro Bayoua
Ouro Be
Ouro Biridji
Ouro Bobo
Ouro Bodal
Ouro Boki
Ouro Boki
Ouro Boro
Ouro Bouhong
Ouro-Boumodge
Ouro Bounné
Ourochagama
Ouro Dalam
Ouro Dala
Ouro Dangar
Ouro Djabi
Ouro Djidjoua
Ouro Djidjoura
Ouro Djiméta
Ouro Doundéï
Ouro Dya
Ouro Gabdo
Ouro Gadji
Ouro Gadoudji
Ouro Galdima
Ourogarga
Ouro Gertodé
Ouro Gertogal
Ouro Goni
Ouro Guertodé
Ouro Guertogal
Ouro Hamahadama
Ouro Haoussas
Ourokali
Ouro Kaoukana
Ouro Kassida
Ouro Katchalla
Ouro Kereng
Ouro Kobé
Ouro Labaré
Ouro Laïndé
Ouro Laouane
Ouro Leindé
Ouro Loppe
Ouro Loumko
Ouromaïré
Ouro Mal Ahdama
Ouro-Mali
Ouro Malloum
Ouro Malmadou
Ouro Maloum
Ouro Malou
Ouro Mana
Ouro Mansout
Ouro Marday
Ouromayo
Ouro Mayo
Ouro Mayo Ria
Ouro Mbabi
Ouro Mbouka
Ouro Modibo
Ouro Mordoy
Ouro Naoudé
Ouro Ousmanou
Ouro Paï
Ouro Pay
Ouro Posso
Ouro Rabé
Ouro Saidou
Ouro Sanguenaret
Ourosoudé
Ouro Tchéké
Ouro Tera
Ouroumayo
Ouroum
Ouroundéfango
Ouroungouimé
Ouroungoulmo
Ouro Viendou
Ouro Zangui
Ousada
Ouse
Oussanda
Oussandé
Oussounou
Outia
Ouva
Ouza
Ovang I
Ovangoul
Ovangou
Oveng
Oveng
Oving
Ovong
Owe
Owe Yoke
Oyak I
Oyak
Oyama
Oyem
Oyop
Ozoa
Ozom III
Ozom Nkolafémé
Ozom
Pabela
Padan
Padelévi
Padermi
Padmangaï
Pagulan's
Paha
Paka
Paki
Paksal
Palabongo
Palafanol
Palaré
Paliré
Palva
Pama
Pampa
Pana I
Panaï
Panaka
Pana
Panay
Panda
Pandé
Pandzo
Pango
Pani
Pan Makak
Pansama
Pansé
Panzama
Paoli
Papada
Papata
Parawoi
Parawoy
Parda
Parkin
Parné
Parni
Paro Baya
Paro
Pasa
Pasourou
Passa
Passy
Patakou
Patakú
Pataoual
Patare
Paté Boldou
Patégoulé
Paté
Patèrè
Patér
Paya
Pelbou
Pembé
Pem-Jei's
Pénanhouat
Penda Mboko
Pendiki
Pendjok
Peng
Penja
Penti
Péoriwo
Pépo
Pesikombe
Pes Liban
Pes Lipan
Pete
Pété
Petit Batanga
Petit Douala
Petit Pol
Pézam
Pezer
Piloa
Pindeling
Pinelvi
Pintchoumba
Pinyin
Pipa
Piti
Pitoa I
Pitoa
Pitowa
Pitti
Plaon
Plao
Plomba Mangua
Poala-Nhia
Poala
Poempoum
Poka
Poka
Pokar
Pokélé
Pokia
Pokogétem
Pokoro
Pokor
Pokotchi
Polbomi
Poli
Poli Wango
Pologozom
Polo II
Polo I
Polo
Pomla-Manga
Pomla
Pomla
Ponck
Pondimoun
Ponek
Pongo Piti
Pongo
Pongo-Songo
Pongsolo
Ponila
Popologozom
Port Isongo
Posa Hopi
Post
Pouchant
Pouksa
Poulatari
Poulko
Poullo
Pouma
Poumpoum
Poungo Soungo
Pouomi
Pou
Poupouma
Pourhana
Pouri
Pourri
Pous
Poussé
Pouss
Poutchourou
Poutiki
Poutkak
Pouyanga
Pri
Pundu
Pungo
Pungo Sango
Pungo Sungo
Púri
Puss
Raliséna
Ramunka
Regnmala
Reï-Bouba
Rei Buba
Rei
Rep-Béka
Rep
Rey Bouba
Rey Manga
Reyna
Rhalaoua
Rhaliséna
Rhalissena
Rharaf
Rhumsi
Riao
Ribang
Ribao
Ribao
Ridoua
Riga
Ringé
Ringo
Rio-del-Rey
Rionong
Rnana
Rocca
Rohaya
Rompo
Rom
Rô
Rouane
Roua
Roubé
Roufirdé
Roufta
Roufto
Rouka
Roumededjabo
Roumgoji
Roum
Roumséki
Roumsiki
Roumsi
Roumzou
Rouneldé
Roupou
Rouroundé
Rtaoua
Rumde-Bíla
Rumde Makang
Rwa
Saa
Saa
Saba
Sabes
Sabga
Sabla
Sabongari
Sabongari
Saboura
Sachi
Sadigo
Sadi
Sadjé
Sadoka
Sadoniako
Sadsa
Saëoa
Safaï
Safa
Safr
Sagé
Sagmé
Sagna
Sago
Sahé
Sahlé
Sahongssi
Sakbayémé
Sak Dielé
Sakhjé
Sakimbanda
Sakimbonda
Sakjé
Sakkin
Sakot
Sakoudé
Salabiré
Salaka
Salaki
Salakounou
Salak
Salamé
Salangué
Sala
Saléri
Sali Sanou
Sallé
Salmoa
Saltaka
Samaboua
Samabouéa
Samaki
Samari
Samba III
Samba II
Samba
Sambolabbo
Sambolabo
Sambolab
Sambori
Samo
Sanba
Sandaé
Sandawadjiri
Sandé
Sandje
Sandji II
Sandji I
Sandji
Sandza
Sangalé
Sanga
Sanga
Sangaya
Sangbé
Sangéla
Sangha
Sangmélima
Sangmelina
Sanguali
Sanguéré
Sangwa
Sanje
Santa
Santchou
Sanzane
Saogour
Sao
Saotsay
Saoudjo
Saouringhoua
Sarambi
Sarasara
Sarassara
Sarayan
Sarbalé
Sarbo-Manga
Saré
Saré
Sari Doumédé
Sari Manga
Sari
Sarki Haï
Sarki Mata
Sarki Mbaka
Sarki Noma
Sarki
Sarman
Sa
Sasa
Sasse
Sassé
Sataï
Saubang
Sava
Sawe
Saxenhof
Schaoué
Scháui
Schéde
Schi
Scho
Schoua
Schoumou
Schúa
Schúmu
Scierie
Séaoua
Sébi
Séboré
Sedek
Sedik
Sédou
Segagé
Ségagué
Ségélé
Séglendom
Séguélo
Séhéba
Sekám
Sekan
Sékaré
Séko
Seksekba
Selang
Selba
Sélé
Sélou
Sembé II
Sembé
Séméké
Sémina
Sengbé
Seng
Seng
Sep II
Sep I
Sérakouti
Sera Loumda
Seraoua
Séra
Sérawarda
Seríki-Bárka's
Seri
Serki Baka
Séro Abou
Séro
Shede
Sibékon
Sibita
Sidiki
Sidim
Siendjébot
Sifna
Sigal
Sigari
Sikam
Siko
Simbane
Simben
Simbok
Siméyong
Sim
Sims
Sina
Sinassi
Sindongi
Sindongui
Singba
Singoum
Sing
Singuéndiang
Sini
Sinngoum
Sio
Sioutou
Sipoué
Sirac
Sira Konti
Sirak
Siroma Moussa
Sir
Siti
Sker
Small Ekombe
Small Kombo
Small Massaka
Small Moundu
Small Ngwandi
Small Sofo
Small Sopo
Soanc
Soang
Soa
Sobia
Sobibango
Sobolo
Soborba
So Dibanga
Sodiko
So-Djay
Soei
Sogntoumé
Sogolo
Sogol
Sohanna
So Hianga
Sohok
Sokamalam
Sokandé
Sokélé
Sokellé
Sokorta Manga
Sokorta Petel
Sokót
Sokounga
Sok
Sokulang
Sokwa
Solé
Solé
Soléyé
So Lopa
Somalomo
Sombo
Somo
Somou
Sona
Sondo
Sone
Song Andzanga
Song Bayang
Songbengué
Song Bitomb
Songbong
Songdeng
Songeoua
Songeua
Song-Jei's
Songkolong
Song-Lepem
Songlipem
Songlong
Songmahi
Songmbengé
Songmimbias
Songmpek
Songndeng
Song Ndong
Songndong
Song Ngos
Song Nlend
Songolong
Song Onana
Songoura
Song Poa
Song-Sag
Songwi
Song Woang
Song Yogo
Song Yoyo
Sonkote
Sonkot
Sonkoué
Sôn
Soon
Soppo
Sora Boum
Sora Mboum
Sora Mbum
Sora
Sorawel
Sorombéo
Sosimi
So
So
So
Sosso
Sota
Soté
Sotobouton
Souana
Souda
Soudjoume
Soudour
Souéba
Souellaba
Soué
Soueye
Sougntoumé
Souki
Soukki
Soukot
Soukoula
Soukounga
Soukoungo Abdoua
Soukoungo Mandarao
Soukounkaya
Soukrou
Soulabod
Soulabot
Soulédé
Soulemang
Soulé
Soumaki
Soumbou
Soumi
Soumoré
Soumou
Soundjouk
Soundop
Sourgié
Sourguié
Souroko
Sourouma Bétaré
Sourou
Sou
Souza Gare
Sovrou
Sowe
Spo
Sraki
Sséke's
Ssora-Mboum
Ssóra-Mbum
Ssulabod's
Ssúlabod
Subum
Sukonja
Sulabot
Sulemajon
Sulfa
Súru
Suru
Su
Syadi
Syo Syo
Sy
Taala
Tabara
Tabéné
Tabessob
Taboua
Taboum
Taboun
Tabua
Taching
Tadu
Tagawa
Tagndok
Tagoua
Tagoudélé
Takamanda
Takomari
Tako
Takoulououebe
Takoulouwébé
Takoura
Takwe
Talaa
Taladabara
Talak
Tala Malabrahim
Talangaje
Talanganye
Talangayi
Talanjé
Tala
Tala
Tala
Tala Zoulgo
Taldam
Tali
Talkomari
Tamaï
Tama
Tamben
Tamdjali
Tamé
Tamjali
Tamtana
Tamtang
Tané
Tanga
Tangui
Tankirou
Taoum
Taparé
Taparé
Taparé
Taparé
Tape
Tapouzi
Taraba
Tarnbaga
Taroua
Tar
Tatoul
Tatou
Tawi's
Tawi
Tawo
Tchabal
Tchabal
Tchabaol
Tchabouté
Tchada
Tchagnaré
Tchamaé
Tchamba
Tchamli
Tchampé
Tchang
Tchangué
Tchaouri
Tchapoma
Tchaskirou
Tchatibali
Tchèboa
Tchédé
Tchékané
Tchékos
Tchenchanga
Tchenguen
Tchéré
Tche
Tchévi
Tchikali
Tchinté
Tchirdo
Tchi
Tchiti
Tchokmon
Tcholéré
Tcholiré
Tcholliré
Tchoodé
Tchor
Tchoukfou
Tchouki
Tchoukouli
Tchoumsouk
Tchoumzouk
Tchouvouk
Tedji
Tégi
Teipe
Tékel
Tekmo II
Tekmo
Tékomo
Telbe
Téléki
Télé Oussi
Tello
Tembang
Tembé Bordeaux
Tembé Nkol
Tembé
Témo
Tendé
Ténékou
Ténéri
Teng II
Teng I
Teng
Tenkori
Tépé
Téré
Tero
Tésang
Tésang
Tété
Teuban
Tezoukpé
Tham
Tho
Three Corners Bekondo
Tian
Tibati
Tiben
Tiembé
Tiendao
Tieng
Tifel
Tiga
Tignère
Tigoum
Tigoun
Tihellé
Tikaré
Tikelké
Tiké
Tikila
Tikin's
Tikondi I
Tikondi
Tikondou
Tikong
Tiko
Tiko
Tilam
Tilbi
Tildé Goulfey
Tildé Logone
Timalom
Tima
Timbi
Timbo
Timpil
Timté
Tinaso
Tindiawé
Tindi
Tingeré
Tinglé
Tingori
Ting
Ting
Tinguéré
Tinta
Tinto
Tiofoun
Tipane's
Tira
Tirga
Titima
Tobagn
Toh
Tokolonwa
Tokombéré
Tokormain
Toko
Tole Tea Estate
Tole Tea Garden
Tole
Toloum
Tomba II
Tomba I
Tombel
Tombi
Tombo
Tomei
Tomel
Tom
Tom
Tondefom
Tondé
Tondiré
Tonga's
Tonga
Tonga
Tongo Gandima
Tongo
Tongo
Tongo
Tongo
Tonkla
Top
Torgi
Torok
Tororo
Toro
Torrok
To
Touala
Touboro
Toudka
Toué
Touki II
Touki
Toukouroua
Toukou
Touksou
Toukté
Touloum
Toulous
Toumbang
Toumbé
Toumbide
Toumbi
Tounga
Toungo
Toungrélo
Tounjok
Tounkoumbé
Tourmé
Tourngol
Tourningal
Tourningol
Touroua
Touroulinga
Tourou
Tousoukoué
Tra
Tréboulo
Tsada
Tsadsa
Tsang
Tsapka
Tschamba
Tschamba
Tschatibali
Tscheboa
Tscholere
Tsébé
Tsedek
Tsedok
Tsek
Tsenkéleng
Tsiguilaou
Tsiti
Tsizok
Tsoka
Tsorké
Tso
Tudji
Tugi
Tukorua
Tukurua
Tulum
Tulus
Tumbingel
Tumbu
Tuml
Tunga
Tungie
Turua
Tyango
Tyassono
Ubao
Uben Ikang
Udum-Jarei
Uibiwa
Ukono
Uro Mali
Usulabot
Vafia-Likoki
Vafia
Vaimba
Vango Boéli
Van
Vapinda
Vareye
Vasi
Vassi
Vata
Vavenga
Vayedou
Vaza
Vegbé
Vela
Vélé
Vémé
Vengele
Verfao
Ve
Viali
Vian
Victoria
Vidi
Vieux-Délélé
Village Molongo
Vindé Gaouar
Vindé Gawar
Vinde Gidjiba
Vindé Zamay
Vité
Vogjoun
Voko
Vongna
Voua III
Voua II
Vouri
Vourmoutch
Vournie
Vouzad
Vouzouk
Vuchaba
Wachamou
Wada
Wadjéré
Wadjiri-Hamoa
Wadjiri
Wafango
Wafka
Wagamdou
Wagba
Waimba
Wakaso
Wakiri
Wak
Wakwa
Wala
Wala
Waléol Siwo
Wali
Wall
Wama
Wamgo-Kari
Wamgo-Oglo
Wami
Wam
Wandaï
Wanday
Wandeï
Wanden
Wangaï
Wangay
Wantamo
Wanté
Wantonou
Waouli
Wapango
Wara
Warguissa
Warou
Wasandé Mama
Wasé
Watchama
Waté
Wathem
Waza Garou
Waza Lareski
Waza
Wébako
Weimba
Weke
Weme
Wengele
Wentcheng
Wéso
West Atabong
We
Widekum
Wilda
Wina
Woarème
Woa
Woda
Wofka
Wogena
Woguena
Wokwae
Wolabe
Womékoa
Womi
Womkoa
Wom
Wonakanda
Wongué
Wongui
Wouangar
Wouda
Wouim
Woulki
Woumbou
Wourgni
Woutchaba
Woutchabe
Woutschaba
Wuda
Wudum-Yarei
Wulk
Wum
Wutschaba
Wututu
Yabasi
Yabassi
Yabazi
Yabéa
Yabiko
Yabi
Yadibo II
Yadibo I
Yafounou
Yagona
Yagoua
Yagoué
Yagua
Yakanda
Yakang
Yakan
Yaké
Yakouan
Yalongo
Yalou
Yambasa
Yambassa
Yamba
Yambeng
Yambéré
Yambéta
Yambong
Yambora
Yameï
Yamikoki
Yamisang I
Yamissang I.
Yamissang
Yamsan III
Yamtoka
Yam
Yanben
Yanda I
Yanda
Yandia
Yandom
Yandoungou
Yangaï
Yangamo
Yanga
Yanga
Yangba
Yangben
Yangkonsog
Yangui
Yang
Yankouzok
Yankuzok
Yanpong
Yaoundé
Yapéré
Yapinda
Yarbang
Yarimbang
Yarnambo
Yaro
Yaro
Yasika
Yassa
Yassem
Yassem
Yassouka
Yatounou
Yatou
Yato
Yatu
Yavi
Yawalé
Yazoulari
Yebale
Yébékolo
Yébel
Yebé
Yébi
Yégéasi
Yégé
Yelba
Yélé
Yélé
Yélé
Yellé
Yémékout
Yémésoa
Yémésoum
Yéméyéma II
Yémé
Yéméyémé
Yem
Yendé
Yénési
Yéné Yéné
Yenga Doucement
Yenga Port Gentil
Yenga Sans Famille
Yenga Tengé
Yen
Yéoarré
Yessom
Yett
Yet
Yeumeuyeuma
Yick
Yiho
Yik
Yimbéré
Yingi II
Yingi
Yingui
Yngui I
Yngui
Yoa
Yobo
Yogor
Yokadouma
Yokassala
Yoke
Yoke Yokon
Yoko Bétougou
Yoko Bétugu
Yokodé
Yokosiré
Yokotoundou
Yoko
Yoko
Yola Bodéoua
Yola
Yoldéo
Yoldé Tchoukkol
Yoli
Yondeng
Yop
Yori
Yorni
Yorro
Yos
Youggout
Youi
Youkadouma
Youkoutt
Youkout
Youndoum
Youtt
Ypono
Yundi
Zagaba
Zagadarba
Zagam
Zagara
Zakalang Laddé
Zakan
Zakbayeme
Zakkan
Zalat
Zala
Zalingang
Zalom
Zalom
Zalouaya
Zamaï
Zamakoé
Zamana
Zaman
Zamay
Zama
Zameï
Zaminkan
Zamyat
Zanye
Zaorbia
Zapéali
Zatoumsi
Zeïla
Zelé
Zembé
Zémélé
Zendé
Zendé
Zengbé
Zengoaga
Zennela
Zé
Zézendélé
Zhoaw
Zibou
Zidim
Zied
Zigileu
Ziguagué
Zigué
Zili
Zina
Zingoué
Zingui
Ziver
Zoabéfam
Zoadiba
Zoalouma
Zoankom
Zoasel I
Zoasi
Zoatélé
Zoatoupsi
Zoa
Zoa
Zoébéfamé
Zoébéfam
Zoétélé
Zogéla
Zogobé Fam
Zokadiba
Zok-Assembang
Zokboulabon
Zoklingang
Zokogo
Zok
Zomo
Zongouya
Zongoya
Zopo
Zorombiom
Zorro Foro
Zouameyong
Zouatou
Zoueye
Zoulabod
Zoulabot III
Zoulabot II
Zoulabot
Zoulabot
Zoulabout
Zoulaméyong
Zoula
Zoulla
Zoulou
Zoumbouda
Zouméyo
Zouvoul
Zouzoui
Zuime
Zumpere
