Å
Aa
Aabenraa
Aabjærg
Aabjerg
Aabo
Aabøl
Aaby
Aaby
Aabybro
Aabyhöj
Aabyskov
Aadal
Aaderup
Aagaard
Aageby
Aagerup
Aagerup
Aa Höjrup
Aakær
Aakirkeby
Aakjær
Aalbæk
Aalbæk
Aalbæk
Aalborg
Aale
Aale
Aalebæk
Aalebæk
Aalebæk Huse
Aaleskov
Aalestrup
Aalkær
Aalling
Aalökke
Aaløse
Aalsbo
Aalsgaard
Aalsgaarde
Aalsö
Aalsrode
Aalstrup
Aalstrup
Aalum
Aalykke
Aanum
Aarbjærg
Aarbjerg
Aarby
Aarestrup
Aarestrup
Aargab
Aarhus
Aarløse
Aarö By
Aarösund
Aarre
Aars
Aarsballe
Aarsdale
Aarslev
Aarslev
Aarslev
Aarup
Aarup
Aas
Aas
Aas
Aase
Aasebro
Aasebro Huse
Aasendrup
Aashöj
Aashöje
Aaside
Aasö
Aaspe
Aast
Aasted
Aasted
Aasted
Aasted Bro
Aastofte
Aastorp
Aastrup
Aastrup
Aastrup
Aasum
Aaved
Åbæk
Abbenæs
Abbetved
Abed
Åbenrå
Abildaa
Abildå
Abild
Abildgaarde
Abildgårde
Abildholt
Abildøre
Abildskov
Abildskov
Abildtorpe
Åbjerg
Abkær
Åbling
Åbo
Åbøl
Aborg
Aborre
Abterp
Åby
Åby
Åbybro
Åbyen
Åbyhøj
Åbyskov
Ådal
Addit
Adelvad
Åderup
Adsbøl
Adserballe
Adslev
Ådum
Ådum Kirkeby
Æbelnæs
Æbeltoft
Æroskiobing
Æröskjöbing
Ærøskøbing
Ærtbölle
Ågård
Agdrup Kær
Ågeby
Agedrup
Ager
Agerbæk
Agerfeld
Agerkrog
Agernæs
Agerø
Agersbæk
Agersborg
Agerskov
Agerskov
Agerskov Hede
Agersnap
Agersø
Agersø By
Agersted
Agersund
Ågerup
Agerup
Agestrup
Agger
Aggersborg
Aggersborg Torup
Aggersund
Aggestrup
Agri
Agtrup
Agtrupskov
Ahl
Å-Højrup
Aidt
Aistrup
Ajdt
Ajstrup
Ajstrup
Ajstruphede
Ajstrup Hedehuse
Ajstrup Strand
Ajt
Åkær
Åkirkeby
Akkerup
Akselholm
Ål
Albæk
Albæk
Ålbæk
Albæk Hede
Albertslund
Albjærg
Albjerg
Albøge
Ålborg
Alderslyst
Åle
Åle
Ålebæk
Ålebæk
Ålerne
Ålestrup
Algestrup
Alholm
Ålkær
Alkærsig
Alken
Alkestrup
Alkjærsig
Alle
Allelev
Aller
Allerød
Allerslev
Allerslev
Allerup
Allerup
Allerup
Allerup Torup
Allese
Alleshave
Allesø
Allested
Allestrup
Allindelille
Allindemagle
Allingaabro
Allingåbro
Alling
Ålling
Allingdam
Allinge
Alme
Almind
Almind
Alminde
Almind Hede
Almsted
Almstofte
Almstok
Almstrup
Almtoft
Alnor
Åløkke
Åløse
Alrø By
Alrum
Als
Alsbjærg
Alsbjerg
Ålsbo
Als Brohuse
Ålsgårde
Als Hede
Ålskov
Alslev
Alslev
Alslev Kro
Ålsø
Alsø
Alsønderup
Ålsrode
Alsted
Alsted
Alsted-Flinterup
Alstrup
Alstrup
Alstrup
Altona
Ålum
Alume
Alverslev
Amagerbro
Amager Fælled
Ambæk
Ammelhede
Ammendrup
Ammendrup
Ammerup
Ammesböl
Ammitsbøl
Amstrup
Amtoft
Anbæk
Andaks
Andebølle
Anderstrup
Anderup
Anderup
Andi
Andkær
Andrup
Andrup
Andrup
Andsager
Anholt
Anholt
Anholt By
Annerup
Annisse
Ansager
Ans
Anst
Antvorskov
Ånum
Apenrade
Appenæs
Apperup
Aptrup
Årbjerg
Årby
Arden
Arden Stationsby
Årdestrup
Arentsminde
Årestrup
Årestrup
Årgab
Århus
Arløse
Arløse Torp
Arnager
Arnagerbro
Arnakke
Arnborg
Arndrup
Arninge
Arnitlund
Arnøje
Arnum
Årø
Årø By
Årøsund
Årre
Arresødal
Arrild
Års
Årsballe
Årsdale
Årslev
Årslev
Årslev
Årup
Årup
Asaa
Asaaby
Aså
Ås
Ås
Ås
Asbækhede
Asbo
Åse
Åsebro
Åsebro Huse
Åsendrup
Åsetofte
Asfærg
Asferg
Åshøje
Åside
Ask
Askeby
Askeby
Askildrup
Askildrup
Asklev
Askø
Askø By
Askov
Askov
Askov
Askov Huse
Asløkke
Ås Mark
Asminderød
Asminderup
Asmindrup
Asnæs
Asø
Åsø
Aspa
Asp
Asp
Asp
Åspe
Asperup
Assedrup
Assenbølle
Assenbølle
Assendløse
Assendrup
Assendrup
Assendrup
Assens
Assens
Assentoft
Assentorp
Asserballe
Asserballeskov
Asserbo
Asseregaards Huse
Asseregårdshuse
Assing
Assing Kirkeby
Assingløse
Åst
Åsted
Åsted
Åsted
Åstedbro
Åstofte
Åstorp
Åstrup
Astrup
Åstrup
Åstrup
Åstrupgård
Åsum
Åtte
Atterup
Atterup
Attrup
Attrup
Augustenborg
Augustenhof
Aulum
Auning
Avbæk
Avdebo
Avderød
Åved
Avedøre
Avedøre Holme
Avernæs
Avernak By
Avernakø
Avernakö By
Aversi
Avlby
Avlum
Avnbøl
Avnede
Avning
Avnslev
Avnslev Nederby
Avnslev Overby
Avtrup
Baadsböl
Baadsbøl Ballum
Baadsted
Baagö By
Baalsted
Baardesö
Baaring
Baaringmark
Baaringvad
Baarse
Baarup
Baaslunde
Baastlund
Baastrup
Babberup
Bådsbøl
Bådsbøl-Ballum
Bådsted
Badstrup
Badstrup
Bæk
Bækbo
Bækhuse
Bække
Bækkehave
Bækkehave Gaarde
Bækkelund
Bække Mark
Bækken
Bækkeskov
Bækmark
Bækmarksbro
Bæksgård
Bækstrup
Bæl
Bælum
Bærs
Bærsby
Bagenkop
Bagnkøp
Bågø
Bågø By
Bagsværd
Bagterp
Bahl
Bajlum
Bajstrup
Bakbjærg
Bakbjerg
Bakkebjærg
Bakkebjerg
Bakkebølle
Bakkebølle Fredskov
Bakkegaarde
Bakkegårde
Bakkendrup
Bakkerup
Baldersbæk
Baldersbrønde
Bale
Balke
Balle
Balle
Balle
Ballebo
Ballebro
Balle By
Balleby
Balle Kirkeby
Ballen
Ballen
Ballerne
Ballerum
Ballerup
Balle Strand
Balling
Ballum
Balslev
Bålsted
Balstrup
Bandholm
Bandsbøl
Bandsby
Banggårde
Bangsbo
Bangsbostrand
Bangsbo Strand
Bangsebro
Bankehuse
Bannerup
Barager
Barbarask
Barde
Bårdesø
Barholt
Båring
Båring Mark
Båringvad
Barløse
Barlöse Taarup
Barløse Tårup
Barlöse Torp
Barmer
Barret
Barrid
Barrit
Barrithule
Barritskov By
Barsbøl
Bårse
Barslev
Barsmark
Barsø By
Bartum
Bårup
Barup
Basballe
Båslunde
Basnæs
Båsted Hede
Bastemose
Bastholm
Båstlund
Bastrup
Båstrup
Bastrup
Bastrup
Battrup
Batum
Bavngaard
Bavngård
Bedegård
Beder
Bederslev
Bedeslev
Bedsted
Bedsted
Beersted
Begtrup
Beistrup
Bejsnap
Bejstrup
Beldringe
Bellahøj
Belle
Bellinge
Bendslev
Bendstrup
Bendstrup
Benløse
Bennebo
Benslehøj
Benstrup
Bergmandsdal
Bering
Bernstorffsminde
Bersby
Bersted
Besser
Bested
Bevtoft
Bidsinge
Biergby
Biergby
Bierre
Biersted
Bigum
Bildsø
Billum
Billund
Bilstrup
Biltoft
Biltris
Bindeballe
Binderup
Binderup
Binderup
Binderup Strand
Bindrup
Bindslev
Birk
Birkebjærg
Birkebjerg
Birkede
Birkelev
Birkelse
Birkelse Stationsby
Birkemose
Birkende
Birkerød
Birket
Birkild
Birkinde
Birkinge
Birkkær
Birkkjær
Birkmose
Birkmose Gårde
Birkum
Birsted
Bisholt
Biskopstårup
Biskopstorp
Biskorup
Bislev
Bisnap
Bispebjærg
Bispebjerg
Bisserup
Bisserup Strand
Bissinge
Bistrup
Bistrup
Bitteby
Bjælkerup
Bjærgager
Bjærgby
Bjærgby
Bjærgby
Bjærge
Bjærge
Bjærge
Bjærgede
Bjærgegravhede
Bjærgemark
Bjærgemose
Bjærgeskov
Bjærget
Bjærggaard
Bjærggårde
Bjærgmose
Bjærgsted
Bjært
Bjært
Bjærup
Bjæverskov
Bjalderup
Bjedstrup
Bjelkerup
Bjerager
Bjergager
Bjergby
Bjergby
Bjergby
Bjerge
Bjerge
Bjergemark
Bjergeskov
Bjergesø
Bjerget
Bjerggaard
Bjerggaarde
Bjergmose
Bjergsted
Bjerlev
Bjernæs
Bjernæs Husby
Bjerndrup
Bjerne
Bjernede
Bjernemark
Bjerne Mark
Bjerre
Bjerre
Bjerreby
Bjerrede
Bjerregård
Bjerregårde
Bjerregrav
Bjerregrav Hede
Bjerremose
Bjerresønder
Bjerring
Bjerringbro
Bjert
Bjertrup
Bjert Strand
Bjerup
Bjestrup
Bjeverskov
Bjödstrup
Bjolderup
Bjørndal
Bjørndrup
Bjørnholt
Bjørnø By
Bjørnstrup
Bjørnstrup
Bjørup
Bjøstrup
Blaabæks Mølle
Blaabjærg Gaarde
Blaabjerg Gaarde
Blaahöj
Blaakær
Blaakjær
Blaakrog
Blaavand
Blåbæks Mølle
Blåbjerg
Blåbjerg Gårde
Bladstrup
Blære
Blæsbjærg
Blæsbjerg
Blæsbjerg
Blæsebjærg
Blæsebjerg
Blæsenborg
Blæsenborg
Blåhøj
Blåhøj Stationsby
Blåkær
Blåkrog
Blaksmark
Blands
Blangs
Blangslev
Blangstrup
Blanke
Blans
Blans
Blåvand
Bleggrav
Blegind
Bleld
Blenstrup
Blenstrup
Blidstrup
Blidstrup
Blirup
Blistrup
Blistrup
Blokhus
Blommenslyst
Blovstrød
Bobjærg
Bobjerg
Bobøl
Boddum
Boddum By
Bode
Boderne
Bodholt
Bodilsker
Bodilskirke
Bødkergård
Bødkergårde
Bödstrup
Bodum
Bodum
Boes
Boeslum
Boeslunde
Boest
Boestofte
Bøgballe
Bögebjærg
Bögebjærg Huse
Bøgebjerg
Boge
Bøgede
Bøgelund
Bøgelunde
Bogens
Bogense
Bogentved
Bøgeparken
Bøgeskov
Bøgeskov
Bøgesø
Bøgholm
Bøgildgård
Bognæs
Bogö
Bogø By
Bogø Kirke
Bøgvad
Boholt
Bøjden
Bøjen
Bojskov
Bøjstrup
Bøl
Bolbro
Bolderslev
Boldesager
Bolding
Boldrup
Bøle
Bolilmark
Bolle
Boller
Bølling
Bølling
Bøllund
Bolmerod
Bølshavn
Bolskov
Bolsmose
Bolteskov
Boltinge
Bondeby
Bondebyen
Bønderby
Böndergaarde
Bøndergårde
Bonderød
Bonderup
Bonderup
Bonderup
Bønkel
Bønnerup
Bønnerup Strand
Bonnet
Bønnet
Bønstrup
Bønsvig
Borbjærg
Borbjerg
Bording
Bording Kirkeby
Bording Mark
Bording Stationsby
Bordrup
Borg
Børglum
Boring
Børkop
Borlev
Borød
Borre
Borre
Borre
Borreby
Borregaard
Borregård
Borren
Borresholt
Borridsø
Borring
Borring Stationsby
Borris
Borrisholt
Borrissö
Borse
Borsholm
Børsmose
Børsted
Børstingerød
Borum
Borup
Borup
Borup
Borup
Børup
Børupskov
Bøsbæk
Boserup
Boslunde
Bøsserup
Bostedhede
Bøstrup
Bøstrup
Bøstrup
Bøstrup Mark
Böstrup Stationsby
Bøstrup Toelstang
Bøtø
Bøtø By
Botofte
Bøtterup
Bottrup
Bov
Bovense
Bøvl
Bövlingbærg
Bøvlingbjerg
Bøvllund
Bovlstrup
Bovlundbjærg
Bovlund Bjerg
Bovlund
Bovnum
Bovrup
Braabæk
Braa
Braade
Braarup
Braarup
Braaskov
Brabæk
Brå
Brabrand
Bråby
Bråde
Bradsted
Bradstrup
Brædstrup
Brændegaarde
Brændegård
Brændekilde
Brænde-Lydinge
Brændemose
Brænderup
Brændesgårdshaven
Brændeskov
Brændholt
Brændskov
Brændstrup
Brændt
Brænore
Brakker
Bramdrup
Bramdrupdam
Bramming
Bramminge
Bramminge Stationsby
Bramstrup
Brandbjærg
Brandbjerg
Brandborg
Brande
Brandelev
Branden
Branderslev
Branderup
Branderup Kådnere
Brande Ure
Brandgårde
Brandlund
Brandsbøl
Brandsby
Brandsmose
Brandstrup
Brandstrup
Brandstrup
Branduhre
Brangstrup
Branstrup
Brårup
Brårup
Brarup
Bråskov
Brasted
Brastrup
Bratbjærg
Bratbjerg
Bratten
Bratten Strand
Braulstrup
Braup
Bravelstrup
Bravlstrup
Bredal
Bredballe
Bredballestrand
Bredbjærg
Bredbjerg
Bred
Brede
Brede
Bredebro
Brederød
Bredetved
Bredevad
Bredho
Bredholt
Bredhoved
Bredmose
Bredsten
Bredstrup
Bredstrup
Bredstruplund
Bregnemose
Bregnerød
Bregnetved
Bregnhoved
Bregning
Bregning
Bregninge
Bregninge
Bregnør
Bregnør Fiskerleje
Brejning
Brejning
Brem
Bremdal
Brenderup
Brendholt
Brendstrup
Brent
Brente
Brestenbro
Bret
Breth
Bretved
Breum
Brigsted
Briksbøl
Bringe
Bringstrup
Broager
Broballe
Brobøl
Bro
Broby Overdrev
Brobyværk
Brøde
Brodersbøl
Brøderup
Broderup
Brødløs
Brødslev
Brofelde
Brohave
Broholm
Brohuse
Brohuse
Brokær
Brokhuse
Brokkebjerg
Brokkedal
Brokøb
Brolo
Broløs
Bromme
Bröndbjærg
Brøndbjerg
Brond
Brøndbyøster
Brøndby Strand
Brøndbyvester
Brønde
Brønden
Brønderslev
Brøndlund
Brøndshøj
Brøndsted
Brøndstrup
Brøndum
Brøndum
Brøndum
Brøndumdam
Brøns
Brønserod
Brønshøj
Brønsholm
Brordrup
Brorfelde
Brorsbøl
Brorstrup
Brorstrup
Brørup
Brorup
Brørup
Broskov
Brøstrup
Brøttrup
Brovad
Brovst
Brudager
Brunbjerg
Brunby
Brund
Brund
Brundby
Brundbymark
Brunde
Brunde
Brundlund
Brundt
Brunemose
Brunmose
Brunshaab
Brunshuse
Brunsnæs
Bruntofte
Bruserup
Bruunshaab
Bruunshåb
Brydebjærg
Brydebjerg
Brydebølle
Brydegaard
Brydegård
Brylle
Bryndum
Bryndumdam
Bryrup
Bubel
Buddinge
Buddum
Buderup
Budsemarke
Budsene
Buerup
Bugtrup
Bukkær
Bukkehave
Bukkerup
Bukkerup
Bukkjær
Buksager
Buktrup
Bullerup
Bundsgård
Bunken
Bunnerød
Buntje-Ballum
Buntje
Bur
Bure
Burgaarde
Burgårde
Burkal
Bursø
Busemarke
Busene
Busholm
Busk
Buske
Butterup
Bybæk
Bybjærg
Bybjerg
Bygum
Bylderup-Bov
Bylderup
Byllerup
Bynkel
Byrsted
Byrum
Byskov
Bysted
Bystrup
Cecilielyst
Centrum
Charlottenlund
Christiania
Christiansbjerg
Christiansfeld
Christianshavn
Christianshede
Christianshede Stationsby
Christiansminde
Christrup
Cimbria
Copenhagen
Croneshvile
Daastrup
Dærup
Dagbjærg
Dageløkke
Dageløkke
Dagelykke
Dagnæs
Dagstrup
Dagsvad
Dainsholte
Dalager
Dalby-Borup
Dalby
Dalby
Dalby
Dalby
Dalbyneder
Dalbynedre
Dalbyover
Dalbyövre
Dal
Daldover
Daler
Dalholt
Dall
Dallerup
Dalmose
Dalsgaard
Dalsgaard
Dalsgaarde
Dalsgård
Dalsgård
Dalsgårde
Dalslunde
Dalstrup
Dalum
Damgaarde
Damgård
Damgårde
Damme
Dammergaarde
Dammergårde
Damsholte
Dang
Dannemare
Dannemare Høje
Danstrup
Danstrup
Darum
Darup
Dåstrup
Dauding
Daugaard
Daugård
Daugårdstrand
Daugbjerg
Daugstrup
Davbjerg
Davding
Davgaard
Davinde
Davinge
Davstrup
Debel
Debel
Debelmose
Degnbøl
Dejbjærg
Dejbjerg
Dejbjerg Kirkeby
Dejgret
Dejred
Dejret
Dellerup
Demstrup
Dianalund
Dield
Diernæs
Diernisse
Diget
Djeld
Djel
Djørup
Doense
Døjringe
Dokkedal
Dölby
Döllefjælde
Döllefjælde Langet
Døllefjelde
Døllefjelde Langet
Dollerup
Dollerup
Dollerup
Dolmer
Dommerby
Dømmestrup
Dong
Dongs-Højrup
Dønnevælde
Dons
Donse
Donslund
Dorf
Dørken
Dørslund
Dorteasminde
Dørup
Døstrup
Døstrup
Dover
Dover
Doverodde
Døvling
Draaby
Draaby
Dråby
Dræby
Dragerup
Dragør
Dragsbæk
Dragstrup
Dragstrup
Drammelsbæk
Drammelsbæk Huse
Drammelstrup
Dramstrup
Drantum
Drastrup
Drastrup
Draved
Drejens
Drejö By
Drejø
Drengsted
Dreslette
Drigstrup
Drongstrup
Dronningborg
Dronninggaard
Dronninggård
Dronninglund
Dronningmølle
Drosselbierg
Drösselbjærg
Drøsselbjerg
Drøstrup
Drostrup
Druestrup
Drungstrup
Dryhus
Duborg
Duebjærg Gaarde
Duebjerg
Duebjerggård
Dukkerup
Dungkiær
Dunkær
Dunkær Mark
Dunkjær
Durup
Durup
Dværgetved
Dvergetved
Dverretved
Dybbøl
Dybebjerg
Dybe
Dybvad
Dybvadsrække
Dybvad Stationsby
Dyndeby
Dyndved
Dyngby
Dynt
Dyrbæk
Dyrby
Dyreborg
Dyreby
Dyrehave
Dyrhave
Dyrhede
Dyrheden
Dyrlev
Dyrvig
Dysted
Dystrup
Dyvad
Dyvelsrække
East Bröndby
East Skjerninge
Ebbelnæs
Ebbeløkke
Ebberup
Ebberup
Ebbeskov
Ebdrup
Ebeltoft
Ebstrup
Edderup
Edslev
Eerslev
Egaa
Egå
Egby
Egebæk
Egebierg
Egebjærg
Egebjærg
Egebjærg
Egebjerg
Egebjerg
Egebjerg
Egebølle
Egeby
Eg
Eg
Egelev
Egelund
Egelund
Egemosedam
Egen
Egense
Egense
Egense
Egens
Egens
Egeris
Egernsund
Egerup
Egerup
Egeskov
Eget
Eggebæk
Eggeslevlille
Eggeslevmagle
Egholm By
Egholm
Egholt
Egøje
Egsmark
Egsmark Strand
Egtved
Egum
Egvad
Eierslev
Eilby
Ejby
Ejby
Ejby
Ejdrup
Ejer
Ejerslev
Ejersted
Ejlby
Ejlby Lunde
Ejlskov
Ejlstrup
Ejsing
Ejsingholm
Ejstrup
Ejstrup
Ejstrup
Ejstrupholm
Elbæk
Eldrup
Elev
Eliselund
Elkær
Elkenøre
Elleby
Ellede
Ellekær
Ellekilde
Ellerød
Ellerup
Ellerup
Elleshöj
Ellesø
Ellested
Ellidshøj
Ellinge
Elling
Elling
Ellum
Ellum Mark
Elmelunde
Elmelund
Elsborg
Elsegaarde
Elsegårde
Elsmark
Elsø
Elsted
Elsted
Elstrup
Eltang
Emb
Emborg
Emdrup
Em
Emmelev
Emmelev
Emmerbølle
Emmerleff
Emmerlev
Emmersbæk
Emtekær
Endegaarde
Endegårde
Endelave By
Endelave
Enderslev
Enderup
Enderupskov
Endeslev
Endrup
Endrup
Endrupskov
Enebjærg
Enebjerg
Engebæk
Engedal
Engeldrup
Engels
Engelst
Engelstofte
Engelstoft
Engelstrup
Engelstrup
Engeltofte
Engem
Engestofte
Engesvang
Engesvangkrat
Englerup
Engum
Engvang
Ennebølle
Enner
Enø By
Enø
Enslev
Ensted
Erdrup
Erentlev
Erentley
Eriknauer
Eriknavr
Erikstrup
Erkildstrup
Erkilstrup
Erlev
Erresø
Errested
Errindlev
Errindlev Fæland
Erritsø
Erslev
Erslev
Ersted
Ertbol
Ertbölle
Ertebjærg
Ertebjerg
Ertebjerg Skov
Ertebølle
Esbjærg
Esbjerg
Esbøl
Esbönderup
Esbønderup Kohave
Esbønderup Skovhuse
Esby
Eskærhede
Eskebierg
Eskebjærg
Eskebjerg
Eskedal
Eskelund
Eskerod
Eskerud
Eskholt
Eskildstrup
Eskildstrup
Eskilstrup
Eskilstrup
Eskør
Espe
Espergærde
Espergjærde
Esrum
Essig
Estrup
Estrup
Estrup
Estrupgaarde
Estrup Gårde
Estvad
Etsker
Ettehave
Etterup
Ettrup
Everdrup
Everup
Evetofte
Faaborg
Faarbæk
Faarbjærg
Faardrup
Faareby
Faare
Faarehus
Faareveile
Faarevejle
Faarhus
Faarup
Faarup
Faarup
Faarupklit
Faarvang
Fabberg
Fabjærg
Fabjerg
Fåborg
Faddersbøl
Fæbæk
Færgeland
Fajstrup
Fakkegrav
Fakse
Fakse Ladeplads
Faksinge
Faldsled
Falen
Falkærgaarde
Falkærgårde
Falkerslev
Fallesgaarde
Fallesgårde
Falling
Falsled
Falslev
Fandrup
Fangel
Fangel Torp
Fannerup
Fanö Badested
Fanø Vesterhavsbad
Fårbæk
Fårbjerg
Fårdrup
Fåreby
Fareby
Fåre
Farendløse
Fårevejle
Fårevejle Stationsby
Fårhus
Farre
Farre
Farre Hede
Farringlöse
Farris
Farris Stationsby
Farsø
Farstrup
Farstrup
Farum
Fårup
Fårup
Fårup
Farup
Fårup Klit
Fårvang
Faster
Fasterholt
Fasterkær
Fasterlund
Fastrup
Fausing
Faverby
Favervraa
Favrbo
Favrbøge
Favrby
Favrholt
Favrholt
Favrlund
Favrskov
Favrskov
Favrskov Mark
Favrvraa
Favrvrå
Favsbjerg
Favsing
Favstrup
Faxe
Faxe Havn
Febbersted
Fejrskov Huse
Fejrup
Feldballe
Feldingbjærg
Feldingbjerg
Felsted
Felstedskov
Femmøller
Fensholt
Fensmark
Fensten
Ferle
Ferreslev
Ferring
Ferritslev
Ferslev
Ferslev
Ferup
Ferup Nyvang
Fgen
Fidde
Filholm
Fillerup
Filshuse
Filskov
Filskov Mark
Finderup
Finderup
Finderup
Findinge
Firegaarde
Firehuse
Firehuse
Firgaarde
Firgaarde
Firgårde
Firhøje
Firhøj
Fiskbæk
Fiskbæk
Fiskebæk
Fiskebæk
Fisknæs
Fiskophuse
Fitting
Fjælde
Fjælebroen
Fjællebroen
Fjællebro
Fjærsted
Fjallerslev
Fjaltring
Fjande
Fjand
Fjand Gårde
Fjelby
Fjelde
Fjeldrad
Fjeldstrup
Fjellebro
Fjellenstrup
Fjellerad
Fjellerup
Fjellerup
Fjellerup Mark
Fjellerup Stationsby
Fjellerup Strand
Fjelsø
Fjelsted
Fjelsted
Fjelstrup
Fjenneslev
Fjenneslevmagle
Fjenstrup
Fjerbæk
Fjerreslev
Fjerritslev
Fjerupgaarde
Fjerupgårde
Flaarup
Flaarupmelle
Fladbjærg
Fladbjerg
Fladbjerg
Flade
Fladstrup
Flakkebjærg
Flakkebjerg
Flamsted
Flarup
Flårup
Flårupmelle
Flauenskjold
Flavenskjold
Flavlev
Flegum
Flejsborg
Flejsborg-Svenstrup
Flemløse
Flemming
Flemstofte
Fleninge
Flensted
Flenstofte
Flinterup
Flintinge
Flødstrup
Floes
Fløjstrup
Fløjstrup
Fløjterup
Fløng
Flose
Fløstrup
Flovlev
Flovt
Flovtrup
Fly
Flyvbjærg
Flyvbjerg
Fodby
Fodgerup
Fodslette
Foersum
Fogstrup
Folby
Foldbjærg
Foldbjerg
Foldby
Foldingbro
Folding
Folding Kirke
Foldsted
Fole
Følle
Føllenslev
Follerup
Fölleslev
Føns
Forballum
Forlev
Forlev
Forlev Stationsby
Formyre
Forneby
Forsinge
Førslev
Forsom
Førstballe
Forsum
Fortunen
Forum
Foulum
Foverup
Føvling
Føvling
Fovlum
Fovlum
Fovrfelt
Fovsing
Fovslet
Fovslet Mark
Fræer
Fragtrup
Framlev
Frammerslev
Frankerup
Frankfri
Fraugde
Fraugde Kærby
Fravde
Fredbjærg
Fredbjerg
Fredensborg
Fredensdal
Fredericia
Frederiksberg
Frederiksberg
Frederiksberg
Frederiksberg
Frederiksbjærg
Frederiksbjerg
Frederiksdal
Frederiks
Frederikshaab
Frederikshåb
Frederikshavn
Frederikshede
Frederikshof
Frederikshöj
Frederikshøj
Frederiksmose
Frederiks Stationsby
Frederikssund
Frederiksund
Frederiksværk
Fredsgårde
Fredskilde
Fredsø
Fredsted
Fredstrup
Fredtofte
Freerslev
Freerslev
Fregerslev
Freilev
Frejlev
Frejlev
Frejlev Østermark
Frejstrup
Frellesvig
Freltofte
Fremmelev
Frenderup
Frendved
Freskilde
Frestrup
Frifelt
Friheden
Frihed
Frisenvold
Fristrup
Fristrup
Frisvad
Frøbjærg
Frøbjerg
Frølunde
Frølund
Frörslev
Frørup
Frøruprød
Frøsig
Frøslev
Frøslev
Frøslev
Frøslevgårds Vang
Frøslevvang
Frøstrup
Frostrup
Frøstrup
Frovlev
Fruens Bøge
Fruering
Fruerlund
Frueskov
Frydenborg
Frydendal
Fuglbjærg
Fuglbjerg
Fuglebækshuse
Fuglebærg
Fuglebjerg
Fuglesangen
Fuglesang
Fuglesang
Fuglsang
Fuglsang
Fuglsang
Fuglsbølle
Fuglse
Fuglsig
Fuglslev
Fuglsø
Fulby
Fuldby
Fulden
Funder
Funder Kirkeby
Funder Nørhede
Fureby
Furreby
Fusager
Futting
Fyenshav
Fyllested
Fynshav
Fynslund
Fyrkilde
Gaansager
Gaardeby
Gaarde
Gaardsholt
Gaardslev
Gaarestrup
Gaarsdal
Gaarslev
Gaaser
Gaasetofte
Gaaskær
Gåbense
Gabøl
Gadbjærg
Gadbjerg
Gadeby
Gadevang
Gadsbølle
Gadstrup
Gadstrup
Gærum
Gærup
Gærup
Galdbjærg
Galdbjerg
Gallehus
Gallehuus
Galsted
Galstho
Galtebjerg
Galten
Galtrup
Gamborg
Gamby
Gamle Arnborg
Gamle Asmild
Gamle Hasseris
Gamle Ladegaard
Gamle Rye
Gamle Skagen
Gamle Skovböl
Gamle Tørring
Gamlevælde
Gamle Vodskov
Gamløse
Gammel Agersted
Gammel Ålbo
Gammel Asmild
Gammel Blaahöj
Gammel Blåhøj
Gammelby
Gammelby
Gammelby
Gammelby
Gammel Ejby
Gammelgab
Gammel Hagested
Gammel Hampen
Gammel Hasseris
Gammel Havdrup
Gammel Holte
Gammel Hvam
Gammel Hviding
Gammelkirke
Gammelkirk
Gammel Ladegaard
Gammel Ladegård
Gammel Lejre
Gammel Lundby
Gammel Nørager
Gammel Nyby
Gammel Rønbjerg
Gammel Rye
Gammel Sindal
Gammel Skagen
Gammel Skørping
Gammel Skovbøl
Gammel Skrøbelev
Gammelsole
Gammel Stenderup
Gammelstrup
Gammel Svebølle
Gammel Tistrup
Gammel Ullerød
Gammel Ullits
Gammelvælde
Gammel Vejlby
Gammerød
Gamst
Gamstrup
Gamtofte
Ganderup
Ganderup
Gandrup
Gangsted
Ganløse
Gannebro
Gånsager
Gantrup
Gårdeby
Gårde
Gårestrup
Gårsdal
Gårslev
Gåser
Gåsetofte
Gåskær
Gassum
Gatten
Gauerslund
Gaverslund
Geddal
Gedeløkke
Gedelykke
Gederød
Gedesby
Geding
Gedser
Gedsö
Gedsted
Gedved
Geeslev
Gejlaa
Gejlå
Gejlbjærg
Gejlbjerg
Gejsing
Gelballe
Gelbjærg Gaard
Gelbjærg
Gelbjerg
Gellerup
Gellerup
Gelleruplund
Gelsted
Gelsted
Gelsted Taarup
Gelsted Tårup
Gelsted Torp
Gelstrup
Gelstrup
Genner
Gentofte
Geraænge
Geraa
Gerå Enge
Gerå
Gerding
Gerdrup
Gerlev
Gerlev
Gerlev
Gerndrup
Gern
Gerning
Gerrild
Gerringe
Gershøj
Gerskov
Gerum
Gerup
Gerup
Gesager
Gesinge
Gesing
Gesing
Gestelev
Gesten
Gettrup
Gevninge
Gevnø
Giedsted
Gierslev
Gilleje
Gilleleje
Gimlinge
Gimming
Ginderup
Ginnerup
Ginnerup
Giöl
Giorley
Giöttrup
Gishale
Gislev
Gislev Holme
Gislinge
Gislum
Gistrup
Give
Giver
Givskud
Gjærup
Gjandrup
Gjeddesby
Gjedesby
Gjedser
Gjedsö
Gjedsted
Gjedved
Gjelballe
Gjellerup
Gjellerup
Gjellerup Kirkeby
Gjellerup Lund
Gjelstrup
Gjenner
Gjentofte
Gjeraa
Gjerlev
Gjerlev
Gjerndrup
Gjern
Gjerrild
Gjershöj
Gjerslev
Gjerum
Gjerup
Gjesager
Gjesing
Gjesing
Gjessø
Gjettrup
Gjevninge
Gjöding Huse
Gjödstrup
Gjøl
Gjörding Stationsby
Gjörlev
Gjørup
Gjurup
Gladsakse
Gladsaxe
Glædeby
Glæde
Glæsborg
Glamsbjærg
Glamsbjerg
Glamsdal
Glappe
Glappehuse
Glattrup
Glatved
Glavendrup
Glejbjærg
Glejbjerg
Glejbjerg Stationsby
Glenstrup
Glerup
Glesborg
Glibstrup
Glibstrup
Glim
Glimsholt
Glinvadhede
Gloslunde
Gloslunde Hestehave
Glostrup
Glostrup
Glud
Gludsted
Glukse
Glumsø
Glynge
Glyngøre
Gødding Huse
Gøderup
Göding Huse
Gødsbøl
Godsted
Gødstrup
Gødstrup
Godthaab
Godthaab
Godthaab
Godthaab
Godthåb
Godthåb
Godthåb
Gødvad
Gøl
Gølstrup
Gønderup
Gøngeherred
Gørding
Gørlev
Gørløse
Gørslev
Görup
Gosmer
Gøttrup
Graahede
Graamose
Graarup
Graaskov
Graasten
Graderup
Grædstrup
Grænge
Grærup
Græsbjærg
Græsbjerg
Græsed
Græse
Græshave
Græsrimmen
Græsted
Græstrup
Grættrup
Grævinge
Gråhede
Gram
Gram
Gråmose
Gramrode
Grandlöse
Grandslev
Granly
Granslev
Grårup
Grarup
Gråskov
Gråsten
Grauballe
Graum
Gravballe
Gravens
Gravlev
Gravlev
Gravl
Gravlund
Gravsholt
Gravum
Gravvænge
Great Fuglede
Gredstedbro
Gredsted
Green
Grejs
Gremmeløkke
Grenaa
Grenå
Grenå Strand
Grendsten
Grene
Gren
Grensten
Grettrup
Greve
Grevelund
Greve Strand
Grevinge
Grevlund
Gribstrup
Gribsvad
Grimmeløkke
Grimmeshave
Grimstrup
Grimstrup
Grimstrup
Grimstrup
Grinderslev
Grindeslev
Grindløse
Grindslev
Grindsted
Grindsted
Grinsted
Grisbæk
Grisby
Grødde
Gröde
Grøfte
Grølsted
Grønbæk
Grønbæk Huse
Gronbjærg
Grönbjærg
Grønbjerg
Grønbjerg
Grönbjerg Huse
Grönderup
Grønderup
Grønfeld
Grønfelt
Grønhøj
Grønhøj
Grønholt
Grønholt
Grønnebæk
Grønnegade
Grønnegade
Grønnemose
Grønnerup
Grönning
Grønninghoved
Grønninghoved Strand
Grønsig
Grøsted
Grøttrup
Grove
Grumløse
Grumstrup
Grunderup
Grundfør
Grund
Grunninghoved
Grurup
Gryderup
Grydsted
Grynderup
Grynderup
Grynnerup
Grysted
Gudbjærg
Gudbjerg
Guderup
Guderup
Gudhiem
Gudhjem
Gudhjem Nordlige Havn
Gudmandstrup
Gudme
Gudmindrup
Gudnæs
Gudnæs Strand
Gudsgave
Gudskov
Gudsø
Gudumbro
Gudum
Gudum
Gudum
Gudumholm
Gudumlund
Gudumstad
Gug
Guldager
Guldager
Guldbæk
Guldbjærg
Guldbjerg
Guldbjerg Kirke
Guldborg
Guldforhoved
Gulev
Gullerup
Gullestrup
Gullev
Gultved
Gummerød
Gummersmarke
Gummerup
Gummesmark
Gundelund
Gunderød
Gunderslevlille
Gundersted
Gunderup
Gunderup
Gunderup
Gundesbøl
Gundestrup
Gundestrup
Gundestrup
Gundestrup
Gundslev
Gundslevmagle
Gundsølille
Gundsømagle
Gundstrup
Gundtoft
Gunnestrup
Gurede
Gurreby
Gurre
Gydeby
Gylling
Gyndstrup
Gyngstrup
Gyrstinge
Gyrup
Haagendrup
Haagerup
Haals
Haarbölle
Haarby
Haarby
Haardmark
Haared
Haare
Haar
Haarlev
Haarmark
Haarslev
Haarslev
Haarup
Haastrup
Haasum
Haasum Torp
Hadbjærg
Hadbjerg
Haderslev
Haderup
Haderup
Hadrup
Hadsten
Hadsten Stationsby
Hadsund
Hadsund Syd
Hæggerup
Hækkebølle
Hærup
Hæstrup
Hæsum
Hafdrup
Hage
Hagenberg
Hagenbjærg
Hagenbjerg
Hågendrup
Hagendrup
Hagenskov
Hagerup
Hågerup
Hagested
Hajstrup
Halager
Halagerlille
Halagermagle
Halbgårde
Halby
Haldager
Haldagerlille
Haldagermagle
Haldagerville
Hald Ege
Hald
Hald
Hald
Haldrup
Hald-Tostrup
Haldum
Halkær
Halkevad
Halk
Halkjær
Halleby Ore
Hallelev
Hallendrup
Hallenslev Gaarde
Hallenslev
Halling
Hallum
Hallundbæk
Hallund
Halseby
Hals
Halskov
Halskov
Halsmose
Halsskov
Halsted
Halsted Skovby
Halsted Tvede
Haltenæs
Haltrup
Halved
Halvrimmen
Hamaa
Hammelev
Hammelev
Hammel
Hammelsvang
Hammer
Hammer
Hammershøj
Hammershøj
Hammersholt
Hammer-Torup
Hammerum
Hampen
Hamrum
Hanbjerg
Handbjærg
Handbjerg
Handermelle
Handest
Handrup
Hanehoved
Hanerup
Hannesborg
Hannesborg Huse
Hanning
Hansted
Hansted
Hanstholm
Haraldsborg
Haraldsted
Hårbølle
Harboøre
Harboør
Hårby
Hårby
Hardeshøj
Hårdmark
Håred
Håre
Harendrup
Hareskovby
Hareskov
Hareskov
Hår
Harken
Harknag
Harlev
Hårlev
Harlev Stationsby
Harløse
Harndrup
Harpelunde
Harreby
Harre
Harres
Harreshøj
Harreskov
Harreslev
Harreslev
Harreslev
Harresö Gaarde
Harresø
Harrested
Harrestrup
Harridslev
Harring
Harritslevgaard
Harritslevgård
Harritslev
Hårslev
Hårslev
Harte
Hårup
Hasle
Hasle
Haslevgaarde
Haslevgårde
Haslev
Haslum
Haslund
Hasmark
Hasselager
Hasselholt
Hasselø By
Hasselø
Hasseris
Hassing
Hastrup
Hastrup
Håstrup
Håsum
Håsum Torp
Hattenæs
Hatting
Hauge
Hauge
Haunstrup
Haurum
Havbølle
Hav Borup
Havbro
Havbyrd
Havdrup
Havdrup
Have-Borup
Haved
Have
Have
Haven
Haverslev
Haverup
Havervad
Havhuse
Havløkke
Havnbjerg
Havndal
Havndrup
Havnebyen
Havneby
Havnelev
Havnemark
Havnskov
Havnsø
Havnstrup
Havrebierg
Havrebjærg
Havrebjerg
Havredal
Havreholm
Havrekobbel
Havrevænge
Havrum
Havrvig
Havsör
Havsted
Heager
Heager
Hedeboryde
Hedeby
Hedegaarde
Hedegaarde
Hedegaard
Hedegaard
Hedegårde
Hedegårde
Hedegård
Hedegård
Hedehusene
Heden
Heden
Hedensted
Hedensted
Hedsbjærg
Heds
Hee
Hegedal
Hegnede
Hegneden
Hegngaarde
Hegngårde
Hegningen
He
Heininge
Hejbøl
Hejels
Hejelsminde
Hejls
Hejlskov
Hejlsminde
Hejninge
Hejnsvig
Hejrede
Hejringe
Hejring
Hejsager
Hekkerup
Helberskov
Heldager
Heldum
Hellebæk
Hellenæs
Hellenslev Gårde
Hellerød
Hellerup
Hellested
Hellestrup
Helletofte
Helletoft
Hellevad
Hellevad
Hellevad
Helleved
Hellev
Hellevlille
Hellevmagle
Helligkilde
Helligpeder
Helligsø
Hellinge
Hellöv
Hellum
Helnæs By
Helnæs
Helsinge
Helsinge
Helsinge Tofte
Helsingør
Helsned
Helsted
Helstrup
Heltborg
Hemdrup
Hem
Hem
Hemmed
Hemmelev
Hemmershoi
Hemmerslev
Hemmeshøj
Hemmet
Hemstok
Hemstok Skov
Hennebjærg
Hennebjerg
Henneby
Henne
Hennekesdam
Henne Stationsby
Henne Strand
Hennetved
Henninge
Herborg
Herfögle
Herfølge
Herlev
Herluflille
Herlufmagle
Herning
Herrested
Herrestrup
Herridslev
Herringe
Herringløse
Herritslev
Herrup
Herskind
Herslev
Herslev
Hersnap
Hersom
Herstedøster
Herstedvester
Hersum
Herup
Hesbjærg
Hesbjærg
Hesbjærg Huse
Hesbjerg
Hesbjerg
Hesbjerg Huse
Hesle
Hesnæs Havn
Hesnæs
Hesselager
Hesselballe
Hesselballe
Hesselbjærg
Hesselbjærg
Hesselbjærg
Hesselbjærg
Hesselbjærg Huse
Hesselbjerg
Hesselbjerg
Hesselbjerg
Hesselbjerg
Hesselby
Hessel
Hesselho
Hessellund
Hesselrød
Hessum
Hestbæk
Hestbjærg
Hestbjerg
Hestehave
Hestehave
Hestehave
Hestehaven
Hestkær
Hestkjær
Hestlund
Hetofte
Hevring
Hiadstrup
Hiardemaal
Hielm
Hiembæk
Hierk
Hillerød
Hillerslev
Hillerslev
Hillerup
Hillested
Hillested
Hillestolpe
Hillestrup
Himlingøje
Himmark
Himmelev
Hindbjærg
Hindbjerg
Hindborg
Hinderup
Hindevad
Hinding
Hindsig
Hingeballe
Hinge
Hinnerup-Broby
Hinnerup
Hinnum
Hiortdal
Hirtshals
Hjadstrup
Hjælm
Hjælmholt
Hjælmkobbel
Hjælmsölille
Hjælmsömagle
Hjærup
Hjallerup
Hjallese Hestehave
Hjallese
Hjallöse
Hjarbæk
Hjardemaal
Hjardemaalklit
Hjardemål
Hjardemål Klit
Hjaremaal
Hjaremaalklit
Hjarnø By
Hjartbro
Hjarup
Hjedsbæk
Hjeds
Hjelmager
Hjelmdrup
Hjelmerup
Hjelm
Hjelmholt
Hjelm Kobbel
Hjelmsølille
Hjelmsømagle
Hjelmsted
Hjembæk
Hjemitslev
Hjemsted
Hjerk
Hjerm
Hjermind
Hjerm Stationsby
Hjerndrup
Hjerpsted
Hjertebjærg
Hjertebjerg
Hjerting
Hjerup
Hjolderup
Hjøllund
Hjoptarp
Hjordkær
Hjordkær Stationsby
Hjordkjær
Hjørnet
Hjørring
Hjorslev
Hjortdal
Hjortebjærg Huse
Hjortebjerg
Hjortebjerg Huse
Hjorte
Hjortekær
Hjortespring
Hjorthede
Hjortkær
Hjortlund
Hjortø By
Hjortø
Hjortsballe
Hjortsballe
Hjortshøj
Hjortsvang
Hjortvad
Hjulby Dyrehave
Hjulby
Hjulebæk
Hoager
Höbjærg
Höbjærg
Høbjerg
Høbjerg
Hoborg
Hoborghus
Hobro
Hoby
Hobyskov
Hodde
Hoddeskov
Hodsager
Hoed
Høed
Høed
Hogager
Høgelund
Høgild
Høgsbro
Høgsholt
Høgslund
Høgsted
Ho
Höielse
Höierup
Höislev
Højbjærg
Höjbjærg
Højbjerg
Højbjerg
Højbjerg
Højby
Højby
Højebøge
Høje
Højelse
Højelt
Højene
Højen
Højen
Højenskov
Højer
Højerup
Højes Dong
Höje Taastrup
Høje Tåstrup
Højet
Højmark
Højme
Højreby
Højrup
Højrup
Højslev
Højslev Stationsby
Højsmarke
Højsted
Højsten
Højst
Højstrup
Hökelbjærg
Hökkelbjærg
Høkkelbjerg
Hokkerup
Hokser
Holbæk
Holbæk
Holballe
Holbøl
Holbøl Mark
Holeby
Hole
Holevad
Holevad Kirke
Holev
Høl
Holing
Hølkerup
Hollandsbjærg
Hollandsbjerg
Hollbæk
Holleby
Holle
Hollensted
Holløse
Holløse
Holløselund
Høllund
Holmdrup
Holme
Holme
Holme
Holmene
Holmen
Holmen
Holmen
Holme-Olstrup
Holmgaarde
Holmgaarde
Holmgårde
Holmgårde
Holm
Holmsø
Holmstol
Holmstrup
Holmstrup
Holmstrup Mark
Holse
Holskov
Holstebro
Holsted
Holsted
Holsted Station
Holsted Stationsby
Holte
Holte
Holte
Holtensminde
Holtet
Holt
Holt
Holtug
Holtum
Homaa
Homå
Hømgård
Høm
Høm
Hømlund
Hømvejle
Høndrup
Høng
Hønkys
Hønnerup
Hønnerup Hovgård
Hønning
Hønsehave
Hønsinge
Hønsnap
Honum
Hoppeshuse
Hoptrup
Hoptrup Kirkeby
Horbelev
Horbelöv
Hørbygård
Hørby
Horby
Hörby Stationsby
Hørdum
Hørmested
Hornbæk
Hornbæk
Hornborg
Horndrup
Horneby
Horne
Horne
Horn
Hørning
Hornse
Hornslet
Hornstrup
Hornstrup Mølleby
Hornsved
Hornsyld
Hornum
Hornum
Horreby
Hørret
Horsbyg
Horsensenge
Horsens
Horsens
Horserød
Horsetofte
Horsfeld
Horsfeldt
Horsfelt
Hørsholm
Hørslevbol
Hørslev
Horslunde
Horsnab
Hørsted
Horstved
Høruphav
Hørup
Hørup
Hørup
Hørup Kirke
Hørve
Hørv
Hosby
Høstemark
Høsten
Høsten Torp
Hösterkjöb
Høsterkøb
Hostrup
Hostrup
Hostrup
Hostrupskov
Hou Hals
Hou
Houlbjerg
Hovborg
Hovby
Hovedgaard
Hovedgård
Hovedskov
Hove
Hove
Høve
Høvelte
Hoven
Hoven
Høver
Hover
Høve Strand
Hovgaard
Hov
Hov
Hov
Hovlbjærg
Hovlbjerg
Hovslund
Hovslund Stationsby
Hovsø
Hovsør
Hovstrup
Hovstrup
Hovtved
Hoyer
Hudevad
Hugby
Hugdrup
Hulbæk
Hulby
Hulen
Hulerød
Hullebæk
Hulsig
Hulvig
Humble
Humlebæk
Humledal
Humle
Humlum
Humlum Stationsby
Hummelure
Hummingen
Hundal
Hundborg
Hundelev
Hunderup
Hundested
Hundie
Hundige
Hundshale
Hundslev
Hundslund
Hundstrup
Hundstrup
Hundtofte
Hune
Hunetorp
Hunseby
Hunstrup
Hunstrup
Hurup
Husby
Husby
Husby
Husby
Husum-Ballum
Husum
Husum
Hvallöse
Hvalløs
Hvalpsund
Hvalsø
Hvam
Hvamme
Hvam Mejeriby
Hvedde
Hvedstrup
Hvejsel
Hventgaard
Hventgård
Hverrestrup
Hvessinge
Hvidbierg
Hvidbierg
Hvidbjærg
Hvidbjærg
Hvidbjærg
Hvidbjerg
Hvidbjerg
Hvidbjerg
Hvidding
Hvidding
Hvidemose
Hvide Sande
Hviding
Hviding
Hvidovre
Hvidsten
Hvileholm
Hvilsager
Hvilshøj
Hvilsom
Hvilsted
Hvilsum
Hvinderup
Hvingel
Hvinningdal
Hvirpgade
Hvirp
Hvirrekær
Hvirring
Hvissinge
Hvolbæk
Hvornum
Hvorslev
Hvorupgaard
Hvorupgård
Hvorup
Hvorvarp
Hydesby
Hydevad
Hygild
Hygind
Hygom
Hygum
Hygum
Hygum Nørremark
Hygumskov
Hyldager
Hyldtofte
Hylholt
Hylke
Hylken
Hyllebierg
Hyllebjærg
Hyllebjerg
Hyllede
Hylleholt
Hyllerslev
Hyllerup
Hyllested
Hyllested
Hyllested
Hyllested Skovgaarde
Hyllested Skovgårde
Hyllested Skovgård
Hyllinge
Hylstrup
Hynding
Hyrup
Hyrup
Hytten
Ibsker
Ibsker Kirke
Ibskirke
Ibsted
Idestrup
Idom
Idomlund
Idskov
Idum
Idumlund
Igelsø
Iglsø
Igum
Ikast
Ilbjærg
Ilbjerg
Ilbro
Ildsø
Ildved
Illebølle
Iller Hede
Iller
Iller
Illerisøre
Illerup
Illerup
Ilshøj
Ilskov
Ilsted
Ilved
Impgaarde
Impgårde
Indslev
Ingerslev
Ingesvang
Ingslev
Ingslev Torp
Ingstrup
Intrup
Isenvad
Ishøj
Islemark
Islev
Islevlis
Istebjærg
Istebjerg
Isterød
Istrup
Jægersborg
Jægerspris
Jærne
Jærnhyt
Jærnhytte
Jærnved
Jærnvedlund
Janderup
Janderup
Jandrup
Jannerup
Janum
Jarmsted
Javngyde
Jebjærg
Jebjerg
Jedsted
Jegerup
Jegind
Jegindø
Jegingo
Jegstrup
Jejsing
Jeksen
Jelling
Jels
Jelsskov
Jels Troldkær
Jelstrup
Jennum
Jennum
Jenslev
Jenstrup
Jerlev
Jerne
Jernhyt
Jernved
Jernvedlund
Jersie
Jersie Strand
Jersild
Jerslev
Jerslev
Jersore
Jerup
Jespergaarde
Jespergårde
Jested
Jestrup
Jestrup
Jestrup
Jonstrup
Jonstrup
Jordbjærg
Jordbjerg
Jordbroen
Jordhøj
Jordløse
Jordrup
Jordsby
Jørgensgaard
Jørgensgård
Jørgensø
Jorløse
Jorløse
Jørlunde
Jørsby
Jørslev
Juelsminde
Julebækhus
Julebæk
Jullerup
Junged
Junget
Jungshoved By
Jungshoved Gaard
Jungshoved
Juvre
Jydby
Jydemark
Jyderup
Jydstrup
Jyllerup
Jyllinge
Jysted
Jystrup
Kaadekilde
Kaadnergade
Kaadnerhuse
Kaalshave
Kaarup
Kaarup
Kaasby
Kaase
Kaas
Kaas
Kaasmark
Kaastrup
Kaastrup
Kaastrup
Kaatrup
Kabdrup
Kådekilde
Kædeby Haver
Kædeby
Kæderup
Kæderup
Kæpsmark
Kærbæk
Kærbøl
Kærbølling
Kærby
Kærby
Kærby
Kærby
Kærby
Kæreby
Kærende
Kærgaarde
Kærgaard
Kærgård
Kærhuse
Kær
Kær
Kærsgård Strand
Kærsholm
Kærsholm
Kærsing
Kærum
Kærup
Kærup
Kæstrup
Kagerup
Kagerup
Kagstrup
Kahr
Kajemose
Kajerød
Kalby
Kalby
Kaldred
Kaleko
Kalfslunde
Kalhave
Kalkerup
Kallehave
Kalleko
Kallerup Gaarde
Kallerup Gårde
Kallerup
Kallerup
Kallerup
Kallerup
Kallø
Kallø Skovby
Kallundborg
Kaltred
Kalum
Kalundborg
Kalundborg Slots Ladegård
Kålund Kloster
Kalvehave
Kalvehave
Kalvslunde
Kalvslund
Kamstrup
Kanderød
Kandestederne
Kandester
Kankbølle
Kannesteder
Kannikegærde
Kannikegærdet
Kappelborg
Kappel
Kappendrup
Karby
Kareby
Kare
Karise
Karise-Olstrup
Karlby
Karlby
Karlebo
Karleby
Karleby
Karlsgaarde
Karlsgårde
Karlslunde
Karlslunde Strand
Karlsminde
Karlsmose
Karlstrup
Karlstrup Strand
Karrebæk
Karrebæksminde
Karrebækstorp
Karsbæk
Karsemose
Karstoft
Kartofte
Karup
Kårup
Kårup
Kåsby
Kåse
Kås
Kås
Kaslunde
Kaslund
Kås Mark
Kassebølle
Kassemose
Kassø Kaadnergade
Kassø Kådnergade
Kassø
Kastager
Kastbjærg
Kastbjerg
Kasted
Kastelev
Kastel
Kastrup
Kastrup
Kåstrup
Kastrup
Kastrup
Kastvraa
Kastvrå
Katballe
Katbjærg
Katbjerg
Katby
Katrevel
Katrinedal
Katrinedal
Katrinedal Mark
Katröd
Kåtrup
Katryde
Kattebjærg
Kattebjerg
Katterød
Kattinge
Kattrup
Kavslunde
Kegnæshøj
Kejlstrup
Keldbjærg
Keldby
Keldbylille
Keldbymagle
Kelddal Gaarde
Kelddal Gårde
Keldeby
Keldernæs
Keldernæsskov
Keldet
Keldseby
Keldstrup
Keldstrup
Kelleby
Kelleklinte
Kellerup
Kellerup
Kelseby
Kelst
Kelstrup
Kelstrup
Kelstrup
Kelstrup
Kelstrupskov
Kelstrup Strand
Kemtrup
Kerte
Kerteminde
Kertinge
Kestrup
Kettinge Bækkeskov
Kettinge
Kettinge
Kettinge
Ketting
Kettingskov
Kettrup
Kiædeby
Kibæk
Kidserup
Kidskelund
Kielbymagle
Kielstrup
Kielstrup
Kierteminde
Kiettinge
Kikhavn
Kildebrønde
Kildehuse
Kilde
Kildekrog
Killerup
Killerup
Kilstrup
Kimmerslev
Kinderballe
Kindertofte
Kindstrup
Kindvig
Kingstrup
Kiöbelev
Kiolstrup
Kippinge
Kirial
Kirkebæk
Kirkeby
Kirkeby
Kirkeby
Kirkeby
Kirke-Esbønderup
Kirke Eskilstrup
Kirke-Fjenneslev
Kirke Flinterup
Kirke Helsinge
Kirkeholt
Kirke-Hørup
Kirkehuse
Kirke Hvalsø
Kirke-Hyllinge
Kirkelte
Kirkendrup
Kirkerup
Kirke Saaby
Kirke Såby
Kirke-Skensved
Kirke-Søby
Kirke Sonnerup
Kirke Stillinge
Kirke-Stillinge Strand
Kirke-Syv
Kirke-Værløse
Kirkholm
Kirkholt
Kiskelund
Kissendrup Gaard
Kissendrup
Kissendrup
Kisserup
Kistofte
Kisum
Kjærby
Kjærgaarde
Kjær
Kjærsing
Kjærum
Kjærup
Kjærup
Kjæstrup
Kjallerup
Kjargaard
Kjeldbjerg
Kjeldbymagle
Kjelddal Gaarde
Kjeldstrup
Kjellerup
Kjelst
Kjelstrup
Kjelstrup
Kjemtrup
Kjepsmark
Kjersing
Kjerteminde
Kjettinge
Kjettrup
Kjöbelev
Kjobenhavn
Kjoge
Kjölby
Kjölseng
Kjöng
Kjufling
Klæstrup
Klakring
Klampenborg
Klank
Klarskov
Klarup
Klastrup
Klattrup Huse
Klattrup
Klattrup
Klattrup
Klavsebølle
Klebæk
Klegod
Klejs
Klejsmølle
Klejtrup
Klemensker
Klemenskirke
Kleppehuse
Klim
Klim Strand
Klingbjærg
Klingbjerg
Klinkby
Klinkby Stationsby
Klinken
Klink
Klintebjærg
Klintebjerg
Klinteby Frihed
Klintebygård
Klinteby
Klinteby
Klintegaarde
Klintegårde
Klinte
Klintholm Havn
Klintholm
Klinting
Klint
Klintrup
Kliplev
Klippede
Klippinge
Klitgaarde
Klitgårds Fiskerleje
Klithuse
Klitlund
Klitmøller
Klitten
Kloborg
Klodskov
Kløjing
Klokkerholm
Klokmose
Klörup Gaarde
Klørup
Klostergaarde
Klostergårde
Kloster
Kloster
Klotrup
Klovborg
Klovby
Kløvested
Kløv
Klovtofte
Klovtoft
Knabstrup
Knabstrup Stationsby
Knagstrup
Knaplund
Knappen
Knardrup
Knarreborg
Knebel Bro
Knebel
Knejsted
Knepholt
Knie
Kni
Knopper
Knösgaarde
Knøsgaard
Knøsgård
Knubbeløkke
Knud
Knud
Knudsbøl
Knudsbølle
Knudsby
Knudsker
Knudskirke
Knudsskov
Knudstrup
Knudstrup
Knudstrup
Kobæk Strand
Kobbelhuse
Kobberöd
Kobberø
Kobberrød
Kobbertoft
Købelev
København
Københoved
Koblerne
Købsted
Kodallund
Kodnergade
Koed
Koelbjærg
Koelbjerg
Koeng
Køge
Kogsbølle
Kogtved
Kohave
Kohave
Kohave
Kokær
Kokholm
Kokkedal
Kokkehaverne
Kokseby
Kokspang
Kolbjærg
Kolby Kaas
Kolby Kås
Kolby
Kølby
Kolby
Koldbro
Koldby
Koldby
Kolding
Koldkåd
Koldmose
Kolind
Kolkåd
Kølkær
Kolle
Kollekolle
Kollerød
Kollerup
Kollerup
Kollund
Kollund
Kollund Østerskov
Kolsbæk
Kølsen
Kolshave
Kölsing
Kolsnap
Kolstrup
Kolt
Komdrup
Kondrup
Kongens Lyngby
Kongensmark
Kongens Tisted
Kongerslev
Kongeslev
Køng Firegårde
Køng Firegård
Köng Firgaarde
Køng Firgårde
Køng
Køng
Kongsbjærg
Kongsbjerg
Kongsenge
Kongsengene
Kongsengen
Kongsgaarde
Kongsgårde
Kongshøj
Kongshoved
Kongsmark
Kongsted-Borup
Kongsted
Kongsted
Kongstrup
Kongstrup
Konigs Lyngby
Korinth
Korint
Korkendrup
Kornerup
Korning
Kornum
Korrup
Korshavn
Korshøj
Korsholm
Korsø
Korsør
Korsvej
Korterup
Kørup
Korup
Korup
Koster
Kosterslev
Kostræde
Køstrup
Kousted
Koved
Kovsted
Koxeby
Kraarup
Kradbjerg
Krækket
Kræmmerkrog
Krænkerup
Krageborg
Kragelund
Kragelund
Kragemade
Kragenæs Havn
Kragenæs
Kragense
Kragevig
Kraghave
Kraghede
Kragholm
Kragnæs
Krajbjærg
Krajbjerg
Krakken
Kramnitse
Kramnitz
Krarup
Krårup
Krarup
Krathuse
Krattet
Kraunsø
Kravense
Kravlund
Kravnsø
Kregme
Kregome
Krejbjærg Gaarde
Krejbjærg
Krejbjerg Gaarde
Krejbjerg
Krenkerup
Krik
Kristiansbjærg
Kristiansdal
Kristianshede
Kristiansminde
Kristrup
Krogager
Krogen
Krog
Krogsager
Krogsbølle
Krogsgaarde
Krogsgaard
Krogsgård
Krogshede
Krogsteder
Krogstederne
Krogstrup
Krogstrup
Krogstrup
Krøjerup
Krollerup
Krømlinge
Krömplinge
Kronborgdige
Krondal
Krønge
Krukholm
Krummeled Huse
Krummeled
Krummerup
Krungerup
Krusaa
Kruså
Krusbjærg
Krusbjerg
Krusborg
Krustrup
Kryle
Kuditse
Kulby
Kuldbjærg
Kuldbjerg
Kulerup
Kulhuse
Kulhus
Kullegaard
Kullerup
Kumled
Kummerled
Kummerlev
Kundby
Kunnerup
Kustrup
Kværede
Kværkeby
Kværndrup
Kværnholt
Kværrede
Kværs
Kvanløse
Kvarmløse
Kviehede
Kvie
Kvinderup
Kvislemark
Kvisselbrænding
Kvissel
Kvistgaard
Kvistgård
Kvistrup
Kvium
Kvolbæk
Kvols
Kvong
Kvorning
Kvorup
Kvorup
Kvotrup
Kvottrup
Kyndby Huse
Kyndby
Kyndeløse
Kyng
Kyringe
Kyse
Kysing
Kytterup
Kyttrup
Kyvlinge
Kyvling
Laage
Laagerup
Laanum
Laarup
Laasby
Laastrup
Labing
Ladby
Ladby
Ladegaard
Ladegaard
Ladegaards Huse
Ladegaardshuse
Ladegård
Ladegårdshuse
Ladelund
Ladelund
Lading
Læborg
Lækkingæ
Lændemark
Læn
Læsø
Læsten
Læstrup
Låge
Lågemade
Lågerup
Lågmade
Lakkendrup
Lakolk
Lambæk
Lambjærg
Lambjerg
Lamdrup
Lammestrup
Landeby
Landed Kirke
Landerslev
Landet
Landet
Landsgrav
Landtind
Landting
Langaa
Langaa
Langå
Langå
Langballe
Langdal
Langebæk
Langedeby
Langelund
Langelund
Langemark
Langemosegård
Langemose
Langerhuse
Langer
Langeskov
Langesminde
Langesø
Langet
Langetved
Langholm
Langholm
Langkær
Langkastrup
Langkjær
La""ngo
Langø
Langöre
Langør
Langskov
Langsted
Langstrup
Langthjem
Langtved
Langtved
Langtved
Langvad
Lånum
Lappegrund
Lappen
Lars
Lårup
Låsby
Låstrup
Laugø
Laurberg
Laurbjerg
Laven
Lavensby
Lavindsgaarde
Lavindsgårde
Lavø
Lavrbjærg
Lavrbjerg
Lavstrup
Lebølgård
Lebøl
Leby
Ledøje
Lee
Leestrup
Legind
Leibölle
Lejbjærg
Lejbjerg
Lejbølle
Lejre
Lejrskov
Lekkende
Lekken
Lekkingæ
Lekkinge
Le
Lellinge
Lemb
Lem
Lem
Lemmer
Lemming
Lem Stationsby
Lemtorp
Lemvig
Lendemarke
Lendemark
Lendrup Strand
Lendum
Lendum
Lerbæk
Lerbjærg
Lerbjerg
Lerdrup
Lere
Lersøen
Lerte
Lert
Lervad
Lestrup
Levetofte
Levring
Lidemark
Lifstrup
Lihme
Lihmskov
Lilballe
Lildfrost
Lild Strand
Lilfrost
Lilholt
Lilkær
Lilkjær
Lille Agersende
Lille Ajstrup
Lille Andst
Lille Anslet
Lille Anst
Lille Arden
Lille Avnede
Lilleballe
Lille Binderup
Lillebrænde
Lille Bredlund
Lille Brøndum
Lille Dalby
Lille Dame
Lille Damme
Lille Darum
Lille Ebberup
Lille Egebjærg
Lille Egebjerg
Lille Emmerske
Lille Esbønderup
Lille Favrby
Lille Fuglede
Lille Grandløse
Lille Hagelse
Lille Havelse
Lille Heddinge
Lilleheden Hornsnæs
Lille Hedinge
Lille Jyndevad
Lille Karleby
Lille Knabstrup
Lillekobbel
Lille Kongsmark
Lille Ladager
Lille Lihme
Lille Lime
Lille Linde
Lille Lindet
Lille Løjtofte
Lillelund
Lille Lyngby
Lillemark
Lille Mommark
Lille Musse
Lille Næstved
Lillenor
Lille Nustrup
Lillering
Lille Rise
Lillerød
Lille Rørbæk
Lille Rørbæk
Lille Rørbæk
Lille Salby
Lille Sjørup
Lille Skensved
Lilleskovland
Lilleskov
Lille Taarnby
Lille Tårnby
Lille Tårøje
Lille Torøje
Lille Torp
Lille Torup
Lille Torup
Lille Tvede
Lille Ubberud
Lille Værløse
Lille Valby
Lille Velling
Lille Viby
Lillevorde
Lille Vrøj
Liltved
Lime
Limskov
Linaa
Linå
Lindaa
Lindå
Lindbjærg
Lindbjerg
Lindbjerg
Lindeballe
Lindebjærg
Lindebjerg
Linde
Lindelse
Lindelse
Lindemarke
Linderum
Linderup
Lindeskov
Lindet
Lindholm Høje
Lindholm
Lindholm
Lindknud
Lind
Lindum
Lindved
Lindved
Linnerup
Lintrup
Lisbjærg
Lisbjerg
Lisbjerg-Terp
Lisby
Liseby
Liseleje
Listed
Listrup
Little Fuglede
Livø
Livstrup
Ljørring
Ljørslev
Lobbæk
Lødderup
Lodshuse
Lodskovvad
Lögeskov Huse
Løgeskov
Løgsted
Løgstør
Løgstrup
Løgten
Løgtved
Løgumgaarde
Løgumgårde
Løgumkloster
Lohals
Loitkirkeby
Løjenkær
Løjt Kirkeby
Løjtkloster
Löjt
Löjtofte
Løjt Skovby
Løjtved
Løkkeby
Løkken
Lombjærg
Lombjerg
Lomborg
Lommelev
Lønborg
Løndal
Longelse
Løng
Lønholt
Lønne Hede
Lønne
Lønnerup
Lønnestak
Lønstrup
Lørring
Lørslev
Lørsted
Lørup Hede
Lørup
Løserup
Løsning
Løth
Löt
Løvel
Løve
Løve
Lov
Løvlund
Lovns
Lovrup
Løvskal
Lovtrup
Ludvigsro
Lumbsaas
Lumbygyde
Lumbyholm
Lumby
Lumby Mark
Lumby Tårup
Lumby Torp
Lumsaas
Lumsås
Lundager
Lundby
Lundby
Lundby
Lundby
Lundby Stationsby
Lundby Torp
Lundeborg
Lundegaarde
Lundegaard
Lundegårde
Lundegård
Lundehøje
Lunde
Lunden
Lunderhede
Lunderød
Lunderskov
Lunderup
Lundforlund
Lundgaard
Lundgård
Lunding
Lund
Lund
Lund
Lund
Lundø
Lundsbæk
Lundsbjærg
Lundsbjerg
Lundsby
Lundsmark
Lundstorp
Lundtang
Lundtofte
Lundtofte
Lundtoft
Lundum
Lundumskov
Lungehave
Lunge
Lunghave
Lunghøj
Lureby
Lustrup
Lustrup
Lyby
Lydersholm
Lyderslev
Lydinge Gaarde
Lydinge Gårde
Lydinge
Lydom
Lydum
Lykkeby
Lynæs Kirkeby
Lynæs
Lyndby
Lyndelse
Lyne
Lyngaa
Lyngå
Lyngby
Lyngby
Lyngby
Lyngby
Lyngby Skov
Lyngbytorp
Lynge-Eskilstrup
Lynge
Lynge
Lyngerup
Lynghuse
Lyng
Lyng
Lyngsaa
Lyngså
Lyngsbæk
Lyngs
Lyngsø
Lynnerup
Lyø By
Lyø
Lyrsby
Lysabbel
Lysabild
Lysabildskov
Lysbro Huse
Lysbro
Lysgaard
Lysgård
Lystager Torp
Lystlund
Lystrup
Lystrup
Lystrup
Lystrup
Lystrup Strand
Maabjærg
Maabjerg
Maade
Maale
Maaløv
Maareskov
Maarslet
Maarsö
Maarum
Maarup
Måbjerg
Måde
Maderne
Maderup
Madsbad
Madsted
Madumflod
Madum
Mæby
Mægaard
Mægård
Mærn
Maglebrænde
Magleby Kirkeby
Maglebyleje
Maglebylille
Magleby
Magleby
Maglemer
Magleskov Huse
Magleskov
Magletving
Magstrup
Magtenbølle
Maibölle
Majbølle
Majbøl
Måle
Måling
Malle
Malle
Malling
Måløv
Maltbæk
Malt Kirke
Malt
Mammen
Mandbjærg
Mandbjerg
Mandemarke
Manderup
Manderup
Mandø By
Mandö
Manna
Manne
Manø
Manstrup
Marbæk
Marbjærg
Marbjerg
Måre
Måreskov
Mariager
Maribo
Mariekirke
Marielund
Marielyst
Marie Magdalene
Marke
Markeslev
Marnehuse
Marrebæk
Mårslet
Marslev
Mårsø
Marstal
Marstrup
Martofte
Mårum
Mårup
Marup
Masnedsund
Mastrup
Mastrup
Mastrup
Mastrup
Mausing
Mavsing
Medolden
Medsted
Meelby
Meelse
Meilby
Mejdal
Mejeriby
Mejeriby
Mejlby
Mejlby
Mejlby
Mejling
Mejlskov
Mejls
Mejrup
Mejsling
Melby
Melby
Melby
Meldrup
Melholt
Mellemballe
Mellemby
Mellemholm
Mellem Jølby
Mellerup
Mellerup
Melløse
Meløse
Melsted
Melsted
Meltofte
Meng
Menstrup
Mergelsbæk
Merlöse
Mern
Merrild
Merring
Mesballe
Mesinge
Mesing
Middelby
Middelfart
Middelhede
Midskov
Midstrup
Midtby
Miklenborg
Milbak Huse
Milbakken
Milbak
Mileskov
Millinge
Mindeshoved
Mindstrup
Mintebjærg
Mintebjerg
Miotby
Mjallerup
Mjang
Mjellerup
Mjels
Mjels
Mjesing
Mjolden
Mjøls
Møborg
Moderup
Moeskær
Moeskjær
Møgelby
Møgelkær
Mögelkjær
Møgeltønder
Møgeltorum
Møgelvang
Mogensbæk
Mogenstrup
Mogenstrup
Mojbøl
Molbjærg
Mølbjerg
Molbjerg
Mølby
Moldbjerg
Møldrup
Møldrup
Möldrup Stationsby
Molgær
Molger
Mølholm
Mølholm
Mølholt
Møllemark
Mollerup
Mollerup
Mollerup
Möllevangen
Møllevang
Mølmark
Møltrup Hede
Moltrup
Mölvang Gaard
Mølvang
Mommark
Mondrup
Mønge
Mønsted
Monstrup
Mørdrupgård
Mørdrup
Morild
Mørke
Mørkhøj
Mørkholt
Mørkøv Kirkeby
Mørkøv
Mørkøv Stationsby
Mørreby
Mortenstrup
Morud
Morum
Morup Mølle
Mørup
Mosbjærg
Mosbjerg
Mosebølle
Moseby
Moseby
Mosede
Mosegaard
Mosegaard
Mosegård
Mosegård
Mosekær
Moselund
Mosevraa
Mosevrå
Mostrup
Møsvraa
Møsvrå
Mou
Mov
Muldbjærg
Muldbjerg
Muleby
Mullerød
Mullerup
Mullerup
Mullerup Strand
Mulstrup
Mulvad
Mummark
Mundelstrup
Mundelstrup Stationsby
Munkdrup
Munke Bjærgby
Munke Bjergby
Munkebo
Munkeby
Munkeby
Munke
Munkerup
Munke-Sjørup
Munklinde
Munkø
Munksjørup
Munktofte
Munktoft
Musse Mader
Musse
Mygdal Mejeriby
Mygdal
Mygget
Mygind
Mygind
Mylund
Mynderup
Myreby
Myrelund
Myrhøj
Myrup
Naaby
Naarup
Naarup
Nabbe
Nab
Nåby
Næblerød
Nældemose
Nærum
Næsbjærg
Næsbjerg
Næsborg
Næsby Fed
Næsbyhoved-Broby
Næsbyhoved
Næsby
Næsby
Næsby
Næsby
Næsby ved Skoven
Næsby ved Stranden
Næs
Næs
Næs
Næstelsø
Næstrup
Næstved
Nagbøl
Nagelsti
Nagelsti Skovhuse
Najbjærg
Najbjerg
Nakke
Nakke
Nakskov
Naldmadebro
Nårup
Nårup
Näs
Naur
Nautrup
Navntoft
Navr By
Navr
Navtrup
Nebbelunde
Nebel
Nebel
Neble
Neble Torp
Nebsager
Nebstrup
Neder Aastrup
Neder Åstrup
Neder Bjerre
Neder Blaakrog
Neder Blåkrog
Nederby
Nederby
Neder Donnerup
Neder Draaby
Neder Dråby
Neder Dråby
Neder Fløjstrup
Neder Geestrup
Neder Ginderup
Neder Hadsten
Nederhede
Neder Hjerk
Neder Holluf
Nederholm
Neder Hornbæk
Neder Hvamme
Neder Hvam
Neder Jerstal
Neder Julianehede
Neder Kestrup
Neder Lert
Neder Lysabild
Neder Randlev
Neder Romalt
Neder Simmelkær
Neder Simmelkjær
Neder Sønderby
Nederste Torp
Neder Tandslet
Neder Tarp
Neder Ustrup
Neder Vindinge
Neder Vrigsted
Neder Vrønding
Nedre Blaakrog
Nedre Lert
Nedre Simmelkær
Nees By
Nees
Nees
Nejbjerg
Nejede
Nejlinge
Nejsmølle
Neksø
Nellemose
Nellerød
Nes
Nes
Nestelsö
Nexø
Nibe
Nidløse
Nielstrup
Nielstrup
Nielstrup
Nijsted
Niløse
Nim
Nimtofte
Nisset
Nissumby
Nissum
Nissum Seminarieby
Nivaa
Nivå
Niverød
Nøbbet
Nöbbölle
Nødager
Nøddelund
Nødebo
Nøjsomhed
Nøkkentved
Nolde
Nølev
Nollund
Nonmølle
Nonnebo
No
Nöraa
Nørager
Nørager
Nörager Stationsby
Nørå
Nørbæk
Nörballe
Nørbeg
Nörbek
Nörb
Nørbølling
Nørby
Nørby
Nørby
Nørdam
Nordborg
Nordburg
Nordby
Nordby
Nordby
Nordenaa
Nordenå
Nordenbro
Nordenbro Vesteregn
Nordenge
Nordenhuse
Nordenskov
Norderwilstrup
Nordfelt Kobbelhus
Nordkær
Nordlunde
Nordost
Nordrup
Nordrupøster
Nordrupvester
Nordskov
Nordstrand
Nøreng
Nörhaa
Nørhå
Nørhede
Nørholm
Nørhoved
Nörkær
Nørklit
Nørlang
Nørlev
Normsted
Nørre Aaby
Nørre Aarslev
Nørre Åby
Nørre Aggersund
Nørre Aldum
Nørre Alslev
Nørre Andrup
Nørre Arup
Nørre Askær
Nørre Asminderup
Nørre Asmindrup
Nørreballe
Nørreballe
Nørre Balling
Nørre Bindslev
Nørre Bjært
Nørre Bjerre
Nørre Bjert
Nørre Bøel
Nørre Bøel
Nørre Bork
Nørre Borup
Nørre Bramdrup
Nørre Broby
Nørre Brorstrup
Nørreby
Nørreby
Nørre Dalby
Nörredam
Nørredige
Nørre Draaby
Nørre Dråby
Nørre Eskilstrup
Nørre Esterbølle
Nørre Farup
Nørre Feldingbjerg
Nørre Felding
Nørre Felding
Nørre Folding
Nørre Frenderup
Norre Galten
Nørre Grimmelstrup
Nørre Halne
Nørre Harreslev
Nørre Harridslev
Nørre Harritslev
Nørre Haurvig
Nørre Havrevig
Nørre Havrvig
Nørrehede
Nørre Herlev
Nørre Hjarup
Nørre Højrup
Nørre Hörning
Nørre Hostrup
Nørre Hurup
Nørrehus-Ballum
Nørre Hvalsø
Nørre Hyllinge
Nørre Jærnlöse
Nørre Jernløse
Nørre-Kirkeby
Nørre Knudstrup
Nørre Kollemorten
Nørre Kollund
Nørre Kongerslev
Nørre Lem
Nørre Løgum
Nørre Longelse
Nørre Lovrup
Nørre Lyndelse
Nørre Lyngby
Nørre Lyngvig
Nørremark
Nørremark
Nørremark
Nørre Mern
Nørremølle
Nørre Næraa
Nørre Nærå
Nørre Nærum
Nørre Nebel
Nørre Nissum
Norre
Nørreøkse
Nørre Ønlev
Nørre Onsild
Nørre Ørslev
Nørre Ørum
Nørre Radsted
Nørre Rævind
Nørre Rind
Nørre Rubjærg
Nørre Rubjerg
Norre Saltum
Nørresand Havn
Nørresand
Nørre Sejerslev
Nørre-Skast
Nörreskov Huse
Nørreskov
Nørre Smedeby
Nørre Smidstrup
Nørre Snede
Nørre Søby
Nørre Søller
Nørre Söraa
Nørre Sørå
Nørre Staby
Nørre Starup
Nørresundby
Nørre Taastrup
Nørre Tarp
Nørre Tåstrup
Nørre Thise
Nørre Tinnet
Nørre Tise
Nørre Tornby
Nørre Tostrup
Nørre Tranders
Nørre Tvede
Nørre Tvismark
Nørre Uttrup
Nørreværre
Nørre Vallenderød
Nørre Vallingerød
Nørrevang
Nørre Vedby
Nørre Vejrup
Nørre Vestud
Nørre Vilstrup
Nørre Vinge
Nørre Vissing
Nørre Vium
Nørre Vollum
Nørre Vong
Nørre Vornæs
Nørre Vorupöre
Nørre Vorupør
Norring
Norse
Nørskovlund
Nørskov
Nørskov
Norsminde
Nors
Nortvig
Nørum
Norup Gaarde
Norup
Norup
Norup
Nostrup
Notmark
Notmarkskov
Nøtten
Nøttrup
Nøvling
Nøvling
Novrup
Nustrup-Bæk
Nustrup
Ny Bjærgby
Ny Bjergby
Nybølgaard
Nybølgård
Nybölle Gaard
Nybølle Hede
Nybølle
Nybølle
Nybølle
Nybøl
Nybo
Nybo
Nyborg
Nyborg
Nyborg Strand
Ny Borre
Nybro
Nyby
Nyby
Nyby
Nyby Strandhuse
Nye Nyby
Nye Törring
Ny Faarevejle
Ny Fårevejle
Nygaarde
Nygaard
Nygaard
Nygårde
Nygård
Nygård
Ny Hagested
Ny Hampen
Ny-Hasseris
Nyhavn
Ny Hesselager
Ny Hjortkær
Ny Højen
Ny-Holte
Ny Humlebæk
Nyhuse
Nyhuse
Nykær
Nyker
Nykiöbing
Nykirke
Nykjær
Nykjöbing
Nykjöbing
Nykøbing Mors
Nykøbing
Nykøbing
Nykøbing Sjælland
Ny Laarup
Nylarsker
Nylarskirke
Nylars
Ny Lårup
Ny Lifstrup
Nymark
Nymark
Nymarksgårde
Nymarkshuse
Nymindegab
Nymølle
Ny Nørup
Ny Nyby
Nyord By
Nyord
Ny Osted
Ny Pøl
Nyraad
Nyraad Stensved
Nyråd
Nyråd-Stensved
Nyrup
Nyrup
Nyrup
Nyrup
Ny Skrøbelev
Nysted
Ny Stenderup
Nysum
Ny Tolstrup
Nytorp
Ny Vemmenæs
Öagær
Øager Huse
Øager
Obbekær
Øbening
Øbjærg
Øbjerg
Obling
Øby
Odby
Odden
Oddense
Odde
Odde
Odder
Oddersted
Odderup
Oddesund Nord
Oddesund
Oddesund Syd
Oddum
Øde Førslev
Øde-Hastrup
Odense
Odens
Ødis Bramdrup
Ødis
Ødsted
Odstrup
Ødum
Øen-Skovhuse
Øen-Smidstrup
Oens
Øerne
Øgelund
Øhuse
Oksbøl
Oksby
Oksenbøl
Øksendrup
Øksenhede
Øksenmølle
Øksenvad
Oksenvad
Okslund
Okslund
Oksvang
Ølby Lyng
Ølby
Ølby
Olde
Olderup
Oldrup
Ølgod
Ølholm
Øllebølle
Øllerup
Ollerup
Øllevad
Olling
Øllufvad
Ølsemagle
Olsker
Olskirke
Øls
Ølsted Nederholm
Ølsted
Ølsted
Ølsted
Ølsted Overholm
Ølst
Ølstrup
Olstrup
Ølstykke
Ølstykke Stationsby
Ølund
Ømark
Ømkuler
Ommel
Omme
Ommestrup
Omø By
Øm
Omø
Omvraa
Omvrå
Ondløse
Ondrup
Onsbierg
Onsbjærg
Onsbjerg
Onsevig
Onsild Stationsby
Onsilo
Ønslev
Onsved
Ø
Opager
Oplev
Oppelstrup
Oppe Sundby
Opsneum
Opstrup
Opsund
Ørbæk
Ørbæk
Ørbæk
Ørby
Ørby
Ørby
Ørderup
Ørding
Ordrup
Ordrup
Orebo
Orebygård
Oreby
Orehoved
Ore og Gallemander
Ore
Ore
Ore-Skovmölle
Ørholm
Oringe
Ormeslev
Ormslev
Ormstrup
Ornebjærg
Ornebjerg
Örneland
Ørnhøj
Ørninge
Ørnstrup
Ornum
Ornum
Ørre
Orre
Örreslev
Ørridslev
Ørrild
Ørritslev
Ørsbjærg
Ørsbjerg
Ørskov
Ørslev Kohave
Ørslev Lillevang
Ørslev
Ørslev
Ørslev under Skoven
Örslevunderskov
Ørslevvester
Orsley
Ørsløkke
Ørsø
Ørsted
Ørsted
Ørsted
Orten
Orte
Ørting
Örtoft
Ortved
Ørum
Ørum
Ørum Overdrev
Ørum Søndermark
Ørup
Orup
Ørvad
Osager
Osbæk
Øsby
Øse
Øslev
Øsløs
Øsse
Østbirk
Østby
Osted
Östenaaen
Östenaa
Østenåen
Østenkær
Øster Aabølling
Öster Aaby
Øster Äbølling
Øster Åby
Østerågård
Öster Agger
Øster Alling
Øster Assels
Øster Åst
Øster Astrup
Østerballe
Østerballe
Øster Bisholt
Øster Bjærgegrav
Øster Bjerregrav
Öster Bögebjærg
Øster Bøgebjerg
Øster Bølle
Øster Bording
Øster Børsting
Øster Bregninge
Øster Broby
Øster Brønderslev
Østerby Havn
Østerby
Østerby
Østerby
Østerby
Øster Doense
Öster Doens
Öster Egebjærg
Øster Egebjerg
Øster Egesborg
Øster Faddersbøl
Östergaarde
Østergaarde
Øster Gammelby
Østergårde
Østergårde
Øster Gasse
Øster Gejl
Øster Gesten
Øster Gjerndrup
Oster Gjesten
Øster Grønning
Øster Hæsinge
Øster Halne Enge
Österhalne Enghuse
Øster Halne
Öster Hasing
Øster Hassing
Østerhede
Øster Hjermeslev
Øster Hjermitslev
Øster Højst
Øster Holmen
Østerholm
Øster Hornum
Øster Hurup
Østerhuse
Øster Hvidbjerg
Østerild
Øster Jølby
Øster Karleby
Øster Kippinge
Østerklint
Øster Kondrup
Österlarsker
Øster-Larskirke
Østerlars
Østerled
Øster Lem
Øster Linderup
Øster Lindet
Øster Løgum
Øster Løgum Østermark
Øster Lunde
Østerlund
Øster Lyby
Øster-Mariekirke
Østermarie
Östermarke
Østermark
Östermark
Østermark
Øster Marup
Øster Melholt
Øster Mellerup
Östermose
Øster No
Øster Nordlunde
Øster Ølby
Øster Ørbæk
Øster Rabjerg
Øster Rendbæk
Øster Skærum
Øster Skerninge
Øster Skjerninge
Øster Skørringe
Øster Skovby
Østerskov
Øster Snebtrup
Øster Snede
Øster Snogbæk
Øster Sømarken
Öster Sömarkhuse
Øster Sottrup
Øster Starup
Øster Stillinge
Øster Sundby
Øster Svenstrup
Øster Syv
Öster Teglgaard
Øster Teglgård
Øster Terp
Øster Tim
Øster Tørslev
Øster Torsted
Øster Ulslev
Øster Uttrup
Øster Vamdrup
Øster Vandet
Østervang
Øster Vanned
Øster Vedsted
Øster Velling
Öster Vintersgaard
Øster Vintersgård
Öster Vraa
Østervrå
Øster Vrå
Øster Vrøgum
Östlös
Østofte
Ostre Snogbæk
Østrup
Østrup
Ostrup
Østrup
Østtarp
Ottersbøl
Otterup
Ottestrup
Otting
Oudrup
Ougtved
Oure
Ousager
Ousted
Oustrup
Oustrup
Ovdrup
Oved
Ove
Over Åstrup
Over Åstrup
Over Barrit
Overbjærg
Overbjerg
Over Blaakrog
Over Blåkrog
Overbroen
Overby
Overby
Overby
Over Draaby
Over Dråby
Over Even
Over Feldborg
Over Fidde
Over Fløjstrup
Over Fussing
Over Geestrup
Over Ginderup
Over Hadsten
Over Hjerk
Over Holluf
Overholm
Over Hornbæk
Over Jels
Over Jerstal
Over Jonstrup
Over Julianehede
Over Kærby
Over Kestrup
Overlade
Over Lerte
Over Lert
Overlund
Øverød
Over Randlev
Over Romalt
Over Simmelkær
Over Simmelkjær
Over Slebsager
Øverste Torp
Over Tandslet
Overtarp
Øverup
Over Ustrup
Over Vindinge
Over Viskum
Over Vrigsted
Ovre Blaakrog
Ovre Jonstrup
Ovre Lerte
Ovre
Ovre Simmelkær
Ovsager
Ovstrup
Ovstrup
Ovstrup
Ovtrup
Ovtrup
Ovtved
Oxböl
Oxby
Oxenböl
Öxendrup
Öxenvad
Oxlund
Oxlund
Oxsböl
Oxvang
Paaby
Paarup
Paarup
Paarup
Paarup
Påby
Padborg
Paderup
Palleshave
Pamhule
Pandebjerg
Panderup
Pandrup
Pannerup
Pårup
Pårup
Pårup
Pårup
Pasop
Pebringe
Pedersborg
Pederskerbyen
Pedersker
Pederskirke
Pederstrup
Pederstrup
Pederstrup
Pederstrup
Pedholt
Pejrup
Pennsylvanien
Pensylvanien
Perbøl
Permelille
Peterbæk
Petersværft
Piedsted
Pilehave
Pillemark
Pilshuse
Pindstrup
Pirup
Pirupshvarre
Pisselhøj
Pjedsted
Pjedsted Stationsby
Plejelt
Plejerup
Plovslund
Plovstrup
Plovstrup
Pogemosetofte
Pollerup Kullegaard
Pollerup Kullegård
Pollerup
Pøl
Pølsmark
Pommersgårde
Pommersgård
Porsheden
Porshede
Poulstrup
Povlsker
Povlskirke
Povlstrup
Povlstrup
Præstbro
Præstbro
Præstens Kær
Præstevænge
Præstø
Prejerup
Prejlerup
Pugdal
Pulsen
Pulshuse
Purhus
Purkær
Puthede
Raabylille
Raabymagle
Raaby
Raaby
Raade
Raadvaddam
Raadvad
Raadvad
Raadved
Raagelege
Raageleje
Raagelund Bækkeskov
Raagelunde
Raagelund
Raahede
Raa
Raarud
Raarup
Raarup
Raasted
Raast
Rabæk
Rabjærg
Rabjærg
Rabjerg
Rabjerg
Rabsted
Råbylille
Råbymagle
Råby
Råby
Radby
Råde
Radsted Langet
Radsted
Rådvaddam
Rådvad
Rådved
Ræer
Ræhr
Rækker Mølle
Rær
Rærup
Rærup
Rævind
Rævsnæs
Rævstrup
Ragebøl
Rågeleje
Rågelunde Bækkeskov
Rågelunde
Rågelund
Råhede
Rakkeby Holm
Rakkeby
Raklev
Ramløse
Ramme
Ramsing
Ramsølille
Ramsømagle
Ramten
Randbæk
Randbøldal
Randbøl
Randers
Randerup
Randkleve
Randkløve
Randlev
Randrup
Rands
Rangstrup
Rannerød
Rantzausminde
Ranum
Rå
Rårud
Rårup
Rårup
Rask Mark
Rask Mølle
Råsted
Råst
Raved
Ravhede
Ravlund
Ravndrup
Ravnebjærg
Ravnebjærg
Ravnebjerg
Ravnebjerg
Ravnholtlund
Ravnholt
Ravnholt
Ravning
Ravnkilde
Ravnsbæk
Ravnsbjærg
Ravnsbjærg
Ravnsbjerg
Ravnsbjerg
Ravnsby
Ravnshøjgyden
Ravnshöjgyde
Ravnshøj
Ravnshöj
Ravnsholt
Ravnsnæs
Ravnsø
Ravnsø
Ravnstrup
Ravnstrup
Ravnstrup
Ravsted
Rebæk
Rebbøl
Rebelsig
Rebild
Rebstrup
Redsø
Redsted
Reerslev
Reerslev
Reersnæs
Reersø
Reerstrup
Reesnæs
Refsgaarde
Refsgårde
Refshale
Refshammer
Refsnæs
Refs
Refstrup
Refsvindinge
Regerup
Regnemark
Regstrup
Regstrup
Reisby
Rejnstrup
Rejsby-Ballum
Rejsby
Rejstrup
Rejstrup
Rekkende
Rekkermölle
Rekkinge
Remkolde
Remmerhus
Remmerslund
Remmer Strand
Rendbæk
Rendbjerg
Rendeløb
Renden
Renderne
Render
Rends
Renge
Rens
Resdal
Resenbro
Resendal
Resen
Resenstad
Resö
Rested
Retholt
Rettestrup
Rettrup
Revbjærg
Revbjerg
Revelsig
Revninge
Revn
Revsgaarde
Revshale
Revshale
Revshammer
Revsø Mark
Revsøre
Revs
Revstrup
Revsvindinge
Ribe
Riddertofte
Rifbjærg
Rifbjerg
Rigtrup
Rikkesminde
Rimmehuse
Rimmenhuse
Rimmen
Rimmerhuse
Rimmerhus
Rimmerslund
Rimsø
Rindbæk
Rindby
Rindebæk
Rindom
Rind
Rindsholm
Rindum
Ringebygård
Ringeby
Ringe
Ring Firegård
Ring Firgaarde
Ring firgårde
Ringive
Ringkjöbing
Ringkøbing
Ring
Ring
Ringsbjærg
Ringsbjerg
Ringsebølle
Ringseby
Ringsø
Ringsted
Ringtved
Rinkenæs
Risbjærg
Risbjerg
Risby
Risby
Risby
Rise Hjarup
Risen
Rise
Rise
Riserup
Risgaarde
Risgårde
Rislev
Ris
Ris
Ris
Risskov
Ristinge
Risum
Ritbjerg
Roager
Robdrup
Robstrup
Rødbyhavn
Rødby
Røddinge
Rødding
Rødding
Rødebæk
Rödehuse
Rødekro
Rödeled
Rødeledshuse
Rodelund
Rodemark
Rode
Rödhuse
Rødhus
Rødkærsbro
Rødklit
Rødme
Rodnæs
Rødovre
Rødskebølle
Rodskov
Rodsted
Rødstofte
Rødvig
Roedby-havn
Roe
Roerslev
Roest
Røgelhede
Røgen
Rogenstrup
Røgerup
Røgeskov
Røgild
Røgind
Rögle
Rögleskov
Rögle Torp
Rogstrup
Roholte
Røjerup
Røjklit
Røjle
Røjleskov
Röjle Taarup
Røjle Tårup
Røj
Røkirke
Rold
Rolfsted
Røllum
Roløkke
Rolpested
Rolsted
Rolund
Rom By
Romdrup
Romlund
Rømø Kirkeby
Rom
Ronæs
Rönbjærg
Rønbjerg Huse
Rønbjerg
Rønde
Roneklint
Ronesbanke
Rønge
Rønholt
Rønland
Rønnebæk
Rönnebjærg
Rønnebjerg
Rønnede
Rønne
Rønninge
Ronnum
Rønsheved
Rønshoved Gård
Ronum
Roost
Rørbæk Langet
Rörbæk
Rørbæk
Rørby
Rördal By
Rørdal
Rørholt
Rørkær Huse
Rørkær
Rø
Rorslev
Rørtang
Rørt
Rorup
Rorup
Rørup
Rørvig
Rosendal
Røskebølle
Roskilde
Roslev
Rosmos
Rosmus
Rosnæs
Rosted
Røstofte
Rostrup
Rostrup
Rostved
Rottarp
Roum
Rousthøje
Roust
Rovbjærg
Røved
Roved
Rovsthøje
Rovst
Rovstrup
Rubjærg
Rudbjerg
Rudbøl
Rude Eskildstrup
Rude-Eskilstrup
Rude
Rude
Rude
Rudkiobing
Rudkjöbing
Rudkøbing
Rudme
Rud
Rudskov Huse
Rudstrup
Ruds-Vedby
Rue
Rueskov
Rufas
Rugballe
Rugbjærg
Rugbjerg
Rugskov
Rugsted
Rugtved
Rumperup
Rungsted
Ru
Rurup
Rustrup
Ruth
Rutsker
Rutskirke
Ruttebüll
Rybjerg Kirkeby
Rybjerg
Rydal
Rydbjærg
Rydbjerg
Ryde
Ryde
Rydsbæk
Rydskov
Rye
Rye
Rye Stationsby
Rygaarde
Rygaardstrand
Rygårde
Rygård Strand
Rykkerup
Rynkeby
Ryomgaard
Ryomgård
Ry
Ryslinge
Rytsebæk
Ryumgaard
Ryumgård
Ryvang
Saaby
Saaderup
Saarup
Sabro
Såby
Sadderup
Såderup
Sådinge
Sæbberup
Sæby
Sæby
Sæby
Sædballe
Sædden
Sædder
Sædding
Sædding
Sæden
Sædinge
Sædingeskov
Sæding
Sædingskov
Sæd
Sælvig
Særløse
Særslev
Særslev
Sæsing
Sageby
Sahl
Saint Knud
Saksborg
Saksild
Sakskøbing
Saksmose Huse
Saksmose
Salby
Sale
Sallerup
Salle
Sallinge
Sallinge Skov
Salling
Sallingsund
Salløv
Sall
Sal
Saltbæk
Salten
Saltø By
Saltofte
Saltofte
Saltrup
Saltum
Saltum Strand
Saltuna
Saltune
Saltvig
Sandager
Sandager
Sandal
Sandbjærg
Sandbjærg
Sandbjerg
Sandbjerg
Sandby Lindelse
Sandby
Sandby
Sanddal
Sander
Sanderum
Sandet
Sandholm
Sandholts-Lyndelse
Sandkaas
Sandkås
Sandstræde
Sandvad
Sandvad
Sandved
Sandvig
Sandvig
Sangstrup
Sankt Bodil
Sankt Clemens
Sankt Jørgensbjærg
Sankt Jørgensbjerg
Sankt Knuds By
Sankt Ols
Sankt Peter
Sankt Povl
Sante
Sårup
Sarup
Sasserup
Sattrup
Saunte
Saxild
Saxkiöbing
Saxkjöbing
Saxmose
Scandia
Sebbelev
Sebbersund
Sebberup
Sebelev
Sebstrup
Seden
Seden Strand
Seding
Seem
Seem
Seem
Seerdrup
Seest
Segalt
Seggelund
Seglflod
Seierslev
Seirby
Sejerby
Sejerslev
Sejet
Sejlflod
Sejlflo
Sejling
Sejlstrup
Sejrby
Sejrup
Sejs Huse
Sejs
Sejstrup
Sejstrup
Sejt
Seksgaarde
Seksgårde
Sekshusene
Sekshuse
Selde
Selkær
Selkjær
Sellerup
Selling
Selsinggaarde
Selsinggårde
Semb
Sem
Sem
Sengeløse
Sennels
Sepstrup
Serdrup
Serreslev
Serreslev
Serridslev
Serridslev
Serritslev
Serup
Serup
Sessing
Sest
Sevel
Sherrebek
Sibberup
Sidinge
Siem
Sierslev
Sigerslevøster
Sigerslev
Sigerslevvester
Sigersted
Sig
Siim
Sildestrup
Silkeborg
Sillerslev
Sillerup
Sillesthoved
Silstrup
Simested
Simmelkær
Simmendrup
Simmerbølle
Simmersted
Sim
Sindalhede
Sindallund
Sindal
Sindbjærglund
Sindbjærg
Sindbjerglund
Sindbjerg
Sinderup
Sinding
Sindrup
Sinebjærg
Sinebjerg
Sinkbæk
Sinnerup
Siörring
Sipperup
Sir
Sivested
Sjælborg
Sjælsmark
Sjælstofte
Sjelborg
Sjellerup
Sjelle
Sjolte
Sjølund
Sjörrind
Sjörrind
Sjørring
Sjørring
Sjørslev
Sjørup Gaarde
Sjørup Gårde
Sjørup
Sjøstrup
Sjunkeby
Skaade
Skaaphusmark
Skaarupöre
Skaarup
Skaarup
Skaarup
Skaarup
Skaastrup
Skabohuse
Skadbak
Skadebak
Skader
Skade
Skads
Skægkær
Skælskør
Skænkelsö
Skærbæk
Skærbæk
Skæring
Skærkær
Skærlund
Skærød
Skærping
Skærshale
Skærsig
Skærum
Skærup
Skærving
Skævinge
Skaftelev
Skafterup
Skagen
Skalbjærg
Skalbjerg
Skalborg
Skalkendrup
Skallebjærg
Skallebjerg
Skallebølle
Skallegaarde
Skallegårde
Skallerup
Skallerup
Skalmstrup
Skals
Skalstrup
Skalstrup
Skamby
Skamstrup
Skanderborg
Skanderup
Skanderup
Skandia
Skannerup
Skåphus Mark
Skåphus
Skarild
Skarndal
Skarø By
Skarpeskadegård
Skarpeskade
Skarp-Salling
Skarre
Skarresø
Skarrild Overby
Skarrild
Skartved
Skarum
Skårupøre
Skårup
Skårup
Skårup
Skårup
Skåstrup
Skast
Skattebølle
Skaverup
Skave
Skebjærg
Skebjerg
Skeby
Skedsbølle
Skedsböl
Skedshale
Skeen
Skee
Skee Taastrup
Skee Tåstrup
Skee Tostrup
Skejby
Skelby
Skelby
Skelde Gård
Skelde Kobbel
Skelde
Skelhøje
Skelhuse
Skellebjærg
Skellebjerg
Skellerød
Skellerup Nygaarde
Skellerup Nygårde
Skellerup
Skellerup
Skellerup
Skellet
Skellingsted
Skelmose
Skelstrup
Skelum
Skelund
Skenkelsø
Sken
Skerk
Skerne
Skerne
Skern
Skersig
Ske
Skibbild
Skibbinge
Skibby
Skibby
Skibelund
Skibet
Skibhusene
Skibhuse
Skibild
Skibinge
Skibsby Hede
Skibsby
Skibsted
Skibstrup
Skibtved
Skiby
Skiby
Skidenstræde
Skielby
Skiellerup
Skiffard Pynt
Skiffard
Skiften
Skimmede
Skindbjærg
Skindbjerg
Skindbjerg
Skinnede
Skinnerup
Skioldborg
Skiorringe
Skippinge
Skisby
Skive
Skivholme
Skivild
Skivum
Skjærbæk
Skjærbæk
Skjærlund
Skjærup
Skjedsbøl
Skjedshale
Skjelby
Skjellerup
Skjellerup
Skjellund
Skjelmose
Skjelskör
Skjerk
Skjern
Skjersig
Skjød
Skjödstrup
Skjoldbjærg
Skjoldbjerg
Skjoldborg
Skjoldelev
Skjolde
Skjold
Skjoltrup
Skjörbæk
Skjörping
Skodborg Gårde
Skodborggård
Skodborg Huse
Skodborghus
Skodborg
Skodborg
Skodsbøl
Skodsbøl
Skodsborg
Skodsebølle
Skødshoved Strand
Sköd
Skødstrup
Skødstrup
Skonager
Skophus
Skørbæk
Skørpinge
Skørping
Skörping Stationsby
Skörringe
Skørring
Skorup
Skottemarke
Skotterup
Skøtterup
Skøttrup
Skovballe
Skovbølle
Skovbølling
Skovböl
Skovbyballe
Skovby Østj
Skovby
Skovby
Skovby
Skovdallund
Skovengene
Skovenge
Skoven
Skoven
Skoverup
Skove
Skovgaarde
Skovgade
Skovgårde
Skov Hastrup
Skovhuse
Skovhuse
Skovhuse
Skovkrogen
Skovlænge
Skovlunde
Skovlund
Skovmark
Skovmose
Skovrup
Skovsborg
Skovsbo
Skovsby
Skovsende
Skovse
Skovsgaarde
Skovsgaarde
Skovsgaard
Skovsgårde
Skovsgårde
Skovsgård
Skovs-Hjrup
Skovs-Højrup
Skovshoved
Skovshoved
Skovsö
Skovsted
Skovstrup
Skovstrup
Skov-Torup
Skov-Vallenderød
Skræm
Skræ
Skram
Skrave By
Skrave Kirke
Skraverup
Skredtorpe
Skrejrup
Skrillinge
Skringstrup
Skröbelev
Skrødstrup
Skrosbjærg
Skrosbjerg
Skrövelev
Skrulle
Skrydstrup
Skuderløse
Skudstrup
Skuerup
Skuldelev
Skurup
Skydebjærg
Skydebjerg
Skygge
Skyum
Slæbæk
Slagballe
Slagelse
Slaglille
Slagslunde
Slagstrup
Slagstrup
Slangerup
Slelde
Slemminge
Sletelte
Sletenge Huse
Sletenge
Slet
Sletteenge
Sletten
Sletteren
Sletterne
Sletterød
Sletteskov
Slettestrand
Slettingen
Slevstrup
Slimminge
Slipshavn
Sløsserup
Sløsse
Slots Biergby Church
Slots Bjærgby
Slots-Bjergby
Slude
Sludstrup
Slukefter
Slyngsten
Smaagaarde
Smaakær
Smaakjær
Smaalyngen
Smågårde
Småkær
Smalby
Smalby
Smålyngen
Smedager
Smedebæk
Smedeby
Smederup
Smedrup
Smedsholm
Smejrup
Smerup
Smerup
Smerup
Smidie
Smidstrup
Smidstrup
Smidstrup
Smidstrup
Sminge
Smogen
Smølled
Smollerup
Smøl
Smörenge Gaarde
Smørenge
Smørpøt
Smørumnedre
Smørumovre
Smorup
Smouen
Snabhede Huse
Snæbum
Snærild
Snævre
Snævre
Snaphede
Snaptun
Snaremose Gaarde
Snaremose
Snarup
Snave
Snedsted
Snedstrup
Snedum
Sneglerup
Snejbjærg
Snejbjerg
Snejstrup
Snekkersten
Snekkerup
Sneptrup
Snerild
Snertinge
Snesere
Snesere Torp
Sneslev
Snestrup
Snetrup Huse
Sneum
Snevre
Snevre
Snøde Hesselbjærg
Snøde Hesselbjerg
Snøde
Snodstrup
Snogebæk
Snogebäk
Snoghøj
Snoldelev Hastrup
Snoldelev
Snostrup
Søballe
Söbjærg
Sobjærg
Søbjerg
Sobjerg
Søborg
Soby Mark
Søby
Søby
Søby
Soderup
Soderup
Søderup
Sødinge Hede
Sødinge
Sødover
Sødring Kær
Södringkjær
Sødring
Sødrup
Soesmarke
Søfælde
Sofiedal
Sofiedal
Sofiendal
Søften
Sögaarde
Sögaarde
Søgaard
Søgårde
Søgård
Søgård
Søholm
Søholt
Søholt
Søhuse
Søkbæk
Sølager
Solbierg
Solbjærg
Solbjærg
Solbjærg
Solbjærg
Solbjerg
Solbjerg
Solbjerg
Solbjerg
Solderup
Solekær
Soleskov
Solevad
Sølgård
Solkær
Søllerød
Søllerup
Søllested
Søllested
Søllinge
Sølperup
Solrød
Solrød Strand
Sølsted
Sølyst
Sømarken
Sømarke
Somerlyst
Sommerlund
Sommerlyst
Sommerstedskov
Sommersted
Sømose
Söndbierg
Söndbjærg
Søndbjerg
Søndenbro
Sønder Aaby
Sønder Åby
Sønder Aldum
Sønder Alslev
Sønder Årslev
Sønder Arup
Sønder Askær
Sønder Askjær
Sønder Asminderup
Sønder Asmindrup
Sønderås
Sønderbæk
Sønderballe
Sønder Balling
Sønderbeg
Sönderbek
Sønder Bindslev
Sønder Bjærge
Sønder Bjærge
Sønder Bjerge
Sønder-Bjerg
Sønder Bjerre
Sønder Bjert
Sønder Bøel
Sønderborg
Sønder Bork
Sønder Borris
Sønder Borup
Sønder Broby
Sønder Brorstrup
Sønderbro
Sönderbro
Sønder Bundgaarde
Sønder Bundgårde
Sønderby Gårde
Sønderby
Sønderby
Sønderby
Sønderby
Sønderby
Sønder Dalby
Sønderdiger
Sønder Draaby
Sønder Dråby
Sønder Esp
Sønder Esterbølle
Sønder Farup
Sønder Feldingbjerg
Sønder Felding
Sønder Frederikshöj
Sønder Frenderup
Søndergaarde
Søndergaarde
Sonder Galten
Søndergården
Søndergårde
Søndergårde
Sønder Gravlund
Sønder Grimmelstrup
Sönderhaa
Sønder Hadsund
Sønder Harreslev
Sønder Harridslev
Sønder Harritslev
Sønderhå
Sønder Haurvig
Sønder Havbro
Sønderhave
Sønder Havrevig
Sønder Havrvig
Sønderhav
Sønderhede
Sønderhede
Sønder Hjerm
Sønder Højrup
Sønderholm
Sønderholt
Sönder Hornum
Sønderho
Sønder Hostrup
Sönderhoved
Sønder Hurup
Sønder Hvornum
Sønder Hygum
Sønder Ingstrup
Sønder Jærnlöse
Sønder Jellinge
Sønder Jernløse
Sønder Karstoft
Sønder Kirkeby
Sønderkobbel
Sønder Køge
Sønder Kollemorten
Sönder Kongerslev
Sønderlade
Sønder Langelund
Sønder Langet
Sønder Lem
Sønderlev
Sønder Longelse
Sønder Lovrup
Sønder Lyngby
Sønder Lyngvig
Söndermark
Sønder Mern
Sønder Næraa
Sønder Nærå
Søndernæs
Sønder Nissum
Sønderød
Sønderøkse
Sønder Omme
Sønder Ønlev
Sønder Onsild
Sønder Ørslev
Sønder Ørum
Sønderos
Sønder Rævind
Sønder Rind
Sønder Rubjærg
Sønder Rubjerg
Sønder Saltum
Sønder Sejerslev
Sönderse
Sønder Skast
Sønderskov
Sønderskov
Sønderskov
Sønder Söraa
Sønder Sørå
Søndersø
Søndersted Borup
Søndersted
Sønder Stenderup
Søndersthoved
Sønderstrup
Sønder Taastrup
Sønder Tarp
Sønder Tåstrup
Sønder Thise
Sønder Tinnet
Sønder Tornby
Sønder Tranders
Sönder Tvismark
Sønderupnørre
Sønderupsønder
Sønderup
Sönderup
Söndervaas
Sønder Varde
Sønder Vedby
Sønder Vejrup
Sønder Vestud
Søndervig
Sønder Vilstrup
Sønder Vinge
Sønder Vissing
Sønder Vium
Sønder Vollum
Sønder Vong
Sønder Vornæs
Sønder Vorupør
Sønder Vraa
Sønder Vrå
Sønder Ydby
Søndre Hostrup
Sondrup
Sondrup Strand
Sonnerup
Sonnerup
Söraa
Sørå
Sørbylille
Sørbymagle
Sorgenfri
Sørninge
Sorø
Sorring
Sortebro
Sortenshave
Sorterup
Sortsø
Sørup
Sørup
Sørup
Sørup
Sørvad
Sose
Sø Søby
Søster-Svenstrup
Søstrup
Søst
Søsum
Søtofte
Sottrupskov
Søttrup
Sottrup
Søvang
Søvang
Søvind
Sovsö Gaarde
Søvsø
Spandet
Spanget
Spangsbro
Spangshuse
Spang
Sparkær
Sparkjær
Sparrehuse
Sparrevogn
Spejlsby
Spentrup
Sperrestrup
Sperring
Spettrup
Spidsegård
Spiellerup
Spjalde
Spjald
Spjald Stationsby
Spjarup
Spjellerup
Spodsbierg
Spodsbjærg
Spodsbjerg
Spørring
Spøttrup
Spragelse
Spramhuse
Sprattenborg Huse
Sprattenborg
Springforbi
Sprove
Staaby
Staagerup
Staanum
Staarby
Staarup
Staarup
Staarup
Staa
Stabæk
Stabolt Huse
Stabolt
Stabrand
Staby
Ståby
Stadager
Stadel
Stade
Stade
Stadil
Stæreby
Stærkær
Stærkende
Stærmose
Stae
Stågerup
Stagsrode
Stagsted
Stagstrup
Stakkroge
Stakroge
Staksrode
Stallerup
Stangerum
Stangerup
Stanghede
Stånum
Stårby
Starholm
Starreklinte
Starup
Stårup
Starup
Statene
Stausø
Stautrup
Stavning
Stavnsholt
Stavns
Stavn
Stavnstrup
Stavolt
Stavrby
Stavreby
Stavrsö
Stavsdal
Stavshede
Stavsø
Stavtrup
Staxrode
Stedstrup
Stege
Stegø
Stegsted
Stemmild
Stenbacksholm
Stenbæksholm
Stenbergholt
Stenbjærgholt
Stenbjærg
Stenbjergholt
Stenbjerg
Stendacksholm
Stenderup
Stenderup
Stendis
Stendrup
Stenebjerg
Stengade
Stenhøj
Stenholt
Stenhuse
Stenild
Stenlille
Stenlille
Stenløse
Stenløse
Stenmaglebjærg
Stenmaglebjerg
Stenmagle
Stenmose
Stenrand
Stenrøgel
Stensballe
Stensby
Stensby
Stensholt
Stensig
Stenskrog
Stenstrup
Stenstrup
Stenstrup
Stensved
Stentoft
Stenum
Stenvad
Stepping
Sterkende
Sterup
Stestrup
Stevelt
Stevning
Stevnstrup Stationsby
Stevnstrup
Stibanken
Stige Have
Stige
Stigs Bjærgby
Stigs-Bjergby
Stigsnæs
Stillebæk
Stillinge
Stillinge Strand
Stilling
Stinesminde
Stistrup
Stjære
Stjær
Stjovl
Stødov
Stødstrup
Stoense
Stoholm
Stokbro Hede
Stokkebjærg
Stokkebjerg
Stokkebro
Stokkebro
Stokkeby
Stokkemarke
Stolbro
Stollig
Stolpehuse
Stopbrohede
Storarden
Store Ajstrup
Store Almstok
Store Andst
Store Anslet
Store Anst
Store Arden
Store Astrup
Store Avnede
Store Binderup
Store Bredlund
Store Brøndum
Store Dalby
Store Dame
Store Damme
Store Darum
Store Ebberup
Store Elmue
Store Emmerske
Store Favrby
Store Fjelstervang
Store Fuglede
Store Grandløse
Store Gullestrup
Store Hagelse
Store Havelse
Store Heddinge
Store Hedinge
Store Hillerslev
Store Hillerslev
Store Hjölund
Store Jyndevad
Store Karleby
Store Karlsminde
Store Keldby
Store Knivsig
Store Kongsmark
Store Ladager
Store Langkærgård
Store Langkær
Store Langkjær
Store Lihme
Store Lime
Store Linde
Store Lindet
Store Lind
Store Lyngby
Store Magleby
Store Merløse
Store Musse
Store Nørlund
Storenor
Store Nustrup
Store Ørtoft
Store Ramsing
Store Restrup
Storering
Store Rise
Store Rørbæk
Store Rørbæk
Store Røttinge
Store Salby
Store Sjørup
Store Slemminge
Store Snøde
Store Spjellerup
Store Stegø
Store Taarnby
Store Taastrup
Store Tårnby
Store Tåstrup
Store Thorlund
Store Torlund
Store Torøje
Store Torup
Store Torup
Store Tostrup
Store Tykskov
Store Ubberud
Store Valby
Store Velling
Store Viby
Store Voerlunde
Storevorde
Store Vorslunde
Størlinge
Stormarken
Storring
Størsbøl
Stor Taastrup
Storup
Storvorde
Støttrup
Støttrup
Stouby
Stourup
Stovbrohede
Stovby
Stovby
Stovgaard
Stovgård
Støvring
Støvring
Stovrup
Stovstrup
Stovstrup
Strærup
Strammelse
Strandby Gaarde
Strandby Gårde
Strandby
Strandby
Strandby
Strandby
Strandelhjørn
Stranderød
Strand Esbønderup
Strande
Strandhoved
Strandhuse
Strandhuse
Strandhuse
Strandlyst
Strandmölle Kro
Strandmøllen
Strands
Strandtved
Strarup
Strat
Strellev
Strib
Strøby Egede
Strøby Ladeplads
Strøby
Strøby
Strølille
Strømmen
Strø
Struer
Strynø By
Strynø
Stubbæk
Stubbekiöbing
Stubbekjöbing
Stubbekøbing
Stubberup
Stubberup
Stubberup
Stubberup
Stubbe
Stubbum
Stubdrup
Stubdrup
Stubkær
Stuby
Studebygård
Studeby
Stude
Studsbøl
Studsdal
Studsgaard
Studsgård
Studstrup
Stursbøl
Styding
Styrt-om
Styrtom
Süderwilstrup
Suldrup
Sulkendrup
Sullerup
Sulsted Stationsby
Sulsted
Sundbyerne
Sundbylille
Sundbyøster
Sundby
Sundby
Sundby
Sundby
Sundbyvester
Sunde
Sundet
Sundeved
Sundgaard
Sundholm
Sundhuse
Sundsmark
Sundsøre
Sunds
Sundstrup
Surhave
Sværborg
Sværdborg
Svalebølle
Svallerup
Svaneke
Svanfolk
Svaninge
Svankær
Svankjær
Svanninge
Svansbjærg
Svansbjerg
Svebølle Stationsby
Svebölle
Svedstrup
Svejbæk
Svejlund
Svejrup
Svejstrup
Svenborg
Svendborg
Svenderup
Svendstrup
Svendstrup
Svendstrup
Svennerup
Svennum
Svensmarke
Svenstrup
Svenstrup
Svenstrup
Svenstrup
Sverdrup
Sverkilstrup
Svestrup
Svinbæk
Svinballe
Svinborg
Svindbæk
Svindborg
Svindinge
Svinding
Svingelbjærg
Svingelbjerg
Svingel
Svininge
Svinninge
Svinninge
Svinö By
Svinoe
Svinø
Svinøvester
Svinsager
Svinsbjærg
Svinsbjerg
Svogerslev
Svoldrup
Svömmehal
Svorbæk
Svostrup
Sydstranden
Synnedrup
Systofte
Syvendekøb
Syvsten
Syvveje
Taabel
Taaderup
Taageby
Taagelund
Taagense
Taagerod
Taagerud
Taagerup
Taagerup
Taageskov
Taaning
Taanum
Taarbæk
Taarnby
Taarnby
Taarning
Taars
Taars
Taarup
Taarup
Taarup
Taarup
Taastrup
Taastrup
Taastrup
Taastrup
Taastrup Valby
Tåbel
Tåderup
Tæbring
Tågeby
Tågelund
Tågense
Tågerud
Tågerup
Tågerup
Tågeskov
Tagholm
Tagkær
Tallerup Huse
Tallerup
Tambohuse
Tambohus
Tander
Tanderupkær
Tanderup
Tanderup
Tanderup
Tandrup
Tandselle
Tandslet
Tandsryde
Tandsryd
Tangerup
Tange
Tange
Tang
Tåning
Tannerup
Tannisby
Tånum
Tapdrup
Tappernøje
Tapsore
Taps
Tårbæk
Tarm
Tårnby
Tårøje
Tarp
Tarp
Tårs
Tårs
Tårup
Tårup
Tårup
Tårup
Tåstrup
Tåstrup
Tåstrup
Tåstrup
Tåstrup Vængesgård
Tåstrup-Valby
Tastum
Taulov
Tavlgaarde
Tavlgårde
Tavlov Nebel
Tavlov
Tebbestrup
Tebstrup
Teestrup
Teglgaarde
Teglgaard
Teglgaard
Teglgård
Teglkaas
Teglkås
Teglstrup
Tein
Tejlkås
Tejn Havn
Tejn
Tellerup
Telling
Tem
Tendrup
Tengslemark
Tepstrup
Terkelsbøl
Termestrup
Terndrup
Terpager
Terpet
Terpling
Terp
Terp
Terp
Terslev
Tersløse
Tessebølle
Testrup
Testrup
Tevring
Them
Thise
Thissing Huse
Thisted
Thoreby
Thorsager
Thorshøj
Thorsminde
Thorsø
Thorsted
Thorsted
Thorstrup
Thorup
Thurø By
Thurø
Thyborøn
Thyregod
Thystad
Thy
Tiæreby
Tibberup
Tibirke
Tidselbak
Tiilst
Tiim Stationsby
Tikøb
Tillerup
Tillidse
Tillitse
Tilsted
Tilst
Timring Kirkeby
Timring
Tim
Tindbæk
Tindingebanke
Tind
Tingerup
Tinghøj
Ting Jellinge
Tinglev
Tingskovhede
Tingskov
Tingsted
Tingstrup
Tingtved-Borup
Tingtved
Tinkerdal
Tinkerup Huse
Tinkerup
Tinnet
Tinning
Tirsbæk
Tirslund
Tirsted
Tirstrup
Tirsvad
Tise
Tise
Tiset
Tiset
Tislum
Tislund
Tissinghuse
Tisted
Tistrup Stationsby
Tistrup
Tisvilde-Fiskerleje
Tisvildeleje
Tisvilde
Tiufkær
Tjærby
Tjæreborg
Tjæreby
Tjæreby
Tjæreby
Tjebberup
Tjennemarke
Tjepperup
Tjerrild
Tjörnebjærg
Tjørnebjerg
Tjørneby
Tjørneby
Tjørnede
Tjørneholm
Tjørnehoved
Tjørnelunde
Tjørnemarke
Tjørnholm
Tjørntved
Tjørring
Tobberup
Tobøl
Todbjærg
Todbjerg
Todderup
Toderup
Todsbøl
Tödse
Tødsø
Toelstang
Toelt
Toftebjærg
Toftebjerg
Tofterup
Tofte
Tofte
Tofte
Tofthøj
Toftlund
Toftnæs
Toft
Toftum
Toftum
Togeby
Togeholt
Togerup
Togeskov
Toggerbo
Toghale
Tohuse
Tøjsmose
Tøjstrup
Tokkendrup
Tokkerup
Toksværd
Tolbøl
Tollerød
Tollerup
Tollestrup
Töllöse Stationsby
Tølløse
Tolne
Tolsager
Tolstrup
Tolstrup
Tolstrup
Tolstrup
Tolsvad
Tombøl
Tømmerby
Tømmerby
Tømmerby
Tommerup Stationsby
Tømmerup
Tømmerup
Tommerup
Tommestrup
Tøndering
Tondern
Tønder
Tønning
Topshøj
Torbøl
Tordensgaarde
Tordensgårde
Torderup
Toreby
Tørkeriet
Torkilstrup
Tornby Strand
Tornby
Tornby
Tornemark
Tornermark
Torning
Torning
Tornum
Tornved
Torø Huse
Torpe
Torpe
Torpet
Torpet
Torpmagle
Torp
Torp
Torp
Torrendrup
Tørresø
Torrig
Torrild
Tørringe
Tørring Huse
Tørring Kær
Tørringkirke
Tørring Stationsby
Tørring
Törring
Torrup
Torrup
Torsager
Torsbjerg
Tørsbøl
Torshøj
Tørslev
Tørslev
Torslev
Torslunde Kirke
Torslundemagle
Torslunde
Torslunde
Torsminde
Torsø
Torsted
Torsted
Torsthoved
Tors
Torstrup
Torum
Torup Holme
Torup Kohave
Torup Strand
Torup
Torup
Torup
Torup
Torup
Torvig
Tosbjærg
Tøsby
Tostebjærg
Tostebjerg
Tostenæs
Tøstrup
Tostrup
Tostrup
Tøttrup
Toustrup
Tovbro
Tøvelde
Toverup
Tøving
Tovrup
Tovsig
Tovstrup
Traasbøl
Trabjærg
Trabjerg
Tradsbjærg
Tradsbjerg
Tradsborg
Træden
Trælborg
Trællerup
Trælløse
Trællund
Trælund
Trænge
Trængstrup
Tranbjærg
Tranbjærg
Tranbjerg
Tranbjerg
Tranderup
Tranderup
Trandrup
Trandum
Tranebierg
Tranebjærg
Tranebjerg
Tranegilde
Traneholm
Tranehuse
Tranekær
Tranekær
Tranekiar
Tranekilde
Tranekjær
Tranget
Tranholm
Tranholm
Trannum
Trans
Tranum Enge
Tranum Strand
Tranum
Trappendal
Trappen
Trappeskov
Trappe
Trasbjerg
Tråsbøl
Travsted
Trebjærg
Trebjerg
Trelde
Trellerup
Trend
Tressebølle
Trevad
Trige
Trinderup
Troelseby
Troelse
Troelsröd
Troelstrup
Troelstrup
Troelstrup
Troense
Troestrup
Troldhede
Troldkær
Trolhede
Trollerup
Trommerebakke
Trønninge
Tronsmark
Trørød
Tröstrup Korup
Trøstrup
Trudslev
Trudsø
Truelstrup
TRUE
TRUE
Trunderup
Trustrup
Trust
Truust
Trye
Tryggelev
Tryghuse
Try
Tudse
Tudvad
Tudved
Tuen
Tuesbøl
Tullebølle
Tulstrup Østermose
Tulstrup
Tulstrup
Tulstrup Vestermose
Tumbøl
Tunderup
Tune
Tungelund
Tunø By
Tureby
Turö By
Turup
Tuse
Tustrup
Tværby Mark
Tværby
Tværkær Huse
Tværkær
Tværskov
Tværsted
Tvede
Tvede
Tvedhuse
Tved
Tved
Tved
Tveje-Merløse
Tvenstrup
Tversted Kirkeby
Tversted
Tveskel
Tveskjel
Tvile
Tvilho
Tvindelstrup
Tvinde
Tvingstrup
Tvismark
Tvis
Tvolm
Tvorup
Tvrsted
Tybjærglille
Tybjærg
Tybjerglille
Tybjerg
Tyborøn By
Tyborøn
Tygestrup
Tygstrup
Tyinge
Tykby
Tykskov Gaarde
Tykskov
Tylstrup
Tyregod
Tyrkeriet
Tyrsted
Tyrsting
Tyrstrup
Tystofte
Tystrup
Tyvelse
Tyvkær
Tyvmose
Tyvse
Tyvstofte
Ubberud
Ubberup
Ubberup
Ubby
Ubjærg
Ubjerg
Udbyhøj
Udbyhøj Vasehuse
Udbyneder
Udbynedre
Udbyover
Udbyovre
Udby
Udby
Udby
Udlejre
Udsholt Sand
Udsholt
Udstolpe
Udstrup
Ugelbølle
Ugelhuse
Ugerby
Ugerhalne
Ugerløse
Ugerslev
Uge
Uggelbølle
Uggelhuse
Uggeløse
Uggerby
Uggerhalne
Uggerløse
Uggerslev
Ugilt
Uglebjærg
Uglebjerg
Ugledige
Uglehuse
Uglerup
Uglestrup
Uglev
Uhe
Uhre
Uhre
Ulbierg
Ulbjærg
Ulbjerg
Ulbølle
Ulborg
Uldal
Uldum
Ulfborg Kirkeby
Ulfborg Kirke
Ulfborg
Ulfkær
Ulkær
Ulkebøl
Ulkendrup
Ulkestrup
Ulkind
Ullebjærg
Ullebölle
Ullemarke
Ullerød
Ullerslev
Ullerslev
Ullerup
Ullerup
Ullerup
Ullids
Ullis
Ullits Stationsby
Ullits
Ulriksdal
Ulse
Ulslev
Ulsted
Ulstrupbro
Ulstrup
Ulstrup
Ulstrup
Ulvborg Stationsby
Ulvborg
Underbjærg
Underbjerg
Underöd
Understed
Underup
Undløse
Ungersbjærg
Ungersbjerg
Ungstrup
Unnerud
Unnerup
Urehoved
Ure
Ure
Urlev
Urne
Urup
Urup
Usserød
Ustrup
Ustrup
Uth
Utterslevmader
Utterslev
Utterslev
Ut
Uvelse
Uve
Vaabensted
Vaade
Vaalse
Vaarbjærg
Vaarø
Vaarst
Våbensted
Vådde
Vadsby
Vadsted
Vadum
Vadum
Væde
Væggerløse
Væggerskilde
Vægger
Vælds
Vængemose
Vængesgaard
Vængesgård
Værløse
Værløse
Værslev
Værum
Væth
Væt
Vævlinge
Valby
Vallebo
Vallekilde
Vallensbæk
Vallensved
Vallerød
Vallestrup
Valløby
Vallö
Valore
Vålse
Valsgaard
Valsgård
Valsölille Gaard
Valsølille
Valsømagle
Valsted
Vamdrup Bastrup
Vamdrup
Vammen
Vandborg
Vandel
Vandet
Vandflod
Vandling
Vandløse
Vandsted
Vangede
Vange
Vangsaa
Vangså
Vang
Vang
Vang
Vanløse
Vanløse
Vansted Mark
Vantinge
Vantore
Vårbjerg
Varde
Vargaarde
Vargårde
Varhede
Varmark
Varminglund
Varming
Varnæs
Vårø
Varpelev
Vårst
Vasby
Vassingerød
Vattrup
Vebbestrup
Vedbæk
Vedbøl
Vedbynørre
Vedbysønder
Vedby
Veddelev
Vedde
Veddinge
Veddum
Vedelev
Vedelshave
Vedersø Klit
Vedersø
Vedskølle
Vedslet
Vedstårup
Vedsted
Vedsted
Vedtofte
Veerst
Veflinge Stormark
Veflinge
Veggerby
Veggerslev
Vegger
Veierslev
Veilby
Veilö
Veistrup
Vejbæk
Vejby Strand
Vejby
Vejby
Vejby
Vejenbrød
Vejen
Vejerslev
Vejers Strand
Vejers
Vejgaard
Vejgård
Vejhuse
Vejlby Fed
Vejlbyskov
Vejlby
Vejlby
Vejleby Holle
Vejleby
Vejleby
Vejle
Vejlev
Vejlø
Vejringe
Vejrø
Vejrsstrand
Vejrs
Vejrumstad
Vejrum
Vejrup
Vejrup
Vejsemose
Vejstruprød
Vejstrup
Vejstrup
Veksebo
Veksø
Veldbæk
Velds
Veleby Holle
Velgaarde
Velgårde
Velhusted
Vellerup
Vellerup
Vellev
Vellinge Huse
Vellinge
Vellingshøj
Velling
Vemb
Vemmedrup
Vemmelev
Vemmeløse
Vemmenæs
Vemmetofte Strand
Vemmingbund
Vem
Venemose
Venge
Veng
Vennebjærg
Vennebjerg
Vennemose
Vennerby
Venner
Venning
Venø By
Venø
Venslev
Venslev
Vented
Verjerslev
Verninge
Verst
Verup
Vesemose
Vesløs
Vestbirk
Vestbjærg
Vestbjerg
Vestenbæk
Vestenskov
Vester Aabølling
Vester Aaby
Vester Åbølling
Vester Åby
Vester Alling
Vester Assels
Vester Åst
Vesterbæk
Vesterbæk
Vester Balle
Vesterballe
Vester Bisholt
Vester Bjærgegrav
Vesterbjærge
Vesterbjerge
Vester Bjerregrav
Vester Bögebjærg
Vester Bøgebjerg
Vester Bølle
Vesterborg
Vester Børsting
Vesterbo
Vester Bregninge
Vester Broby
Vesterby
Vesterby
Vesterby
Vesterby
Vester Debel
Vester Doense
Vester Doens
Vester Dølby
Vester Egebjerg
Vester Egede
Vester Egense
Vester Egesborg
Vesteregn
Vesterenge
Vester Gaardsholt
Vestergaard
Vester Gammelby
Vester Gårdsholt
Vestergard
Vester Gasse
Vester Gesten
Vester Gjerndrup
Vester Gjesten
Vester Grønning
Vester Hæsinge
Vester Halne Enge
Vesterhalne Enghuse
Vester Halne
Vester Hasing
Vester Hassing
Vesterhede
Vester Hjermitslev
Vester Højst
Vester Hornum
Vester Hvidbjærg
Vester Hvidbjerg
Vester Jølby
Vester Kærby
Vester Karleby
Vester Kippinge
Vester Kirke
Vesterklit
Vesterkobbel
Vesterled
Vester Lem
Vester Lindet
Vester Lunde
Vesterlund Stationsby
Vesterlund
Vester Lyby
Vester-Mariekirke
Vester Marie
Vestermark
Vestermark
Vestermark
Vester Marup
Vester Nebel
Vester Nordlunde
Vesterø Havn
Vester Ørum
Vesterö
Vester Rabjerg
Vester Rendbæk
Vester Saaby
Vester Såby
Vester-Skerninge
Vester Skørringe
Vester Skovby
Vesterskov
Vesterskov
Vesterskov
Vester Snogbæk
Vester Sømarken
Vester Sömarkhuse
Vester Sottrup
Vester Starup
Vester Svenstrup
Vester Terp
Vester Tirsted
Vester Tørslev
Vester Torsted
Vester Torup
Vester Tostrup
Vester Tronsmark
Vester Ulslev
Vester Vamdrup
Vester Vandet
Vester Vanned
Vester Vedsted
Vester Vejrup
Vester Velling
Vester Vidstrup
Vestervig
Vesteu-Vedstadt
Vestlös
Vestrup
Vestrup
Vesttarp
Vetterslev
Viangbæk
Vibæk
Vibberstoft
Vibede
Vibeke
Viberup
Vibøge
Viborg
Viby-Terp
Viby
Viby
Viby
Videbæk
Viderup
Vidstrup
Vidstrup
Vielsted
Viemose
Vierne
Viet
Vigen
Vigerlöse
Vigerslev
Vigerslev
Vigersted
Vigslev
Vigsnæs
Vigs Ness
Vigsø
Vig
Viksø
Vilbjærg
Vilbjerg
Vildbjerg
Vildsund Vestside
Vildsund Vest
Vile
Vilgestrup
Vilholm
Vilholt
Vilhussted
Vilhusted
Vilkestrup
Villebøl
Villendrup
Villerslev
Villerslö
Villersø
Villerup
Villestoft
Villingebæk
Villingerød
Villumstrup
Vilsbæk
Vilslev
Vilsted
Vilstrup
Vilsund Vest
Vilsund
Vils
Vimtrup
Vindblæs
Vindbyholt
Vindebæk
Vindeballe
Vindebyskov
Vindeby
Vindeby
Vinde-Helsinge
Vindekilde
Vindelev
Vinderød
Vinderslev
Vinderup Gårde
Vinderup
Vinderup
Vinde
Vindinge
Vindinge
Vinding
Vinding
Vindum
Vind
Vingevænge Gaarde
Vingevænge Gårde
Vinge
Vingsted
Vinkel
Vinstrup
Vinstrup
Vinten
Vintersbølle
Vintersgaarde
Vinterslev
Vintre Møller
Vinum
Vippel
Vipperød
Virket
Virklund
Virring
Virum
Visbjærg
Visbjerg
Visborg
Visby
Visby
Viskinge
Vissenbjerg Kirke
Vissenbjerg
Visse
Vissing
Vistofte
Vistoft
Vistorp
Vittarp
Vitten
Vittinge
Vittrup
Vittrup
Vitved
Viuf
Vium Østermark
Vium
Vivede
Viverup
Vive
Vivild
Viv
Vodder
Vodrup
Vodskov
Vodstrup
Voel
Voerbjerg
Voerladegård
Voerså
Voervadsbro
Voer
Vognsild
Vognstrup
Vognsvad
Vogn
Vojens
Vøjstrup
Vokslev
Volby
Voldbro
Voldby
Voldby
Volderslev
Voldtofte
Voldum
Vollerslev
Vollerup Overdrev
Vollerup
Vollerup
Vollerup
Volling
Volshave
Volsted
Volstrup
Volstrup
Vonge
Vong
Vonsbæk
Vonsbek
Vonsild
Vonsild
Vorbasse
Vorbjærg
Vorbjerg
Vorde
Vordingborg
Vore
Vor Frue Kirke
Vor Frue
Vorgod
Vork
Vorladegaard
Vormark
Vornæs
Vorning
Vorre
Vorring
Vorsaa
Vorså
Vorup
Vorvadbro
Vor
Vostrup
Voxlev
Vraaby
Vraaby
Vraagaard
Vraa
Vraa
Vraa
Vråby
Vråby
Vrads
Vrågård
Vranderup
Vrangbæk
Vrangstrup
Vrangstrup
Vrannerup
Vranum
Vrå
Vrå
Vrå
Vredslöse
Vrenderup
Vrensted Østerhede
Vrensted
Vridsløselille
Vridsløsemagle
Vridsløse
Vridsted
Vriet
Vrigsted
Vrinders
Vringelby
Vrinners
Vrist
Vrøgum
Vrold
Vrønding
Vroue
Vrove
Vrov
Vust Holme
Vust
Vysteby
Warnitz
West Aaby
West Bröndby
West Hjermerslev
West Marie
West Skjerninge
Ydby
Yderby
Yderik
Yding
Ypnasted
Ypnested
Yppenbjerg
Yttrup
