Aalatsivik
Aappilattoq
Aappilattorq
Aasiaat
Aasivik
Agdluitsoq
Agdluitsup Pâ
Agpamiut
Agparssuit
Agpat
Agto
Akigsungek
Akínaitsât
Akínátsiait
Akiqsserniak
Akugdlek
Akugdlît
Akuliarusek
Akuliaruseq
Akulliit
Akumak
Akúnâq
Akunnaaq
Alluitsoq
Alluitsup Paa
Amerdlok
Ammassalik
Ammassivik
Angmagssalik
Angmagssivik
Angmagsslik
Angmassalik
Anordliuitsoq
Anorliuitsoq
Appaarsuit
Appamiut
Appat
Aputiteeq
Aputiteq
Aqigsserniaq
Aqisserniaq
Arsivik
Arsuk
Asatdlut
Assaqutaq
Ataa
Atâ
Atammik
Atangmik
Atarta
Attu
Augpaiartok
Augpalartok
Augpilagtok
Augpilagtoq
Aulatsivik
Aumarutigssat
Ausiait
Aussivik
Autdlainiarfinguaq
Avangnardlit
Avigaat
Avigait
Avssaqútaq
Camp Lloyd
Cape York
Christianshaab
Christianshåb
Claushavn
Diskofjord
Dundas
Dundas
East Proven
Egedesminde
Ekogfat
Eqalugaarsuit
Eqi
Eripassut
Erkigtok
Etah
Evkitsok
Færingehavn
Faeringerhavnen
Finnsbu
Fiskenaes
Fiskenæsset
Fiskengesset
Fiskernæs
Frederiksdal
Frederikshaab
Frederikshåb
Gamle Egedesminde
Gamle Qutdligssat
Gammel Sukkertoppen
Godhavn
Godthaab
Godthåb
Grønnedal
Harbor Camp
Herjolfsnes
Holsteinborg
Holsteinsborg
Holstenborg
Holstensborg
Hunde Ejland
Igaliko
Igaliku
Igdloluarsuit
Igdlorpait
Igdlorqortôrmiut
Igdlorssuit
Igdlorssuit
Igdlorsuit
Igdluiartorfik
Igdlukavsak
Igdlukorssuit
Igdluligssuak
Igdlulik
Igdluluarssuit
Igdluluarssuit
Igdlumiut
Igdlúnguaq
Igíniarfik
Iginniarfik
Igssalik
Igterajivit
Igtorqortôrmît
Igtumît
Ikamiut
Íkáteq
Ikerârssuk
Ikerasaarsuk
Ikerasagssuak
Ikerasagssuaq
Ikerasak
Ikerasârssuk
Ikerasassuaq
Ikeraussak
Ikeraussek
Ikigait
Ikkamiut
Ikorfat
Ilimanaq
Ilivileq
Illoqqortoormiut
Illorpaat
Illorsuit
Illulik
Iluilek
Ilulisat
Ilulissat
Innalik
Inugsuk
Inussuk
Ippik
Isertoq
Isortoq
Isua
Iterdlak
Iterlak
Itilleq
Itilleq
Itivdlek
Itivdlek
Itivdleq
Itivdleq
Itivnera
Itseqqortoormiit
Ittaajimmiut
Itterajivit
Ittoqqortoormiit
Ittorisseq
Ittumiit
Ivanganek
Iviggut
Ivigtut
Ivittuut
Ivnalik
Ivnânganek
Ivssorigseg
Ivssorigseq
Ivtorigteq
Jakobshavn
Julianehaab
Julianehåb
Julian Haab
Kaersut
Kagsiarsuk
Kagsimiut
Kagssiarssuk
Kagssigssalik
Kakortak
Kakortok
Kanâk
Kanâq
Kangaamiut
Kangaarsuk
Kangaatsiaq
Kangâmiut
Kanganiut
Kangârssuk
Kangatôk
Kangatsiak
Kangâtsiaq
Kangek
Kangek
Kangeq
Kangeq
Kangerdluarssoruseq
Kangerdluarssuk
Kangerdluarssuk
Kangerdlugssuaq
Kangerluarsoruseq
Kangerluarsuk
Kangerluarsuk
Kangerlussuaq
Kangerssuatsiaq
Kangersuatsiak
Kangersuatsiaq
Kangerup Nûa
Kangidlermiut
Kangigdlermiut
Kangikasîk
Kangikitsoq
Kangilineq
Kanissut
Kanísut
Kap Dan
Kap Hope
Kapingasok
Kapisigdlit
Kapisilik
Kapisillit
Kap Tobin
Karna
Kasigianguit
Kekertak
Kekertarssuak
K'ekertarssuak
Kekertarsuak
Kekertarsuatsiak
Kekertat
Kekertat
Kekertgarsuatsiak
Kiatak
Kigdlûssat
Kigtorsak
Kigtorsaq
Kiinnarissoq
Kiirigsoq
Killiat
Kinalik
Kitdliat
Kitdlî
Kitdlusat
Kitorsak
Kitsigsuarssuit
Kittorsaq
Klatak
Kornok
Kraulshavn
Kronprinsen Ejland
Kuánit
Kûgkat
Kugsiarsuk
Kuinassuk
Kûk
Kullorsuaq
Kulusuk
Kûngmiut
Kutdligssat
Kutdlisat
Kuuk
Kuummiit
Kuummiut
Kuvdlorssuak
Lichtenau
Maarmorilik
Maitsoq
Majestic Bay Settlement
Manermiut
Maniitsoq
Manitsok
Manitsoq
Manûssak
Manûssaq
Manuusaq
Marmorbrud
Marmorilik
Marraat
Marrait
Moriusaq
Moriussaq
Myggbukta
Naajat
Nanortalik
Napasok
Napasoq
Napassok
Napassoq
Napasuligssuaq
Narsaarsuk
Narsak
Narsak
Narsalik
Narsaq Kujalleq
Narsaq
Narsaq
Narsaq
Narsarmiut
Narsarssauk
Narsarssuak
Narsarssunk
Narsarssurk
Narsarsuak
Narsarsuaq
Narsatsiaat
Narssak kujatdlek
Narssak
Narssak
Narssalik
Narssaq
Narssaq
Narssarmiut
Narssarssuaq
Narssârssuk
Narssatsiait
Narssurscuk
Narssûrssuk
Natsilivik
Natsillvik
Naujât
Neke
Neqe
Neqi
Neria
Neriunaq
Niakornarsuk
Niakornat
Niaqornaarsuk
Niaqornaq
Niaqornârssuk
Niaqornat
Nivaaq
Nivak
Nivâq
Nord
Nordre Huse
North House
Nugak
Nûgâq
Nûgâtsiaq
Nûgssûtâ
Nuk
Nuliarfik
Nunatame
Nunatami
Nunatarssuak
Nunatarssuaq
Nunatarsuaq
Nunat
Nursak
Nûssaq
Nutât
Nuugaaq
Nuugaatsiaq
Nuuk
Nuussuaq
Old Sukkertoppen
Oqaitsut
Østprøven
Paamiut
Paarnakajiit
Pamiut
Paornakajît
Perdlernerit
Perlernerit
Pingorssuaq
Pingorsuaq
Pitorqeq
Port of Lievely
Portusooq
Portusôq
Prins Christianssund
Prins Christians Sund
Prins Christian Sund
Prøven
Qaanaaq
Qaarsoq
Qaarsut
Qaersut
Qagdlimiut
Qagssiarssuk
Qagssimiut
Qagssissalik
Qaksiarsuk
Qallimiut
Qânâq
Qangátait
Qangattaat
Qaqortoq
Qarajat
Qasigianguit
Qasigiannguit
Qassiarsuk
Qassimiut
Qassisalik
Qaugátait
Qeertartivatsiaq
Qekertarssuaq
Qeqertaarsuk
Qeqertaq
Qeqertaq
Qeqertarssuaq
Qeqertarssuaq
Qeqertarssuatsiait
Qeqertarssuatsiaq
Qeqertarssuatsiaq
Qeqertârssuk
Qeqertarssuq
Qeqertarsuaq
Qeqertarsuaq
Qeqertarsuatsiaat
Qeqertarsuatsiaq
Qeqertat
Qeqertat
Qernertuarssivit
Qernertuarssuit
Qigdlûssat
Qíngeq
Qingua
Qipingasoq
Qipingassoq
Qiqdlussat
Qitdlôrfik
Qooqqut
Qoornoq
Qôrnoq
Qôrqut
Qubdligssat
Quequrtat
Quinassuk
Quínissut
Qullissat
Qunnermiut
Qutdligssârqat
Qutdligssat
Quvnermiut
Ritenbenk
Rodebay
Saarloq
Saattut
Sammisoq
Sangmisok
Sangmissok
Sangmissoq
Saqqamiut
Saqqaq
Saqqarliit
Saqqisikuik
Sardlog
Sardlok
Sârdloq
Sarfanguak
Sarfánguaq
Sarfannguaq
Sarfannguit
Sarkak
Sarkardlit
Sarqamiut
Sarqaq
Sarqardlît
Sãtut
Savigsivik
Savissivik
Scoresby Sound
Scoresbysund
Sermiarssuit
Sermiarsuit
Sermiarsut
Sermiligaaq
Sermiligâq
Sermilik
Simiutaq
Siorapaluk
Sioropaluk
Sisimiut
Sivsingassoq
Sivtingaleq
Skansen
Skanske
Skjoldungen
Sletten
Søndre Igaliko
Søndre Igaliku
Søndre Strømfjord
Søndre Upernavik
Søndre Upernivik
South Proven
South Upernavik
Sowallick Point
Sujunerajik
Sukkertoppen
Summer Place
Sydprøven
Tartanaq
Tartunak
Tartunaq
Tasiilaq
Tasiusak
Tasiusaq
Tasiussak
Tasiussaq
Taupait
Thule
Thule
Tikeraasaq
Tikeraussaq
Timerdlît
Timerliit
Timmiarmiut
Tingmiarmiut
Tiniteqilaaq
Tiniteqilaarmiit
Tiniteqilâq
Tiniteqilârmît
Tinuteqissâq
Toqqusaq
Tovqussaq
Trigtut
Tuapaat
Tuapail
Tuapait
Tugssâq
Tunúngassoq
Tununngasoq
Tussaaq
Tuvgssâq
Tuvssâq
Ujaraat
Ujarait
Ujarasugssuk
Ujarasussuk
Ukîverajik
Ukkusissat
Ulugssat
Ulussat
Ûmanák
Umanak
Umanaq
Umánârssuk
Umanatsiak
Ûmánatsiaq
Umiagtuartivit
Umiartorfik
Umiattuartivit
Umigtuarajît
Umigtuarjit
Umigtuarssuit
Umigtuartivit
Ûnarteq
Unartok
Ûnartoq
Ûnartoq
Upernaviarssuk
Upernaviarsuk
Upernavigssuak
Upernavik Kujalleq
Upernavik
Upernavissuaq
Upernivik
Utoqqarmiut
Utorkarmiut
Utorqarmiut
Utorqarmiut
Uummannaarsuk
Uummannaq
Uummannatsiaq
Uunarteq
Uunartoq
Uunartoq
Uvdle
Uvkusigsat
Uvkusigssat
Vandreblokken
Vandreblok
Vester Ejland
