Abeymes
Abymes
Acomat
Agapy
Anse-Bertrand
Anse des Cayes
Anse des Flamands
Ausset
Bagatelle
Baie Mahault
Baie-Mahault
Baille-Argent
Baillif
Baimbridge
Ballet
Bananier
Barbier
Barre de l'Île
Barre de l'Île Numéro Un
Bas du Fort
Basse-Terre
Bas Vent
Bazin
Beaugendre
Beauplan
Beauport
Beauregard
Beaurenom
Beauséjour
Beausoleil
Bel Air
Belcourt
Belle-Allée
Belle-Année
Belle Espérance
Belle Place
Belle-Plaine
Bellevue
Bénard
Bérard
Besnard
Betin
Bezard
Bichemin
Bielle
Bis
Bisdary
Blanchet
Blanchette
Blandin
Blondin
Bois Debout
Boismorin
Boisripeau
Boisvin
Boivin
Bon
Bonfils
Bonne Mère
Bonnet
Bonneval
Bontemps
Bontemps-Rameau
Bord de Mer
Bordeaux-Bourg
Borée
Borel
Boricaud
Bosrédon
Boucan
Bouillante
Bouillante-Village
Bouillé
Bouliqui
Bourg des Saintes
Boyer
Bréfort
Brion
Broue
Brouel
Bruman
Brument
Budan
Cadet
Cadet de Reine
Caféière
Calebas
Calvaire
Cambrai
Cambrefort
Campêche
Camp Jacob
Capesterre-Belle-Eau
Capesterre
Carangaise
Caraque
Carbet
Castel
Chalet
Champfleury
Chapelle Sainte-Thérèse
Charneau
Chartreux
Chassaing
Châteaubrun
Château-Gaillard
Chazeau
Chazeaux
Clugny
Cocotier
Cocoyer
Coignet
Colombier
Conchou
Corossol
Couchon
Courbaril
Courcelles
Courcelles Sucrerie
Creuilly
Cul de Sac
Darboussier
David
De Bérard
Decostier
De Pombiray
De Poyen
D' Équainville
Desbonnes
Descostiers
Deshaies
Deshauteurs
Deshayes
Desmarais
Desplan
D'Esquainville
Desruisseaux
Destréland
Destrelan
Destrelland
De Surgy
Diavet
Dôlé
Dorilas
Dorot
Douville
Dubédou
Dubois
Ducos
Dupré
Dupuy
Durivage
Durocher
Duzer
Émilien
Faup
Favreau
Ferry
Féry
Fexland
Fextand
Folle Anse
Fond Cacao
Fond-Caraïbe
Fonds Cacao
Fonds d' Or
Fontaine
Fouché
Galard
Galebas
Gallard
Gardel
Garel
Garnier
Gay
Gensolin
Gest
Girard
Giraud
Goguette
Gosier
Gourbevre
Gourbeyre
Goyave
Gozier
Grand Bassin
Grand Bois
Grand-Bourg
Grand Case
Grand' Case
Grand-Case
Grand Croix
Grand Cul-de-Sac
Grande Anse
Grande Case
Grande Plaine
Grande Rivière
Grande Savane
Grand Étang
Grand Fond
Grand Pierre
Grands Fonds
Grelin
Grenade
Gresset
Grippon
Gros Cap
Gros Morne
Guénette
Guignès
Guillochat
Guillocheau
Guillot
Gustaf
Gustavia
Guthavia
Hameau du Pont
Hameau
Haut de la Montagne
Hauteurs-Lézarde
Hoguet
Houëlbourg
Hurault
Îlet Pérou
Jabrun-du-Sud
Jabrun
Jacquelot
Jarry
Kahouanne
La Baie Mahault
La Barrière
Labarthe
La Bathie
La Bertaudière
La Berthaudière
Labithie
La Boucan
Labuthie
La Chapelle
La Coulée
La Coulisse
Lacroix
La Goguette
La Grande Anse
La Grande Plaine
La Grange
La Grivellière
Lahglois
La Jaille
Lalanne
La Lise
La Martinière
Lamentin
Lami
Lamotte
Langlois
Langval
La Plaine
La Pointe à Pitre
La Pointe-Noire
Laporte
La Ramée
La Retraite
La Rose
La Rosette
La Rosière
La Rozière
La Saline
La Source
Lasserre
Latapie
Laugmont
Lauréal
Le Baillif
Le Bourg des Saintes
Le Bourg
Le Galet
Le Gosier
Le Gouverneur
Le Haut du Morne
Le Lamentin
Le Marguis
Le Marigot
Le Marquis
Lemercier
Le Morne a l'Eau
Le Moule
Le Petit Marigot
L'Ermitage
Les Abymes
Les Basses
Les Galets
Les Habitants
Les Mangles
Le Souffleur
Les Plaines
Les Sables
Les Trois Rivières
Lesueur
L'Étang Noir
Lézarde
L'Habituée
L'Hermitage
L'Îlet
Lise
Littoral
Longmont
Longval
Lorient
Louisiane
L'Union
Lurin
Madeleine
Mahaudière
Mahaut
Maisonceile
Maisoncelle
Maisoncel
Maletie
Malgré Tout
Malgrétout
Malignon
Marc Gaillard
Marchand
Maréchal
Mare Gaillard
Marie-Louise
Marie-Thérèse
Marigot
Marquisat
Marsol
Martiniere
Massiau
Massioux
Massol
Mathurin Noël
Matouba
Mayoumbé
Mazeau
Ménard
Merlet
Mesnard
Métivier
Molignon
Monplaisir
Mon Repos
Monroc
Montalègre
Montalègue
Montebello
Montplaisir
Montval
Moringlane
Morne-à-l'Eau
Morne Bourg
Morne Rouge
Morphy
Moule
Moustique
Murat
Néau
Nerée
Neuf-Château
Nogent
Notre Dame du Phare
Orléans
Pagesy
Palais-Sainte-Marguerite
Parnasse
Partarieux
Pasquereau
Pauvert
Pavillon
Pelisson
Petit-Bourg
Petit-Canal
Petit Canat
Petit Carbet
Petit Cul de Sac
Petite Anse
Petites-Anses
Petites Mamelles
Petit Marigot
Petit Portland
Philipsbourg
Pichon
Pigeon
Pirogue
Plaisance
Planel
Plessis-Nogent
Pointe-à-Pitre
Pointe à Raie
Pointe-Noire
Point Noire
Poirier
Pombiray
Port Blanc
Portel
Portland
Port Louis
Port-Louis
Poucet
Pousset
Poussette
Pouzzole
Pouzzol
Poyen
Pressac
Pressec
Prise d'Eau
Public
Quartier de Colombier
Quartier de Grand' Case
Quartier de la Grande Case
Quartier de la Grande Saline
Quartier de Lorient
Quartier de Public
Quartier des Flamands
Quartier de Toiny
Quartier d'Orléans
Quartier du Colombier
Quartier du Corossol
Quartier du Gouverneur
Quartier du Grand Fond
Quartier du Marigot
Quartier du Roi
Quartier Lorient
Quartier Saint-Jean
Quatre Chemins
Rabi
Radelin
Raie Point
Rambaud
Ravine Chaude
Reiset
Reixet
Reizet
Reizet-Sainte-Marie
Renard
Renéville
Renneville
Retz
Réunion
Ribourgeon
Richemont
Richeplaine
Richeval
Rifflet
Rivière Chaude
Robert
Rousseau
Roussel
Routhiers
Ruillier
Saiette
Saint-Bernard
Saint-Charles
Saint-Claude
Sainte-Anne
Sainte-Claire
Sainte-Croix
Sainte-Madeleine
Sainte-Marguerite
Sainte-Marie des Bois
Sainte-Marie
Sainte-Marthe
Sainte Marthe Sucrerie
Sainte-Rose
Saint-Félix
Saint-François
Saint-Gilles
Saint-Jacques
Saint-James
Saint-Jean
Saint-Louis
Saint-Marc
Saint-Pierre
Saint-Prix
Saint-Sauveur
Saint-Val-Labique
Satgé
Savane
Seforge
Sevray
Sèze Favreau
Seze Favreux
Sèze
Siblet
Sofaïa
Souffleur
Subercazeau
Subercazeaux
Sucrerie Blanchet
Sucrerie Bonne-Mère
Surgy
Terre-de-Bas
Terre-de-Haut
Toigny
Trianon
Trioncelle
Trionzelle
Trois-Îlets
Trois-Rivières
Valeau
Vallée d'Or
Vallon Vrimouth
Vanniers
Verdier
Vergé
Vermont
Vernou
Versailles
Vezou
Vezoux
Vidon
Vieux Bourg
Vieux-Fort
Vieux-Habitants
Village
Vince
Vipart
Vital
Zévallos
Zévalos
