Ábær
Abær Kirkja
Akranes
Akrar
Akurey
Akureyri
Álafoss
Álftamýri
Álftanes
Álftártunga
Álptamýri
Alttanes
Árbær
Árbær
Argerdareyri
Árnes
Arngerðareyri
Arngerðeyri
Ás
Áshverfi
Ásláksstaðir
Ásólfsskáli
Auðkúla
Auðkúla
Bæir
Bænahús
Baenshús
Bær
Bær
Bær
Bær
Bakkafjörður
Bakkagerði
Bakki
Barð
Bergsstaðir
Berjadalsá
Berunes
Bessastaðir
Bíldudalur
Bjarnanes
Bjarnarhöfn
Bjóluhverfi
Blönduós
Bólstaðarhlíð
Bolungarvík
Bolungavík
Borðeyri
Borgarhöfn
Borgarnes
Borg
Bræðratunga
Brautarholt
Breiðabólsstaðir
Breiðabolsstaðir
Breiðabólsstaður
Breiðabólsstaður
Breiðabólsstaður
Breiðavík
Breiðdalsvík
Breiðibólsstaður
Brekka
Brekka
Brekkuvellir
Brettingsstaðir
Brianslaekur
Brimilsvellir
Brjánslækur
Broðeyri
Brunnastaðir
Brunnhólskirkja
Búðardalur
Búðareyri
Búðareyri
Búðarhólshverfi
Búðir
Búðir
Búrfell
Býjarsker
Býjasker
Dagverðarnes
Dalvík
Dísarstaðir
Disastaðir
Diupivogur
Djúpidalur
Djúpivogur
Draflastaðir
Drangsnes
Dvergasteinn
Dýrafjörður
Dyrhólahverfi
Efri-Núpur
Eiðar
Einarsstaðir
Eiríksstaðir
Engidalur
Eskifjörður
Eskiforður
Evindarhólar
Eyrarbakki
Eyrar
Eyri
Eyri
Eyri
Eyvindarhólar
Fáskrúðsfjörður
Fell
Fíflholt
Fjörður
Flatey
Flateyri
Flóagaflshverfi
Flugumijri
Flugumýri
Folafótur
Furufjörður
Garðabær
Garðahreppur
Garðakauptún
Garðar
Garðhur
Garðskagi
Garðsstaðir
Garður
Garpsdalur
Gata
Gaulverjabær
Geirseyri
Gerðar
Geysir
Gilsbakki
Gjögur
Glæsibær
Glaumbær
Glerárþorp
Goðdalir
Grafarkirkja
Grafarnes
Grenivík
Grenjaðarstaður
Grenvik
Grímsstaðaholt
Grindavík
Grundarfjörþur
Grund
Guðaugsvik
Guðlaugsvík
Gufnas
Gufnes
Gufudalur
Gufunes
Gunnólfsá
Gvendarnes
Hafnarfjörður
Hafnarhólmur
Hafnarnes
Hafnir
Hafrafell
Hafsós
Háfur
Haganes
Haganesvík
Hagi
Hagi
Halfnarfjorður
Hallbjarnarstaðir
Hallbjarnstaðir
Hallormsstaðir
Hallormsstaður
Hallormstaður
Háls
Háls
Hámundarstaðir
Hánefsstaðir
Hanhóll
Háteigur
Haukadalur
Haukadalur
Helgafell
Hella
Hellgafell
Hellissandur
Hellnar
Hesteyri
Heydalir
Hjaleyri
Hjalli
Hjaltastaður
Hjalteyri
Hjáltstaður
Hjarðarfell
Hjarðarholt
Hjarðarholt
Hlíðarendi
Hlíðarhús
Hlíð
Hmifsdalur
Hnífsdalur
Hnjótur
Höfðahverfi
Höfðakaupstaður
Höfðaströnd
Höfði
Hof
Hof
Hof
Hof
Hof
Höfn
Hofsós
Hofstaðir
Hofteigur
Hólanes
Hólar
Hólar
Hóll
Hóll
Hólmabæir
Hólmahverfi
Hólmavík
Holtastaðir
Holt
Holt
Horn
Hoskuldsstaðhir
Höskuldsstaðir
Hrafnsfjarðareyri
Hraungerði
Hraun
Hraun
Hrepphólar
Hruni
Htarðarholt
Húsavík
Húsavík
Húsavík
Husayik
Hvaleyri
Hvallátr
Hvallátur
Hvalsnes
Hvammstangi
Hvammur
Hvammur
Hvammur
Hvammur
Hvammur
Hvanneyri
Hvanneyri
Hveragerdi
Hveragerði
Hvolsvellír
Hvolsvöllur
Illugastaðir
Ingjaldshóll
Innrihólmur
Innri Njarðvík
Isafiordr
Ísafjardardjup
Ísafjörður
Issafjörður
Kakki
Kaldrananes
Kálfafell
Kálfafellsstaður
Kálfajörn
Kálfatjörn
Kálfholt
Kaupangur
Kaupstaður
Keflavík
Kelda
Keldur
Keta
Kinnarstaðir
Kinnarstaður
Kirkjubæjarklaustur
Kirkjubær
Kirkjubær
Kirkjubær
Kirkjuból
Kirkjuból
Kirkjuból
Kirkjuból
Kirkjubólsþorp
Kirkjuvogur
Kjós
Kleppur
Kljáströnd
Klyppsstaðir
Klypsstaðir
Knappavellir
Knappstaðir
Kolbeinseyri
Kolbeinsstaðir
Kolbeinsstaður
Kolfreyjustaðir
Kolfreyjustaður
Kollafarðarnes
Kollafjarðarnes
Kópasker
Kópavogskaupstaður
Kópavogur
Kotströnd
Kross
Kuvíker
Kúvíkur
Kvíabekkur
Kvíabryggja
Kviabryggva
Lækjamót
Lágafell
Lambastaðir
Langholt
Látrar
Látur
Laufás
Laugardælir
Laugarvatn
Laxamýri
Leirá
Liósavatn
Litli-Árskógssandur
Litlibær
Ljósavatn
Ljósvatn
Lögmannshlíð
Lönd
Lundarbrekka
Lundur
Mælifell
Marteinstunga
Meiribakki
Meistaður
Melgraseyri
Melstadur
Melstaður
Merki
Miðdalur
Miðgarðar
Miðsandur
Miklholt
Miklibær
Minnibakki
Minnihlíð
Möðruvellir
Moedruvellir
Mosfell
Múli
Múli
Munaðarnes
Munkaþverá
Mýrar
Nanteyri
Nardhvik
Narfeyri
Nauteyri
Nedhri Arndardalur
Neðri Arnardalur
Neskaupstadhur
Neskaupstaður
Nes
Nes
Nes
Njarðvík
Njarðvík
Njarðvíkur
Norðtunga
Norðurbotn
Norðurfjörður
Novotunga
Núp
Nupu
Núpur
Oddi
Ofanleiti
Ófeigsfjörður
Ögur
Olafsfjördhur
Ólafsfjörður
Ólafsvellir
Ólafsvík
Olíustöð
Óspakseyri
Patreksfjordhur
Patreksfjörður
Pingeyri
Prestbakki
Prestbakki
Prestsbakki
Rafnseyri
Rauðamelur
Raudhimelur
Raufarhöfn
Reyðarfjörður
Reykhóar
Reykhólar
Reykholt
Reykir
Reykjafjörður
Reykjahlíð
Reykjarfjörður
Reykjarnes
Reykjavík
Reynir
Reynistadhir
Reynistaður
Reynivellir
Ríp
Sæból
Sæból
Sandfell
Sandgerði
Sandhur
Sandnes
Sandur
Sandur
Sangerdhi
Sauðafell
Sauðanes
Saudarkrokr
Sauðárkrókur
Saudhanes
Saudharkrokur
Sauðlauksdalur
Saurbær
Saurbær
Saurbær
Saurbær
Selárdalur
Selfoss
Setberg
Seyðisfjordhur
Seydisfjorður
Seyðisfjörður
Siðmúli
Síðumúli
Siglufjörður
Silfrastaðir
Silfurtún
Skaftafell
Skagastrand
Skagaströnd
Skálanes
Skálar
Skálavík
Skálholt
Skálmarnesmúli
Skarð
Skarð
Skarð
Skeggjastaðir
Skeiðflötur
Skeiðiflötur
Skelðflötur
Skinnastaðir
Skinnastaður
Skipaskagi
Skógur
Skútustaðir
Sleðbrjótur
Snæfjöll
Snartarstadir
Snartarstaðir
Snartastaðir
Snóksdalur
Snóksdolur
Sólmundarhöfði
Spákonufell
Staðarbakki
Stadarfell
Staðarfell
Staðarhólskirkja
Staðarhraun
Staðarstaður
Staðastaður
Staðurhraun
Staður
Staður
Staður
Staður
Staður
Stærri-Árskógur
Stafafell
Stafholt
Stapi
Starmýri
Stöð
Stöðvarfjörður
Stokkseyre
Stokkseyri
Stóra Fjarðarhorn
Stóra-Vatnshorn
Stóra-Vatnsléysa
Stóri-Ás
Stóridalur
Stóri-Dalur
Stóri Laugardalur
Stórinúpur
Stórófshvoll
Stórólfshvoll
Strandakirkja
Strandarkirkja
Stykkishólmur
Súðavík
Suðureyri
Svalbarð
Svalbarð
Sveinseyri
Svínafell
Svínavatn
Sydra-Holakot
Syðstibær
Tannanes
Tirðilmýri
Tjaldtangi
Tjörn
Tjörn
Torfastaðir
Torfastadur
Tröð
Tunga
Tunga
Tungufell
Úlfljótsvatn
Úlfsá
Unaðsdalur
Undirfell
Upsir
Upsnir Church
Urðir
Útskálar
Útskáler Church
Úþlíð
Vaðlækir
Vaðlækur
Vaðlar
Vallanes
Valþjofsstaðir
Valþjófsstaður
Vantsfjörður
Vatneyri
Vatnsefjörður
Vatnsfjörður
Vattannes
Vattarnes
Vattarnes
Vaþsfjorður
Vellir
Verzlunarstaður
Vestdalseyri
Vestmannaeyjar
Vesturhópshólar
Vetleifsholtshverfi
Víðidalstunga
Víðimýri
Vidirholl
Víðirhóll
Viðvík
Vík-Handelssted
Vík
Vík
Vík
Villingaholt
Vogar
Vomúlastaðahverfi
Vopnafjordur
Vopnafjörður
Vopnatjorður
Ytri-Bægisá
Ytri-Njarðvík
Ytri-Rauðamelur
Þaralátursfjörður
Þingeri
Þingeyrar
Þingeyri
Þingmúli
Þingvellir
Þjórsárbrú
Þönglabakki
Þorkötlustaðir
Þorlákshöfn
Þóroddsstaður
Þórshöfn
Þrestbakki
Þrestbakki
Þverá
Þykkvabæjarklaustur
Þykkvabejarklaustur
Þykkvibær
Þykkvibær
