Anbre
Angere
Annus
Anse Canot
Anse Ger
Anse La Raye
Anse La Verdure
Anse Noir
Augier
Au Tabor
Babonneau
Balambouche
Balata
Balca
Balembouche
Banse
Beauchamp
Beauséjour
Beauséjour
Belair
Belle Plain
Belle Plaine
Belle Vue
Belle Vue
Belmont
Belvedere
Berre Denis
Bexon
Bisée
Black Bay
Blanchard
Bois d'Orange
Bois Joli
Bon Air
Bongalo
Bosquet d'Or
Bouton
Cabiche
Caféière
Canaries
Canot
Cantonement
Cap Estate
Carrièe
Castries
Charlotre
Charlotte
Chassin
Château Belair
Choc
Choiseuil
Choiseul
Ciceron
Cicerone
Colombette
Corinthe
Crown Lands
Dame de Traversay
D'Aubaigon
Dauphin
Debreuil
Deglos
Delcer
De Mailly
Dennery
Dernière Rivière
Derrière Lagoon
Derrière Morne
Desbarra
Descatieres
Despinoze
Desruisseau
Desruisseaux
Diamond
Dorée
Dugard
Dugard
Durandeau
Eau Piquant
Ferrand
Fiette
Floissac
Fond Assor
Fond Devaux
Fond d'Or
Fond Doux
Fond Saint Jacques
Fond Saint Jaques
Forestière
Garrand
Gentil
Girard
Grace
Grand Anse
Grande Anse
Grande Ravine
Grande Rivière
Gros Ilet
Gros Islet
Gros Islet Village
Guesneau
Hellene
H'Erelle
Incommode
Jalousie
Jean Baptiste
L'Abbayée
Laborie
La Borne
La Cour Ville
La Croix Maingot
La Fague
La Fargue
La Feuillet
La Haut
La Pearle
La Pointe
La Pointe
La Pointe
La Point
La Raye
La Resource
La Ressource
La Retraite
La Tourney
La Verdure
L'Hermitage
Limere
L'Ivrogne
Londonderry
L'Orangerie
Lumière
Mahaut
Mahaut
Malgretoute
Malgré Tout
Mamin
Marchand
Marc Marc
Marigot Bay
Marigot
Marisule Estate
Marquis
Massacre
Micoud
Migny
Millet
Monchy
Mondesir
Mongiraud
Mongouge
Monier
Mon Repos
Morne Caillandre
Morne d' Or
Morne Doudon
Morne Fortune
Morne Panache
Morne Paul
Morne Serpent
Morne Sion
Motête
Moule à Chique
Old Settlement
Palmiste
Patience
Perle
Perou
Piaye
Planard
Pointe Sable
Point Sable
Pomme
Pond Saint Jacques
Port Castries
Praslin
Reduit
Resinard
Ressource
Riche Fond
River Dorée
Riviere Doree
Roblot
Rouarné
Ruby
Saint Phillip
Saint Urbain
Saint Urban
Saltibus
Sans Souci
Sans Soucis
Sapphire
Sarot
Savannes Estate
Savannes
Savannes
Soucis
Soufrière
Theodorine
Thoumassé
Tourney
Troumasse
Two Friends
Union
Union Vale
Vanard
Vieux Fort
Vieux Sucreic
Vige
Vigie
Yvrogne
