Abweiler
Aciérie
Ahn
Airsain
Allerborn
Alscheid
Alteschmeltz
Altlinster
Altrier
Alttrier
Altwies
Altzingen
Alzingen
Amberg
Angelsberg
Ansembourg
Arsdorf
Aspelt
Assel
Asselborn
Asselborn-lès-Kehmen
Auf der Höhe
Bachermühle
Banzelt
Baraques de Troine
Basbellain
Bascharage
Bascharage Moulin
Baschleiden
Bas-Colpach
Bas-Merzig
Bastendorf
Bauschleiden
Bavigne
Beaufort
Bech
Bech-Kleinmacher
Beckerich
Befort
Beggen
Beidweiler
Béil
Beiler
Beles
Belval
Belvaux
Berbourg
Bercham
Berchem
Berdorf
Béreldange
Berens
Berg
Berg
Berg
Bergem
Berg-sur-Syre
Beringen
Berlé
Berschbach
Bertrange
Bettange
Bettange-sur-Mess
Bettange-sur-Messe
Bettborn
Bettel
Bettembourg
Bettendorf
Betzdorf
Beyren
Bigelbach
Bigonville
Bihl
Bilsdorf
Binsfeld
Birel
Birelergrund
Birelerhof
Birtrange
Bischenrech
Bissen
Bivange
Bivels
Bivingen
Biwels
Biwer
Biwisch
Blaschette
Blumenthal
Bockholtz
Bockholz
Bockholz-lès-Hosingen
Bockholz-sur-Sure
Boegen
Boevange
Boevange-Clervaux
Boevange-lès-Clervaux
Boevange-sur-Attert
Boeven
Boewen
Boewingen
Bofferdange
Bohey
Bohoey
Bombatsch
Bommel
Bondorf
Bonnal
Bonnevoie
Born
Boudeler
Boudler
Boulaide
Bour
Bourgfried
Bourglinster
Bourscheid
Boursdorf
Bous
Boussert
Bovange
Bowen an der Attert
Boxhorn
Brachtenbach
Brameschhaff
Brameschhof
Brandenbourg
Brattert
Breidfeld
Breidweiler
Breinert
Breitweiler
Bridel
Brill
Broderbour
Brouch
Brouch
Brouch-lès-Biwer
Bruch
Brucherhof
Bruhl
Buchholz
Budersberg
Buderscheid
Burange
Burden
Burgfried
Burmerange
Burscheid
Buschdorf
Buschrodt
Busschdorf
Buurgfried
Calmus
Canach
Cap
Capellen
Cessange
Cessingen
Chateau
Chateau de Birtrange
Chateau Dreiborn
Château Faubourg
Chateau Meysembourg
Christnach
Cinqfontaines
Claire
Clairefontaine
Clairefontaines
Clausen
Clemency
Clerf
Clervaux
Colbet
Colbette
Colmar
Colpach-Bas
Colpach-Haut
Consdorf
Consthum
Contern
Crauthem
Crendal
Cruchten
Dahl
Dahlem
Dalheim
Daundorf
Dehmeschbach
Deifelt
Deiffelt
Dellen
Derbach
Derenbach
Dickt
Dickweiler
Dideling
Diekirch
Dierbach
Differdange
Differdingen
Diggel
Diligen
Dillingen
Dippach
Dirbach
Doeningen
Doennange
Dommeldange
Doncols
Donnange
Dönningen
Dorscheid
Dorscheiderhaeuschen
Dorscheiderhaischen
Dorscheiderhäuschen
Drauffelt
Dreiborn
Drinckelt
Drinckler
Drinklange
Dudelange
Dudelingen
Dunkrodt
Echternach
Ehlange
Ehlerange
Ehmeschbach
Ehmeschhof
Ehnen
Ehner
Eich
Éimeschbaach
Eischen
Eisenborn
Ellange
Ell
Els
Eltz
Elvange
Elvange
Elvange-lès-Beckerich
Elvange-lès-Burmerange
Emerange
Emeschbach
Emeschterhof
Ennen
Enscherange
Eppeldorf
Ermsdorf
Ernshof
Ernster
Ernzen
Erpeldange
Erpeldange
Erpeldange-lès-Wiltz
Erpeldange-lez-Bous
Erpeldange-sur-Sûre
Ersange
Escch-sur-Sure
Eschdorf
Esch
Esch
Eschette
Eschpelt
Esch-sur-Alzette
Esch-sur-Sûre
Eschweiler
Eschweiler
Eschweiler-lès-Rodenbourg
Eselborn
Essingen
Ettelbruck
Ettlebruk
Everlange
Faubourg
Fels
Fennange
Fennberg
Fennbierg
Fënsterdall
Fentange
Ferme Airsain
Ferme Birel
Ferme Daundorf
Ferme de Vesque
Ferme du Flamand
Ferme Fahrman
Ferme Folkendange
Ferme Fronay
Ferme Fuhrman
Ferme Grevelscheuer
Ferme Grossenbour
Ferme Kapenacker
Ferme Loring
Ferme Martelinville
Ferme Misère
Ferme Reckange
Ferme Rouge
Fermes
Ferme Thibesart
Ferme Vesque
Ferme Wickelescht
Ferrantsmühle
Festenhof
Feulen
Filsdorf
Findel
Fingig
Finsterthal
Fisbour
Fischbach
Fischbach
Fischbach-lès-Clervaux
Flatzbour
Flatzbourg
Flatzbourhof
Flaxweiler
Flazbourg
Flebour
Fleibur
Foetz
Folkendange
Folschette
Fond de Heiderscheid
Fonkenhof
Forge
Fouhren
Frillschterhof
Frisange
Fronay
Fronayhof
Fünfbrunnen
Gaichel
Gantenbeinmühle
Garnich
GÅ“sdorf
Gasperich
Geimer
Geyershaff
Geyershof
Gilsdorf
Girsterklause
Girsterklaus
Girst
Givenich
Giwenich
Gödange
Godbrange
Goebelsmuhle
Goeblange
Goedange
Goedingen
Goeldt
Goetzange
Goetzingen
Gonderange
Gösdorf bei Wilz
Gösdorf
Gosseldange
Gostingen
Götzange
Gralingen
Gras
Grass
Graulinster
Greisch
Greiveldange
Grentzingen
Grevels-Brésil
Grevelscheuer
Grevels
Grevelsscheuer
Grevenknapp
Grevenknopp
Grevenmacherberg
Grevenmacher
Grindhausen
Groevenknapp
Grof
Grosbous
Gruef
Grumelscheid
Grümmelscheid
Grund
Grundhof
Grundmuhle
Hachiville
Haerheck
Haertgen
Hagelsdorf
Hagen
Haispelt
Haller
Hamiville
Hamm
Harlange
Hassel
Hau
Hautbellain
Hautcharage
Haut-Colpach
Haut-Feulen
Haut-Martelange
Haut-Merzig
Haut-Schlinder
Heckenhof
Heffingen
Heiderscheidergrund
Heiderscheid
Héienhaff
Heinerscheid
Heischtergronn
Heisdorf
Heisdorf
Heisdorf-sur-Alzette
Heispelt
Heispelt-lès-Wahl
Hellange
Helmdange
Helmsange
Helzingen
Hemstal
Herborn
Herheck
Hersberg
Hesperange
Hierheck
Hinkel
Hivange
Hobscheid
Hoehenhof
Hoerchen
Hoesdorf
Hoffelt
Höhenhof
Hohscheid
Hollenfels
Holler
Hollerich
Holtzburg
Holtz
Holzem
Holzthum
Hondsjang
Horace
Horas
Horras
Hoscheiderdickt
Hoscheiderhof
Hoscheid
Hoschetterhof
Hosingen
Hostert du-Grunenwald
Hostert
Hostert
Hostert-lès-Folschette
Houschterhaff
Houschthauser
Hovelange
Hubertsmuhle
Huldange-Forge
Huldange
Huldingen
Huncherange
Hunsdorf
Hupperdange
Huttange
Ihnen
Imbringen
Ingeldord
Ingeldorf
Insenborn
Ischpelt
Ischspelt
Italie
Italien
Itzig
Jenkenhof
Jockelsmuhle
Jockesmuhle
Jungelshof
Junglinster
Kahler
Kalborn
Kalkelz
Kapellen
Kapenacker
Kapendahl
Kap
Kapweiler
Kaundorf
Kautenbach
Kayl
Kehlen
Kehmen
Kéisbierg
Keispelt
Kiesberg
Kippenhof
Kirchberg
Kleinbettingen
Kleinhoscheid
Kleinmacher
Klerf
Knaepchen
Knaphoscheid
Knepchen
Kneppchen
Kobenbour
Kocherei
Kocherey
Kockelscheuer
Koedange
Koeppenhaff
Koerich
Koetschette
Konsthum
Kopstal
Körich
Krauthem
Kreizerbuch
Kreutzerbuch
Kreuzerbuch
Kruchten
Kuborn
Kuentzig
Küntzig
La Cronière
Lamadelaine
Lamadeleine
Lampertsberg
Landscheid
Lannenerberg
Lannenerbierg
Lannen
Larochette
Lasauvage
Lausdorn
Lauterborn
Lauterbour
Leihof
Leithum
Lellerhaff
Lellig
Lellingen
Lellingerhof
Leltingen
Lenningen
Lentzweiler
Letzeburg
Leudelange
Levelange
Liefrange
Lieler
Limpach
Limpertsberg
Linger
Lintgen
Lipperscheid
Livange
Longsdorf
Loorbierg
Lorentzweiler
Lorenzweiler
Loreshof
Loringshof
Lullange
Lultzhausen
Luxembourg
Luxemburg
Machtum
Machum
Maison Burg
Maison Cronière
Maison Goelt
Maison Hardtwos
Maison Hoerchen
Maison Hoffmann
Maison Klein
Maison Leh
Maison Peffer
Maison Rodbach
Maisons Alteschmeltz
Maisons Banzelt
Maisons Boussert
Maisons Horras
Maisons Kreutzerbuch
Maisons Lannenberg
Maisons Pieschend
Maisons Prevent
Maisons Wolper
Maison Wangert
Mamer
Manternach
Marbourg
Marienthal
Marnach
Marscheid
Martelinville
Marxberg
Masseler
Massen
Maulin Diederich
Mecher-Dunkrodt
Mecher-lez-Clervaux
Mecher
Mecher-sur-Clervaux
Medernach
Medingen
Meispelt
Mensdorf
Mercols
Mergenhof
Merkholtz
Merkholz
Merkols
Merl
Merscheid-lès-Heiderscheid
Merscheid-lès-Putscheid
Merscheid
Mersch
Mertert
Mertzig
Merzig
Meysembourg
Michelau
Michelbouch
Michelbuch
Michelsberg
Misèrehof
Misère
Moellerdall
Moersdorf
Moesdorf
Moestroff
Mompach
Mondercange
Mondorf-les-Bains
Monnerich
Morsche
Morsdorf
Moulin Colmesch
Moulin de Bascharage
Moulin Schenk
Moutfort
Muellendorf
Mühlenbach
Müllendorf
Müllerthal
Münsbach
Münschecker
Munshausen
Müsbach
Nachtmanderscheid
Nagem
Neiderfeulen
Neidhausen
Neihaischen
Neimersk
Neimillen
Neudorf
Neuhaeusgen
Neulöcher
Neumühle
Neumühle
Neunhausen
Niederanven
Niederberg
Niederbesslingen
Niedercolpach
Niedercorn
Niederdonven
Niederfeulen
Niederkerschen
Niederkorn
Nieder-Merzig
Niederpallen
Niederschieren
Niederschlinder
Niederwampach
Niederwiltz
Nikolausbuch
Nocher
Noerdange
Noertrange
Noertzange
Nogem
Nommern
Nospelt
Nothum
Oberanven
Oberbesslingen
Obercolpach
Obercorn
Oberdonven
Obereisenbach
Oberfeulen
Oberglabach
Oberkerschen
Oberkorn
Ober-Merzig
Oberpallen
Oberschieren
Oberschlinder
Oberwampach
Oetrange
Ohligsmühle
Olingen
Olingerbarriére
Olm
Ospern
Osweiler
Paffenmühle
Peppange
Perlé
Pétange
Petingen
Petit-Nobressart
Pettingen
Pfaffental
Pfaffenthal-lès-Tadler
Pfaffenthal
Pfaffenthal
Pfennberg
Pintsch
Pissange
Pittange
Pittigen
Platen
Pommerloch
Pontpierre
Potaschberg
Potaschhof
Pratz
Prettange
Prettingen
Pulvermühle
Putscheid
Rambrouch
Rameldange
Rammeldange
Reckange-lès-Mersch
Reckange
Reckange-sur-Messe
Reckange-sur-Mess
Reckingerhof
Reckingerhof
Redange
Redange-sur-Attert
Redingen
Reichlange
Reimberg
Reisdorf
Remerschen
Remich
Reuland
Reuler
Rimlingen
Rindschleiden
Ringel
Rippig
Rippweiler
Rodange
Rodbach
Roddt
Rodenbourg
Rodenhof
Roder
Rodershausen
Rödt
Roedgen
Roedt-lès-Trintange
Roedt
Roeser
Rollingen
Rollingen
Rollingergrund
Rolling
Rombach-Martelange
Rombach
Rommeldange
Rommelerhaff
Rommelerhof
Roodt-lès-Ell
Roodt
Roodt
Roodt-sur-Eisch
Roodt-sur-Syre
Roost
Rosport
Rost
Roudenhaff
Roullingen
Rumelange
Rumelingen
Rumlange
Saegemühle
Saeul
Sägemühle
Sandweiler
Sanem
Sassel
Sassenheim
Savelborn
Schandel
Scheidel
Scheidgen
Scheierhaff
Schengen
Scheuerhof-lès-Canach
Scheuerhof
Schieren
Schifflange
Schimpach
Schleif
Schleif
Schleiwenhaff
Schlevenhof
Schlewenhof
Schlief
Schlindermanderscheid
Schmëtt
Schmiede
Schneideschhof
Schoenfels
Schoos
Schouweiler
Schrassig
Schrondweiler
Schuttrange
Schwachtgesmühle
Schwebach
Schwebsange
Schwebsingen
Schweich
Schwidelbrouch
Schwiedelbrouch
Scierie Schleif
Seinkaul
Selscheid
Senningen
Septfontaines
Siebenaler
Siebenborn
Siebenbrunnen
Simmern
Soleuvre
Soller
Sonlez
Sprinckange
Stadtbredimus
Staekaul
Stautzenhof
Stegen
Steinbrucken
Steinescht
Steinfort
Steinheim
Steinkaul
Steinsel
Stockem
Stolzembourg
Stolzemburg
Strassen
Surré
Syren
Syr
Tadler
Tandel
Tarchamps
Tétange
Thillen
Thom
Tockenmühle
Tockmuhle
Tomm
Trentelhof
Trintange
Troine-Baraques
Troine-Route
Troine
Troisvierges
Trotten
Tuntange
Tuntingen
Uebersyren
Ulflingen
Untereisenbach
Urspelt
Useldange
Vesquehof
Vesquenhaff
Vianden
Vichten
Wahlhausen
Wahlhousen
Wahl
Wakelterhof
Waldbillig
Waldbredimus
Waldsdorf
Walferdange
Walsdorf
Walter
Wangert
Warken
Wasserbillig
Watrange
Waymersk
Weberhof
Webershof
Wecker
Weicherdange
Weidingen
Weilerbach
Weiler-la-Tour
Weiler-lès-Putscheid
Weiler
Weilesbach
Weileschbach
Weimershof
Weimerskirch
Weissenhof
Weiswampach
Welfrange
Wellenstein
Welscheid
Welsdorf
Wemperhaard
Wemperhardt
Wemperhart
Wenerange
Westenhof
Weyer
Wickelscheid
Wickrange
Wilmeshof
Wiltgeshof
Wiltzermühle
Wiltz
Wilwerdange
Wilwerwiltz
Wilwerwilz
Wilzermühle
Wilz
Wimerskirch
Wincrange
Winseler
Wintger
Wintrange
Wolfsmuhle-lès-Ellange
Wolfsmuhle lès Wasserbillig
Wolfsmühle
Wolfsmühle
Wollefsmillen
Wolpert
Wolper
Wolwelange
Woos
Wormeldange
Woulkeschdall
Wues
Zittig
Zolver
Zolwer
