`Aawinah
Ab'ar as Sababil
Abu ar Rish
Abu Ghaylan
Abu `Isa
Abu Kammash
Abu Njaym
Abu Nujaym
Abuqrin
Abu Qurayn
Abu Salim
Abu Zayyan
Abu Ziyyan
Abyar as Sababil
Acroma
Ad Dafiniyah
Ad Dafniyah
Ad Dawun
Ad Dayasir
Ad Dirsiyah
Ad Duwaysah
Adiri
Adjadabia
Adri
Aea
Agar
Agedabia
Agelát
Aggar
Aghéila
Ahl al Wadi
Ahqaf al Jabbarat
Ahqaf al Jabhiyah
Ahqaf al Jabhiyh
Ahqaf ar Ruzat
`A'ilat Lamwis
Ain Ghezaia
Ain Mara
Ain Zara
Ajdabiya
Ajdabiyah
`Akramah
Al A`aqib
Alabia
Al Abraq
Al Abyad
Al Abyar
Al `Adam
Al `Adm
Al `Ajaylat
Al `Akarit
Al `Alawinah
Al `Amamirah
Al `Aquriyah
Al Asabi`ah
Al Ashhab
Al `Assah
Al Aswaq
Al Athrun
Al-Atrun
Al `Awaynat
Al Awaynat
Al Awiliah al Sharqiyah
Al `Aziziyah
Alba
Al Badr
Al-Baida
Al Bakhabikhah
Al Bakki
Al Barahimah
Al Bardi
Al Bardiyah
Al Barkat
Al Bayatinah
Al Bayda'
Al Baydan
Al Bayyadah
Al Birkah
Al Birkah
Al Biyatinah
Al Bu'ayrat
Al Budayr
Al Buhur
Al Burayqah
Al Burdi
Al Dayasir
Al Fa'idiyah
Al Fajir
Al Fatih
Al Fawadil
Al Fawatir
Al Fawatir
Al Fayasilah
Al Fayidiyah
Al-Foqaha'
Al Fujayj
Al Fuqaha'
Al Fuqaha'
Al Fuqar
Al Furnaj
Al Fuwayhat
Al Ghaddarah
Al Ghazzabiyah
Al Ghiran
Al Ghuraybat
Al Ghurayfah
Al Ghut
Al Gubbah
Al Habarah
Al Hadari`ah
Al Hajarah
Al Halamah
Al Hamidiyah
Al Hamra'
Al Haniyah
Al Hanshir
Al Harabah
Al Harah
Al Haraibah
Al Harayibah
Al Hashiyah al Hamra'
Al Hatiyah
Al Hawamid
Al Hawwari
Al Hayshah
Al Himadah
Al Hinshir
Al Hiri
Al Hishah
Al Hurshah
Al Huwayjat
Al `Izziyat
Al Ja`afirah
Al Jadid
Al Jaghbub
Al Jamil
Al Jawahiliyah
Al Jawahiliyyah
Al Jawf
Al Jawsh
Al Jawsh al Kabir
Al Jawsh as Saghir
Al-Jof
Al Juhaysh
Al Jum`ah
Al Jumayl
Al Kararim
Al Karmah
Al Kashalifab
Al Kashalifah
Al Katrun
Al Khadra'
Al Khala'ifah
Al Khara'iq
Al Khazur
Al Khirbah
Al Khirbah
Al Khums
Al Kufrah
Al Kulaybah
Al Kumayshat
Al Kurrathiyah
Al Kurumah
Al Kussabat
Al-Kuwaifia
Al Kuwayfiyah
Al La`aqib
Al Labbah
Al Labrag
Al Labraq
Al Lamamish
Al Lazraq
Al Mabni
Al Magasibah al Bahriyah
Al Magharibah
Al Maghasil
Al Magrun
Al Mahjub
Al Mahruqah
Al Majabirah
Al Makili
Al Malaqi
Al Mallahah al Bahriyah
Al Mallahah al Gharbiyah
Al Ma`murah
Al Ma`murah
Al Manasir
Al Maqarin
Al Maqasibah al Bahriyah
Al Maqasibah al Qibliyah
Al Maqawibah
Al Maqrun
Al Marj
Al Mashashitah
Al Mashwashin
Al Mashwushin
Al Masil
Al Masufiyin
Al Masufiyun
Al Mawahi
Al Mayah
Al Mayamin
Al Milaytaniyah
Al-Msufiyin
Al Mukhayli
Al Mutrad
Al Muttrad
Al Qabil
Al Qaddahiyah
Al Qadhadhimah
Al Qahasat
Al Qal`ah
Al Qalil
Al Qanafidh
Al Qaradin
Al Qa`rah
Al Qaraya
Al Qardabah
Al Qaryah al Gharbiyah
Al Qaryah ash Sharqiyah
Al Qaryat al Gharbiyah
Al Qaryat ash Sharqiyah
Al QarzÌ§abah
Al Qasabat
Al Qasi`ah
Al Qassiya
Al Qat`
Al Qatrun
Al Qawarishah
Al Qawasim
Al Qawati
Al Qayqab
Al Qubbah
Al Quradiyin
Al Qurdah
Al Qusay`ah
Al Qusayr
Al Qusayr
Al Qusbat
Al `Ubayyat
Al `Ujaylat
Al `Uqaybah
Al `Uqaylah
Al `Urban
Al `Urqub
Al `Urubah
Al `Uwayliyah ash Sharqiyah
Al `Uwaynat
Al `Uwaynat
Al Wa`diyah
Al Wati'ah
Al Watiyah
Al Watyah
Al Wigh
Al Wuqayyat
Al Wyg
Al Ya`aqib
Ambayyah
Amhayyah
Amzir
Anabucis
Anay
Anmara Mudr
An Nadwah
An Nakhlayn
An Naqur
An Nasariya
An Nasiriyah
An Nawfaliyah
An Nawwaqiyah
An Nufaliyah
An Nusf
Antalat
Antipyrgos
Antipyrgus
Anzu
Aouinet
Apollonia
Apollonie
Appolonia
Aqar
Aqar `Atabah
`Aqqar
Ar Rabitah al Garbiyah
Ar Rabitah al Gharbiyah
Ar Rabitah
Ar Rabitah ash Sharqiyah
Ar Rahbah
Ar Rahèba
Ar Rahibat
Ar Rajabat
Ar Rajmah
Ar Rajubat
Ar Raqabah
Ar Rayayinah
Ar Ruhabat
Ar Ruhaybat
Ar Ruhaybiyat
Ar Rujban
Ar Rumiyah
Asábaa
Asbi`ah
Ashkada
Ashkida
Ashkidah
Ashkudah
Ash Saqarinah
Ash Sha`afiyin
Ash Shabari
Ash Shabbri
Ash Sha`biniyah
Ash Shaqarinah
Ash Shaqqi
Ash Sharsharah
Ash Sha`wah
Ash Shawashinah
Ash Shawati
Ash Shaykh Bu `Ujaylah
Ash Shi`afiyin
Ash Shi`afiyun
Ash Shi`taf
Ash Shiyab
Ash Shurayf
Ash Shurraf
Ash Shurraf
Ash Shuruf
Ash-Shuwairif
Ash Shuwati
Ash Shuwayrif
As Sabiri
As Sabiriyah
As Saddadah
As Safsaf
As Salahat
As Salamat
As Salihat
As Saq`abi
As Saqa'if
As Sawadinah
As Sawa`idiyah
As Sawani
As Sha`biniyah
As Shetát
As Shiyab
As Sidadah
As Sidrah
As Snùdi
As Subaytat
As Sultan
Asyadi al `Amariyin
At Taban
At Tahimi
At Taj
At Tala'i`iyah
At Talayi`iyah
At Tallab
At Tamimi
At Tanahma
At Tanahmu
At Taribjah
At Tuwaybiyah
Augila
Awbari
Awjilah
Awlad `Abd ad Da'im
Awlad `Abd al `Aziz `Inan
Awlad `Abd al Jalil
Awlad `Abd Allah
Awlad `Abd al Mawla
Awlad Abu Ras
Awlad Abu Salamah
Awlad Abu Slamah
Awlad Abu Suhayyirah
Awlad `Ali
Awlad `Ali
Awlad `Ali Bu al Qasim
Awlad `Atiyah
Awlad `Azzam
Awlad Badr
Awlad Bin Ahmad
Awlad Bin Ya`qub
Awlad Bu Jadid
Awlad Bu Ra's
Awlad Hamad
Awlad Hamid
Awlad `Inan
Awlad `Isa
Awlad `Isa
Awlad Jabir
Awlad Jarbu`
Awlad Khalaf Allah
Awlad Khalifah
Awlad Madif
Awlad Mahmud
Awlad Mansur
Awlad Mansur
Awlad Mas`ud
Awlad Mudif
Awlad Mudrif
Awlad Mushad
Awlad Qalasi
Awlad Rayyan
Awlad Sa`id
Awlad Sa`id
Awlad Salim
Awlad Sidi Khalifah
Awlad Si Khalifah
Awlad Tallis
Awlad `Umar
Awlad Yahya
Awlad Yusuf
`Ayn al Ghazaya
`Ayn Ghazayah
`Ayn Marrah
`Ayn Zarah
Azizia
Az Zahra'
Az Zamamiqah
Az Zantam
Az Zarqan
Az Zarruq
Az Zawiyah al Bayda'
Az Zawiyah al Fa'idiyah
Az Zawiyah al Gherbiyah
Az Zawiyah
Az Zawiyah
Az Zawiyyah
Az Zaytunah
Az Zighan
Az Zintan
Az Zurayq
Az Zurqan
Az Zuwaytinah
Az Zuwayyah
Bab `Akkarah
Bab al `Aziziyah
Bab `Aziziyah
Bab Gargaresh
Bab Najura
Bab Qaraqarish
Bab Qarqarish
Bab Taguira
Bab Tajura'
Baderten
Badr
Baida
Balagrae
Baldat ad Duwayb
Baldat al Kurumah
Baldat al Qawasim
Baldat al `Umyan
Baldat al `Uqaybah
Baldat at Fawadil
Baldat Awlad `Ali
Baldat Awlad Milad
Baldat Daraj
Baldat Diqqi
Baldat Jarjin
Baldat Jurayjin
Baldat Qawasim
Baldat Raqraq
Baldat Tuqtah
Baldat `Uqaybah
Balis
Bamba
Banghazi
Bani Hasan
Bani Layth
Bani Muslim
Baninah
Bani Walid
Bani Wazir
Bani Yakhif
Bani Yakhlaf
Bani Yakhlaf
Bani Yakhlif
Baqalah
Baqqalah
Baracca
Barashin
Bardia
Bardiyah
Barka
Barqawi
Barqin
Battah
Bayda
Bazimah
Beda
Bedán
Beggála
Beida
Belascehar
Bengasi
Bengazi
Benghasi
Benghazi
Ben Iaagub
Bèni Hasàn
Béni Hsan
Béni Iéchlef
Bèni Iechlef
Beni Let
Beni Mislím
Benina
Beni Ulid
Beni Uzir
Ben Mahànna
Berdj
Berenice
Bergáui
Berghin
Berka
Berta
Bghighila
Bianchi
Billashhir
Bin Ghashir
Binghazi
Bin Jawwad
Bin Quwad
Bint Baya
Bin Yahya
Bi'r Abu al Ghurab
Birak
Bi'r al Ashhab
Bi'r al Ghanam
Bi'r ash Shuwayrif
Bi'r `Ayyad
Bi'r Bin Ghunaymah
Bi'r Dufan
Bir el-Ghnem
Bir esc-Sciueref
Bir Ghnem
Bishr
Bórdi Slemán
Borgo Corradini
Borgo Tazzoli
Borgo Torelli
Borium
Brach
Brèch
Breviglieri
Bu Aiad
Bu al Ashhar
Bu ath Thamir
Bu at Tamir
Bu'ayrat al Hasun
Bu Chemmasc
Bueràt al-Hsun
Buerát
Buerát el-Hsun
Bu Ghaylan
Bu Gheilan
Bugrein
Bu Gren
Bu Ísa
Bu Jabalayn
Bu Kammash
Bu Kemmesh
Bulis Abu Ghaylah
Bu Maryam
Bu Ngem
Bu Nujaym
Buqayqilah
Bu Rawiyyah
Burayk
Bu Ruéia
Busetta
Bu Sittah
Buslim
Buwayrat al Hasun
Bu Zaián
Bu Zayyan
Bu Zeian
Cabao
Caf el-Gebeihìa
Caf Meias
Caminus
Cammún
Carcura
Càrmet Decheilàlla
Castel Benito
Castelverde
Chadra
Chalfún
Chèrsa
Chicla
Chlef
Cirene
Coèfia
Concessione Catarella
Corradini
Crispi
Curni Eberbeidiaa
Curni Ebredaa
Cussabàt
Cyrene
Dabdab
Dahman
Dakakin Hamid
Dakakin Humayd
D'Annuinzio
Dannun
D'Annunzio
Daqqi
Dara Geddaim
Daraj
Dar al Kish
Dar el-Kìsh
Darnah
Darnis
Daryanah
Dashrah
Debdeb
Degghi
De Martino
Dennún
Derg
Derj
Dérna
Dirj
Djemmari
Djennaouen
Dlem
Drepanun
Driána
Driyanah
Duésa
Dugial
Dujal
Dulaym
Dusein
Dushin
Ea
Ed-Dacachin
Ed-Dachla
Ed Diasìr
Ed-Dtasir
Ed-Duésa
Ederi
Edri
Ein Mara
El Aaghib
El-Aauàti
El Abiad
El Abiar
El-Abràgh
El-Acarit
El Adem
El Agelat
El-Agheiba
El Agheila
El-Aghíba
El-Aghíb
El Ajelat
El-Amìan
El-Asábaa
El Assa
El-Asuách
El Asuágh
El Atrùn
El-Auénat
El Azizia
El Bacchi
Elbarcat
El Barka
El Bder
El Bedan
El Beida
El Berca
El-Bráhma
El-Brahma
El-Brega
El-Buerát
El-Caràigh
El Charáigh
El Chebir
El-Chebir
El-Chérba
El-Chérba
El-Chláifa
El Choms
El-Chzur
El-Cmesciát
El-Coèfia
El-Corrátía
El-Cróma
El-Culeba
El-Fàger
El-Faidìa
El Faldia
El-Fgeg
El-Fiásla
El Fogaha
El-Fogàr
El Fógha
El-Fuádel
El-Fuatír
El-Fuatír
El-Fuehát
El Fueihat
El-Gahasát
El-Gátaa
El Gáta
El Gatrun
El-Gedíd
El-Gehésc
El-Gemìl
El Ghadenia
El Gheddahia
El-Ghégab
El-Gheràia
El-Gheràn
El Gherba
El-Ghéria el-Garbía
El Ghéria esc-Scerghía
El Gheriat esc Scerghia
El Ghiran
El-Ghlil
El-Ghnafíd
El Giaafra
El-Giagbúb
El-Gióf
El Giumaa
El-Glil
El-Goradiìn
El-Goradun
El-Gorda
El Górdah
El-Gótta
El-Greibát
El Gsir
El Gsir
El-Guarscia
El-Guásem
El Guàsem
El-Gúbba
El-Gusbát
El-Habára
El Hàgera
El Hamra
El-Hanía
El Haouamed
El-Haraba
El-Hára
El-Hatía
El-Hélma
El Hescia
El-Hiri
El Hissa
El-Iaaghub
El-Iagghìb
El-Lamamìsc
El-Lebba
El-Maamùra
El-Maaniin
El-Magárba
El-Magàrba
El-Magasba
El-Magáuba
El-Magiábra
El Magrun
El Maharuga
El-Masciásta
El-Mébni
El-Mechìli
El-Meláchi
El-Melághi
El Merj
El-Miamìn
El-Msufiín
El-Msufùn
El-Mugarba
El Shawashna
El-Ubberát
Emi Madema
En Nauaghia
En Nauuaghia
En-Nédua
En-Nofilía
En-Nuss
Enzu
`Eoj Wahs
Er Rabta el Garbia
Er-Rábta esc-Scerghía
Er-Raedat
Er-Ràhba
Er Rahèba
Er Regema
Er-Régima
Er Rehibat
Er-Reihibat
Er Rejima
Er-Riaina
Er-Rumía
Ésc'chida
Esc-Scech Bu Agéla
Esc-Sceiab
Esc Scerruf
Esc-Sciaafiín
Esc-Sciaafùn
Esc-Sciaatan
Esc-Sciàaua
Esc Sciagarna
Esc-Sciiab
Esc-Sciuáscena
Esc Sciuère
Esc Sciueref
Esc-Sciúrruf
Esc-Slahàt
Es-Sábri
Es-Sbetàt
Es-Sciaàda
Es-Seghìr
Es-Slahát
Es-Slamát
Es-Snùdi
Es Stamat
Es-Suaadìa
Es-Suadía
Es-Suádna
Es Sultan
Et Tag
Et Tailimun
Et-Tanáhmu
Et Tassahma
Et-Tóbga
Et-Tuébia
Ez Zauia
Ez Zergan
Ez Zighen
Ez-Zintán
Ez Zituna
Ez-Zorgàn
Ez-Zregh
Ez-Zuéia
Ez Zuetína
Faga
Faidia
Farsatta
Farwah
Farzughah
Farzughan
Fasatah
Fasatan
Faysalan
Fiorita
Fógaha
Fóndugh Ben Gascír
Fóndugh el-Allús
Fóndugh el-Giahsc
Fóndugh en-Naggáza
Fóndugh esc-Scebáni
Fondugh Terbána
Fonduk el Jiask
Fongul
Forsátta
Forsétta
Fort Leclerc
Fuehat
Fundug al `Allus
Funduq al `Allus
Funduq al Jahsh
Funduq an Naqqazah
Funduq ash Shaybani
Funduq Ben Ghashir
Funduq Bin Ghashir
Funduq Tarbanah
Funqul
Furita
Fuwaihat
Gadames
Gahasát
Gambut
Garagara
Garden City
Gargarech
Gargáresc
Gargaresh
Garian
Gasr Ahmed
Gasr Beadebéia
Gasr Bendbeia
Gasr Béni Ulíd
Gasr Berruru
Gasr Cambút
Gasr Chiar
Gasr Chlef
Gasr el-Fogani
Gasr el-Fugáni
Gasr el-Garabùlli
Gasr el Gharabulli
Gasr el Hag
Gasr el-Otáni
Gasr Gambut
Gasr Garabúlli
Gasr Gariàn
Gasr Gefára
Gasr Iefren
Gasr Kiar
Gasr Larocu
Gasr Tarhuna
Gasr Tecút
Gasr Tekout
Gasr Zaafrán
Gat
Gauat
Geddàim
Gehésc
Geitál
Gemmari
Gemmart
Genduba
Gennauen
Gennáun
Gerdes el-Abíd
Gerígen
Germa
Ghadames
Ghadamis
Ghadduwah
Ghanima
Ghanimah
Gharyan
Ghat
Ghawat
Ghawt al Hisan
Ghawt wa Kuhuf Tuhudiyah
Ghebbáa
Gheddahìa
Ghegám
Ghemines
Gheria el Garbia
Ghéria esc-Scerghia
Gheriat
Gherrim
Ghesir
Ghira
Ghírza
Ghoigah
Ghudamis
Ghuram
Giado
Gialo
Giarabub
Giardina
Giàrfet
Giarrúta
Gichérra
Gioda
Giordani
Giosc
Giovanni Berta
Gmàta
Goddua
Gogam
Gorda
Gótros
Gótta
Gouaraha
Gouarsha
Grára
Grennah
Grued Si Nur ed Din
Gsar Tecut
Guàrscia
Guásem
Guassem
Gubba
Gugila
Gurda
Gureine
Gúrghi
Gúrgi
Habára
Hadrianopolis
Hagiára
Hamméra
Haraf Az Zawiyah
Harat az Zawiyah
Harqah
Hawsh ash Shuwayyim
Hawsh as Suwaym
Hawsh Barji
Hawsh Warid
Hay al Andalus
Hayy al Andalus
Heg' Agél
Heg' Hagel
Hesperides
Hijarah
Hishan `A'ilat Baqi
Hishan al `Arabat
Hishan al `Aribat
Hishan al `Aryat
Homs
Hon
Hosc Ben Hnédi
Hosc Uáred
Hummayrah
Hun
Iefren
`Ikrimah
Imùmen
Iner
Inir
Iniyah
Irmabhat az Zintan
Isliten
Izliten
Jadda'im
Jadu
Jaghbub
Jakharrah
Jalu
Jamarah
Jammarah
Jandubah
Jannawan
Janzur
Jardas al `Abid
Jardas al Ahrar
Jardinah
Jarijan
Jarmah
Jarrutah
Jaruthah
Jawsh
Jaytal
Jefren
Jerdes el Abid
Jiharrah
Jikharrah
Jikheira
Jinawin
Jud Da'im
Jummari
Jurdani
Ka`am
Kabaw
Kaf Miyas
Kahf Miyas
Kamb al `Ajjaj
Kambut
Kammun
Kamun
Karkurah
Karmat Dukhayl Allah
Karsah
Kaurni Ebere Dea
Khadra'
Khalfun
Khishan al Budur
Khoms
Khulayf
Ki`am
Ki`am
Kiar
Kiklah
Kirissah
Kourni Ebere Dea
Kuhuf Bu Qalbut
Kuhuf Tuhudiyah
Kurkurah
Kyrene
Labdah
Lahmidiyah
Lalút
Lamayah
Lamludah
Lathrun
Latroun
Latrun
Lawatah
Lebda
Lmáia
Luáta
Luigi di Savoia
Luigi Razza
Maafen
Maamura
Macomades-Euphranta
Madinat Bayad
Madinat Hun
Madinat Misratah
Madinat Sabratah
Madinat Tilmitah
Madirat al Abyar
Madrusah
Ma`fan
Magedul
Maghwah
Magrun
Magua
Majdul
Makhazin al Birkat
Mameli
Manazil Maftah al Kara`iyah
Manazil Miftah al Kara`iyah
Mansurah
Mansura
Mantaqat al Hashshan
Mantigat Daryanah
Mantiqat al Ghanimah
Mantiqat al Lathamah
Mantiqat Daryanah
Mantiqat Zawiyat as Samah
Mantiqat Zawiyat Sidi `Atiyah
Maradah
Marada
Maráua
Marawah
Marconi
Markaz Bu Ghaylan
Marqas
Marqus
Marsá al Burayqah
Marsa Brega
Marsa Bregha
Marsa el Brega
Marsa Susah
Màrsa Sùsa
Marsa Uasili
Martubah
Martúba
Marwan
Maryan
Marza-Souza
Marzuq
Masallatah
Masindarah
Masliwah
Massah
Masufin
Ma`tan as Sarah
Mazghurah
Mazra`at Albu Qabu
Mazra`at Albu Qabw
Mazra`at Kataraylla
Mazra`at Katarilla
Mazra`at Saqil
Mazra`at Titanu
Mazuzah
Mazzu
Mechili
Medrusa
Melaki
Mérghes
Meruán
Meseguín
Mesegwin
Meseqwin
Mesghoura
Mesliua
Méssa
Mezgura
Mezzou
Mezzu
Miamín
Miani
Miani
Mintaqat ad Daghdughi
Mintaqat al Ghanimah
Mintaqat al Hashshan
Mintaqat al Lathamah
Mintaqat al Qayqab
Mintaqat Wadi Harawah
Mintaqat Zawiyat as Samah
Mintaqat Zawiyat Sidi `Atiyah
Mísca
Misdah
Miskah
Misquwin
Misratah
Misurata
Mizdah
Mizda
Mourzouk
Msindára
Msus
Mu`askar al `Aziziyah
Mu`askar Jalu
Mudiriyat Sidi as Sa'ih
Muhayyah
Murzuch
Murzuq
Musa`id
Nadbas
Nagùr
Na`imah
Naima
Nalut
Nasmah
Nedbas
Ngem
Nofilía
Nufilia
Nuqtat al Khattabiyah
Oasi di Geddàim
Oasi di Lmàia
Oea
Oliveti
Ouchebari
Ouifat
Pabta
Petras Maior
Pisida
Port Brega
Posto Trucchi
Ptolemais
Qabilah
Qabilat Abu Sahamah
Qabilat al `Abadilah
Qabilat al `Abadinah
Qabilat al Abqar
Qabilat al Afadil
Qabilat al `Amariyin
Qabilat al `Aql
Qabilat al `Atayah
Qabilat al `Ataya
Qabilat al Bakakishah
Qabilat al Fawatir
Qabilat al Fawatir
Qabilat al Hajj `Umran
Qabilat al Haj `Umran
Qabilat al Hurmah
Qabilat al Jawabir
Qabilat al Kararitah
Qabilat al Karawinah
Qabilat al Kawarighiliyah
Qabilat al Kawarighliyah
Qabilat al Khums
Qabilat al LuffazÌ§il
Qabilat al Mala'itah
Qabilat al Malayitah
Qabilat al Maqsabah
Qabilat al Mashashitah
Qabilat al Mishashtah
Qabilat al Mu`ammariyin
Qabilat al Mu`ammiriyyin
Qabilat al Qalil
Qabilat al Qanawat
Qabilat al Qazzir
Qabilat an Nattatat
Qabilat ar Radadah
Qabilat ar Raghah
Qabilat ar Rahbah
Qabilat ar Rahban
Qabilat ar Rahumat
Qabilat ar Raqa'iqiyah
Qabilat ash Sha`afiyin
Qabilat ash Shi`afiyin
Qabilat ash Shurfah
Qabilat ash Shurtah
Qabilat ash Shutaywiyah
Qabilat as Saqu`
Qabilat Awlad Abu Sahayyarah
Qabilat Awlad Abu Salamah
Qabilat Awlad Abu Suhayyirah
Qabilat Awlad `Amir
Qabilat Awlad `Arif
Qabilat Awlad as Saghir
Qabilat Awlad ath Thamad
Qabilat Awlad Ba`ayyu
Qabilat Awlad Bin Ahmad
Qabilat Awlad Bu Husayn
Qabilat Awlad Dhiyab
Qabilat Awlad Diyab
Qabilat Awlad Hamid
Qabilat Awlad `Isa
Qabilat Awlad Itamid
Qabilat Awlad `Izaz
Qabilat Awlad Jabir
Qabilat Awlad Rin Ahmad
Qabilat Awlad `Umar
Qabilat Awlad Za'id
Qabilat az Zaribah
Qabilat az Zintan al `Amyan
Qabilat az Zintan al `Umyan
Qabilat Badarthan
Qabilat Badrah
Qabilat Bani Layth
Qabilat Bani Musallam
Qabilat Bani Salim
Qabilat Dajibitah
Qabilat Dirsunah
Qabilat Indarah
Qabilat Lawatah
Qabilat Liwatah
Qabilat Mantar
Qabilat
Qabilat Quba`
Qabilat Salimah
Qabilat Salmah
Qabilat Saqin
Qabilat Sidi Mu`ammar
Qabilat Silin
Qabilat Suq ad Dawun
Qabilat Takut
Qabilat Wadinah
Qabilat Wadnah
Qabilat Warjin
Qabilat Za`faran
Qaminis
Qandulah
Qarabulli
Qarah Bulli
Qarbat al Bayda'
Qarqarish
Qarrim
Qartah
Qaryat Abu Ahnash
Qaryat Abu al Ahnash
Qaryat Abu `Ayyad
Qaryat Abu Nujaym
Qaryat Abu Qurayn
Qaryat Abu Sharwal
Qaryat ad Dababisah
Qaryat ad Dababish
Qaryat ad Dararifah
Qaryat ad Dawa'irah
Qaryat al `Amamah
Qaryat al `Amruni
Qaryat al `Arimah
Qaryat al `Awa'idah
Qaryat al Baladiyah
Qaryat al Barahimah
Qaryat al Barakat
Qaryat al Barakat
Qaryat al Bayda'
Qaryat Al Bayyadah
Qaryat al Birkat
Qaryat al Birkat
Qaryat al Fa'idiyah
Qaryat al Fayasilah
Qaryat al Ghadarah
Qaryat al Ghadrah
Qaryat al Ghawil
Qaryat al Ghut
Qaryat al Habarah
Qaryat al Halayifah
Qaryat al Halibiyah
Qaryat al Hama'imah
Qaryat al Hamayimah
Qaryat al Hanadah
Qaryat al Hawayjat
Qaryat al Huwayjat
Qaryat al `Imamah
Qaryat al Ja`afirah
Qaryat al Jataliwah
Qaryat al Kamshat
Qaryat al Karmah
Qaryat al Karran
Qaryat al Khirbah
Qaryat al Ma`anin
Qaryat al Magharibah
Qaryat al Mahjub
Qaryat al Majaris
Qaryat al Malihah
Qaryat al Ma`nin
Qaryat al Mayamin
Qaryat al Qaddahiyah
Qaryat al Qat`
Qaryat al Qawarishah
Qaryat al Qawasim
Qaryat al Qusaybat
Qaryat al Tawalikiyah
Qaryat al `Unayzi
Qaryat al Wafawat
Qaryat al Wiqayyat
Qaryat al Wuqayyat
Qaryat an Nadwah
Qaryat an Nushayh
Qaryat `Arifah
Qaryat ar Ra`itat
Qaryat ar Ramlah
Qaryat ar Ru'aysat
Qaryat ar Rus
Qaryat ar Ru'us
Qaryat ar Ruwaysat
Qaryat as as Sawabiyah
Qaryat ash Shuyyab
Qaryat as Saba'ih
Qaryat as Sabayah
Qaryat as Sabaykhat
Qaryat as Sawadaq
Qaryat as Sawadiq
Qaryat as Sawagibah
Qaryat as Subaykhat
Qaryat as Suwak `Ayn Ghulu
Qaryat as Suwwak `Ayn Ghuluww
Qaryat at Taribjah
Qaryat at Tayrah
Qaryat Awla Bin Shayyah
Qaryat Awlad Abu Sha``alah
Qaryat Awlad Dhu'ayb
Qaryat Awlad Dhu'ayb
Qaryat Awläd Duwab
Qaryat Awlad Duwayb
Qaryat Awlad Jama`ah
Qaryat `Ayn Abu Ghulah
Qaryat `Ayn Abu Shaybah
Qaryat `Ayn al Kabir
Qaryat `Ayn al Madham
Qaryat `Ayn az Zay
Qaryat `Ayn az Zayt
Qaryat `Ayn bilqayid
Qaryat `Ayn Bu al Qa'id
Qaryat `Ayn Fakrunah
Qaryat `Ayn Kurayyim
Qaryat `Ayn Makhluf
Qaryat `Ayt Zaydan
Qaryat az Zargan
Qaryat az Zarrog
Qaryat az Zarrug
Qaryat az Zarruq
Qaryat az Zuraygi
Qaryat az Zurayqi
Qaryat az Zuwaytinah
Qaryat Ballalah
Qaryat Bani Musallam
Qaryat Bashir
Qaryat Battah
Qaryat Bin Hasan
Qaryat Bin Tallis
Qaryat Bin Tillis
Qaryat Bishr
Qaryat Bu Fakhirah
Qaryat Bu Fakirah
Qaryat Bu Rawayyah
Qaryat Bu Ruwayyah
Qaryat Dajajirah
Qaryat Dijajirah
Qaryat Hanshir al Budur
Qaryat Hasan al Hajj
Qaryat Hasan al Haj
Qaryat Hijjajah
Qaryat Hinsir al Budawr
Qaryat Hujjajah
Qaryat Ishyamkh
Qaryat Isma`il
Qaryat `It Zaydan
Qaryat Jardinah
Qaryat Jarrufah
Qaryat Jital
Qaryat Maqrun
Qaryat Marwan
Qaryat Mazghurah
Qaryat Mazqhurah
Qaryat Mazqurah
Qaryat Mazzu
Qaryat Murwan
Qaryat Nabukar
Qaryat Nadbas
Qaryat Qanfudah
Qaryat Qararah
Qaryat Qarat
Qaryat Qaryunas
Qaryat Qaryunis
Qaryat Qasr al `Ajuz
Qaryat Qimadah
Qaryat Qirnadah
Qaryat Qunfudhah
Qaryat Ra's Abu Hammar
Qaryat Ra's `Alii
Qaryat Ra's Ath Thumah
Qaryat Ra's at Tumah
Qaryat Rufaydah
Qaryat Rutaydah
Qaryat Salug
Qaryat Saluq
Qaryat Sa`ud
Qaryat Sawwan
Qaryat Shumaykh
Qaryat Sidi Khalifah
Qaryat Sidi Mahyub
Qaryat Sidi Shahir ad Din
Qaryat Suq al Jum`ah
Qaryat Sur al `Ud
Qaryat Sur A`rabi
Qaryat Sur I`rabi
Qaryat Su`ud
Qaryat Taminah
Qaryat T
Qaryat Tunin
Qaryat `Umar al Mukhtar
Qaryat Umm ad Dananir
Qaryat Umm an Na`am
Qaryat Umm as Safa'
Qaryat Umm as Safri'
Qaryat Wadi Bin Quwwad
Qasabat `Akkah
Qasabat Madi
Qasbat Dhiyab
Qasr Ahmad al Bahriyah
Qasr Ahmad al Qibliyah
Qasr Ahmad
Qasr al Buraygah
Qasr al Burayqah
Qasr al Fawqani
Qasr al Hajj
Qasr al Haj
Qasr al Jadi
Qasr al Jady
Qasr al Jifarah
Qasr al Qarabulli
Qasr al Qarahbulli
Qasr al `Urayyid
Qasr al Wat'ani
Qasr Bani Walid
Qasr Barruru
Qasr Bin Dubay`ah
Qasr Bin Ghashir
Qasr Bint Bayyah
Qasr Khivak
Qasr Khiyar
Qasr Khulayf
Qasr Kunbuth
Qasr Larocu
Qasr Libiya
Qasr Sirt
Qasr Takut
Qasr Tarhunah
Qasr Za`faran
Qawat
Qayqam
Qirah
Qirdah
Qirnadah
Qirrim
Quba`
Qurji
Quttah
Quwayjilah
Rábha
Rabta el-Garbia
Ràbta
Rahba
Rapta
Raqdalin
Raqraq
Ra's Ajdir
Ras Ajdyer
Ra's al Hamamah
Ra's al Hilal
Ras Ali
Ra's at Tabal
Ra's at Tabl
Rasceda
Ras el-Hilal
Rashidah
Ras Hilal
Ra's Lanuf
Razza
Regdalin
Reggala
Regima
Regregh
Regreg
Rhadames
Rhat
Riaina
Ri'asat Difa` Barqah
Riqdalin
Rumia
Sabhah
Sabha
Sabrah
Sábra
Sabratah
Sabratha
Sàbri
Sadrus
Salantah
Salimah
Samnu
Saniet Forsatta
Saniyat Farsatta
Sardalas
Sardalis
Sawani al Qawarishah
Sawani Bin Adam
Sawani Fassanu
Sawani Qurji
Sawkanah
Sawknah
Sayyad
Scecsciuch
Scefí
Scegárna
Scemech
Scesciuch
Sciaafiín
Sciaaua
Sciahhát
Sciáua
Sciuref
Sebhah
Sebha
Sedada
Sedrùres
Sélma
Semnu
Serdeles
Sert
Shahat
Shahhat
Shakshuk
Shatal al Ghabat
Sha`wah
Sha`wa'
Shumaykh
Sichín
Sidi Abd el Magrun
Sidi Ahmad al Maqrun
Sidi Ahmed el-Magrun
Sidi `Ali
Sidi Améd el Magrún
Sidi as Sa'ih
Sidi as Sayd
Sidi as Sid
Sidi Bin al Bashiri
Sidi Bin Zinah
Sidi Bu Agela
Sidi Bu Zinah
Sidi Chalifa
Sidi Dawud
Sidi el-Tmimi
Sidi Kalifa
Sidi Khalifah
Sìdi Maàmmer
Sidi Magrùn
Sídi Mahiús
Sidi Mahyus
Sidi Mu`ammar
Sighìn
Sikin
Silin
Sinauen
Sinawan
Sinawin
Sinnawin
Sirte
Sirt
Slamát
Slontah
Slónta
Smus
Socna
Soknah
Soluch
Solùgh
Sormán
Suad
Suani Ben Adem
Suáni Gúrgi
Subgoli
Sugh el Ahad
Sugh el-Chmis
Sugh el Giumaa
Sugh el-Giúmaa
Sugh el Giumaa
Suk el Giuma
Suknah
Sultan
Sultan
Suluntah
Suluq
Suq ad Dawawdah
Suq ad Dawawidah
Suq al Ahad
Suq al `Ajaj
Suq al `Alaliqah
Suq al `Alaliqah
Suq al `Alalqah
Suq al Jum`ah
Suq al Jum`ah
Suq al Jum`ah
Suq al Jum`ah
Suq al-Jum'a
Suq al Khamish
Suq al Khamis
Suq al Khamis
Suq al `Ujaylat
Suq as Sabt
Suq Qamatah al Gharbiyah
Surman
Surt
Susah
Susa
Suwani Bin Yadim
Tabadut
Tabalut
Tabaqah
Tacbál
Tácnis
Taghimah
Taghmah
Taghrinah
Taghrinnah
Tagiura
Taglin
Tagma
Tajarhi
Tajurah
Tajura'
Takbal
Taknis
Talat
Tamanhant
Tamanhint
Tamazdah
Taminah
Tamina
Tamlushayit
Tamnascia
Tamnusciàit
Tamzanah
Tamzána
Tamzaua
Tamzawah
Tamzin
Tandammirah
Tandimirrah
Tandimmirah
Tannushat
Tansulukh
Taqqrutin
Taràbles
Tarabulus al Gharb
Tarabulus Bab Qarqarish
Tarabulus el Gharb
Tarabulus
Taraghin
Tarbu
Tardiyah
Taredia
Tarhunah
Tarhuna
Taridyah
Tarkah
Tarmisah
Tarmísa
Tarut
Tasawah
Taschìn
Taukra
Tauorga
Tawargha'
Tawurghah
Tawurgha'
Taykah
Tazmarayit
Tazmeráit
Tazzoli
Tbadut
Tebadút
Técnis
Tegerhi
Teggrutia
Teggrutìn
Tegrínna
Temenhint
Temlouchait
Temluscéit
Temlusciáit
Tendemmira
Terbu
Tesaua
Tesawa
Teuchira
Tfalfalt
Tfelfelt
Tfelfet
Thintis
Thursday Market
Tidji
Tighrinnah
Tigi
Tigrinna
Tiji
Tikah
Tilimun
Tinissán
Tinzaght
Tinzégt
Tiqrinnah
Tirakt
Tírect
Tirekt
Tizimrayit
Tmassah
Tmazda
Tmessa
Tmézda
Tmìmi
Tmisan
Tmisda
Tmissan
Tòbga
Tóbruch
Tobruck
Tobruk
Tócra
Tokrah
Tolemaide
Tolmeita
Tolméta
Tolmetta
Torga
Tounine
Touzougou
Traghan
Traghen
Tripoli
Tsawah
Tubruq
Tuiua
Tuiui
Tukrah
Tulmalhah
Tulmaylhah
Tulmaythah
Tunin
Tuosc
Tuóse
Túschin
Tuskin
Tuwiwi
Tuzugà
Tuzugu
Uaddan
Uádna
Uau el Chebir
Uazzen
Ubari
Uenzerich
Uenzíref
Uifat
Ulad Abd el-Gelíl
Ulad Abd el-Móla
Ulad Alí
Ulad Amór
Ulàd Anan
Ulad Atía
Ulàd Bu Ras
Ulad Bu Slàma
Ulàd Chalfàlla
Ulad Chalífa
Ulád Chlifa
Ulàd Duib
Ulad Giáber
Ulàd Glàli
Ulàd Isa
Ulád Ísa
Ulàd Iúsef
Ulád Mahmúd
Ulàd Masaùd
Ulad Riàn
Ulad Said
Ulad Sàlem
Ulad Tacbál
Ulád Tellís
`Umar al Mukhtar
Umm al `Abid
Umm al Ahrar
Umm al Aranib
Umm al Hamam
Umm al `IzÌ§am
Umm al Jarsan
Umm ar Razam
Umm ar Rizam
Umm az Zarsan
Umm el Abid
Umm el-Adám
Umm el Araneb
Umm el-Gersán
Umm el-Hamàm
Umm el Haman
Umm el-Hamen
Umm Haféin
Umm Safar
Umm Saffar
Umm Shuwayshah
Umm Shwayshah
Umm Soffár
Unegerich
Uríren
Usàden
Uscbari
`Uwaynat Wanin
Uzi
Verde
Vittoriosa
Waddan
Wadinah
Wajilah
Wanzarif
Wanzarik
Wanziraf
Waw al Kabir
Wazin
Wazzan
White Monastery
Wifat
Wisadan
Wuriran
Yafran
Yafrin
Zaafrán
Zaarára
Za`faran
Zahrah
Zàhra
Zaltan
Zalwaz
Zanzur
Za`rarah
Zarrugh
Zarruq
Zauia el Beda
Zàuia el-Faidìa
Zauia el Mrassas
Zauia-en-Nofilia
Zauia Msus
Zauia Umm er-Rzem
Zauia
Zauiet Bsciár
Zauiet di Gianzur
Záuiet Driana
Zàuiet el-Amariin
Zàuiet el-Ezzeiàt
Zauiet el Mahgiub
Zàuiet el-Marazìgh
Zauiet el Mrassas
Zauiet en-Nofilia
Zauiet Gianzur
Zauiet Msus
Zauiet Tert
Zàuiet Umm er-Rzem
Zauiet Umm Hafein
Záuiet Umm Rúcba
Zauiet Umm Ruckba
Zaulet Msus
Zàvia Gianzur
Zavia Jiantsur
Zavia
Zawiat al-Baida
Zawiat al-Maraziq
Zawia
Zawilah
Zawiyat al `Amariyin
Zawiyat al Amartyin
Zawiyat al Bayda'
Zawiyat al Habib
Zawiyat al `Izziyat
Zawiyat al Mahjub
Zawiyat al Mahjub
Zawiyat al Makhil
Zawiyat al Manastir
Zawiyat al Maraziq
Zawiyat al Mukhayla
Zawiyat al Murassas
Zawiyat al `Urqub
Zawiyat at Tarit
Zawiyat at Tart
Zawiyat at Tilimun
Zawiyat Bisharah
Zawiyat el-Beda'
Zawiyat Masus
Zawiyat Umm ar Rizam
Zawiyat Umm Hufayn
Zawiyat Umm Rukbah
Zawiyat Zanzur
Zella
Zelten
Zeluaz
Zighan
Zíghen
Ziliten
Zillah
Zintán
Zizau
Zizaw
Zlitan
Zliten
Zorug
Zregh
Zuára
Zuáva
Zueitina
Zuetina
Zuila
Zurayq
Zurgán
Zurqan
Zuwarah
