Adzarlar
Adzemka
Adzibegovo
Adzievci
Adzijevci
Adzimatovo
Adzinci
Ã?evÄ‘elijad
Afmate
Agino Selo
Ajalar
Ajranli
Ajvatovac
Ajvatovci
Akhris
Alakince
Alakinci
Alasevce
Aldanci
Aldinc
Aldince
Aldinci
Aldinci
Aleksandrovo
Aleksandrovo
Algunja
Alilabasi
Aliloba
Ali Lobasi
Alimedska Maala
Alimedska Mahala
Alince
Alince
Alinci
Alinci
Alinci Bitolsko
Ali Oba
Alisavci
Aljince
Aljince
Aljkurtovci
Alsar
Ame
Amzabegovo
Amzali
An
Andrejevo
Andrejinci
Angelci
Ã?onceli
Ã?opceli
Ã?orce Petrov
Araçinë
Aracinovo
AranÄ‘el
Arangel
Arazli
Arbanasko
Arbasanci
Arbinovo
Argulica
Arguljica
Arilevo
Ariljevo
Armatus
Arnacija
Arnakija
Arnicko
Arvati
Arzhano
Asamagi
Asamati
Asan-Begovo
Atdrejinci
Atista
Atiste
Ã?urÄ‘eviste
Axhiefci
Azirlar
Babi
Babino
Babiste
Babuna
Bac
Bacista
Baciste
Badar
Badelin
Bader
Badile
Badilen
Bajcovci
Bajkovo
Bajlovce
Bajlovci
Bajrambos
Bajramovci
Balaban
Balabanska Maala
Balanci
Balanci Palez
Balcinci
Baldovenci
Balija Maala
Balija Mahala
Balince
Balinci
Balin Dol
Baltalija
Banajni
Banica
Banista
Baniste
Banja
Banja
Banja
Banjane
Banjica
Banjiste
Banjsko
Banova
Bansko
Barakli
Baraklija
Barakovo
Baratlici
Baratlija
Baratlija Mahala
Baratliska Maala
Barbarevo
Barbarevo
(( Barbaros ))
Bardina
Bardovce
Bardovci
Bardovska Maala
Bardovska Mala
Baresane
Baresani
Barovo
Barovo
Barska Maala
Bartovc
Basali
Bas
Basete i Postr
Baset e Post
Basibos
Basili
Basino Selo
Bastevo
Batanje
Batinc
Batinci
Bazernik
Bebar
Bedinje
Begniste
Bekirli
Bekirlija
Bela Crkva
Bela Crkva
Belanovce
Belavinci
Bela Vodica
Belce
Belcica
Belcista
Belciste
Belestevica
Beli
Belica
Belica
Belicica
Belimbegovo
Beli Vlajkovci
Beljakovce
Beljakovci
Beljakovci Mahala
Belo Pole
Belo Polje
Belotino
Beloviste
Beloviste
Belovodica
Beluce
Belusino
Bence
Beranci
Berikovo
Berovce
Berovci
Berovo
Bërvenicë
Besiste
Besvica
Bezikovo
Bezovec
Bezovo
Bibaj
Bidzevo
Bidzovo
Bigla
Bigor Dolenci
Biljanik
Biljanovce
Birino
Bistrenci
Bistrenica
Bistrica
Bistrica
Bitola
Bitol
Bitolj
Bitolsko
Bitolya
Bitovo
Bitus
Bituse
Bitushe
Bivolarci
Blaca
Blacanci
Blace
Blace
Blace
Blatac
Blatec
Blizanci
Blizansko
Bllacë e Poshtëme
Bllacë e Sipërme
Bogacinovci
Bogdanci
Bogdevo
Bogomila
Bogorodica
Bogorojca
Bogorojica
Bogoslovac
Bogoslovec
Bogovina
Bogovine
Bogovinje
Bogovino
Bogumil
Bohula
Boista
Boiste
Bojana
Bojanciste
Bojane
Bojcoska Maala
Boletin
Boljetin
Bolno
Bolonovcje
Bomova
Bomovo
Bonce
Borievo
Borijovo
Borino
Borisovo
Boroec
Borotino
Borovci
Borovec
Borovo
Borovska Breznica
Bosilevo
Bosiljevo
Bosilovo
Boskovci
Bosnjani
Botum
Botun
Botur
(( Botuse ))
Boula
Bozofce
Bozovce
Bozovec
Brailovo
Brajcino
Brajilovo
Brajkovci
Brashtica
Bratin Dol
Bratislavca
Bratislavci
Brazda
Brcevo
Brdaci
Brdarska Maala
Bresani
Breshtani
Bresnica
Brestani
Brest
Brest
Brest
Brezani
Brezica
Brezica
Breznica
Breznica
Brezno
Brezovec
Brezovo
Brnik
Brnjarce
Brnjarci
Brodac
Brodac
Brod
Brod
Brodec
Brodec
Brodec
Brod Makedonski
Brostica
Brusani
Brusnik
Brusnik
Brvence
Brvenica
Brzak
Brzdani
Bucim
Bucin
Bucince
Bucinci
Buciste
Buckovci
Budakovo
Budimir
Budimirci
Budinarci
Budur
Budur Ciflik
Bujek
Bujkovac
Bujkovci
Bukojcani
Bukolovska Maala
Bukovic
Bukovik
Bukovljane
Bukovo
Bukurica
Bulacane
Bulacani
Buluntuli
Bunarce
Bunardzik
Bunes
Burilcevo
Burilovci
Burinec
Busalar
Busilca
Busilci
Butel
Butelj
Buzalakovo
Buzalkovo
Buzinci
Buzolak
Bzovik
Cafa
Caile
Cair
Cajane
Caje
Cajlane
Cajle
Cajljane
Calakli
Çallapek
Calniste
Calosevo
Canakli
Canakli
Canaklija
Caniste
Cankina Maala
Cankinci
Capari
Cardaklija
Carev Dvor
Carevic
Carevik
Carevo Selo
Casa
Casica
Caska
Caska
Causli
Ceena Maala
Ceene Mala
Çegran
Cegrane
Cekrkci
Celanska Maala
Celanska Mala
Celevec
Celikovci
Celopeci
Celopek
Celopek
Cemersko
Cengici
Cepeli
Cepigovo
Cera
Cer
Cerkesko Selo
Cerkezi
Çerkresho-Sello
Cerniste
Cerova
Cerovo
Cerovo
Cerovo
Cesendre
Cesinovis
Cesinovo
Cestevo
Cestovo
Cetirce
Cibaci
Ciflik
Ciflik
Ciflik
Ciflik
Ciflik
Ciflik
Ciflik
Ciflik
Ciflik
Ciflik
Ciflik Ljubin
Ciflik Ljubos
Ciflik Mezdra
Cmovo
Cojlija
Cojlije
Colosevo
Coselari
Coseleri
Cresevo
Creska
Creske
Cresnevo
Cresnevo
Cresnjevo
Cresnjevo
Crkva
Crkvina
Crkvino
Crkvinska Maala
Crnec
Crneec
Crnicane
Crnicani
Crnicani
Crni Kamen
Crnik
Crniliste
Crni Vlajkovci
Crni Vrh
Crni Vrv
Crni Vrv
Crn Kamen
Crnoboci
Crnobok
Crnobuki
Crnoec
Crnovci
Crnovec
Crn Vrv
Crn Vrv
Crvena Niva
Crvena Njiva
Crvena Voda
Crvena Voda
Crvilevo
Crvulevo
Crvuljevo
Cucer
Cucer-Sandevo
Cukarci
Culovci
Cumovo
Cvetanovska Maala
Cvetisnica
Cvetovo
Cvilance
Dabila
Dabile
Dabilja
Dabjani
Dabnica
Dabniste
Dalbegovci
Dallgash
Damjan
Ðavat
Ðavato
Ðavato
Davidovo
Ðavoto
Debar
Debrese
Debreste
Debriste
Debriste
Dedavacka Mahala
Dedebalci
Dedebal
Dedeli
Dedino
Dejkovac
Dejkovec
Dejlovce
Dejlovci
Dekovec
Deladrovce
Delagozde
Delcevo
Delisinci
Delisinciie
Deljadrovci
Delogozda
Delogozdi
Delska Maala
Demir Hisar
Demir Kapija
Derelska Maala
Derma
Ðerman
Ðermo
Ðermol
Desini
Desovo
Devic
Dibra
Dibre-i-Bala
Dihovo
Ðinot
Divlje
Djavato
Djavato
Djermo
Djorce Petrov
Djzumelci
Dlabocia
Dlabocica
Dlabocica
Dlapkin Dol
Dlbocica
Dlga
Dobarce
Dobërdol
Dobrasinci
Dobrejci
Dobrenovac
Dobreovo
Dobresinci
Dobrevo
Dobri-Do
Dobri Dol
Dobri Dol
Dobrino
Dobrisani
Dobromir
Dobromiri
Dobrosane
Dobrosani
Dobroshtë
Dobrosinci
Dobroste
Dobrotino
Dobroven
Dobroveni
Dobrovnica
Dobrovo
Dobrusevo
Dodenska Maala
Doerane
Dojakova Maala
Dojcinovci
Dojcinovci Mahala
Dojran
Dolani
Dolbocica
Dolbocica
Dolce Petrov
Dolenci
Dolenci
Dolenci
Dolgaec
Dolgas
Dolgavec
Dolinarci
Doljani
Doljna Krusija
Dolna Banjica
Dolna Bela Crkva
Dolna Belica
Dolna Belica
Dolna Bosava
Dolna Carlija
Dolna Djonovica
Dolna Ðonovica
Dolna Gjonovica
Dolna Gonovica
Dolna Kuklica
Dolna Lesnica
Dolna Maala
Dolna Maala
Dolna Maala
Dolna Maala
Dolna Maala
Dolna Maala
Dolna Mala
Dolna Matka
Dolna Strogomista
Dolna Vrasnica
Dolna Vrastica
Dolneni
Dolne Sredorece
Dolni Balvan
Dolni Celopek
Dolni Ciflik
Dolni Disan
Dolni Dlapin Dol
Dolni Dobrenoec
Dolni Grcec
Dolni Lipovik
Dolni Lipovnik
Dolni Manastirec
Dolni Nerezi
Dolni Podlog
Dolni Prosovec
Dolni Rades
Dolni Stubol
Dolnjane
Dolnjani
Dolno Aglarci
Dolno Ã?uÄ‘ance
Dolno Ã?uÄ‘anci
Dolno Barbarevo
Dolno Botuse
Dolno Botusje
Dolno Carlija
Dolno Cicevo
Dolno Crniliste
Dolno Dejkovec
Dolno Dekovec
Dolno Divjaci
Dolno Dobrenoec
Dolno Dobrino
Dolno Ðugance
Dolno Dupeni
Dolno Dzugance
Dolno Egri
Dolno Gjugjance
Dolno Gradsko
Dolno Jabolciste
Dolno Jelovce
Dolno Karaslari
Dolno Kolicane
Dolno Kolicani
Dolno Konjare
Dolno Konjari
Dolno Kosovrasti
Dolno Krusje
Dolno Krusje
Dolno Lakocerej
Dolno Lakoceri
Dolno Lakoceroj
Dolno Lipovik
Dolno Lisice
Dolno Lukovo
Dolno Lupste
(( Dolno Maalo Tazevo ))
Dolno Malo Tazevo
Dolno Melinicani
Dolno Melnicani
Dolno Nerez
Dolno Nereze
Dolno Nerezi
Dolno Nerezi
Dolno Orasje
Dolno Orehovo
Dolno Oreovec
Dolno Orizari
Dolno Orizari
Dolno Palciste
Dolno Perovo
Dolno Sedlarce
Dolno Solnje
Dolno Sonje
Dolno Sredorece
Dolno Srpci
Dolno Stragoliste
Dolno Stragomiste
Dolno Strbovo
Dolno Strogomiste
(( Dolno Sveto Race ))
Dolno Svilare
Dolno Tatesi
(( Dolno Trlo ))
Dolno Trogerci
Dolno Vranovci
Dolno Zitose
Dolno Zrkle
Donja Bosava
Donja Dusogubica
Donje Blace
Donje Cicevo
Donje Jabolciste
Donje Kolicane
Donje Krusje
Donje Lisicje
Donje Macevo
Donji Orizari
Donji Stubol
Dorfulija
Dorlobos
Dorlombos
Dorlomboz
Dorlu Obasi
Dorol Obasi
Dorol Obosi
Dorutli
Dovezence
Drac
Draçevë
Dracevica
Dracevica
Dracevo
Dradnja
Dragarine
Dragarino
Dragobrasta
Dragobraste
Dragobrasti
Dragodol
Dragoevo
Dragomanc
Dragomance
Dragomanci
Dragos
Dragov Dol
Dragovo
Dragozani
Dragozel
Dramca
Dramce
Draslajca
Draslavica
Drava
Drazevo
Drenak
Drenak
Drenak
Drenak
Dren
Dren
Drenje
Drenoec
Drenok
Drenok
Drenok
Drenovci
Drenovec
Drenovo
Drenovo
Drenovo
Drevenik
Dreveno
Dreznica
Drmeni
Drmos
Drogoevo
Drugovo
Drvendziska Maala
Drvenik
Drviska Maala
Drviska Mahala
Drvos
Drzanci
Drzilovo
DuÄ‘anci
Dubocica
Dubocica
Dubrovnica
(( Dubrovo ))
Duf
Dukatino
Ðuleli
Dulica
Dulje
Dumanovce
Dumanovci
Dunje
Dupeni
Dupjacani
Dupjani
Dupkarevi Kolibi
Dupljani
Duracka Reka
Durcica Maala
Durfuli
Durfulija
Durfulli
Durska Maala
Durska Mahala
Durutli
Durutli
Durutlija
Dusanovac
Dusegubica
Duskovci
Dusogubica
Ðuzemelci
Dvorce
Dvorci
Dvorci
Dvoriste
Dvoriste
Dzadovci
Dzadurci
Dzavato
Dzebin
Dzepciste
Dzepin
Dzepista
Dzepiste
Dzepiste
Dzidimirce
Dzidimirci
Dzidimirci
Dzumabos
Dzuma
Dzumaja-Obasi
Dzumajlija
Dzumali
Dzuma Obasi
Dzuma Ovasi
Dzvan
Dzvegor
Edinakovce
Edinakovci
Edinakovo
Ednokucevo
Ednokukevo
Edrenikovo
Edrinkovo
Ehloec
Ehlovac
Ehlovec
Ekonomija Mezdra
Elevci
Elovec
Elovo
Emirica
Emrulovci
Enesevo
Ercevis
Erdzela
Erdzeli
Erdzelija
Erdzelijo
Erekovci
Evla
Evla
Evloec
Ezerani
Ezereni
Falise
Falis
Faris
Faskovci
Feistritz
Fera Maala
Fera Mala
Filipovci
Forino
Frangovo
Frngovo
Frtok
Furka
Gabalavci
Gabar
Gabolavci
Gabres
Gabres
Gabres
Gabrevci
Gabrovnik
Gabrovo
Gabrovo
Gabrovo
Gaire
Gajranci
Gajre
Galata
Galate
Galicani
Galicnik
Galiste
Garani
Gare
Garesnica
Gari
Garjanci
Garnikovo
Garvan
Garvanica
Gavato
Gavato
Gecerli
Gecerlija
German
Germë
Germijan
Germo
Germol
Gerno
Gevegeli
Gevgelia
Gevgeli
Gevgelija
Ginovce
Ginovci
Gjavato
Gjokceli
Gjorçe Petrov
Gjuzemelci
Glavinci Maala
Glavovica
Glaznja
Glecenska Maala
Glincarci
Glisic
GloÄ‘e
GloÄ‘i
Globocica
Glodji
Glog
Glogi
Glogji
Glumovo
Gluvo
Gneotina
Gneotino
Gniles
Gnilez
Gnjiles
Godivije
Godivje
Godivje
Godivle
Gojranci
Golema Crcorija
Golema Recica
Golem Gaber
(( Golemi Bigor Dolenci ))
Golemi Gar
Golemi Radobil
Golemi Radobili
Golemi Radobilj
Golemi Vrv
Golemo Crsko
Golemo Ilino
Golemo Kojnari
Golemo Konjari
Golem Papradink
Golem Papradnik
Golem Papranik
Golem Radobil
Goli Rid
Golozinci
Golujska Maala
Gopceli
Gopes
Gorabinc
Goracino
(( Gorance ))
Gorani
Gorce Petrov
Gorc Petrov
Gorenci
Gorenci
Gorjane
Gorjani
Gorna Banjica
Gorna Bela Crkva
Gorna Belica
Gorna Belica
Gorna Bosava
Gorna Carlija
Gorna Ðonovica
Gorna Dracevica
Gorna Gjonovica
Gorna Gonovica
Gorna Lesnica
Gorna Maala
Gorna Maala
Gorna Maala
Gorna Maala
Gorna Maala
Gorna Mala
Gorna Mala
Gorna Radusa
Gorna Reka
Gorna Strogomista
Gorna Vrasnica
Gorna Vrastica
Gornçi
Gorne Sredorece
Gorni Balvan
Gorni Celopek
Gornicet
Gorni Disan
Gorni Dlapin Dol
(( Gorni Grcec ))
Gorni Hamzali
Gorni Lipovik
Gorni Manastirec
Gorni Nerezi
Gorni Podlog
Gorni Stubol
Gornja Belica
Gornja Bosava
Gornja Drcevica
Gornja Krusija
Gornja Maala
Gornjane
Gornje Blace
Gornje Cicevo
Gornje Jabolciste
Gornje Jabolcnote
Gornje Kolicane
Gornje Kratovo
Gornje Krusje
Gornje Lisicje
Gornje Orizare
Gornji-Celtiki
Gornji Orizari
Gornji Orizari
Gornji Sedlarci
Gornji Stubol
Gornji Vranovci
Gorno Aglarci
Gorno Ã?uÄ‘ance
Gorno Ã?uÄ‘anci
Gorno Barbarevo
Gorno Botuse
Gorno Botusje
Gorno Carlija
Gorno Cicevo
Gorno Crniliste
Gorno Divjaci
Gorno Dobrenoec
Gorno Dobrenovac
Gorno Dobrino
Gorno Ðugance
Gorno Dupeni
Gorno Dzugance
Gorno Egri
Gorno Gjugjance
Gorno Jabolciste
Gorno Jacince
Gorno Jelovce
Gorno Jelovci
Gorno Karaslari
Gorno Kojnare
Gorno Kojnari
Gorno Kolicane
Gorno Kolicani
Gorno Konjare
Gorno Konjare
Gorno Konjari
Gorno Kosovrasti
Gorno Kratovo
Gorno Krusje
Gorno Lakocerej
Gorno-Lakoceri
Gorno Lakocerje
Gorno Lipovik
Gorno Lisice
Gorno Lukovo
Gorno Lupste
(( Gorno Maalo Tazevo ))
Gorno Malo Tazevo
Gorno Manastirec
Gorno Melnicane
Gorno Melnicani
Gorno Nereze
Gorno Nerezi
Gorno Nerezi
Gorno Oreovec
Gorno Orizari
Gorno Orizari
Gorno Orizari
Gorno Palciste
Gorno Sedlarce
Gorno Selo
Gorno Solnje
Gorno Sonje
Gorno Sredorece
Gorno Sredorecje
Gorno Srpci
Gorno Stragoliste
Gorno Stragomiste
Gorno Strbovo
Gorno Stregomiste
Gorno Strogomista
Gorno Strogomiste
(( Gorno Sveto Race ))
Gorno Svilare
Gorno Tates
Gorno Tatesi
Gorno Trogerci
Gorno Vranovci
Gorobinci
Gorogleda
Gorogled
Gorovinci
Gosince
Gostirazna
Gostirazni
Gostivar
Gostrizani
Govarljevo
GoveÄ‘ak
GoveÄ‘a Maala
Govedja Mahala
Govegjak
Govrlevo
Govrljevo
Gracane
Gracani
Gradac
Gradec
Gradec
Gradec
Gradec
Gradesnica
Gradet
Grad
Gradiste
Gradiste
Gradmance
Gradmanci
Gradosorci
Gradovci
Gradski Baldovci
Gradsko Baldovci
Gradsko
Graesnica
Graiste
Grajesnica
Grbavec
Grbovec
Grcac
Grcec
Grciste
Grdovci
Grekaj
Gresnica
Gresnica
Grgurnica
Grizilevci
Grizilovci
Grko Pole
Grljane
Grljani
Grncare
Grncari
Grnciste
Gruinska Maala
Grumazi
Grunista
Gruniste
Grupcin
Grusince
Grusino
GuÄ‘akovo
Gudjakovo
Gugjakovo
Gujnovci
Guleli
Gulince
Gulinci
Gumalevo
Gunjevci
Gureler
Gurgurnica
Guvniste
Hadzarlar
Hadziahmetovo
Hadzi Amzali
Hadzi Hamzali
Hadzi Hamzalija
Hadzi Matovo
Hadzi Redzepli
Hadzi Sejdeli
Hajdar
Hame
Hamzali
Han
Han Mavrovo
Hrani
Hrankovce
Hristifor
(( Hudaverli ))
Hudaverlija
Huma
Iberli
Iberlija
Ibraimovo
Idrizovo
Ilijevo
Ilinden
Ilino
Iliovo
Ilovica
Ilovo
Imerovci
Ince
Indzikovo
Inevo
Injevo
Inovo
Ishtib
Istevnik
Istibanja
Ivackovica
Ivancista
Ivanciste
Ivanevci
Ivanjevci
Ivankovac
Ivankovac
Ivankovci
Ivanlije
Iveni
Izbista
Izbiste
Izdeglavje
Izdeglavlje
Iziste
Izlesevo
Izvor
Izvor
Jablanica
Jablanica
Jabolce
Jabolci
Jabolec
Jacimovo
Jagmurlar
Jagol Dolenci
Jagol
Jakimovo
Jakrenovo
Jamiste
Jamularci
Jance
Jancevci
Jançishtë
Janciste
Jankoec
Jankovac
Jankovci
Jankovci
Jankovec
Jargulica
Jasarska Maala
Jasarska Mahala
Jastrebnik
Javorec
Jazince
Jaznica
Jaznice
Jedcarce
Jednokucevo
Jedoarce
Jegunovce
Jehlovac
Jelosnik
Jelovci
Jelovjane
Jenikej
Jeniköj
Jezerane
Jokari
Josifovo
Jovanovska Maala
Judovo
Juma Obasi
Junuzlija
Jurumleri
Juzni Brod
Kacarci
Kadino
Kadino Selo
Kadino Selo
Kadrifakovo
Kadrifalkovo
Kafa
Kajganci
Kajganci Maala
Kalajnevo
Kalanjevo
Kalapetrovci
Kalauzlija
Kalauzlija
Kalauzli
Kalaverci
Kalderjac
Kaldirec
Kaleinci
Kalejnica Mahala
Kalendziovci
Kalen
Kalesovci
Kalimanci
Kalinci
Kalista
Kaliste
Kaliste
Kalkandelen
Kalkovo
Kalniste
KaluÄ‘erec
KaluÄ‘erica
Kalugerec
Kalugerica
Kamen Do
Kamen Dol
Kamenica
Kamenjane
Kamenjan
Kanarevo
Kanatlarci
Kanina
Kanino
Kaorivetm Maala
Kaorivetm Mahala
Kapetanska Maala
Kapetanska Mahala
Kapina
Kapinivo
Kapinovo
KaraÄ‘orÄ‘evo
Karabicane
Karabinci
Karabuniste
Karabunjiste
Karadzali
Karahan
Karamancani
Karamani
Karatmanovo
Karbinci
Karbunica
Karlovce
Karlovci
Karpos Dva
Karpos II (Dva)
Karpos
Karpos
Katlanovë
Katlanovo
Katlanovska Banja
Katlanovska Brezica
Katlanovska Breznica
Katlanovska Susica
Kavadarci
Kavadar
Kavrak
Kazandol
Kazani
Keseler
Kesendre
Kestenjar
Kesterjar
Ketenovo
Kicevo Belica
Kicevo
Kicinica
Kienovac
Kilisseli
Kimcinci
Kisava
(( Kisela Voda ))
Kiselica
Kiselica
Kisino
Kitanci
Kjafa
Kjestenja
Kjojlija
Kjoselari
Klacovce
Kladnik
Klecevce
Klecevci
Kleçevc
Klenoec
Klenovac
Klenovec
Klepac
Klimestani
Klin
Klinovo
Klisura
Klisura
Klisurska Maala
Kljucka Maala
Klukovec
Kmetovska Maala
Kneze
Knezevo
Knezino
Knezje
Kocane
Kocanik
Kocani
Kocilare
Kocilari
Kocilar
Koçishta
Kocista
Kocista
Kociste
Koculi
Kodzadzik
Kodzaki
Kodzalija
Kodzali
Koince
Kojcevi Kolibi
Kojkovo
Kojlija
Kojnara
Kojnari
Kojsko
Kokino
Kokosinje
Kokre
Kolari
Kolcaci
Kolesino
Kolibari
Kolicko
Kolipska Maala
Kolitsko
Koloverska Maala
Koloverska Mahala
Konca
Konce
Kondovo
Konjare
Konjari
Konjsko
Konjsko
Konjsko
Konjuh
Konopiste
Konopnica
Konsko
Konsko
Konsko
Kopacin Dol
Kopance
Kopanica
Kopanica
Kopanicë
Koprisnica
Köprülü
Korenica
Koresnica
Korito
Korosista
Korosiste
Kosani
Kosarci
Kosare
Kosari
Kosarka
Koselari
Koselj
Kosel
Kosevo
Kosino
Kosmatac
Kosovo
Kosovrashti i Poshtëm
Kosovrashti i Sipërme
Kostinci
Kostin Dol
Kostin Dol
Kostovon
Kostrum
Kosturino
Kostur
Kosturno
Kovacevicevac
Kovac
Kovanci
Kovce
Kozbunar
Kozica
Kozicino
Kozjak
Kozjak
Kozjak
Kozle
Kozlje
Krajnici
Krakornica
Krani
Krapa
Kratova
Kratovo
Kravari
Kremenica
Krgujci
Krilatica
Kriva Krusa
Kriva Kruska
Kriva Palanka
Krivci
Kriveni
Krivi Do
Krivi Dol
Krivi Kamen
Krivi Vrt
Krivogastane
Krivogastani
Krivolak
Krklino
Krklinovo
Krklja
Krkmanovo
Krmalnik
Krnino
Krnjevo
Krsje
Krsla
Krstaor
Krstec
Krstinci
Krstioar
Krstov Do
Krstov Dol
Krstovska Maala
Krumovo
Krupiste
Krusa
Krusa
Kruseani
Kruseica
Krusejca
Krusevica
Krusevica
Krusevljane
Krusevo
Krusevo
Krusica
Krusica
Krusje
Krusje
Krusopek
Krusovo
Krvacko
K'sane
Ksanje
Kuçevishtë
Kucevista
Kuceviste
Kucica
Kucicino
Kucilari
Kucilat
Kuckarevo
Kuçkovë
Kuckovo
Kuculat
Kudino
Kuklica
Kuklis
Kukovo
Kukurecani
Kularska Maala
Kumanicevo
Kumanovë
Kumanovo
Kumarino
Kundino
Kunovo
Kunovo
Kurasita
Kuratica
Kurbinovo
Kurfalija
Kurfali
Kuridere
Kurija
Kurtamzali
Kuru Dere
Kuskulija
Kuskuli
Kutlesevo
Kutlibeg
Kutretino
Labunista
Labuniste
Lafce
Lag
Lahce
Lahci
Lakaica
Lakajca
Lakavica
Lakavica
Lakavica
Laki
Laktinje
Lanistarci
Larce
Laskarce
Laskarci
Laskrce
Laskrci
Latovo
Lavcani
Lavce
Lavci
Lavci
Lazac
Lazani
Lazani
Lazari
Lazaropole
Lazaropolje
Lazarovci
Lazec
Lenista
Leniste
Leniste
Lepepelci
Lepepelc
Lepopelci
Lera
Lesak
Lesane
Lesani
Leska
Leska
Leski
Leski
Leskoec
Leskoec
Leskovec
Leskovica
Leskovo
Lesnica
Lesnica
Lesnovo
Lesok
Letevce
Letevci
Leunovo
Leva Reka
Lezovo
Lingorovci
Lioista
Lipac
(( Lipa ))
Lipec
Lipkovë
Lipkovo
Lipov Dol
Lirce
(( Lisac ))
Lisac
Lisec
Lisicani
Lisiçë e Epërme
Lisice
Lisicje
Lisicka Maala
Lisic
Lisje Brdo
Lisolaj
Livada
Livoista
Livoiste
Ljubance
Ljubanci
Ljubanista
Ljubaniste
Ljubin
Ljubodrag
Ljubojna
Ljubojno
Ljubos
Ljuboten
Ljuboten
Ljucovska Maala
Ljucovska Mala
Llojan
Logovardi
Lojane
Lokov
Lokovo
Lokveni
Lokvica
Lomnica
Lopate
Lopatica
Lopatica
Lopatje
Lopatnica
Lozani
Loznani
Lozovo
Lubaniste
Lubnica
Lubodrag
Luboten
Lugunce
Lugunci
Lukarci
Lukar Maalo
Lukar Mahala
Luke
Luki
Lukovica
Lukovica
Lukovo
Lukovo
Lupiste
Lupste
Lusanjanska Mala
MaÄ‘ari
Maaka Kosarica
Maala Dzine
Maala Grazdanci
Maalo
Macevo
Macovo
Madjari
Madriç
Madzari
Madzarlik
Magarevo
Maglence
Maglince
Magostin
Mahala Burinec
Majdan
Majden
Majmarkova Maala
Majmarkovci
Majstorovci
Makedonska Kamenica
Makedonski Brod
Makovo
Makresh
Makres
Makres
Makrijevo
Maksimci
Mala Crcorija
Mala Dzine
Mala Recica
Mala Reka
Malciste
Malcovska Maala
Malecka Maala
Maleckanci
Male Turcane
Mal Gaber
Malina Maala
Malina Mala
Malina
Malino
Mali Papradnik
Mali Papranik
Mali-Preovci
Mali Radobili
Mali Radobilj
Mali Radobil
Mali Vlaj
Maljok Maalo
Maljok Mahala
Malki Radobilj
Malo Crniliste
Malo Crsko
Malo Ilino
Malo Kojnari
Malo Konjare
Malo Konjari
Malo
Malo Mramorani
Malo Ruvci
Malotino
Malovista
Maloviste
Malovolci
Mal Papradnik
Mal-Papradnik
Mal Radobil
Mamucilar
Mamudovci
Mamutcevo
Manastirci
Manastir Dolenci
Manastirec
(( Manastirec ))
Manastir
Manastir
Manastirsko Dolenci
Manilci
Manovo
Marcino
Marena
Margare
Margari
Maricino
Marinkovci
Marino
Marino Selo
Markova Susica
Markovci
Markov Grad
Markov Selo
Martinica
Martinovce
Martinovci
Martolci
Marul
Marvinci
Maska
Maslan
Maslarci
Masovo
Matejca
Matejce
Matka
Mavrov Han
Mavrovi Anovi
Mavrovi Hanovi
Mavrovo
Maxharë
Maznicka Maala
Mazuciste
Mazujciste
Meckovska Maala
Meckuevci
Meckujevci
Medzedli
Medzitlija
Meglenci
Melnica
Memesli
Memesti
Memisalar
Memisli
Merovo
Mërshjevac
Mescista
Meseista
Meseiste
Mesevista
Meseviste
Mesista
Mesnice
Mestica
Meteçjë
Metezevo
Metimer
Metimir
Metovska Maala
Mezditlija
Mezefovica
Mglence
Micac
Micak
Midimci
Midinci
Mikuljane
Miladinovci
Milesevo
Mileskovo
Miletino
Miletkovo
Milevci
Milina
Milino
Miljkovci Mahala
Milocovci
Milosevo
Milutince
Milutinci
Miokazi
Miravci
Miravic
Mirce Acev
Mirdita
Mirivci
Mirkovce
Mirkovci
Mirovca
Mirovci
Misinci
Misinci
Mislesevo
Mislodezda
Mislodezde
Mitkovska Maala
Mitrasinci
Mitroj Krsti
Mitrosinci
Mitrovic
Mitrovi Krsti
Mitrovska Mahala
Mjelnjicanje e Poshtëme
Mjelnjicanje e Sipërme
Mladenovska Maala
Mlado Nagoricane
Mlado Nagoricino
Modric
Modriste
Mogila
Mogilec
Mogorce
Moin
Mojance
Mojanci
Mojanci
Mojin
Mojno
Mokliste
Mokreni
Mokrievo
Mokrijevo
Mokrino
Momin Potok
Monasteron
Monastir
Monospitovo
Morane
Morani
Moran
Morista
Morodvis
Moroista
Moroviste
Mostica
Mouin
Mozdivjak
Mozdivnjak
Mralino
Mramopec
Mramorec
Mravince
Mrenoga
Mrezicko
Mrsevac
Mrsevci
Mrzenci
Mrzen
Mrzen Oraovec
Mucoska-Maala
Mucoska-Mahala
Mucovska Mala
Mujin
Muleza
Mulija
Mulijska Maala
Mulijska Mahala
Murgasevo
Murgasi
Murgas
Muriz
Murtino
Musa Oba
Musince
Musinci
Muskovo
Mustafino
Mutalovo
Mutavcici
Nagoriçan i Ri
Nagoriçan i Vjetër
Nakolec
Naovo
Naselba Caska
Naselba Dracevo
Naselba Novo Selo
Naselba Ohis
Nebojani
Nebojan
Nebregovo
Negorci
Negotin
Negotin
Negotino
Negotino
Negotino-Polosko
Negotin Vardarski
Negrenovci
Negrevo
Nemanci
Nemanici
Nemanjica
Nemanjici
Nemanjinci
Neokazi
Neprosteno
Nerashte
Neraste
Nerav
Nerezi i Epërm
Nerezi
Nezilovo
Nezilovo
Niciforovo
Nicorovo
Nicpur
Nikiforovo
Nikistane
Nikodim
Nikodin
Nikolenci
Nikolici
Nikolic
Nikolik
Nikolinci
Nikoman
Nikostik
Nikuljane
Nikushan
Nikustak
Nilolajci
Nistrovo
Nivicani
Nivicino
Nivishta
Nivista
Niviste
Nizepole
Nizepolje
Nizopole
Nizo Polje
Njijviste
Njivicani
Nogaevci
Nogajevci
Norovo
Nospal
Nova Batanja
Nova Breznica
Novacani
Novaci
Novaci
Novake
Novak
Nova Maala
Nova Mala
Nova Mezdra
Nov Dojran
Novicane
Novi Ciflik
Novi Dojran
Novi Karaorman
Novi Prisad
Nov Karaorman
Novo Cajle
Novo Konjarevo
Novo Konjsko
Novo Konsko
Novo Lagovo
Novo Selani
Novoselani
Novoselani
Novoseljane
Novoseljani
Novoselnani
Novo Selo
Novo Selo
Novo Selo
Novo Selo
Novo-Selo
Novo Selo
Novo Selo
Novo Selo
Novo Selo
Novo Selo
Novo Selo
Novo Selo
Novo Selo
Novo Selo
Novo Selo
Novo Selo
Novo Selo
Novo Selo
Novo Selo
Novo Selo
Novo Selo
Novo Selo
Novo Selo
Novosljani
Novo Zmirnevo
Obednik
Oblakovo
Oblavce
Oblesevo
Obrsani
Odalar
Odë
Odrene
Odren
Odreno
Odri
Odzalar
Odzalija
Odzelija
Odzovci
Ognjaci
Ognjance
Ognjanci
Ogut
Ohrid
Okhri
Oktisi
Oleveni
Omorane
Omorani
Opae
Opaje
Opanci
Opeinca
Opejca
Opejica
Opejnca
Opejnica
Openica
Openjca
Opila
Opile
Opilo
Opticare
Opticari
Orah
Orahovac
Orahovec
Orahovica
Oraov Dol
Oraovec
Oraovica
Orasac
Orasec
Orasec
Orashac
Orasje
Oraste
Orcusa
Orcuse
Ordzeli
Orehovo
Orehovo
Orel
Oreovec
Oreovec
Oreovo
Oreovo
Oresane
Oresani
Orese
Oresje
Orevoec
Organdzali
Orizarë e Epërme
Orizare
Orizare
Orizare
Orizari
Orizari
Orizar
Orlance
Orlanci
Orlanci
Orle
Ormanli
Orman
Orman
Orovnik
Osanci
Osicani
Osice
Osice
Osincane
Osincani
Oslomej
Osoj
Osoj
Osolnica
Osolnice
Osotmica
Ostrec
Ostrilci
Ostriljci
Otavica
Otesevo
Otisane
Otisani
Otishani
Otistine
Otistino
Otitino
Otlja
Otosnica
Otovica
Otunje
Ozdoleni
Ozormiste
Padaliste
Padinje
Pagarusa
Pagarushë
Pagulevo
Pakliste
Pakosevo
Palangha
Palatica
Paligrad
Paligrag
Palikura
Pallçishte
Pamcarevo
Pancarevo
Panicare
Panicari
Pantelej
Papavnica
Papradista
Papradista
Papradiste
Papradiste
Papranik
Paralovo
Parapuci
Parazh
Pardovica
Paresi
Parez
Paricanska Maala
Pasadzikovo
Pasinci
Pasini Ruvci
Pasino Ruvci
Patec
Pateec
Patejc
Patetino
Patishka Rekë
Patiska
Patiska Reka
Pavlesenci
Pavlesinci
Pavlovci Mahala
Pavlovci
Pcinja
Pçinjë e Poshtëme
Pcinje
Peckovo
Pehcevo
Peklani
Pekljane
Pekljani
Pelince
Pelinci
Pendak
Penus
Pepeliste
Perlepé
Perlepes
Pescani
Pesirovo
Pesocani
Pesovska Maala
Pesrino
Pestalevo
Pestaljevo
Pestani
Pestani
Pesterci
Pesternica
Petakovci Mahala
Petakovci
(( Petalino ))
Petkovci
Petkovska Maala
Petralica
Petralinci
Petraljica
Petrasino
Petrino
Petrisino
Petrovac
Petrovci
Petrovec
Petrovo
Petrovo Selo
Petrsino
Pezovo
Pijanicka Maala
Pikljanci
Pilska Maala
Pilska Mahala
Pindzurci
Pintija
Piperevo
Piperevo
Piperovo
Piperovo
Pirava
Pirok
Pisica
Piskupstina
Pizinska Maala
P'kliste
Place
Plake
Plakje
Plasnica
Plavus
Plesanci
Plesinci
Pletvar
Plevenje
Pobozje
Pobuzje
Pocivalo
Podares
Podbrece
Podbrege
Podgorac
Podgorci
Podino
Podlec
Podles
Podlog
Podmocane
Podmocani
Podmoe
Podmole
Podmolje
Podmol
Podrzi Konj
Podrzi Kon
Podvis
Podvis
Poesevo
Pogulevo
Pogulova
Pohum
Pojesevo
Pokrajcevo
Pokrvenik
Polaki
Polciste
Poljak
Poljana
Poljana
Poljanska Maala
Poljski Pasadzik
Polog
(( Polosko ))
Pomenovo
Popadeska Maala
Popadija
Popcevo
Poplzani
Popoec
Popotovo
Popovec
Popovjani
Popovljani
Porecanska Maala
Porodin
Poroj
Postolovi
Poum
Pozarane
Pralenik
Pravednik
Prdejci
Predejci
Predni Maala
Preglevo
Preglovo
Preljubiste
Premka
Preod
Preot
Preseka
Presil
Preske
Presnica Mahala
Presnica
Pretar
Pretor
Preut
Prevalec
Pribacevo
Pribilci
Prikovci
Prilepac
Prilepec
Prilep
Prilipec
Pripecane
Pripecani
Pripor
Prisad
Prisad Stari
Prisat
Prisojarci
Prisojarci
Prisojnica
Prisovjani
Prisovjan
Prisovljani
Privos
Prnalija
Prnalija
Prnali
Prnarli
Probistip
Proevce
Projevce
Prosenikovo
Prosovce
Prostranje
Provalenik
Prsevce
Prsovce
Prstan
Prsten
Prvce
Przdevo
Psaca
Puhce
Puncarevo
Purinci
Puskarska Maala
Pustabresnica
Pusta Reka
Puturos
Puturus
Puzderci
Qalqan Delen
Qostrum
Rabetino
Raborci
Rabrovo
Raciska Maala
Radanja
Radanje
Radibus
Radicevo
Radijovce
Radijovci
Radiovce
Radisane
Radisani
Radnja
Radobar
Radobor
Radolista
Radoliste
Radomirovo
Radova
Radoviki
Radovis
Radoviste
Radovo
Radovo
Radozda
Radueva Maala
Radulinci Maala
Radusa
Radusa Rudnik
Radushë
Raec
Rahmanli
Rajcanci
Rajcane
Rajcani
Rajca
Rajcica
Rajci
Rajec
Rajicki
Rakitac
Rakitec
Rakitnica
Rakle
Raklis
Raklje
Rakotinci
Rakovce
Rakovec
Rakovec
Ramanovce
Ramna
Ramna
Ramne
Ramne
Ramni Gaber
Ramni Gader
Ramnje
Ramno Brdo
Ramno
Rancenci
Rancinci
Rankovce
Rankovci
Raotince
Raovic
Raovik
Rapes
Rasadiste
Rasadnik
Rasavska Maala
Rasce
Rashçe
Rasino
Raski Rid
Rasoman
Rastak
Rastane
Rastani
Rastani
Rastani
Rastes
Rastince
Rastojca
Rastovica
Ratae
Rataje
Rataj
Ratal
Ratavica
Ratevo
Ratkovica
Ratkovica
Ratovica
Raven
Razlovci
Recane
Recane
Recane
Recani-Celopecko
Recani
Recani
Recani
Recani-Zajasko
Recanje
Recica
Recica
Recica
Reçicë e Epërme
Recice e Vogel
Recka Maala
Rec
Redovci
Rekanska Maala
Rekanska Mahala
Resan
Resava
Resen
Resna
Rezanovce
Ribarci
Ribarci
Ribnica
Ric
Ridarci
Rilevo
Riljevo
Ristakovci
Rlevci
Rnkovce
Robovo
Robovo
Rodanja
Rodanje
Rodovis
Rogacevo
Rogle
Roglje
Rogozarci
Romanovac
Romanovce
Romanovci
Romanovc
Ropalce
Ropaljce
Ropotovo
Rosoki
Rosoman
Rostusa
Rotino
Rozden
RuÄ‘ince
Rubejci
Rudanje
Rudare
Rudare
Rudere
Rudnik Radusa
Rudnik
Rudnik
Rugince
Rulevci Maala
Ruljak
Runica
Rupje
Rusinovo
Rusjaci
Ruvci
Rzanicane
R'zanicani
Rzanicano
R'zanicino
Rzanovo
Rzanovo
(( R'zanovo ))
Rzhanovo
Sacevo
Sahintas
Saintas
Sajre
Sakulica
Sakuljika
Salarevo
Samakov
Samokov
Sapatoec
Saracevo
Saracince
Saracino
Saraj
Saraj
Sarakince
Sarakinë
Sarakino
Saramzalino
Saramzali
Sarandinovo
Sarcievo
SariÄ‘ol
Saridjol
Sarigjol
Sarigol
Sari Hamzali
Sasa
Sasavarlija
Sasavarlije
Sasavarli
Sazdevo
Sazdovo
Sedlarci
Sedlarevo
Sejdina Maala
Sejdina Mahala
Sekirani
Sekirci
Sekirnik
Sekulice
Selce Kec
Selce
Selce
Selce
Selce
Selce
Selce
Selce
Selci
Selemli
Seleverci
Seliste
Selnik
Selo Dracevo
Selokuce
Selokuci
Selokuki
Semeniste
Semsevo
Sence
Senokos
Senokos
Sermenin
Seskovo
Sesolje
Setole
Sevendekli
Shemshevo
Shipkovicë
Shishevo
Shkup
Shushica
Siikovica
Simjeonovc
Simnica
SinÄ‘elicevo
SinÄ‘elic
Sindarci
Singelic
Singelik
Sinicane
Sipak Maala
Sipkoecko Teke
Sipkovica
Sipkovica
Sipkovo Tece
Siriçina
Siricino
Sirinci
Sirkovo
Sirula
Sirulje
Sisevo
Sivec
Skacinci
Skackovce
Skender
Skidrinja
Skocivir
Skopeia
Skopie
Skopje
Skoplie
Skoplje
Skorovo
Skorusa
Skrebatino
Skrebatno
Skuadrinje
Skudrine
Skudrinje
Skudruye
Sladuevo
Sladujevo
Slansko
Slatina
Slatina
Slatina
Slatina
Slatinë
Slatinje
Slatino
Slatino
Slatino
Slavej
Slegovo
Slegovs
Slepce
Slepce
Slivica
Slivje
Slivnica
Slivnik
Slivnjak
Slivovo
Sllupçanje
Sloesnica
Sloestica
S'lp
Slupcane
Smesnica
Smilanci
Smilevo
Smiljanci
Smiljevo
Smiljkovci
Smilkovci
Smilovci
Smirnovo
Smojmirovo
Smokvica
Smolane
Smolani
Smolare
Smolari
Smoljani
Snegovo
Sobri
Sofilari
Sogle
Soglje
Sogrlo
Sojaklari
Sokolarce
Sokolarci
Solokiçi i Poshtëm
Solokiçi i Sipërm
Sopishte
Sopiste
Sopotnica
Sopotsko
Sopot
Sopot
Sopot
Sopot
Sopsko Rudare
Sopsko Rudari
Sopur
Sosani
Sovic
Sovik
Spancevo
Spasinci
Spasi
Spas
Spotsko
Srbica
Srbinovo
Srbinovska Maala
Srbjani
Srciovo
Sredna Maala
Sredna Maala
Sredna Maala
Sredno Dobrino
Sredno Egri
Sredno Konjare
Sredno Konjari
Sredorek
Sretenovo
Sretkovo
Srpci Gorno
Srpci
Srpci
Stafet e Post
Stafet i Postr
Stajkovce
Stajkovci
Stakovica
Stalevci
Stalkovica
Stambolica
Stamer
Stanca
Stance
Stanci
Stanica Zelenikovo
Stanisevce
Stanjevce
Stanjevci
Stanjulovci
Stanulovci
Stara Mezdra
Staravina
Star Dojran
Stari Dojran
Stari Dorjan
Stari Grad
Stari Karaorman
Stari Prisad
Star Istevnik
Star Karaorman
Staro Baldevci
Staro Baldovci
Staro Cajle
Staroec
Staro Gradsko
Staro Konjarevo
Staro Lagovo
Staro Muskovo
Staro Nagoricane
Staro Nagoricino
Staro Selo
Staro Selo
Staro Selo
Starovci
Starovina
Staro Zmirnevo
Staro Zmirnovo
Stavica
Stavici
Stefanska
Stekavica
Stence
Stenje
Stepance
Stepance
Stepanci
Stepanci
Stepovac
Stevanovci
Stinek
Stinik
Stiplia
Stip
Stirovica
Stoevci
Stojakovo
Stojevci
Stojkovci
Stojkovci
Stopanstvo
Stracince
Stracinci
Stracin
Stracovo
Stragovo
Strahodacica
Strahojadica
Strahojadice
Strajane
Straovica
Straza
Strbovo
Strelci
Strezevo
Strezimir
Strezovce
Strhovo
Strigovo
Strima
Strimnica
Strisovce
Strisovci
Strmasevo
Strmos
Strnovac
Strnovec
Stroimanci
Stroja
Strojimanci
Strojisavci
Strojmanci
Stromitza
Stromnitsa
Stromnitza
Stroumitsa
Strovija
Strovja
Struga
Strugovo
Strumica
Strumitsa
Strumitza
Stublica
Studena Bara
Studenicane
Studenicani
Stuka
Sturovo
Sucevo
Sudic
Sudik
Sulan
Suldurci
Supli Kamen
Suplji Kamen
Supurge
Surdulci
Surdulica
Surlenci
Susevo
Susevo
Susevo
Sushica
Susica
Susica
Susica
Susica
Susica
Susica
Sutevo
Suto Orizare
Suto Orizari
Sutovo
Suva Reka
Suvi Dol
Suvi Lak
Suvo Brdo
Suvodol
Suvodol
Suvodol
Suvo Grlo
Suvo Grlo
Svecani
Svekani
Svekjani
Sveta Petka
Sveta
Sveti Nikola
Sveti Nikole
Sveti Petka
Sveti Todore
Sveti Todori
Sveti Todor
Sveto Mitrani
Svetorace
Sveto Todori
Svetovraci
Svidovica
Svilarce
Svinista
Svinista
Sviniste
Sviniste
Svinji Dol
Svinjista
Svinjiste
Svinjiste
Svinjiste
Tabanovce
Tabanovci
Tabanovc
Tajmista
Tajmiste
Talasmance
Talasmanci
Tanatarci
Tanufhevci
Tanusaj
Tanusa
Tanusej
Tanuse
Tanusevac
Tanusevci
Taor
Tarajinci
Taranci
Taranes
Taranik
Tarinci
Tasmarunista
Tasmaruniste
Tasmorunista
Tasmoruniste
Tatar Elevci
Tatarinovac
Tatarli
Tatarli
Tatomir
Tavor
Tazevo
Tearce
Tece
Tece
Teke
Tekija
TenÄ‘are
Tenava
Tendzare
Tendzer Maalo
Tendzer Mahala
Tenovo
Teovo
Tepavci
Teqe
Teranci
Tërnanik
Terzeli
Testemelci
Testemeljci
Tetovë
Tetovo
Tikvesh
Tikves
Timjanik
Tisovica
Titov Veles
Tlminci
Tocovska Maala
Todorovci
Toljane
Tomino Selo
Tomno Selo
Tonosarci
Toplica
Toplica
Toplih
Toplik
Toplin
Topolcane
Topolcani
Topolnica
Topolnica
Topolovic
Topolovik
Toranica
Torbeski Most
Torfali
Torhali
Tosinska Maala
Toska
Tosmoruniste
Trabotiviste
Trabotoviste
Trakanje
Trapcin Dol
Trap
Trebenista
Trebeniste
Trebicino
Trebino
Trebishte
Trebiste
Trebos
Trebotiviste
Trebovje
Trebovle
Trebovlje
Tremnik
Trencino Koibe
Tresance
Tresonca
Tresonce
Tri Cesmi
Tripatanci
Tripotanci
Tri Vode
Tri Vodi
Trkanje
Trle
Trnanic
Trnanik
Trnica
Trnovac
Trnovce
Trnovci
Trnovo
Trnovo
Trnovo
Trnovo
Trnovska Maala
Trn
Trohla
Trojaci
Trojkrsti
Trolo
Trol
TromeÄ‘a
Tromega
Tromegja
Tromezhjë
Troolo
Trpejca
Trsina
Trsino
Trstenik
Trstenik
Trstija
Tudence
Tufkovci
Tuin
Tujinovci
Tujin
Tujna
Tumceviste
Turalevo
Turaljevo
Turie
Turija
Turije
Turje
Turnovo
Turska Mala
Tursko Rudari
Tursko
Tuseva Maala
Tuseva Mala
Ubogo
Ubovo
Udovo
Ulanci
Ularci
Uma
Umin Dol
Umin Do
Umlena
Umovo
Urvic
Usija
Usije
Usje
Usküb
Ustrugha
Ustrumcha
Utovo
Uzem
Vajlovce
Vakaf
Vakav
Vakav
Vaklinci
Vaksince
Vaksinc
Vakuf
Vakuf
Valandova
Valandovo
ValanovecMaala
Valanovec
Valozanci
Vapa
Vapila
Vapi
Vardino
Varit
Varoska Maala
Varos
Varoviste
Varvara
Varvara
Varvarica
Vasarejca
Vasilevo
Vasiljevo
Vasilkovci
Vatasa
Vehcane
Vehcani
Vejce
Vejice
Vejseli
Velebrdo
Veleselo
Velessa
Velesta
Veleste
Velestovo
Veles
Velgosti
Velika Crcorija
Velika Recica
Velike Ilino
Velike-Turcane
Veliki Celtiki
Veliki-Papranik
Veliki Radobilj
Veliko Crniliste
Veliko Crsko
Veliovci
Veljanovci
Veljusa
Veljusino
Velmej
Velmenci
Velmevci
Vel Papradnik
Velusa
Velusina
Velusino
Velusino
Venica
Veprcani
Vesala
Vesal
Veselcane
Veselcani
Veshalla
Vesje
Vetersko
Vetren
Vetunica
Vevcane
Vevcani
Vidoviste
Vidrani
Vidusa
Viduse
Vikovija
Vince
Vinci
Vinicani
Vinica
Vinica
Vinice
Vinicka Krska
Vinicka Krsla
Vinicko Gumno
Virce
Virovo
Vir
Visni
Visnje
Visoka Maala
Visoka Mala
Vistica
Vitaliste
Vitanci
Vitanci
Vitoliste
Vitomiriva
Vizbegovo
Vladevci
Vladilovce
Vladilovci
Vladimirovo
Vlasici
Vlasiki
Vlce
VoÄ‘ani
Vodno
Vodno
Vodoca
Vodovrati
Vodovrat
Vogjani
Voislavci
Vojnica
Vojnik
Vojsanci
Vojslavci
Volce
Volino
Volkoderi
Volkovija
Volkovija
Volkovo
Vollkovija
Vozarci
Vracevce
Vracevi
Vragoturce
Vragoturci
Vrance
Vranesnica
Vranestica
Vraninci
Vranista
Vraniste
Vranjevci
Vranjovce
Vranovce
Vranovci
Vrapçicshtë
Vrapcista
Vrapciste
Vratislavci
Vratnica
Vratnicë
Vrazale
Vrbena
Vrben
Vrbica
Vrbici
Vrbjane
Vrbjane
Vrbjani
Vrbjani
Vrbjani
Vrboec
Vrbovac
Vrginska Maala
Vrisko
Vrpsko
Vrsakovo
Vrtakica
Vrtekica
Vrteska
Vrutog
Vrutok
Vucavice
Vuci Dol
Vuckovci
Vuckovska Mala
Vukoderi
Vukovo
Vutren
Xhepishta
Zabjani
Zabrcani
Zagorane
Zagorani
Zagorci
Zagorice
Zagracani
Zagrad
Zajac
Zajas
Zapolzani
Zarapinci
Zarbinci
Zarepinci
Zasle
Zaslje
Zavoj
Zbadzha
Zbazda
Zbazde
Zbazdi
Zdanec
Zdunje
Zdunje
Zedilovo
Zegljane
Zegnjane
Zelengrad
Zelenikovë
Zelenikovo
Zelezara
Zelezna Reka
Zeleznec
Zeleznica
Zeleznicka Stanica Zelenikovo
Zeleznik
Zelino
Zeljino
Zeljuvino
Zeluvine
(( Zeravina ))
Zeravine
Zeravino
Zerovjane
Zerovjani
Zezen
Zezovska Maala
Zgopolci
Zgropolci
Zgropoljci
Zhelinë
Zherovan
Zhirovnica
Zhitinjani
Zhupa-Selce
Zhuzhnja
Zidilovo
Ziganci
Zilce
Zirnicka Maala
Zirovnica
Zitinani
Zitineni
Zitinjani
Zitose
Zitoste
Zivalevo
Zivaljevo
Zivenje
Zivinje
Zivojna
Zivojno
Zivovo
Zlatari
Zleovo
Zlesevo
Zlesti
Zletovo
Zlevo
Zlokucani
Zlokucani
Zlokukjani
Zmirnovo
Zndes
Zovic
(( Zovik ))
Zovik
Zrkle
Zrnovce
Zrnovci
Zrze
Zubovce
Zubovce
Zubovo
Zubrino
Zulica
Zurce
Zuznja
Zuznje
Zvan
Zvecan
Zvegor
