Abondance
A. Dubuisson
Aloès
Anse
Anse-les Bas
Anse-les Hauts
Aurélien Dijoux
Aurère
Avenir
Avirons
Bagatelle
Bain
Baril
Basse Vallée
Bassin Martin
Beaufond
Beaufonds
Beaufonds Usine
Beaulieu
Beaumont
Beauvallon
Bebour
Bé Cabot
Bel Air
Bellemène
Bellevue
Bérive
Bérive-les Bas
Bernica
Bernica-les Bas
Bethléem
Bois-Blanc
Bois Court
Bois de Nèfles
Bois d'Olive
Bois d'Olives
Bois-Rouge
Bois Rouqe Usine
Boucan Canot
Bourbier
Bout de l'Étang
Bras Canot
Bras de Ponteau
Bras des Calumets
Bras des Chevrettes
Bras Madeleine
Bras Magdeleine
Bras-Panon
Bretagne
Brûlé
Cafrine
Cambuston
Camp de Pierrot
Camp Jacquot
Cap Blanc
Cap Noir
Carosse
Casabona
Cascades
Champ-Borne
Chaudron
Chemin César
Chiendent
Cilaos
Coeur Saignant
Colimaçons
Colosse
Commune Ango
Commune Bègue
Commune Carron
Condé
Confiance
Convenance Ancienne Usine
Convenance
Demenjod
Desbassyns
Désert
Dimitile
Domenjod
Dos d'Âne
Entre-Deux
Éperon
Espérance
Etang de Saint Andre
Etang
Étang-les Hauts
Étang-Salé
Étang-Salé les Bains
Etanq les Hauts
Étan-Salé-les-Hauts
Fiague
Fiagues
Filaos
Flacourt
Fleurimont
Fleurs Jaunes-les Hauts
Franche Terre
F. Sauger
Gillot
Girofle
Gôl
Gôl-le Haut
Grand Bassin
Grand Bois
Grand Coude
Grande Anse
Grande Chaloupe
Grande Place
Grande Ravine
Grand Fond
Grand Fonds
Grand Galet
Grand Îlet
Grands Bois
Halte-là
Harmonie
Hell-Bourg
Hermitage
Îlet à Cordes
Îlet à Déjeuner
Îlet à Guillaume
Îlet à Malheur
Îlet à Vidot
Îlet Bois-Rouge
Îlet Denise
Îlet de Roche Plate
Îlet des Lataniers
Ilet du Palmiste Rouge
Îlet du Peter-Boot
Îlet Flamand
Îlet Marron
Îlet Morin
Îlet Nourry
Îlet Ronde
Îlet Solitude
Îlet Techer
Îlet Tommic
Jacques Payet
Jean Petit
Jean Petit-les Bas
La Bretagne
La Butte
La Caroline
La Chaloupe Saint-Leu
La Chatoire
La Crête
La Croix
La Fontaine
La Fontaine-les Hauts
La Goyave
La Grande Chaloupe
La Grande Montée
La Mare
La Mare Usine
La Marine
La Montagne
Langevin
La Nouvelle
La Paix
La Passarelle
La Petite Île
La Plaine des Cafres
La Plaine des Palmistes
La Plaine
La Point-aux-galets
La Pointe
La Possession
La Providence
La Renaissance
La Ressource
La Rivière des Pluies
La Rivière des Roches
La Rivière
La Saline
La Saline-les Bas
La Vallée
La Vigne
Le Barrage
Le Bélier
Le Bésave
Le Bois de Nèfles
Le Bois d'Olive
Le Bras Creux
Le Brûlé
Le Butor
Le Cap
Le Cap-les Hauts
Le Cazabois
Le Chaudron
Le Coeur Saignant
Le Colosse
Le Cratère
Le Délice
Le Dioré
Le Dix-Neuvième
Le Dix-Septième
Le Fond de Maurice
Le Gôl
Le Goyave
Le Grand Galet
Le Guillaume
Le Lambert
Le Maniron
L'Entre-Deux
Le Onzième
Le Ouaki
Le Patelin
Le Pavillon
L'Éperon
Le Petit Brûlé
Le Petit Tampon
Le Portail
Le Port des Galets
Le Port
Le Pourpier
Le Quatorzième
Le Ramier
L'Ermitage-les Bas
Le Rond
Le Ruisseau
Les Aigrettes
Les Avirons
L'Escalier
Les Camélias
Les Canots
Les Chicots
Les Cocos
Les Colimaçons
Les Deux Bras
Les Jacques
Les Lianes
Les Orangers
Les Quatre-Cents
Les Sables Blancs
Les Six-Cents
Les Trois-Bassins
Les Trois Frères
Les Trois Mares
Les Vacoas
Le Tampon
L'Étang
L'Étang-Salé
Le Tévelave
Le Titan
Le Waki
L'Hermitage-les Bas
L'Hermitage
Ligne des Bambous
L'Îlet aux Palmistes
L'Îlet
L'Oasis
Mafatte
Mahavel
Maison de l'Enfance
Maison Henou
Maison Isautier
Maison James Biget
Maison Lelièvre
Maison Leroux
Maison Moullan
Maison Payet
Maison Rouge
Makes
Manapany-les Bains
Manapany-les Hauts
Manapany
Ma Pensée
Mare à Citrons
Mare à Vieille Place
Mare Longue
Mare
Marepine
Matouta
Menciol
M. Lamotte
Moka
Mon Caprice
Monrepos
Montagne
Montvert-les Bas
Montvert-les Hauts
Montvert
Morange
Noël
Orne
Orré
Orres
Palmistes Rouges
Pavillon
Peter-boot
Petit Bazar
Petite Île
Petite Ravine
Petit Sable
Petit Saint-Pierre
Petit Serré
Pichète
Pierrefonds
Pierrefonds Usine
Piton
Piton Sainte-Rose
Plaine des Grègues
Plaine des Palmistes
Plate
Pont Dives
Portail
Port de la Pointe des Galets
Port des Galets
Port
Possession
Quartier-Français
Ravine à Malheur
Ravine à Marquet
Ravine Blanche
Ravine Creuse
Ravine d'Ango
Ravine des Cabris
Ravine des Cafres-les Bas
Ravine des Cafres-les Hauts
Ravine des Chèvres-les Hauts
Ravine des Chèvres
Ravine du Mât les Bas
Ravine du Pont-les Bas
Ravine du Pont
Ravine Glissante
Ravine Martin
Ravine Sèche
Renaissance
Repuissance
Ressource
Réunion
Révolution
Rivière de l'Est
Rivière des Pluies
Rivière du Mât-les Bas
Rivière du Mât-les Hauts
Rivière du Mât
Rivière du Mât Usine
Rivière du Rempart
Rivière
Rivière Saint-Pierre
Rivières
Roche Maigre
Roche Plate
Ruisseau
Saint-André
Saint-Benoît
Saint-Bernard
Saint-Denis
Sainte-Anne-les Hauts
Sainte-Anne
Sainte-Clotilde
Sainte-Marie
Sainte-Rose
Sainte-Suzanne
Sainte-Thérèse
Saint-François
Saint-Gilles-les Bains
Saint-Gilles-les Hauts
Saint Gilles
Saint-Joseph
Saint-Leu
Saint-Louis
Saint-Paul
Saint-Philippe
Saint Phillippe
Saint-Pierre
Salazie
Salazie Village
Saline-les Hauts
Saline
Savannah
Savannah Usine
Semaines
Six Cents
Sous les Bois Noirs
Stella Matutina
Stella
Surprise
Takamaka
Tampon
Terre Rouge
Terre Sainte
Tremblet
Trinité
Trois Bassins
Trois Mares-les Hauts
Union
Usine du Gol
Vacoas
Vallée Orré
Verger Hemery
Village de l'Anse
Village de la Petite Ile
Village de Montvert
Village du Piton
Village du Tampon
Village Ravine du Pont
Village Sainte Anne
Vincendo
Vue Belle
