Abaji
Abakula
Abakule
Abala
Abalang
Abaler
Abaleri
Abalkweri
Abalkweru
Abalodyang
Abankwoni
Abarekori
Abarelelu
Abari
Abarikori
Abarilela
Abario
Abata
Abatait
Abeja
Abeko
Abela
Aber
Aberapira
Aberete
Aberipila
Abeyi
Abia
Abi
Abim
Abiria
Abiya
Abiya
Aboke
Aboket
Aboki
Abola
Abolonyero
Aboru
Abudama
Abuke
Abuli
Aburkot
Aburuburu
Abutokom
Abwangete
Abwel
Abwong
Acamanumu
Acenluoro
Acer
Achaba
Achamdako
Achamidako
Achanpi
Achar
Achedepel
Achedeperi
Achet
Achilet
Achisa
Acholibar
Acholibur
Achomai
Achomya
Achumet
Achuna
Achungi
Achuru
Achwa
Achwichwi
Aciak
Adacari
Adachal
Adadoi
Adagimon
Adakata
Adapatakitala
Adari
Adekere
Adengi
Adepari
Adero
Aderutu
Adiegi
Adilang
Adingi
Adinya
Adita
Adjugopi
Adjumani
Adlegi
Adodoi
Adodoyi
Adok
Adola
Adome
Adomo
Adonga
Adongoyere
Adonyimo
Adra
Adu
Aduko
Aduku
Adumi
Adwari
Adwoki
Adyongobaro
Adzugopi
Agama
Aganga
Agaria
Agbo
Agenmatch
Agermach
Agikdak
Agikidaki
Agil
Agipaboni
Agirigirioi
Agirigiroi
Agirigiroi
Agola
Agonyolako
Agora
Agoro
Agu
Agule
Agule
Agule
Aguliya
Agulul
Agur
Agurut
Agwata
Agwengere
Agwenonyari
Agwiciri
Agwingiri
Agwok
Ai-avu
Ai-Ivu
Airere
Airinget
Ajaa
Ajama
Ajaniti
Ajar
Ajebe
Ajeruk
Ajeruku
Ajesa
Ajesai
Ajia
Ajikidaki
Ajono
Ajonyi
Ajuket
Ajumani
Akaba
Akademothy
Akado
Akaikai
Akalu
Akanyo
Akar
Akarukwe
Akatongore
Akedimothy
Akeen
Akere
Aketa
Aketo
Akilok
Akisa
Akisim
Akisim
Akisim
Akokoro
Akole
Akolodong
Akolodongo
Akongomit
Akore
Akot
Akoyo
Akpokoa
Akulet
Akum
Akum
Akumu
Akure
Akweyi
Akwon
Akwoni
Akworo
Akyereu
Akyeriau
Ala
Alado
Alas
Alebai
Alebtong
Alebtong
Alebtongo
Alego
Alekilek
Aleles
Alelesi
Alemere
Alengbele
Alengbelo
Alengo
Alenzu
Alera
Alera
Alere
Alerek
Alero
Aleuleun
Aliba
Aliba
Alibu
Alijoda
Alila
Alilioi
Alira
Alito
Alivu
Aloet
Aloet
Aloi
Aloit
Alokiri
Aloloi
Alomdyel
Alomet
Alopua
Aloro
Alube
Aluga
Alui
Alukuchoko
Alutong
Alwa
Alwala
Alwala
Alwi
Alwii
Alworoceng
Alyamese
Amabasere
Amach
Amaich
Amalwasi
Amanumingon
Amar
Amarwasi
Ambidro
Amdat
Ame
Amemya
Ameng
Ameno
Amenu
Amenya
Amero
Amgamwa
Amidakan
Amiel
Amii
Amilmil
Amilo
Aminapoke
Aminit
Aminiti
Aminito
Aminteng
Amintina
Amitina
Amolatar
Amolitar
Amolota
Amolotar
Amonikakinei
Amorkot
Amoru
Amorupos
Amua
Amuchu
Amucu
Amuda
Amudat
Amugei
Amugo
Amunoi
Amuria
Amuryei
Amusus
Amwanga
Amyamya
Amyema
Anaka
Anamido
Andruvu
Angaba
Angal
Angodingodi
Angole
Angorom
Angorom
Angoropia
Angotimoti
Angunai
Anwangi
Anya
Anyalai
Anyangalong
Anyara
Anyavu
Anyek
Anyeke
Anyia
Anyid
Anyidi
Anyidinyid
Anyiribu
Anyongo
Anywali
Anzaiya
Aoba
Apac
Apach
Apala
Apala
Apapa
Apapai
Apapai
Apapai
Aparisa
Apedi
Apeduru
Apeduru
Apele
Apele
Apeneki
Apenyowewu
Api
Apidochot
Apigikwe
Apoi
Apoka
Apokin
Apokor
Apokori
Apokori
Apokoro
Apoleka
Apoli
Apolino
Apopongi
Apot
Aputi
Aputon
Aputon
Apwori
Ara
Arabaka
Araga
Aranga
Arapai
Arapoo
Aremo
Arenga
Aridi
Arido
Ariet
Arikpa
Aringa
Aringo
Aringot
Arivu
Ariwa
Arua
Arubela
Aryawo
Aryek
Asalatap
Asamuk
Asamuk
Asasi
Asilanga
Asilang
Asilanyi
Asinge
Asinge
Asingero
Asinye
Asiranyi
Asuret
Asuret
Aswa
Atagi Apari
Atana
Atanga
Atapara
Atar
Atari
Ateka Ober
Atek
Atera
Aterai
Aterodri
Ateusu
Atiak
Atigo
Atika
Atine
Atira
Atiri
Atiriri
Atongpara
Atopi
Atoto
Atratraka
Attiak
Atuboi
Atuli
Atumba
Atura
Atura
Aturituri
Atutur
Atuturi
Atyak
Atyenda
Aukot
Aukot
Aukoto
Aupi
Auwara
Awach
Awaliwali
Awei
Awelo
Awelo
Awer
Awere
Awika
Awila
Awilodyang
Awir
Awiri
Awoja
Awojabule
Awojaito
Awojaitoi
Ayabi
Ayago
Ayavu
Ayera
Ayer
Ayiroyat
Ayivu
Ayola
Ayongtoke
Ayoni
Ayumi
Baduda
Badyang
Bagambira
Bagedza
Bageza
Bahati
Baitambogwe
Bajo
Bajo
Bakijurura
Bala
Balabala
Balanga
Balawoli
Bale
Bale
Bale
Bale
Balimanyanka
Balimanyankya
Balinga
Balita
Bamasuta
Bamba
Bamunanika
Bamusuta
Banagonera
Banda
Banda
Banda
Banda
Banda
Banda
Banga
Banga
Barabili
Barakala
Bar
Baribu
Baringa
Barogal
Bata
Batambogwe
Bawalakata
Bbanda
Bbuto
Behungi
Bekina
Bembe
Bendegere
Beta
Bezinya
Bezinza
Bibo
Bibo
Biemba
Bigada
Bigando
Bigasa
Bigodi
Biguri
Bigusha
Bigushu
Bigyera
Bihairwe
Bihalrwe
Bihanga
Biharwe
Bika
Bikira
Biko
Bikongoro
Bikongozo
Bikonzi
Bilefe
Biliefe
Binambo
Bingo
Binikira
Binoni
Binyin
Binyiny
Bira
Birembo
Birere
Birere
Biria
Birinuma
Birinzi
Birongo
Birunduma
Birundumu
Birunuma
Biruruma
Bisanje
Bisanje
Biseruka
Bisheshe
Biso
Bisozi
Bisu
Bisya
Bisyoro
Bitbyamukasa
Bitereko
Bitezi
Biti
Bitibyamukasa
Biwa
Biwanga
Biwolobo
Biyiyi
Bizera
Bizinza
Bobi
Boliso
Bombo
Bombo
Bomwega
Bomwege
Bondo
Boro
Boroboro
Bowa
Buambara
Bubada
Bubale
Bubale
Bubale
Bubanda
Bubandi
Bubandi
Bubango
Bubanyi
Bubanzi
Bubba
Bubbala
Bube
Bubenge
Bubengwa
Bubilabi
Bubinga
Bubiro
Bubogo
Bubohi
Bubonge
Bubotyo
Bububi
Bubuke
Bubukwanga
Bubule
Bubulo
Bubulu
Bubungi
Bubutu
Bubutya
Bubwa
Bubwoki
Buchundu
Buchundura
Bucumbi
Budaba
Budadiri
Budaka
Budaka
Budale
Budali
Budali
Budatenwa
Budatu
Budda
Budde
Bude
Bude
Budehe
Budembe
Budikidi
Budimu
Budini
Budola
Budondo
Budongo
Bududa
Budumba
Buduna
Budzi
Budzibwera
Bufindi
Bufumbo
Bufumira
Bufundi
Bugaba
Bugaba
Bugabe
Bugadi
Bugaia
Bugai
Bugaju
Bugalama
Bugalama
Bugalama
Bugalamwa
Bugamba
Bugambe
Bugambira
Bugambo
Bugana
Buganga
Bugangari
Buganja
Buganyi
Buganza
Buganza
Bugarama
Bugarama
Bugata
Bugaya
Bugayuwa
Bugela
Bugema
Bugembe
Bugembe
Bugenge
Bugera
Bugera
Bugere
Bugeye
Bugeyuwa
Bugigi
Buginyanya
Bugiri
Bugiri
Bugiri
Bugiri
Bugiri
Bugitimwa
Bugoba
Bugobango
Bugobero
Bugobi
Bugodo
Bugoigo
Bugole
Bugolobi
Bugologolo
Bugoma
Bugombe
Bugombe
Bugombo Mission
Bugombwa
Bugomola
Bugomola
Bugomolo
Bugomora
Bugona
Bugona
Bugondo
Bugonge
Bugongi
Bugongo
Bugonio
Bugonje
Bugonyoka
Bugonzi
Bugonzi
Bugosa
Bugoto
Bugoye
Bugoye
Bugoye
Bugubo
Bugujju
Bugulama
Bugule
Buguluma
Bugulumbia
Bugumira
Bugumya
Bugunda
Bugunda
Bugungu
Bugusege
Bugushu
Bugwa
Bugwangi
Bugwangoma
Bugwara
Bugwe
Buhanika
Buhara
Buhehe
Buhera
Buhesi
Buhimba
Buhinda
Buhoma
Buhugu
Buhuhra
Buhuka
Buhungura
Buhungurua
Buiga
Buikwe
Builce
Buinja
Buinja
Buiri
Buita
Buitya
Buiza
Bujabe
Bujagule
Bujawo
Bujerere
Bujeru
Bujogolo
Bujongolo
Bujuba
Bujugu
Bujugwa
Bujuko
Bujumba
Bujuni
Bujunjuzi
Bujunzuzi
Bujuta
Bujuto
Bujwaya
Bukaana
Bukabeba
Bukabi
Bukade
Bukaga
Bukaka
Bukakata
Bukakata Pier
Bukalasa
Bukalasi
Bukaleba
Bukaliha
Bukamba
Bukandula
Bukanga
Bukangara
Bukanya
Bukanya
Bukasaba
Bukasa
Bukasa
Bukasa
Bukasero
Bukatira
Bukatube
Bukawamala
Bukeda
Bukedea
Bukemba
Bukendi
Bukerere
Bukeri
Bukeso
Bukhabusi
Bukhalu
Bukhasaba
Bukhaweka
Bukhubalo
Bukiberu
Bukidea
Bukiga
Bukigai
Bukimbiri
Bukinda
Bukindwa
Bukiralire
Bukiro
Bukito
Bukiyiti
Buklasi
Bukoba
Bukobe
Bukobo
Bukoka
Bukoki
Bukoko
Bukoko
Bukola
Bukololo
Bukolongo
Bukoloto
Bukolwa
Bukoma
Bukomansimbe
Bukomansimbi
Bukomba
Bukomba
Bukomero
Bukona
Bukonda
Bukonde
Bukongo
Bukongolo
Bukonyo
Bukoto
Bukoto
Bukoyo
Bukuba
Bukubaituba
Bukubizi
Buku
Buku
Bukuja
Bukuku
Bukuku
Bukuku
Bukulubya
Bukulula
Bukumankola
Bukumankola
Bukumi
Bukumi
Bukunda
Bukungu
Bukunja
Bukunya
Bukusi
Bukusu
Bukutaituba
Bukutu
Bukutu
Bukutula
Bukuya
Bukwa
Bukwali
Bukwanga
Bukwata
Bukwiri
Bukwo
Bukyanju
Bulagazi
Bulago
Bulagwe
Bulako
Bulamadzi
Bulamagi
Bulamagi
Bulamagi
Bulamba
Bulamba
Bulambiro
Bulambuli
Bulamu
Bulando
Bulanga
Bulange
Bulangi
Bulangira
Bulanku
Bulasana
Bulawula
Bulaza
Bulaza
Bule
Bulekeyi
Buleleya
Bulema
Bulema
Bulema
Bulemba
Bulembo
Bulembu
Bulembwe
Bulenga
Bulera
Bulera
Buliganya
Buligenyi
Buligi
Bulimba
Bulimbale
Bulinde
Bulindi
Bulindo
Bulisa
Buloba
Bulo
Bulolo
Bulolombe
Bulonda
Bulondo
Bulongo
Bulopa
Bulowoza
Buluba
Bulubandi
Bulucheke
Buluchele
Buluganya
Bulugui
Bulukatoni
Buluko
Bulule
Bulumba
Bulumba
Bulumbi
Bulumbi
Bulumbu
Bulumwaki
Bulungi
Bulunguli
Buluta
Buluube
Buluya
Bulwa
Bulwada
Bulwanda
Bulwanyi
Bulwenge
Bulyaikubi
Bulyakubi
Bulyambide
Bulyanga
Bulyangada
Bulyango
Bumadu
Bumagabula
Bumageni
Bumangi
Bumanya
Bumasifwa
Bumasikye
Bumbaire
Bumbo
Bumbo
Bumboi
Bumbu
Bume
Bumeru
Bumogoli
Bumomi
Bumomi
Bumoze
Bumozi
Bumulimba
Bumungi
Bumunji
Bumwambu
Bumwangu
Bunabala
Bunabamba
Buna
Bunado
Bunagana
Bunakijja
Bunakomola
Bunambale
Bunambutye
Bunamwaya
Bundibugyo
Bundibundu
Bundimboyo
Bundimbuga
Bundimulangi
Bundiwirima
Bunegere
Bunena
Bunenero
Bungalei
Bunghaji
Bungondo
Bungura
Bunkoko
Bunono
Buntuntumula
Bunyadeti
Bunyagwe
Bunyama
Bunyantole
Bunyide
Bunyiri
Bunyiro
Bunyolo
Bunyonyi
Buologoma
Bupajengo
Bupala
Bupala
Bupota
Bupoto
Bupyana
Buragara
Buramali
Buraro
Burere
Burondo
Buruburu
Burumba
Busaba
Busabaga
Busabi
Busabulongo
Busaka
Busalamu
Busale
Busambo
Busamuzi
Busana
Busanga
Busano
Busanza
Busanzi
Busaro
Busaru
Busebwe
Busede
Buseete
Busegele
Buseke
Busembatia
Busenda
Busengo
Busenke
Busenzi
Busesa
Busesa
Busese
Buseta
Busete
Buseyi
Bushenyi
Bushenyi
Bushoka
Busia
Busibo
Busika
Busika
Busikho
Busiko
Busimba
Busimbi
Busimo
Busindi
Busingiro
Busini
Businsi
Businzigo
Busira
Busire
Busiriva
Busiro
Busiro
Busiu
Busiza
Busla
Busoba
Busobo
Busoke
Busolosolo
Busolwe
Busomba
Busonga
Busoni
Busoro
Busowa
Busubi
Busubizi
Busubu
Busula
Busulani
Busulumba
Busumbu
Busundo
Busungiri
Busunju
Buswa
Buswa
Buswale
Butaba
Buta
Butacho
Butakola
Butale
Butale
Butale
Butaleja
Butali
Butalo
Butamira
Butandiga
Butanga
Butangala
Butangasi
Butangazi
Butansi
Butara
Butare
Butaswa
Butatulwa
Butayunja
Butayunja
Buteba
Butebe
Butebe
Butebo
Butegwa
Buteka
Butema
Butema
Butemba
Butemba
Butembe
Butende
Butende
Butende
Butenga
Butenga
Butenge
Butenzi
Butesa
Butesa
Buteza
Buteza
Butiaba
Butiabuli
Butikwa
Butinde
Butiru
Butiti
Butiti
Butlaba
Butobole
Butoca
Butogo
Butokebulamu
Butoke Butano
Butolo
Butolo
Butongole
Butoro
Butte
Butu
Butukuru
Butula
Butumbizi
Butundu
Butuntumula
Butuse
Bututi
Bututi
Butwala
Buungula
Buvi
Buvule
Buvulunguti
Buwabwala
Buwaga
Buwaiswa
Buwalasi
Buwalira
Buwama
Buwambo
Buwana
Buwanda
Buwanda
Buwanfu
Buwanga
Buwanga
Buwange
Buwangire
Buwanku
Buwasyu
Buwate
Buwaya
Buwaya
Buwayo
Buwe
Buwekwa
Buwembe
Buwenda
Buwenge
Buwere
Buwira
Buwiri
Buwola
Buwola
Buwola
Buwologoma
Buwolya
Buwolya
Buwonda
Buwongo
Buwoya
Buwuja
Buwumba
Buwunga
Buwunga
Buwungiro
Buwuni
Buyabi
Buyaga
Buyaga
Buyaga
Buyaga
Buyala
Buyamba
Buyamba
Buyana
Buyanga
Buyange
Buyanja
Buyanja
Buyanza
Buyanzha
Buyayu
Buye
Buye
Buyege
Buyemba
Buyende
Buyenvu
Buyenzi
Buyindi
Buyinja
Buyira
Buyiri
Buyobe
Buyobo
Buyoga
Buyola
Buyomba
Buyondo
Buyondo
Buyonga
Buyonjo
Buyuge
Buyugu
Buyuki
Buyumba
Buyunda
Buyundo
Buyunga
Buyunze
Buzhaga
Buzheringi
Buzi
Buzimba
Buzinga
Buzinga
Buzzi
Bwacapila
Bwaise
Bwajale
Bwaka
Bwala
Bwala
Bwalala
Bwalumuli
Bwambara
Bwami
Bwamulamira
Bwamulamira
Bwangamba
Bwanja
Bwanjale
Bwanjebe
Bwanswa
Bwanzha
Bwasa
Bwasa
Bwasanku
Bwato
Bwawamala
Bwayuya
Bwegire
Bwende
Bwendero
Bwenderwa
Bwengamba
Bwentama
Bwenyege
Bwera
Bwera
Bwera
Bwera
Bwerabyange
Bweramule
Bweranyangi
Bwerenga
Bwesa
Bweya
Bweya
Bweyale
Bweyale
Bweyale
Bweyo
Bweyogerere
Bweyongede
Bwigule
Bwijanga
Bwire
Bwisi
Bwite
Bwizibwera
Bwizi
Bwobo
Bwolemera
Bwologoma
Bwolya
Bwongera
Bwongyera
Byakabanda
Byanamira
Byante
Byero
Byesika
Byezitile
Cawente
Cegere
Chabahinga
Chahi
Chakali
Chakolomun
Chakwala
Chamdako
Chamidako
Chamudako
Chanjojo
Chankoko
Chawanti
Chebonet
Chegere
Chegeru
Chelekura
Chenkoni
Chepsikunya
Cheptui
Cherekula
Cherekura
Chesebere
Chesoweri
Chiawanti
Chiko
Chitwe
Chivare
Chondo
Chuchu
Chumu
Chwagere
Chwagire
Chwagiri
Cilio
Cunumu
Curu
Cwero
Cyahafi
Dabani
Dadasi
Dadira
Dagala
Daje
Dakabela
Dakabera
Dakum
Dalamba
Damba
Dangala
Danya
Daru
Debeza
Degaya
Degeya
Degeya
Degiya
Dei
Dekere
Delphi
Delu
Dembe
Dewe
Diima
Diima Point
Dodos
Dodosi
Doko
Dokolo
Dokolo
Dokolo
Dokoro
Doya
Dufile
Dufile Old Fort
Duhanga
Dumu
Durama
Dusandala
Dusandara
Dwabarasi
Eba
Ebude
Edrivu
Ejemoruno
Ejomi
Ekininga
Ekobatum
Ekoit
Ekulonya
Ekwera
Emeng
Emerikit
Emyemya
Enengo
Entebbe
Erezeli
Erima
Eruba
Eruko
Erusi
Erute
Eruti
Etam
Etori
Ewadri
Fajao
Fort George
Fort Portal
Fumbya
Fundu
Gaba
Gaba
Gabichunchu
Gabi
Gadumire
Gala
Galatiya
Galiraya
Gama
Gamba
Gamba
Gambirana
Ganda
Gangama
Gangu
Gangu
Gantama
Garegere
Gavu
Gavu
Gavu
Gayaza
Gayaza
Gayaza
Gayaza
Gayaza
Gayaza
Gayaza
Gayaza
Gayaza
Gayaza
Gegede
Getanyang
Getom
Ggoli
Ggwanga
Giligili
Giligili
Gimara
Gimbi
Giriairoi
Girigiroi
Giyaguya
Gobero
Gobero
Gogonya
Gogonyo
Goli
Goli
Golola
Golomolo
Goma
Goma
Gombe
Gombe
Gombe
Gombe
Gombe
Gomero
Gomero
Gonve
Goromi
Goru
Gosola
Goza
Greek River
Gulama
Gulama
Gulamubiri
Gulu
Guluka
Gunda
Gunda
Gurumu
Gwar
Gwase
Gwatiro
Gweri
Gwetom
Gwetom
Hakekuba
Hakibale
Hakitengya
Hamukunga
Harugali
Hima
Hoima
Hoimo
Ibale
Ibana
Ibanda
Ibanda
Ibare
Ibimbo
Ibonde
Ibuje
Ibulanku
Ibung
Icheme
Idia
Idome
Iganga
Iganga
Igang
Igeyero
Igola
Igorora
Igotero
Igwe
Ihunga
Ihunga
Ihungu
Ikamiro
Ikanda
Iki Iki
Ikilki
Ikoba
Ikona
Ikulwe
Ikumba
Ikumbya
Ilama
Imanyiro
Imbamba
Imvenga
Inde
India
Inomo
Inula
Ipife
Irabi
Iramva
Iremerya
Irenga
Irimba
Irimbi
Irimbi
Iringa
Iringita
Iriri
Irundu
Iryango
Ishagama
Ishaka
Ishaka
Ishanze
Ishasha
Ishingiro
Isojo
Isunga
Itakaibolu
Itam
Itamya
Itanda
Itara
Itegyero
Itegyero
Itendero
Itojo
Itolo
Itozho
Ituba
Itwara
Iwal
Iwemba
Iyemba
Iyingo
Iyolwa
Izira
Jaber
Janda
Jandira
Jandira
Janya
Jelele
Jemba
Jerere
Jeza
Jimbi
Jinga
Jinja
Jinja
Jinja
Jopakubi
Jopangira
Juko
Junda
Junda
Jungo
Kaabong
Kaazi
Kabaale
Kabagole
Kabahango
Kabahesi
Kabaigarire
Kabalangi
Kabalang
Kabale
Kabale
Kabale
Kabale
Kabale
Kabale
Kabale
Kabale
Kabale
Kabale
Kabalikweru
Kabalongo
Kabamba
Kabanda
Kabandi
Kabanga
Kabango
Kabango
Kabanyata
Kabare
Kabare
Kabare
Kabaroge
Kabarole
Kabarwa
Kabasanda
Kabasegwa
Kabata
Kabatego
Kabat
Kabatoro
Kabatum
Kabchogin
Kabembe
Kabende
Kabendi
Kaberamaido
Kabezi
Kabiga
Kabindula
Kabingo
Kabingo
Kabingo
Kabirabira
Kabira
Kabira
Kabira
Kabira
Kabira
Kabiramaido
Kabirizi
Kaboko
Kabole
Kabologota
Kabondo
Kabonero
Kabonerwa
Kabora
Kabowa
Kaboyo
Kabozi
Kabubu
Kabuga
Kabugoga
Kabugoge
Kabugujo
Kabukulwa
Kabukunga
Kabukye
Kabukye
Kabula
Kabulamuliro
Kabulanaka
Kabulasoke
Kabulasoke
Kabule
Kabulisoke
Kabulubulu
Kabulubutu
Kabumba
Kabumba
Kabuna
Kabunde
Kabungo
Kabunyata
Kabura
Kaburasaho
Kaburon
Kaburoron
Kabusinde
Kabusye
Kabutende
Kabuwoko
Kabuyanda
Kabuyayi
Kabuye
Kabwami
Kabwangasi
Kabwangazi
Kabwema
Kabwohe
Kabwolo
Kabwoya
Kabyayi
Kabyaza
Kabyuma
Kachango
Kacherere
Kacherere
Kacherere
Kacheri
Kachomya
Kachonga
Kachong
Kachulagenyi
Kachumbala
Kachumbiro
Kachungi
Kachung
Kachusi
Kachus
Kachwangobe
Kachwi
Kadachal
Kadama
Kadami
Kadepo
Kaderuna
Kadinya
Kadoki
Kadoto
Kadugala
Kaduka
Kaduku
Kadunda
Kadungulu
Kadunguru
Kadwini
Kadzi
Kafu
Kafu
Kafunfu
Kafunzho
Kafunzo
Kafunzo
Kagabagaba
Kagadi
Kagaga
Kaga
Kagala
Kagalama
Kagamba
Kagamba
Kaganda
Kagando
Kagango
Kagango
Kagango
Kagarama
Kagasa
Kagasa
Kagazi
Kagembe
Kagi
Kagitumba
Kagobe
Kagoge
Kagogo
Kagoli
Kagologolo
Kagolomolo
Kagolwa
Kagoma
Kagoma
Kagona
Kagondo
Kagonge
Kagugo
Kagugu
Kagulube
Kagulu
Kagulu
Kagulu
Kaguma
Kagumba
Kagumu
Kagunga
Kaguru
Kagwara
Kagwese
Kagwicher
Kagwire
Kahandakamwe
Kahegwa
Kahenda
Kahendero
Kahihi
Kahingo
Kahirimbi
Kahonda
Kahondo
Kahondo
Kahoro
Kahororo
Kahunga
Kahunge
Kaiania
Kaianja
Kaiba
Kaijamaka
Kaikamosi
Kaikaniosing
Kailkong
Kaiso
Kaiti
Kaiti
Kajaga
Kajamaka
Kajansi
Kajonyi
Kajulirwa
Kajumba
Kajumiro
Kajumiro
Kajuna
Kakabara
Kakakala
Kakakala
Kakamari
Kakanhzu
Kakano
Kakanyoro
Kakanzhu
Kakanzu
Kakatunda
Kakcuto
Kakere
Kakika
Kakindo
Kakindu
Kakindu
Kakindu
Kakindu
Kakinga
Kakinyo
Kakinzi
Kakira
Kakira
Kakira
Kakira
Kakira
Kakira
Kakira
Kakiri
Kakirioningole
Kakiryoningole
Kakoge
Kakoge
Kakoge
Kakoge
Kakogwe
Kakojo
Kako
Kakole
Kakoma
Kakoma
Kakoma
Kakomongole
Kakondi
Kakori
Kakoro
Kakorokoron
Kakotero
Kakuka
Kakukulu
Kakukuru
Kakumiro
Kakum
Kakundi
Kakungube
Kakungumaire
Kakungwe
Kakures
Kakuress
Kakute
Kakuto
Kakuto
Kakuuto
Kakuza
Kakwanga
Kakweyi
Kakworo
Kaladonapal
Kalaga
Kalagala
Kalagala
Kalagala
Kalagala
Kalagala
Kalagi
Kalait
Kalakeju
Kalaki
Kalamai
Kalamba
Kalambi
Kalambi
Kalamese
Kalamira
Kalangala
Kalangala
Kalangalo
Kalangalo
Kalao
Kalapata
Kalaperabong
Kalasa
Kalata
Kalega
Kalege
Kaleire
Kalekeru
Kalenge
Kalengera
Kalengo
Kalere
Kaleri
Kaleri
Kaligo
Kali
Kalilima
Kalima
Kalinda
Kaliro
Kaliro
Kaliro
Kalisizo
Kaliti
Kalito
Kaliwali
Kalobo
Kalondo
Kalonga
Kalonge
Kalongo
Kalongo
Kalongo
Kalongo
Kalongo
Kalongo
Kaloni
Kalua
Kaluba
Kalububbu
Kalugu
Kaluguza
Kalujumba
Kalule
Kalumaga
Kalungari
Kalungi
Kalungi
Kalungu
Kalungu
Kalungu
Kalungu
Kalungu
Kalungu
Kalwala
Kalwala
Kalwanga
Kalyabayoga
Kalyakoti
Kalyampande
Kalyanda
Kalyango
Kalyankoko
Kamaanda
Kamachya
Kamadi
Kamaka
Kama
Kamala
Kamalenge
Kamanda
Kamatarisi
Kambuga
Kambugo
Kambuye
Kamdini
Kameeme
Kameke
Kameki
Kamengo
Kamengo
Kamenya
Kamese
Kamido
Kamion
Kammengo
Kamoda
Kamodo
Kamonkoli
Kamorok
Kampala
Kampindi
Kampiringisa
Kampungu
Kamuda
Kamuda
Kamudini
Kamuganguzi
Kamuganja
Kamuge
Kamugoya
Kamukalo
Kamukongo
Kamulaba
Kamuli
Kamuli
Kamuli
Kamuli
Kamuli
Kamunkwale
Kamusabi
Kamusala
Kamusenene
Kamusenene
Kamushoko
Kamushoro
Kamutur
Kamwenge
Kamwezi
Kamwony
Kanaba
Kanabugo
Kanadda
Kanama
Kanani
Kanankamba
Kandago
Kande
Kangabo
Kangai
Kangalaba
Kango
Kangole
Kangole
Kangolengole
Kangondo
Kangota
Kangulumira
Kanjuki
Kankoba
Kankonoki
Kankononki
Kankubebe
Kanku
Kanone
Kanoni
Kanoni
Kanoni
Kanoni
Kansami
Kansenene
Kansera
Kansire
Kansiri
Kansiri
Kantale
Kantozi
Kanungu
Kanyale
Kanyambalala
Kanyambarara
Kanyamburara
Kanyampara
Kanyamutam
Kanyamwerima
Kanyamwerina
Kanyanabulimanya
Kanyanda
Kanyangana
Kanyansi
Kanyantembe
Kanyarieru
Kanyashogi
Kanyenya
Kanyigiri
Kanyike
Kanyinabulimano
Kanyingabu
Kanyogoga
Kanyogoga
Kanyogoga
Kanyogoga
Kanyogoga
Kanyogoga
Kanyonyi
Kanyonyi
Kanyum
Kanyum
Kanyumu
Kanyumu
Kanzhobe
Kanzira
Kanzize
Kaondwe
Kapala
Kapchoken
Kapchorwa
Kapeeka
Kapeka
Kapelebyong
Kapelimoru
Kapelmoru
Kaperabyong
Kaperu
Kapianga
Kapiri
Kapita
Kapokina
Kaproron
Kapteret
Kaptokoi
Kaptokwoi
Kapujan
Kapyanga
Kapyani
Karagwe
Karamayi
Karambe
Karambi
Karapata
Karenga
Karienda
Karirioningore
Karita
Karogoto
Karongo
Karongo
Karujubu
Karujumba
Karungo
Karungu
Karungu
Karungu
Kasaala
Kasaana
Kasaayi
Kasabwera
Kasagama
Kasaikye
Kasaikye
Kasaka
Kasaka
Kasaka
Kasala
Kasalatapa
Kasali
Kasalizi
Kasalu
Kasambia
Kasambika
Kasambira
Kasambya
Kasambya
Kasambya
Kasambya
Kasambya
Kasambya
Kasambya
Kasana
Kasana
Kasana
Kasana
Kasana
Kasana
Kasanda
Kasanga
Kasangati
Kasangayiye
Kasangombe
Kasanje
Kasanje
Kasanje
Kasari
Kasasa
Kasasa
Kasasa
Kasasira
Kasawo
Kasawo
Kaseeru
Kasejere
Kasenda
Kasenso
Kasenyi
Kasenyi
Kasenyi
Kasenyi
Kasenyi
Kasenyi
Kasenyi
Kasese
Kasese
Kasesero
Kashaka
Kashambya
Kashanda
Kashanda
Kashanda
Kashasha
Kashasha
Kashekye
Kashenyi
Kashenyi
Kashesa
Kashesha
Kasheshe
Kashojo
Kashongi
Kasibuira
Kasilo
Kasimbi
Kasimu
Kasinga
Kasingo
Kasinina
Kasira
Kasiranye
Kasirye
Kasiso
Kasita
Kasiyirize
Kasodo
Kasodo
Kasoga
Kasojo
Kasokero
Kasokero
Kasokoso
Kasokwa
Kasokwe
Kasokwe
Kasolokamponye
Kasolo
Kasolosolo
Kasolwe
Kasonga
Kasonga
Kasongi
Kasongode
Kasowa
Kasozibabengwa
Kasozi
Kasozi
Kasozi
Kasozi
Kasozi
Kasozi
Kasozi
Kasozi
Kasozi
Kassanda
Kasubi
Kasule
Kasuleta
Kasumba
Kasunganyanja
Kasungayiye
Kasusu
Kaswa
Kaswa
Katabanda
Katabi
Katabok
Katagarukwa
Katagurukwa
Katagyengyera
Katakekile
Katakwi
Katale
Katale
Katale
Katambogo
Katambwa
Katamiro
Katangira
Katanjovu
Katanoga
Katara
Katasula
Katatemwa
Katates
Katebe
Katebe
Katebe
Katebo
Katego
Katekwana
Katele
Katelema
Katemba
Katende
Katenga
Kateng
Katenie
Katente
Katente
Katente
Kateragoto
Katera
Katera
Katereke
Katerema
Kateta
Kateta
Katete
Katete
Katete
Katiba
Katikamu
Katikamu
Kati
Katikekile
Katik
Katiko
Katikwan
Katimba
Katine
Katine
Katinge
Katini
Katinyondo
Katirio
Katiriyo
Katisizo
Katiti
Katobi
Katobo
Katoio
Katojo
Katojo
Katoka
Katoke
Katoke
Katoke
Katola
Katoliti
Katoma
Katoma
Katoma
Katoma
Katoma
Katongero
Katop
Katosi
Katovu
Katozho
Katozho
Katrini
Katuba
Katugo
Katugo
Katugo
Katuke
Katuku
Katulikire
Katulu
Katungu
Katungu
Katungulu
Katunguru
Katunta
Katuso
Katuturi
Katwe
Katwe
Katwe
Kaukula
Kaula
Kaule
Kauna
Kaunde
Kaungwe
Kavugazo
Kavugyizo
Kavule
Kavule
Kavule
Kavulo
Kawaguzi
Kawagwere
Kawalira
Kawanda
Kawanda
Kawanda
Kawanga
Kawanga
Kawango
Kawempe
Kaweri
Kawete
Kaweweta
Kawezike
Kawini
Kawinyi
Kawojwa
Kawoko
Kawoko
Kawolongoja
Kawolongojo
Kawu
Kawukura
Kawula
Kawula
Kawule
Kawumu
Kawungera
Kayaga
Kaya
Kayango
Kayanja
Kayanja
Kayanja
Kayanta
Kayebe
Kayenje
Kayera
Kayera
Kayina
Kayini
Kayolo
Kayonga
Kayonza
Kayonza
Kayonza
Kayonza
Kayonza
Kayoro
Kayoro
Kayugi
Kayunga
Kayunga
Kayunga
Kayungu
Kazi
Kazi
Kazinga
Kazinga
Kazinga
Kazinga
Kazinga
Kazingo
Kaziru
Kazo
Kazwama
Kebisoni
Keigosora
Keihangara
Kekale
Kelak
Kele
Kelim
Kelle
Kem
Kengera
Keni
Kenkebu
Kenombero
Kenshunga
Kenyaia
Kenyonyi
Kereku
Ketemba
Khabutale
Khabutola
Khasyule
Kiabahamba
Kiakapere
Kiana
Kiani
Kibale
Kibale
Kibale
Kibale
Kibale
Kibale
Kibale
Kibale
Kibamba
Kibamba
Kibambura
Kibanda
Kibanda
Kibanga
Kibanga
Kibanga
Kibanga Port
Kibangya
Kibangya
Kibanyi
Kibanyi
Kibasi
Kibbe
Kibede
Kibega
Kibeja
Kibengo
Kibeto
Kibibi
Kibiito
Kibimba
Kibimba
Kibindu
Kibinga
Kibingo
Kibingo
Kibiro
Kibisi
Kiboga
Kiboga
Kibojana
Kibona
Kibona
Kibonwa
Kibosi
Kiboyo
Kiboyo
Kibubula
Kibugenda
Kibugo
Kibuje
Kibuji
Kibuku
Kibula
Kibungo
Kiburasaho
Kibutamu
Kibuto
Kibuye
Kibuye
Kibuye
Kibwa
Kibwera
Kibwiza
Kichandi
Kicheche
Kichema
Kichuchu
Kichunda
Kichwabugingo
Kichwabugingo
Kichwamba
Kichwamba
Kicwamba
Kidada
Kidda
Kide
Kidera
Kidera
Kidi Abuni
Kidibya
Kidilande
Kidoko
Kidola
Kidoma
Kidongole
Kidugali
Kidukulu
Kidukulu
Kiduru
Kidwera
Kifamba
Kifunfugu
Kifuyo
Kigaga
Kigalama
Kigalama
Kigalambi
Kiganda
Kiganda
Kiganwa
Kigaragara
Kigarama
Kigarama
Kigarama
Kigarama
Kigasa
Kigata
Kigege
Kige
Kigembo
Kigemere
Kigenda
Kigengere
Kigezi
Kiggi
Kigimbi
Kigiro
Kigobagobe
Kigogola
Kigo
Kigoma
Kigomba
Kigomero
Kigondo
Kigorobya
Kigoto
Kigowa
Kigoya
Kigugu
Kigugu
Kigugu
Kigujula
Kiguli
Kiguli
Kigulu
Kiguma
Kigumba
Kigumba
Kigumu
Kigunda
Kigunga
Kigunga
Kigungu
Kiguza
Kigwabya
Kigwanya
Kigwera
Kigweri
Kigweri
Kigweri
Kigwisa
Kihanga
Kihihi
Kihi
Kihoko
Kihonzi
Kihuha
Kihura
Kijaguro
Kijaguza
Kijaguzo
Kijaguzo
Kijaguzo
Kijaka
Kijako
Kijangi
Kijegere
Kijiko
Kijogojo
Kijojomi
Kijo
Kijomoro
Kijonjo
Kijonjo
Kijoro
Kijujubere
Kijumazi
Kijumba
Kijumba
Kijumbi
Kijunjubwa
Kijura
Kijwa
Kijwara
Kijwenge
Kikagati
Kikaja
Kikakanya
Kikalala
Kikalala
Kikamulo
Kikandwa
Kikandwa
Kikandwa
Kikangala
Kikarara
Kikendede
Kikenene
Kikoba
Kikoboza
Kikobwa
Kikoge
Kiko
Kiko
Kikoloto
Kikoma
Kikoma
Kikoma
Kikoma
Kikoma
Kikonda
Kikondo
Kikondo
Kikonge
Kikonge
Kikonge
Kikonge
Kikongi
Kikongoro
Kikonoka
Kikoroba
Kikorongo
Kikota
Kikoyera
Kikoyero
Kikubampanga
Kikubampanga
Kikubanimba
Kikube
Kikube
Kikube
Kikubi
Kikubi
Kikukula
Kikulula
Kikumbya
Kikungiri
Kikungulu
Kikungwe
Kikunyu
Kikusa
Kikuta
Kikuta
Kikuto
Kikwanya
Kikwatambogo
Kilak
Kilak
Kilanga
Kileku
Kilembe
Kilembwe
Kiligombe
Kilinda
Kilinya
Kiluli
Kilwamazi
Kilyanongo
Kilyokya
Kimaga
Kimaka
Kimanto
Kimanyedde
Kimbaya
Kimbeja
Kimenga
Kimengo
Kimera
Kimina
Kimira
Kimiru
Kimole
Kimoli
Kimuli
Kimuli
Kinaga
Kinaitakali
Kinaku
Kinambogo
Kinanga
Kinanira
Kinena
Kinkizi
Kinogola
Kinogozi
Kinomo
Kinoni
Kinoni
Kinoni
Kinoni
Kinoni
Kinte
Kinu
Kinunka
Kinwante
Kinyabuddu
Kinyabu
Kinyala
Kinyamatozho
Kinyanga
Kinyankende
Kinyankendi
Kinyantale
Kinyara
Kinyara
Kinyasano
Kinyemi
Kinyogoga
Kinyomozi
Kipayo
Kiraboha
Kirabohwa
Kiraka
Kira
Kira
Kirama
Kiramata
Kiranga
Kiranga
Kirasa
Kirawula
Kireba
Kireka
Kireka
Kireku
Kirenga
Kirewa
Kirewe
Kiriango
Kirigombe
Kirika
Kiriki
Kirila
Kirima
Kirimantogo
Kirimia
Kirimwa
Kiringente
Kiringo
Kirinya
Kiriolo
Kirirema
Kiriri
Kiriyantama
Kirolo
Kirongo
Kirongoro
Kiroro
Kirudu
Kiruhura
Kiru
Kiruko
Kiruli
Kiruli
Kirumba
Kirumba
Kirumi
Kiruna
Kirunda
Kiruwa
Kirwara
Kirwaya
Kiryamuli
Kiryandongo
Kiryandongo
Kiryanga
Kiryanga
Kiryanjaji
Kiryansa
Kiryantama
Kiryola
Kiryowa
Kisaasi
Kisabwa
Kisagala
Kisagazi
Kisaka
Kisalabude
Kisala
Kisalama
Kisalizi
Kisalizi
Kisalizi
Kisamba
Kisamba
Kisamula
Kisana
Kisansya
Kisanyi
Kisarizi
Kisaru
Kisasi
Kisawo
Kisega
Kiseitaka
Kiseke
Kisela
Kisele
Kisembwa
Kisendwe
Kisengwe
Kisenyi
Kisenyi
Kishanzhe
Kisiabi
Kisigala
Kisigazi
Kisiki
Kisimbiri
Kisimoro
Kisimula
Kisinda
Kisindye
Kisiro
Kisitala
Kisizi
Kisoga
Kisoga
Kisogo
Kisojjo
Kisojo
Kisojo
Kiso
Kisoko
Kisolo
Kisoloza
Kisomole
Kisomoro
Kisoro
Kisote
Kisozi
Kisozi
Kisozi
Kisozi
Kisozo
Kisuba
Kisubi
Kisubi
Kisubi
Kisuga
Kisu
Kisuna
Kisunga
Kisuura
Kiswa
Kisweka
Kiswera
Kiswera
Kiswere
Kisya
Kitabanyaga
Kitabazi
Kitagata
Kitahulira
Kitakomaga
Kitala
Kitaleba
Kitamba
Kitamiro
Kitana
Kitanda
Kitanga
Kitantalo
Kitatya
Kitavuja
Kitawa
Kitawemba
Kitayunjwa
Kitebe
Kitebera
Kiteezi
Kitega
Kitego
Kitegwa
Kitehe
Kitela
Kitemba
Kitemba
Kitembe
Kitembo
Kiteme
Kiteme
Kitemi
Kitemu
Kitemura
Kitemuzi
Kitende
Kitenga
Kiteng
Kiten
Kitera
Kiteredde
Kiterede
Kiterera
Kitezi
Kitgum
Kitgum Matidi
Kitgumo
Kitibya
Kiti
Kitoba
Kitodha
Kitogo
Kitoja
Kitojo
Kitoke
Kito
Kito
Kitoko
Kitokolo
Kitoma
Kitoma
Kitoma
Kitongo
Kitongore
Kitontogolo
Kitoto
Kitovu
Kitovu
Kitovu
Kitovu
Kitozho
Kitozho
Kitshwamba
Kitubulu
Kitukiro
Kituku
Kitukutwe
Kitumba
Kitumba
Kitumba
Kitumba
Kitumbezi
Kituna
Kitungwa
Kitunku
Kituntu
Kituyo
Kitwe
Kitwe
Kitwe
Kityerera
Kiulumba
Kiumu
Kiuna
Kivanja
Kivule
Kiwaguzi
Kiwala
Kiwala
Kiwalazi
Kiwami
Kiwanda
Kiwanyi
Kiwawu
Kiwembi
Kiwenda
Kiwesa
Kiwiza
Kiwoga
Kiwoko
Kiwondogoto
Kiwongoire
Kiwula
Kiwumala
Kiwumu
Kiwumula
Kiwumulo
Kiwumulo
Kiwumulo
Kiwumulo
Kiwuniulo
Kiwura
Kiyaga
Kiyange
Kiyanja
Kiyayula
Kiyonga
Kiyotosi
Kiyumbakimu
Kiyunga
Kiyunga
Kiyuni
Kiyuni
Kiyuya
Kiyuyu
Kiziba
Kiziba
Kiziba
Kiziba
Kiziba
Kiziba
Kizibu
Kizigo
Kizigo
Kiziko
Kizima
Kizimugulu
Kizinga
Kizira
Kiziranfambi
Kiziranfumbi
Kizito
Kizuba
Koa
Koba
Koboi
Koboko
Kobukongori
Kobuku
Kobwin
Kochang
Kochawinga
Kochoge
Kochokyo
Koc
Kodomu
Koich
Koka
Kokeris
Koko
Kokolya
Kokong
Kokorio
Kokotero
Kokotu
Kokumongole
Kokwa
Kolimai
Kolimeri
Koliri
Kololo
Koloser
Koluba
Kolyo
Komi
Komolo
Komorang
Komorok
Konga
Kongole
Kongota
Kopelo
Kopungure
Kopure
Koputh
Korengi
Koreng
Koro
Koro
Koroto
Koryamo
Kosh
Kosoko
Kosopotoit
Kosti
Kotabok
Kotagas
Kothoniok
Kotido
Kotiokot
Kotiokoto
Kotoba
Kotulel
Koya
Koyi
Kubala
Kuchwiny
Kude
Kufu
Kuju
Kula
Kulambiro
Kulekule
Kuluba
Kulu
Kuluva
Kuluva Leper Settlement
Kumba
Kumi
Kungo
Kungu
Kungu
Kunguru
Kuniro
Kunswa
Kutolo
Kwaba
Kwapa
Kwata
Kwatampola
Kwera
Kwera
Kwibale
Kwibale
Kyabadazza
Kyabagamba
Kyabaganga
Kyabagoye
Kyabajonjo
Kyabakaire
Kyabakiri
Kyabakuza
Kyabaniamu
Kyabanyoro
Kyabasaja
Kyabasajja
Kyabasala
Kyabasegu
Kyabasita
Kyabaune
Kyabayanja
Kyabazala
Kyabeya
Kyabigambire
Kyabikere
Kyabi
Kyabinunga
Kyabiri
Kyabiyi
Kyabojonjo
Kyabona
Kyabutaika
Kyabuzigye
Kyabweme
Kyadobo
Kyagazhu
Kyaisimba
Kyajinja
Kyajongo
Kyajubira
Kyajunja
Kyakabanda
Kyakabaseke
Kyakabira
Kyakabunga
Kyakachumu
Kyakagongo
Kyakajaba
Kyakaja
Kyakajanja
Kyakajoba
Kyakala
Kyakalenzi
Kyakasuku
Kyakatebe
Kyakatebe
Kyakatuma
Kyakidu
Kyalubanga
Kyalubanga
Kyalugaba
Kyalugabe
Kyalugala
Kyalugunju
Kyalusowe
Kyaluweza
Kyamagoma
Kyamahungu
Kyamasansa
Kyamatende
Kyamayigale
Kyambala
Kyambaya
Kyambobo
Kyambogo
Kyambogo
Kyambogo
Kyambogo
Kyambogo
Kyambogo
Kyamiyingo
Kyampise
Kyampisi
Kyampisi
Kyampisi
Kyampisi
Kyampisi
Kyampitsi
Kyampoza
Kyampuga
Kyamuchope
Kyamugabo
Kyamugambanenda
Kyamugenywa
Kyamuhunga
Kyamujumi
Kyamukama
Kyamukangara
Kyamukonda
Kyamulasa
Kyamulibwa
Kyamumali
Kyamungabi
Kyamungu
Kyamusisi
Kyamuswa
Kyamutakasa
Kyamutendo
Kyamuyisa
Kyanamugera
Kyanamukaka
Kyanamu
Kyanamuwanga
Kyanasoke
Kyandalo
Kyandyaga
Kyanfuba
Kyangabukama
Kyangamwoyo
Kyangumbwoyo
Kyangwali
Kyangwe
Kyanika
Kyanika
Kyanja
Kyanjali
Kyanjojo
Kyankoko
Kyankole
Kyankonoki
Kyankonyo
Kyankumba
Kyansande
Kyansi
Kyantale
Kyantama
Kyanuna
Kyanvubu
Kyanya
Kyanya
Kyanyamwanga
Kyanyaruhango
Kyanyunja
Kyaruhuga
Kyaruhunga
Kyarumba
Kyarupasi
Kyarusozi
Kyasampawu
Kyasenya
Kyashemeire
Kyatale
Kyataruga
Kyatarugo
Kyatoko
Kyato
Kyato
Kyavi
Kyawole
Kyawolo
Kyazanga
Kyaziza
Kyebando
Kyebando
Kyebando
Kyebando
Kyebe
Kyeb
Kyebwera
Kyeganywa
Kyegegwa
Kyegerekum
Kyegonza
Kyehinde
Kyehunda
Kyeibuza
Kyeikuchu
Kyeingira
Kyeizhanga
Kyeizhogombe
Kyeizoba
Kyeizobo
Kyekumbya
Kyelele
Kyelima
Kyelim
Kyema
Kyembadzi
Kyembazzi
Kyembugu
Kyemeire
Kyempisi
Kyempitsi
Kyenalugonjo
Kyengeza
Kyengeza
Kyengeza
Kyenjojo
Kyenkobe
Kyenkuku
Kyensongaza
Kyere
Kyerima
Kyerima
Kyerim
Kyerumye
Kyesero
Kyesimbi
Kyesimira
Kyesoweri
Kyetume
Kyetume
Kyetume
Kyetume
Kyetw
Kyezimbire
Kyezioba
Kyibega
Kyihiro
Kyobugombe
Kyogo
Kyojomanyi
Kyoko
Kyombya
Kyondo
Kyonjojo
Kyonyo
Kyonyo
Kyosoweri
Kyotera
Kyotomanyi
Kyungu
Laboli
Labongo
Labori
Ladonga
Ladoto
Lagute
Laguti
Lalachat
Lale
Lale
Lale
Lamila
Laminabili
Laminabil
Lamogi
Langi
Laropi
Lasachi
Laufori
Lazebu
Leju
Lewa
Lima
Lira
Lira Palwo
Lire
Liri
Liwa
Lobe
Lobule
Lobul
Lobuneit
Lobuneyt
Lochi
Lodapal
Lodonga
Lodukan
Lofumvwe
Logeri
Logiri
Loini
Loitanit
Lokales
Lokichar
Loki
Lokiporangatome
Lokiragodo
Lokitete
Lokoma
Lokopo
Lokudet
Lokung
Lokwagippi
Lokwakipi
Lolachat
Lolelia
Lolim
Lolito
Lomaler
Lomei
Lomerimong
Lomoruarei
Lomukura
Lomunga
Longira
Loolung
Lopei
Loporococho
Loporokocho
Lorengedwat
Lorengidwat
Loreta
Lori
Loro
Loro
Lothaa
Lothagam
Lothar
Lotithan
Lotome
Lototuru
Lotuturu
Loyoro
Lubaba
Lubaba
Lubaja
Lubale
Lubale
Lubale
Lubale
Lubanda
Lubanga
Lubanja
Lubanyi
Lubanyi
Lubaya
Lubingo
Lubira
Lubira
Lubira
Lubirizi
Lubumba
Lubumba
Lubumba
Luchumu
Ludara
Luferri
Lugaaga
Lugaga
Lugala
Lugala
Lugala
Lugala
Lugala
Lugala
Lugalama
Lugalama
Lugalambo
Luga
Lugando
Lugando
Luganzi
Lugarama
Lugazi
Lugazi
Lugazi
Lugazi
Lugazi
Lugbari
Lugologolo
Lugolole
Lugo
Lugombe
Lugongo
Lugonjo
Lugusulu
Lugusulu
Luguzi
Lugyo
Luhiza
Luhizha
Luhunga
Lukaka
Lukale
Lukalu
Lukaya
Lukaya
Lukerere
Lukhonge
Lukiri
Lukiri
Lukoge
Lukolo
Lukoma
Lukoma
Lukondo
Lukondo
Lukone
Lukonge
Lukoni
Lukono
Lukotaime
Lukukulu
Lukulavu
Lukuma
Lukumbi
Lukumbi
Lukungu
Lukunyu
Lukwemigo
Lukyamu
Lulangala
Luleka
Lule
Lulenge
Lulira
Lulongo
Luma
Lumanyo
Lumino
Lumoto
Lumuli
Lunga
Lunya
Lunyo
Lunyolya
Lurujo
Luruno
Lusaka
Lusalira
Lusango
Lusenke
Lusenke
Lusese
Lusisi
Lusiti
Lutale
Lutengo
Lutengo
Lutete
Lutete
Lutobo
Lutoma
Lutoma
Lutoma
Lutoma
Lutoma
Lutoto
Lutumba
Lutunku
Lututuru
Luunga
Luunga
Luwala
Luwala
Luwami
Luwanga
Luwanga
Luwero
Luwoko
Luwube
Luwunga
Luwunga
Luwunga
Luya
Luyanzi
Luyira
Luzinga
Luzira
Lwabagabo
Lwabakeya
Lwabijubwa
Lwabiyata
Lwaboba
Lwaboba
Lwabola
Lwabyata
Lwagulwe
Lwakaka
Lwakanogo
Lwakhakha
Lwakoke
Lwakyomba
Lwala
Lwala
Lwala
Lwamabala
Lwamachunda
Lwamagwa
Lwamangu
Lwamanyonyi
Lwamanyonyi
Lwamata
Lwamatama
Lwamatovu
Lwamaungu
Lwamawungu
Lwamba
Lwamba
Lwamboga
Lwambogo
Lwambogo
Lwampalala
Lwampanga
Lwamsinga
Lwamugolode
Lwamvubu
Lwamwende
Lwanama
Lwanda
Lwanga
Lwanga
Lwangosia
Lwanika
Lwanjuki
Lwankoli
Lwankonge
Lwankoni
Lwannunda
Lwansasi
Lwantale
Lwantobo
Lwanyonyi
Lwanzoji
Lwasamaire
Lwasamarie
Lwatama
Lwaweba
Lwebali
Lwebigoye
Lwebikere
Lwebisya
Lwelu
Lwemikoma
Lwemivubo
Lwemiyaga
Lwemizimu
Lwemo
Lwempuno
Lwemukoma
Lwengo
Lwengo
Lwenkanaga
Lwenkanja
Lwenshanku
Lwensinga
Lwensunga
Lwentale
Lwentenga
Lwentobo
Lwentondo
Lwerai
Lweshe
Lwetama
Lwezo
Lwogelo
Lwotoma
Lyakajula
Lyakiremba
Lyamachunda
Lyamutundwe
Lyangaha
Lyangha
Lyangoma
Lyangoma
Lyantonde
Lyezere
Maanyi
Mabale
Mabale
Mabale
Mabanga
Mabare
Mabare
Mabindi
Mabindo
Mabindo
Mabira
Mabira
Mabira
Mabirizi
Mabona
Mabuye
Machobi
Machodi
Machowango
Machumu
Madda
Maddu
Madibira
Madi Opei
Madudu
Madudu
Madu
Maduma
Madwa
Mafubira
Mafuga
Magabbi
Magabi
Magada
Magada
Magala
Magala
Magalama
Magale
Magamaga
Magara
Magege
Magenya
Magera
Magigye
Magiri
Magoggo
Magogo
Magola
Magola
Magola
Magoma
Magonga
Magoro
Magosi
Magunga
Magwa
Magwa
Magya
Magyo
Mahagi Port
Mahala
Mahangwe
Mahega
Mahondo
Mahyoro
Maigwe
Mailye
Mainze
Mairikiti
Mairye
Maiyuge
Majanji
Majeru
Makando
Makerere
Makina
Makindu
Makindye
Makiro
Makoba
Makole
Mako
Makoma
Makomi
Makondo
Makondo
Makonge
Makonzi
Makonzi
Makota
Makukulu
Makukulu
Makukulu
Makulubita
Makurubita
Makutu
Malamagambo
Malangala
Malembo
Malera
Maliba
Malima
Maliri
Maliye
Malombe
Malongo
Malongwe
Malugulya
Mamba
Mambugu
Mamirimi
Mamunye
Mamuyoga
Mangaliba
Mango
Mankamba
Manyama
Manya
Manyami
Manyi
Manywa
Maraca
Maracha
Margherita
Maroto
Maruki
Masaba
Masaba
Masafu
Masajja
Masaka
Masaka
Masaka
Masaka
Maseke
Maseruka
Maseruku
Masese
Masheruka
Masinai
Masindi
Masindi Port
Masinga
Masita
Masode
Masooli
Masuka
Masuna
Mataka
Matakojo
Matale
Matale
Matale
Mate
Matembe
Matete
Matiri
Matovu
Matuga
Matugo
Matuwa
Maule
Mauma
Maundo
Mavubwe
Mavura
Mawanda
Mawanga
Mawanga
Mawero
Mawoito
Mawoto
Mawungwe
Mayangayanga
Mayanja
Mayenze
Mayuge
Mayugi
Maziba
Mazigo
Mazimasa
Mbagani
Mbaja
Mbalala
Mbale
Mbale
Mbale
Mbale
Mbali
Mbalye
Mbaraka
Mbarara
Mbaro
Mbika
Mbirabira
Mbiridzi
Mbirizi
Mbirizi
Mboera
Mbogwe
Mbulakati
Mbula
Mbula
Mbulamuti
Mbulamuti
Mbulemuti
Mbute
Mbuya
Mbuya
Media
Mela
Memere
Mengo
Mengo
Merama
Mera
Meri
Meru
Merumeru
Metuli
Metu
Michu
Micu
Midia
Midigo
Miduma
Migade
Migera
Migingye
Miginye
Mikyerere
Milia
Milimili
Milimil
Milondo
Minakulu
Mindi
Mingoro
Minyinya
Mirambi
Mirambi
Mirambi
Mirebi
Mirembe
Mirembe
Mirije
Miroi
Mirongo
Mirongo
Mirugwe
Mirya
Misanga
Misanvu
Misebe
Misenyi
Misigi
Misindye
Misinga
Misozi
Misulangoma
Mitala Maria
Mitandi
Mite
Miti
Mitiyana
Mitiyomere
Mitoma
Mitoma
Mitwebiri
Mityana
Mityebili
Mizindalo
Mizinda
Mjanji
Mkongoro
Mocha
Mogosi
Mohokya
Moicha
Moliring
Molitar
Molo
Molotok
Momeri
Mongiro
Moniko
Moni
Morkisuwa
Moroto
Moruita
Morulem
Morunera
Morungaro
Morungatuny
Morungatuny
Morungatwing
Morungole
Morunyang
Motoi
Moya
Moya
Moyiga
Moyo
Mpabye
Mpalo
Mpama
Mpama
Mpambire
Mpambwa
Mpami
Mpangala
Mpanga
Mpanga
Mpanga
Mpanga
Mparangasi
Mparo
Mparo
Mparo
Mpata
Mpata
Mpembwe
Mpenja
Mpenja
Mpigi
Mpigi
Mpiita
Mpirigwa
Mpogo
Mpogo
Mpoma
Mpoma
Mpondwe
Mpondwe
Mpongo
Mpongo
Mpotwe
Mpugwe
Mpulira
Mpumiro
Mpumudde
Mpumudde
Mpumude
Mpumu
Mpunda
Mpunde
Mpunge
Mpungwe
Mpute
Mubanda
Mubanzi
Mubende
Mubendi
Mubogo
Mubuku
Mubumba
Mubusechera
Muchubwa
Muchunchu
Mucukula
Mucwini
Mudochi
Muduma
Muduma
Muduuma
Muengula
Muengura
Mugadi
Mugalama
Mugalama
Mugalike
Mugamba
Mugeri
Muggya
Mugomba
Mugongo
Mugore
Mugoye
Mugoye
Mugulaku
Muguluku
Mugulu
Mugulu
Mugulu
Mugungulu
Muguruka
Mugushu
Mugusu
Muhanga
Muhangi
Muhito
Muhoire
Muhokya
Muhororo
Muhumbu
Muinaina
Muinami
Muiscoe
Mujulugo
Mujunwa
Mujunwa
Mujuzi
Mukerenge
Mukifumbiro
Mukobe
Mukoko
Mukoko
Muko
Muko
Mukongoro
Mukoni
Mukoni
Mukono
Mukono
Mukora
Mukuju
Mukuju
Mukukute
Mukungwe
Mukunyu
Mukura
Mukura
Mukura
Mukura West
Mukyerere
Mukyibara
Mulabe
Mulagi
Mulagi
Mulago
Mulamba
Mulanda
Mulazi
Mulema
Mulemba
Mulingirire
Muliri
Mulondo
Mulugando
Mulundu
Mumasole
Mundade
Mundeme
Mundenge
Mundindi
Mungenyi
Munihoro
Munkasi
Munsa
Munteme
Muntu
Munyonyo
Murama
Murama
Murambo
Murami
Murema
Murubale
Murukunyu
Murut
Musaba
Musalala
Musa
Musansala
Musenyi
Musenyi
Museru
Musese
Mushanga
Mushongero
Musima
Musini
Musojo
Musoma
Musunga
Mutai
Mutakata
Mutat
Mutetema
Mutir
Mutoke
Mutolere
Mutondo
Mutonto
Mutozho
Mutozho
Mutufu
Mutukula
Mutukura
Mutumba
Mutunda
Mutungo
Muwangi
Muwanya
Muwema
Muwolwe
Muyebe
Muyembe
Muyenje
Muyenje
Muyogo
Muyumbu
Muzilandulu
Muzinda
Muzira
Muzizi
Mvepi
Mwalamba
Mwameri
Mwanga
Mwangi
Mwangi
Mwelo
Mwenakuba
Mwengura
Mwera
Mwera
Mwerasandu
Mwererwe
Mweri
Mweruka
Mweya Lodge
Mweya
Mweza
Mweza
Mwezi
Mwibale
Mwikamiro
Mwirasandu
Mwisi
Mwizi
Mwogo
Myanzi
Naadoy
Naama
Naam Okora
Nababirye
Nabakono
Nabalanga
Nabibungo
Nabieso
Nabiganda
Nabigasa
Nabigoye
Nabikenke
Nabilatuk
Nabingora
Nabinyonyi
Nabirere
Nabirumba
Nabisanke
Nabisoga
Nabiswa
Nabiswera
Nabitakuli
Nabitama
Nabitanga
Nabitayo
Nabitende
Nabitende
Nabitete
Nabitete
Nabiti
Nabitula
Nabitula
Nabityanka
Nabiwigulu
Nabiwugulu
Nabiyagi
Naboa
Nabubare
Nabubya
Nabugabo
Nabugalo
Nabukalu
Nabulagala
Nabulesa
Nabulezi
Nabuli
Nabumali
Nabusanke
Nabuswera
Nabutaka
Nabutaka
Nabuta
Nabuwama
Nabuwigulu
Nabuyoga
Nabwendo
Nabwere
Nabweru
Nabweyo
Nabweyo
Nabyeso
Nabyoto
Nacheke
Nadangira
Nadangira
Nadiang
Nadiket
Nadunget
Nafumba
Nagalama
Nagana
Nagela
Nagoje
Nagojje
Nagongera
Nagulu
Nagunga
Naibiri
Naigana
Naigobia
Naigot
Nairolwa
Naisamula
Naitakwai
Naja
Najembe
Najeneti
Najineti
Najneti
Najumba
Nakaai
Nakabala
Nakabala
Nakabale
Nakabale
Nakabanga
Nakabimba
Nakabira
Nakabiso
Nakabugu
Nakadindiri
Nakagyo
Nakaiita
Nakakabala
Nakalala
Nakalama
Nakalama
Nakaliro
Nakaloke
Nakalongo
Nakanyonyi
Nakapelo
Nakapiripirit
Nakasajja
Nakasejere
Nakaseke
Nakasenyi
Nakaseta
Nakaseta
Nakaseta
Nakaseta
Nakasetwa
Nakasigo
Nakasongola
Nakaswa
Nakatabo
Nakatete
Nakatete
Nakatete
Nakatete
Nakatit
Nakatogo
Nakatogo
Nakatoke
Nakatoma
Nakato
Nakato
Nakatyaba
Nakauka
Nakawaiza
Nakawala
Nakawa
Nakawa
Nakawa
Nakawere
Nakawomeka
Nakawungu
Nakayonza
Nakazigo
Nakazinga
Nakhayaka
Nakhupa
Nakibanga
Nakibano
Nakibembe
Nakibengo
Nakibungulia
Nakifulube
Nakifuma
Nakigalala
Nakigga
Nakigo
Nakigo
Nakigoza
Nakigudo
Nakikoma
Nakiloro
Nakiojo
Nakirimira
Nakisa
Nakishenyi
Nakiso
Nakisunga
Nakiswiga
Nakitokolo
Nakitokolo
Nakitokolo
Nakitoma
Nakivumbi
Nakiwate
Nakiwogo
Nakiyaga
Nakiziba
Nakongolo
Nakorimoru
Nakotimoru
Nakukuba
Nakulo
Nakupa
Nakwaya
Nakwero
Nakyangwa
Nakyenyi
Nakyesanja
Nalakonge
Naliba
Nalondo
Nalondo
Nalubabwe
Nalubale
Nalubembe
Nalubobya
Naluboyo
Nalubude
Nalukange
Naluko
Nalukonge
Nalulongo
Nalusomba
Naluvule
Naluvule
Naluwanda
Nalweyo
Namabale
Namabere
Namabuga
Namachumu
Namadope
Namadzi
Namagabi
Namaganda
Namagera
Namagunga
Namagusa
Namaiba
Namaiba
Namakoba
Namakoko
Namakoko
Namakomo
Namakonko
Namakunyu
Namalege
Namalemba
Namalemba
Namalere
Namalere
Namaliga
Namaliira
Namalimba
Namalinda
Namalira
Namalu
Namalwa
Nama
Nama
Namansenda
Namanyama
Namasagali
Namasale
Namasawo
Namasiga
Namasoga
Namasuba
Namasuba
Namasuka
Namasumbi
Namataba
Namataba
Namatagonya
Namatala
Namawagya
Namawa
Namawogya
Namayuge
Namayumba
Namayunju
Namazala
Namaziba
Namazzi
Nambabi
Nambaju
Nambaju
Nambale
Nambale
Nambale
Namba
Nambere
Nambeya
Namboko
Nambola
Nambo
Nambula
Namigoye
Namika
Naminage
Namindo
Namirembe
Namirembe
Namiryango
Namisango
Namisu
Namisuni
Nampanga
Nampiki
Nampiki
Nampongerwa
Nampunge
Nampunge
Nampyanga
Namufuma
Namuganga
Namuganga
Namugobo
Namugongo
Namugongo
Namugongo
Namuja
Namukago
Namukoge
Namukoko
Namukonge
Namukongo
Namukozi
Namukuma
Namukunyu
Namulaba
Namulanda
Namulanda
Namulekya
Namulikya
Namulikya
Namulo
Namulonge
Namulungu
Namungalwe
Namungo
Namunsi
Namunyagwe
Namunye
Namunyingi
Namunyuma
Namunyumya
Namuro
Namusale
Namusa
Namusansula
Namusikizi
Namusisi
Namusita
Namusuka
Namutamba
Namutumba
Namutya
Namuzikiza
Namwandala
Namwendwa
Namwezi
Namwiwa
Nananga
Nanderema
Nandere
Nandwa
Nangabo
Nangala
Nanga
Nangwa
Nangya
Nanjwenge
Nankandulo
Nankodo
Nankoma
Nankondo
Nankongolo
Nanoko
Nansagazi
Nansanga
Nanseke
Nansimbi
Nansololo
Nansololo
Nansuga
Nansuma
Nantamali
Nantove
Nanula
Napararo
Napiananya
Napianyenya
Napopongo
Napumpum
Napyenenya
Nariam
Narithal
Nariwo
Nasembe
Nasigirya
Nasiralo
Natonko
Natoto
Natwana
Nawaikoke
Nawaikona
Nawaka
Nawambiri
Nawambwa
Nawampanda
Nawampandu
Nawampiti
Nawanago
Nawandala
Nawandyo
Nawangaiza
Nawangaiza
Nawangisa
Nawangoma
Nawango
Nawankonge
Nawansega
Nawantale
Nawantumbi
Nawanyago
Nawire
Naziba
Nazigo Mission
Nazigo
Nchwera
Ncucwe
Ndago
Ndaiga
Ndalagi
Ndalike
Ndalike
Ndandamire
Ndeba
Ndeba
Ndede
Ndego
Ndeizha
Ndeje
Ndeke
Ndere
Ndese
Ndibata
Ndibulungi
Ndirawelu
Ndolo
Ndolwa
Ndorwa
Ndoya
Ndriba
Ndudu
Ndugu
Ndulya
Nebbi
Nebi
Nemba
Nfuka
Ngai
Ngalamo
Ngaliama
Ngal
Ngando
Ngangi
Nganjo
Ngarama
Ngar
Ngenge
Ngenge
Ngereko
Ngeta
Ngeye
Ngobo
Ngodingodi
Ngogole
Ngogolo
Ngogwe
Ngohyobia
Ngole
Ngololiet
Ngomanene
Ngoma
Ngoma
Ngoma
Ngoma
Ngomba
Ngombe
Ngongolo
Ngono
Ngonyboke
Ngora
Ngora
Ngoratok
Ngotokwe
Ngoyo
Ngozi
Ngugo
Ngulamo
Ngulukilo
Ngulu
Nguruwa
Niapea
Ninzi
Nitakwai
Njalarwe
Njara
Njara
Njaza
Njereka
Njeru
Njeru
Njeru
Njokero
Njoya
Njwejwe
Nkaiza
Nkaja
Nkalwe
Nkampa
Nkanda
Nkanga
Nkanja
Nkanya
Nkenge
Nkinga
Nkingo
Nkokonjeru
Nkoko
Nkoko
Nkoma
Nkoma
Nkoma
Nkoma
Nkombe
Nkondo
Nkondo
Nkondo
Nkone
Nkonge
Nkonge
Nkongora
Nkongoro
Nkoni
Nkoni
Nkopo
Nkote
Nkozi
Nkudumali
Nkuke
Nkuluze
Nkulwe
Nkumba
Nkundente
Nkungere
Nkungwe
Nkunyu
Nkuzongire
Nkwirwa
Noko
Nombe
Nombe
Nombi
Nongo
Nonoko
Nonve
Nori
Nozi
Nsabwe
Nsagu
Nsala
Nsambwe
Nsambya
Nsambya
Nsambya
Nsamule
Nsamu
Nsangala
Nsangi
Nsangira
Nsango
Nsango
Nsanja
Nsano
Nsanvu
Nsasa
Nsavu
Nseke
Nsenya
Nsese
Nshungezi
Nsiika
Nsika
Nsiki
Nsikisi
Nsimbe
Nsinze
Nske
Nsola
Nsololo
Nsolo
Nsolo
Nsomba
Nsone
Nsonga
Nsongezi
Nsonyira
Nsororo
Nsororo
Nsotoka
Nsozibiri
Nsozinga
Nsozi
Nsube
Nsube
Nsumba
Nswanjere
Ntabwe
Ntakafunvu
Ntalagi
Ntala
Ntale
Ntandi
Ntanzi
Ntarama
Ntarama
Ntenjeru
Ntenjeru
Ntimba
Ntirizi
Ntoke
Ntoroko
Ntovu
Ntunda
Ntungamo
Ntungamo
Ntungu
Ntuntu
Ntuntu
Ntusi
Ntwetwe
Nula
Numulongo
Nvio
Nvuba
Nvubu
Nvunano
Nvunwa
Nweruka
Nwoya
Nyaada
Nyabani
Nyabasaja
Nyabichenche
Nyabigaga
Nyabihara
Nyabihoko
Nyabirongo
Nyabisirira
Nyabisisira
Nyabitale
Nyabitete
Nyabubale
Nyabugando
Nyabuhama
Nyabuhikye
Nyaburama
Nyabusenyi
Nyabushozi
Nyabusokoma
Nyabwina
Nyachera
Nyafumura
Nyahuka
Nyaihanga
Nyai
Nyakabande
Nyakabanga
Nyakabingo
Nyakabingo
Nyakabingo
Nyakabirizi
Nyakabungo
Nyakabungo
Nyakagando
Nyakagango
Nyakageme
Nyakagera
Nyakageyi
Nyakagey
Nyakagongo
Nyakagyeme
Nyakakoni
Nyakalembe
Nyakalengija
Nyakasalala
Nyakasenyi
Nyakashaka
Nyakashashara
Nyakashuli
Nyakasozi
Nyakasunsa
Nyakasura
Nyakatonzi
Nyakatuntu
Nyakayojo
Nyakibale
Nyakibere
Nyakibingo
Nyakigandu
Nyakigugwe
Nyakigumba
Nyakigyera
Nyakihita
Nyakinengo
Nyakinoni
Nyakinoni
Nyakiriro
Nyakisamve
Nyakisanju
Nyakisa
Nyakishenie
Nyakishenyi
Nyakishozo
Nyakoi
Nyako
Nyakwai
Nyalai
Nyalubale
Nyalubanga
Nyalusanje
Nyalushanje
Nyalutembe
Nyamabale
Nyamabuga
Nyamagana
Nyamagita
Nyamakukuro
Nyamatete
Nyamatozho
Nyambogo
Nyamenzi
Nyamiaga
Nyamiaga
Nyamisasa
Nyamitanga
Nyamiyaga
Nyamiyanzha
Nyamufumura
Nyamugura
Nyamuliro
Nyamunyobwa
Nyamusana
Nyamushasha
Nyandago
Nyanda
Nyanga
Nyanga
Nyanga
Nyangeya
Nyangilia
Nyangoma
Nyankonde
Nyankwanzi
Nyantungo
Nyantungu
Nyapea
Nyarabur
Nyara
Nyaraolum
Nyaravur
Nyarubara
Nyarujoje
Nyarukika
Nyarukonge
Nyarusiza
Nyarutoma
Nyarwezika
Nyaute
Nyawiega
Nyegeza
Nyemera
Nyendo
Nyenga
Nyenje
Nyero
Nyimbwa
Nyio
Nyiovura
Nyiro
Nyize
Nyondo
Nyongozi
Nyou
Nzalo
Nzheru
Nziro
Obaki
Obalang
Obirai
Obisa
Obongi
Oboruboru
Obuje
Obulayi
Obule
Obulingorok
Obulubulu
Obure
Obure
Oburi
Oburi
Obwim
Obwin
Obyango
Obyonyo
Ochakai
Ochal
Ochamayom
Ochamayon
Ochanga
Ochanip
Ochebu
Ocheko
Ochelei
Ocherakori
Ocherakuru
Ochero
Ochini
Ochoka
Ochokuchani
Ocholokoboi
Ochomai
Ochorioramunyait
Ochuloi
Ocodri
Ocwalo
Odapakole
Odekere
Oderai
Odera
Odiak
Odina
Oding
Odoi
Odoit
Odokayi
Odom
Odon
Odoon
Odoti
Odravu
Odro
Odungura
Odwarat
Odyedo
Ofaka
Offaka
Offake
Offude
Ofude
Ogalayi
Ogalitome
Ogangai
Ogange
Ogingai
Ogisa
Ogoko
Ogoma
Ogomo
Ogongola
Ogongora
Ogongoro
Ogorai
Ogosai
Ogosoi
Ogua
Ogujebbe
Ogujebe
Ogulebe
Ogur
Ogurutu
Ogwam
Ogwapesuru
Ogwil
Ojaa
Ojemai
Ojemoru
Ojingai
Ojok
Ojomi
Ojom
Ojota
Ojukot
Okadarya
Okalara
Okapel
Okawo
Okayo
Okayu
Okeritok
Okeyo
Okeyu
Okidetok
Okimenga
Okoboi
Okocho
Okodu
Okokolaka
Okokorio
Okolimeri
Okolim
Okollo
Okolonga
Okolo
Okomi
Okotu
Okoyu
Okuba
Okubu
Okude
Okulenya
Okume
Okumeri
Okum
Okunguro
Okurao
Okutoi
Okwangai
Okwangalete
Okworo
Olaicho
Olaki
Old Dufile
Old Entebbe
Old Nariam
Oleba
Olechoi
Olecoi
Oleiba
Olejova
Olekai
Oleka
Oleko
Olelai
Olelpek
Olemai
Olerai
Olerayi
Olevu
Olianai
Oliavu
Olilim
Olilim
Olio
Oliyo
Olobai
Olobai
Olobodagi
Olobo
Olomel
Olomon
Oloroi
Olovu
Oluffe
Olukuchoko
Oluku
Olumoto
Olupe
Olupe
Oluvu
Olwa
Olwerai
Olwit
Olyeko
Omagara
Omarai
Omatakire
Omateng
Omatikile
Ombache
Ombachi
Ombatini
Omidi
Omid
Ominya
Omirimiri
Omito
Omiya Anyma
Omiya Pachua
Omoce
Omoche
Omodoi
Omodoi
Omogo
Omoloko
Omolotok
Omomeri
Omoro
Omoro
Omotoi
Omoyo
Omubugoigo
Omudoi
Omugei
Omugenya
Omugo
Omukaguha
Omulala
Omunkunyu
Omunyiri
Omunyir
Omuruyenzhe
Omurwera
Omurwesigilo
Omuryei
Omutoi
Omuturo
Omwinero
Omwono
Omyemya
Onari
Onder
Ongariama
Ongino
Ongoko
Ongoratok
Ongoro
Ongorumu
Ongowoni
Ongunai
Onigo
Oningo
Onom
Onyunyu
Opa
Opapai
Operepe
Opiai
Opika
Opilitok
Opiyai
Opiya
Opoki
Opokoro
Opokyam
Opotipot
Opot
Opurei
Oputi
Opuyo
Opwateta
Oqujebe
Oraba
Orape
Oregiya
Oreko
Oriama
Oribu
Oridi
Oriebai
Orijini
Oringini
Oringo
Oriyoyi
Orom
Oruada
Orubare
Orumo
Orungo
Orupe
Oryang
Oryawo
Osia
Osopotoit
Osuguru
Osukuru
Oswam
Otatai
Otimong
Otira
Otome
Otravu
Otrevu
Otuambari
Otuboi
Otwal
Oukoto
Ousuko
Ovujo
Owafa
Owaffa
Oweko
Owerai
Owinyi
Owiny
Owolo
Owolo
Oyalakwe
Oyama
Oyelomon
Oyeyu
Oyomai
Oyu
Pabone
Paboni
Pabo
Pacego
Pachara
Pachwa
Pacwach
Pader
Pader Palwo
Padibe
Padombo
Padwot
Paetho
Pagak
Pagei
Pagwata
Paicho
Paicing
Paidha
Pai-ida
Paila
Paimol
Pajimu
Pajule
Pajulu
Pajwenda
Pakadha
Pakanyi
Pakeli
Pakelle
Pako
Pakuba
Pakwach East
Pakwach
Pakwero
Pakwinyo
Pakwi
Pakwiyo
Palabek
Palango
Palaro
Palaro
Palatao
Palatau
Palatau
Palisa
Palissa
Pallisa
Paloga
Paludar
Pamach
Pamangara
Pamdero
Pamenya
Paminya
Pamora
Pamot
Pamvara
Pamwa
Pandera
Panduru
Pangere
Pangero
Panget
Panvangara
Panyamur
Panyangara
Panyango
Panyigoro
Panyimur
Papai
Parabongo
Parabong
Parabong
Parajwoki
Paraka
Paranga
Paranga
Para
Paripari
Paroketto
Parombo
Parongo
Parrabong
Patiko
Patonga
Patongo
Patwenda
Pawaa
Pawa
Pawel
Pawe
Pawong
Pawor
Paya
Payida
Payongo
Peduru
Pei
Peipei
Pepei
Peta
Peta
Petete
Pigire
Pilitok
Pingire
Pingiri
Pirre
Podati
Podia
Podoti
Poke
Pokia
Poko
Pokwero
Port Bell
Port Lari
Powaa
Pumit
Puno Atar
Pupu
Puranga
Purongo
Putanga
Pweteta
Ragem
Rakai
Rengen
Rhino Camp
Rigbo
Risai
Robaya
Rogem
Rom
Ruamuhama
Ruangi
Rubaare
Rubabu
Rubanda
Rubanga
Rubare
Rubaya
Rubaya
Rubaya
Rubeya
Rubindi
Rubingo
Rubirizi
Rubirizi
Rubona
Rubongi
Ruborogota
Ruborogoto
Rubuguli
Rubunu
Rubu
Rubuzigye
Ruchenche
Ruchwemigo
Ruerere
Rugaga
Rugando
Rugando
Rugarama
Rugendabalo
Rugongo
Rugonjo
Rugyeyo
Ruhama
Ruhandagazi
Ruhanga
Ruhara
Ruhendwa
Ruhengere
Ruhenoere
Ruhinda
Ruhira
Ruhiri
Ruhobo
Ruhoho
Ruhoko
Ruizi
Rukinga
Rukiri
Rukoki
Rukoma
Rukondo
Rukoni
Rukukuru
Rukungire
Rukungiri
Rumbaire
Rumira
Rumogi
Rumog
Runga
Rupa
Ruragara
Rurandura
Ruruku
Rusekere
Rushambia
Rushambya
Rushasha
Rushenyi
Rushere
Rushoroza
Rushozi
Ruswa
Rusya
Rutale
Rutenga
Rutete
Ruti
Rutokye
Rutoma
Rutoma
Rutoma
Rutoma
Rutoma
Rutoma
Rutonde
Rutooma
Ruyanga
Ruyanja
Rwagimba
Rwahi
Rwaitengya
Rwakororo
Rwamabale
Rwamabale
Rwamabondo
Rwamahwa
Rwamakukuru
Rwamanja
Rwamawha
Rwamucucu
Rwamuhama
Rwamuhara
Rwamunku
Rwanamira
Rwanga
Rwantsinga
Rwanyamahembe
Rwanyampazi
Rwanzha
Rwanzu
Rwashamaire
Rwawurumba
Rwebikwato
Rwebisengo
Rwebishengo
Rweibare
Rweibumba
Rweichiniro
Rwekunye
Rwembwa
Rwempogo
Rwempungu
Rwendama
Rwene
Rwengoha
Rwengoma
Rwengo
Rwengwe
Rwengwe
Rwenjaza
Rwenjura
Rwenkondo
Rwenkuba
Rwenkuba
Rwensama
Rwenshama
Rwensinga
Rwensunga
Rwentanga
Rwentobo
Rwera
Rwesirabo
Rwihingo
Rwobusisi
Rwoho
Rwomuhoro
Ryabagoma
Ryakagongo
Ryamurunga
Ryamurungu
Ryangabi
Ryeru
Sabei
Sagala
Sakabusolo
Sakabusolo
Sakabusolo
Saka
Salalira
Salama
Salami
Salamito
Sala
Sala
Sama
Sambwe
Sanga
Sanga
Sango
Sanje
Sapiri
Sasasa
Sazike
Sazi
Sebanda
Sebei
Seenene
Seeta
Seeta
Seganga
Segero
Seja
Sekamuli
Sekanyonyi
Sembabule
Sempa
Sempaya
Semuto
Senene
Senge
Sentema
Senyi
Serenge
Serere
Sere
Serinya
Serinya
Seseme
Sese
Sesiriba
Seta
Seta
Shuku
Sifuyo
Siggi
Sigogwesere
Sikakoko
Sikuda
Sikunga
Sikye
Silobera
Simba
Simbli
Simu
Singya
Sinya
Sinye
Sinyo
Sinyu
Sipi
Siroko
Sironko
Sisa
Situi
Sobya
Sogolelo
Sokolo
Solokho
Soloko
Sona
Sonda
Sonde
Soni
Sonso
Sopsop
Soroti
Ssenya
Suam
Suguro
Suguru
Sugu
Suhesi
Sukulu
Sunga
Sunga
Sunga
Sunga
Sunga
Suni
Supa
Swagere
Taan
Taan Valley
Tabagonyi
Tabagony
Taba
Tademeri
Takajunge
Tamu
Tangala
Tara
Tarogali
Tata
Tebalowoza
Te'bito
Teboke
Tegaligwa
Tegeress
Teginya
Teilwa
Tekala
Tekela
Telamot
Temangalo
Tente
Te'okoto
Te Okot
Te Okuto
Terego
Terinyi
Tiling
Tilling
Timba
Tira
Tira
Tiriri
Titim
Tokaru
Tolwe
Toma
Tomi
Tomi
Tondegejelako
Tondegejerako
Tondola
Tondolo
Tongo
Tonya
Toroma
Torome
Tororo
Torote
Toskin
Ttaba
Tuba
Tugumo
Tugumu
Tula
Tumba
Tumbo
Turukang
Turupok
Turutoko
Tuskini
Twalek
Tweyanze
Tyabire
Uchebu
Udanopi
Udupi
Ukadakya
Ukiti
Ukuti
Ulepi
Uleppi
Uluko
Umia Anyema
Umia Anyima
Umia
Umi
Unyama
Usuku
Utrutru
Utumbari
Uzu
Villa Maria
Virika
Vukula
Vumba
Vumba
Vumba
Vumba
Vumbe
Vura
Vurra
Vur
Waal
Wabibo
Wabigali
Wabigalo
Wabinwa
Wabinyonyi
Wabisisa
Wabisise
Wabisi
Wabitoki
Wabiyinja
Wabukala
Wabulenga
Wabulungu
Wabusana
Wabusana
Wadelai
Wagala
Wagodo
Wahusana
Waibalaibi
Waibuga
Waigala
Waigalo
Waikalakaka
Waina
Wainya
Wairaka
Waiswa
Wajala
Wakasimba
Wakasimba
Wakatanga
Waka
Wakawungu
Wakayiba
Wakisani
Wakiso
Wakiso
Wakisu
Waki
Wakyato
Walabungo
Walasi
Walukota
Walukuba
Waluvule
Walykubya
Wamala
Wamfuru
Wampendo
Wampologoma
Wamukende
Wamulongo
Wamusenyi
Wananda
Wandagi
Wandala
Wandegeya
Wandica
Wandi
Wandulu
Wanfufu
Wangale
Wangali
Wangkwar
Wangobo
Wangobo
Wango
Wanjagi
Wankaka
Wankata
Wanseko
Wansolo
Wanya
Warr
War
Wasa
Watoke
Watuba
Watuba
Watuba
Wekomire
Werai
Wera
Wesunire
Wiawer
Wigweng
Wila
Wiria
Wobolenzi
Wobulenzil
Wobulenzi
Wolo
Wol
Woro
Wunga
Yamu
Yaule
Yenga
Yidu
Yingo
Yivu
Yole
Yoyo
Yumbe
Zaipi
Zanyiro
Zeio
Zengebe
Zeu
Ziba
Ziba
Zigoti
Zigulu
Zimudi
Zimwe
Zintengese
Zintengeze
Zira
Zirobwe
Ziru
Zombo
