18 de Julio
19 de Abril
25 de Agosto
25 de Mayo
Abayuba
Abrojal
Aceguá
Achar
Achiras
Acosta
Agraciada
Aguada
Aguas Buenas
Aguas Corrientes
Águila
Águila
Aguirre
Ahogados
Aiguá
Albisu
Aldecoa
Alejandrina
Alejandro Gallinal
Algorta
Allende
Amaro
Anastasia
Andresito
Ansina
Arapey
Araújo
Arbolito
Arbolito
Arenal
Arenal
Arenales
Arenitas Blancas
Arévalo
Arriera
Arroyo Aguila
Arroyo Blanco
Arroyo de la Virgen
Arroyo Grande
Arroyo Malo
Arroyo María Cejas
Arroyo Seco
Arrozal Treinta y Tres
Arrozal Victoria
Artigas
Artigas
Artilleros
Atlántida
Averías
Balneario Bella Italia
Balneario Chacarita
Balneario Flor de Maroñas
Balneario Floresta
Balneario Nuevo Paris
Balneario Piedras Blancas
Balneario Solís
Baltasar Brum
Bañado de Medina
Bañado de Rocha
Barker
Barra de Carrasco
Barra de Maldonado
Barrancas
Barra Tapado
Barrio de Bella Vista
Barrio de Capurro
Batlle y Ordoñez
Batoví
Baygorria
Beisso
Belén
Bella Aurora
Bellaco
Bella Italia
Bella Unión
Bella Vista
Bella Vista
Belveder
Bernabé Rivera
Berruti
Biassini
Bifurcación
Blanquillo
Blanquillo
Blanquillos
Boca del Rosario
Bolívar
Boné
Borracho
Brigadier General Diego Lamas
Buceo
Buenahora
Buena Unión
Buena Vista
Buricayupí
Cabellos
Cabo Polonio
Calera
Camaño
Cambará
Came
Campamento
Campana
Campo de Todos
Cañada Chica
Cañada del Pueblo
Cañada Nieto
Cañada Paraguaya
Cañada Sauce
Cañas
Cañas
Cañas
Candil
Canelones
Canepa
Cañitas
Cantera del Minuano
Capilla de Farruco
Capilla del Sauce
Capilla Farruco
Cap. Juan A. Artigas
Capurro
Capurro
Caraballo
Caraguatá
Caraguatá
Cardal
Cardona
Cardoso
Cardozo
Cardozo Chico
Carlos Reyles
Carmelo
Carmen
Carmen del Durazno
Carpintería
Carpintería
Carqueja
Carrasco
Casa Blanca
Casas Blancas
Castillo
Castillos
Castillos
Casupá
Cayetano
Cebollatí
Ceferino
Ceibal
Celeste
Centro
Centurión
Cerrezuelo
Cerrillada
Cerrillada
Cerrillos
Cerrito
Cerro Alegre
Cerro Batoví
Cerro Caqueira
Cerro Chato
Cerro Chato
Cerro Chato
Cerro Colorado
Cerro Convento
Cerro de las Armas
Cerro de las Cuentas
Cerro Pastoreo
Cerro Pelado del Este
Cerro San Jorge
Cerros Blancos
Cerros de los Rochas
Cerro Vera
Chacarita
Chamberlain
Chamizo
Chamizo
Chapicuy
Charqueada
Chilcas
Chuy
Chuy
Ciudad de la Colonia del Sacramento
Ciudad de la Florida
Ciudad del Salto
Ciudad de Melo
Ciudad de Mercedes
Ciudad de Minas
Ciudad de Montevideo
Ciudad de Paysandú
Ciudad de Rocha
Ciudad de San José
Ciudad Viaje
Clara
Coion
Colla
Colón
Colón
Colonia 19 de Abril
Colonia América
Colonia Arrué
Colonia
Colonia del Sacramento
Colonia Diecinueve de Abril
Colonia Dieciocho de Julio
Colonia Española
Colonia Esperanza
Colonia Estrella
Colonia Jefferies
Colonia Lavalleja
Colonia Miguelete
Colonia Nicolich
Colonia Nuevo Paysandú
Colonia Ombúes de Lavalle
Colonia Piamontesa
Colonia Pintado
Colonia Rosario
Colonia Rossell y Rius
Colonia San Javier
Colonia Suiza
Colonia Valdense
Conchillas
Conciliación
Concordia
Conde
Constancia
Constitución
Constitution
Coquimbo
Cordón
Coronilla
Coronilla
Corral de Piedra
Corrales
Corrales
Correa
Cortume
Costa de las Víboras
Costa de San Gregorio
Costa de San José
Costa de San Luis
Costa de Víboras
Costas de San José
Cruz de los Caminos
Cruz de los Caminos
Cruz de Piedra
Cuaró
Cuaró
Cuchilla Caraguatá
Cuchilla de Cuadra
Cuchilla del Ombú
Cuchilla del Perdido
Cuchilla de Peralta
Cuchilla Grande
Cuchilla Manguera
Cufré
Cuñapirú
Curticeras
Curtina
Darwin
Daymán
De los Pastores
Delta del Tigre
Díaz
Diecinueve de Abril
Dieciocho de Julio
Diez y Ocho de Julio
Doctor Francisco Soca
Doctor Soca
Dolores
Drabble
Drable
Duranzo
Duraznito
Durazno
Echevarría
Echeverría
Echeverry
Ecilda Paullier
Egaña
El Borracho
El Caño
El Catete
El Ceibo
El Cerro
El Chaco
El Chaco
El Chajá
El Chuy
El Dorado
El Eucaliptus
El General
El Horno
El Hueco
El Infiernillo
El Maturrango
El Oratorio
El Sauce
El Semillero
El Tala
El Tarugo
El Topador
El Tropiezo
Empalme Olmos
Empalme Sauce
Enrique Martinez
E. Robo
Escudero
Española Colonia Agrícola
Esperanza
Espinillar
Espinillo
Estación Ataques
Estación Casupá
Estación Esperanza
Estación Garzón
Estación Goñi
Estación Isla Cabello
Estación Isla de Cabello
Estación Migues
Estación Olmos
Estación Porvenir
Estanzuela
Eucaliptus
Fagúndez
Falagian
Faro del Polonio
Faro de Polonio
Federaciõn
Fernández
Fernández
Ferreira
Ferrer
Ferro Carril
Flor de Maroñas
Florencio Sánchez
Florentino
Floresta
Florida
Fraile Muerto
Francisco Soca
Franquia
Fray Bentos
Frayle Muerto
Fray Marcos
Garibaldi
Garzón
General Borges
General Enrique Martínez
Gerona
Gervasio
Godoy
Goní
González
González
Goyo Martinez
Grecco
Greco
Gregorio Aznárez
Guadalupe
Guaviyú
Guaviyú
Guayabos
Guerrero
Guichón
Heriberto
Horqueta de Castillos
Horqueta
Hospital
Illescas
Independencia
Independencia
Ingeniero Andreoni
Ingeniero Eduardo García de Zúñiga
Ingenio José Serrato
Isidoro Noblía
Isla Cabello
Isla Cabellos
Isla de Cabellos
Isla Mala
Isla Patrulla
Ismael Cortinas
Itapebí
Itapeby
Ituzaingó
Ituzaingó
Javier de Viana
J.E. Rodo
Jiménez
J.L. Lacaze
Joanicó
Joaquín Suárez
Joaquín Suárez
José Batlle y Ordóñez
José Enrique Rodó
José Ignacio
José Ignacio
José Pedro Varela
José P. Varela
J.P. Varela
J. Suarez
J. Suárez
Juan J. Castro
Juan José Castro
Juan Lacaze
Juan L. Lacaze
Juan Soler
Julio María Sanz
Kilómetro 71
Kiyú
La Alegría
La Barra
La Bolsa
La Calavera
La Calera
La Charqueada
La Chirca
La Chiva
La Ciudad de Colonia
La Coronilla
La Cruz
La Cuchilla
Ladrillos
La Esperanza
La Estanzuela
La Floresta
La Floresta
La Florida
La Hilera
La Humedad
La Lata
La Macana
La Mariscala
La Mazamorra
Lambaré
La Micaela
La Mina
La Morcona
La Paloma
La Paloma
La Paraguaya
La Paz
La Paz
La Pedrera
La Pedrera
Lapuente
La Querencia
La Reforma
Larrayos
Larrosa
Las Arenas
Las Brujas
Las Cañas
Lascano
Las Chircas
Las Flores
Las Flores
Las Flores
Las Flores
Las Piedras
Las Piedras
Las Ratas
Las Toscas
Las Toscas
Las Víboras
Las Violetas
La Tentaciõn
Latorre
La Unión
Laura
Laureles
Laureles
Laureles
Lavaderos del Este
Lavaderos
Lavalleja
Lavalleja
Lavalleja
Lazcano
Liberfad
Libertad
Lluveras
Lomas de Carmelo
Lorenzo Geyres
Los Agregados
Los Ahogados
Los Camejos
Los Castros
Los Ceballos
Los Cerrillos
Los Cerros de San Juan
Los Coitinhos
Los Cuadrado
Los Feos
Los Furtado
Los Furtados
Los Garcia
Los Gomez
Los Grozos
Los Mezquitas
Los Novillos
Los Potreros
Los Rodriguez
Los Rosanos
Los Silveyra
Los Talas
Los Talas
Los Vásquez
Lunarejo
Machado
Machado
Maguna
Mal Abriga
Mal Abrigo
Maldonado
Manga
Mangrullo
Manguera
María Albina
María Cejas
María Isabel
Maria Isabel
Marincho
Mariscala
Maroñas
Martín Chico
Martinote
Masoller
Mataojito
Mataojo Chico
Mataojo
Mataojo
Maturrango
Maximo Tajes
Mederos
Medina
Melo
Menafra
Mendizabal
Mendoza Chico
Mendoza
Mercedes
Merinos
Miguelete
Migues
Miguez
Minas de Corrales
Minas de Zapucay
Minas
Minuano
Minuano
Minuano
Moirones
Molles Chico
Molles del Pescado
Molles
Montes
Montevideo Chico
Montevideo Chico
Montevideo
Morató
Mosquitos
Mouriño
Musi
Nando
Nico Pérez
Novillos
Nueva Carrara
Nueva Helvecia
Nueva Palmira
Nuevo Berlín
Nuevo París
Olimar Santa Clara
Olivera
Olivera
Olmos
Ombúes de Lavalle
Ombúes de Oribe
Oratorio
Ordeig
Orgoroso
Oribe
Ovidio Morató
Pablado Paso de Ceferino
Padula
Paguero
Pajas Blancas
Palma
Palmar de Castillos
Palmar de Quebracho
Palmares de Castillos
Palmares de Quebracho
Palma Sola
Palmitas
Palomas
Pan de Azúcar
Pando
Pantanosa de Cuadra
Parada Herrería
Parallé
Paso Antolín
Paso Ataques
Paso Ceferino
Paso Cementerio
Paso de Antolín
Paso de Ataques
Paso de Carpintería
Paso de Carrasco
Paso de Ceferino
Paso de la Cadena
Paso de la Horqueta
Paso de la Laguna
Paso de las Carretas
Paso de las Piedras
Paso de las Piedras
Paso de las Toscas
Paso de Laureles
Paso del Bañado
Paso del Borracho
Paso del Centurión
Paso del Cerro
Paso del León
Paso del Molino
Paso de los Carros
Paso de los Mellizos
Paso de los Toros
Paso del Parque
Paso del Potrero de Arerunguá
Paso del Tapado
Paso de Pache
Paso de Piriz
Paso de San Luis
Paso Francos
Paso Guaviyú del Arapey
Paso Hondo del Arroyo Malo
Paso Hondo
Paso Molino
Paso Pereira
Paso Polanco del Yi
Paso Potrero
Paso Soca
Paso Toscas
Paso Tranqueras
Passo de Ataques
Pavón
Paysandú
Pedernal
Pedrera
Peñarol
Peñarol
Pepe Núñez
Peralta
Piamontesa
Picada de Passano
Piedra del Toro
Piedra Pintada
Piedras Blancas
Piedras Coloradas
Piedras de Afilar
Piedra Sola
Piedras
Piedritas
Pinchazo
Piñera
Pintado Colonia Agrícola
Pintado Grande
Pintado
Pintos
Pirarajá
Piriápolis
Plácido Rosas
Platero
Platón
Playa Atlántida
Poblacion Valentin
Poblado Batoví
Poblado Berruti
Poblado Blanquillo
Poblado Celeste
Poblado Cerro Batoví
Poblado Cerro Chato
Poblado Cerro del Pastoreo
Poblado Cuchilla Caraguata
Poblado Cuchilla de la Manguera
Poblado de Castro
Poblado de Heriberto
Poblado del Borracho
Poblado del Hospital
Poblado del Minuano
Poblado del Minuano
Poblado de los Cuadrados
Poblado de los Morales
Poblado de los Novillos
Poblado del Sauce
Poblado del Turupí
Poblado Echeverry
Poblado General Enrique Martinez
Poblado Godoy
Poblado Goyo Martínez
Poblado Guaviyú
Poblado La Chilca
Poblado La Hilera
Poblado La Humedad
Poblado Lambari
Poblado La Morcona
Poblado Lapuente
Poblado Las Arenas
Poblado Las Chircas
Poblado Las Flores
Poblado Laura
Poblado Laureles
Poblado Laureles
Poblado Lavalleja
Poblado la Villa
Poblado Los Coitinhos
Poblado Los García
Poblado Los Gómez
Poblado Los Grozos
Poblado Los Laureles
Poblado Los Rodríguez
Poblado los Silveira
Poblado Martinote
Poblado Mendizabal
Poblado Moirones
Poblado Montevideo Chico
Poblado Paso de los Novillos
Poblado Paso Hondo
Poblado Rincón de Giloca
Poblado Rincón de la Aldea
Poblado Rincón de la Bolsa
Poblado Rincón de la Laguna
Poblado Rincón de los Muchadas
Poblado Río Negro
Poblado Rivera Chico
Poblado Rolón
Poblado San Benito
Poblado San Ramón
Poblado Sauce de Batoví
Poblado Sause de Tranqueras
Poblado Segarra
Poblado Sosa
Poblado Varese
Poblado Vasquez
Poblado Vichadero
Poblado Zambullón
Poblado Zapucay
Pocitos
Polanco de Ibargoyen
Polanco del Yi
Polanco
Polanco Sur
Polonio
Porongos
Porvenir
Progreso
Pueblito Arevalo
Pueblo 18 de Julia
Pueblo 19 de Abril
Pueblo Achar
Pueblo Cardozo
Pueblo Cebollatí
Pueblo Centenario
Pueblo Conciliación
Pueblo Constitución
Pueblo Cuchilla
Pueblo de Aiguá
Pueblo de Arriba
Pueblo de Barro
Pueblo de la Arena
Pueblo de la Paz
Pueblo del Barro
Pueblo del Carmen
Pueblo del Sauce
Pueblo de Nuestra Señora del Carmen
Pueblo de San Vicente de Castillos
Pueblo Egaña
Pueblo Ferrocarril
Pueblo Isla Cabellos
Pueblo Ituzaingó
Pueblo Joaquín Suárez
Pueblo Juan L. Lacaze
Pueblo la Agraciada
Pueblo La Charqueada
Pueblo Mouriño
Pueblo Nuevo
Pueblo Olimar
Pueblo Sánchez Grande
Pueblo Sanchez
Pueblo Sauce
Pueblo Scavino
Pueblo Velázquez
Pueblo Victoria
Puerto Amaro
Puerto de la Paloma
Puerto del Inglés
Puerto Gómez
Puerto Platero
Punta Carretas
Punta del Este
Puntas de Buricayupí
Puntas de Cañada Grande
Puntas de Cañas
Puntas de Corrales
Puntas del Arenal Chico
Puntas del Arenal
Puntas de las Cañas
Puntas del Parao
Puntas del Sauce
Puntas del Tala
Puntas de Maciel
Puntas de Rolón
Puntas de San Juan
Puntas de Valdez
Puntas Duraznito
Puntas Tamanduá
Quebracho
Quebracho
Queguay
Quiebra Yugos
Quintana
Radial Conchillas
Rafael Perazza
Raigón
Ramón Saravia
Ramón Trigo
Ramos
Rancherío Tejera
Real de San Carlos
Real San Carlos
Reboledo
Reducto
Reynold
Riachuelo
Riffó
Rincón Aldea
Rincón de Baygorria
Rincón de Coronel
Rincón de Cuadra
Rincón de Giloca
Rincón de Gutiérrez
Rincón de la Aldea
Rincón de la Bolsa
Rincón de la Laguna
Rincón del Bonete
Rincón del Cololó
Rincón de los Machado
Rincón de los Negros
Rincón de los Oliveras
Rincón del Pino
Rincón de Moraes
Rincón de Pacheco
Rincón de Pereyra
Rincón de Py
Rincón de Valentines
Rincón de Velázquez
Rincón de Vidal
Rincón de Yaguarí
Rincón
Río Branco
Río Negro
Risso
Rivera Chico
Rivera
Rocha
Rodo
Rodríguez
Roja
Rolón
Rolón
Rolón
Rosario
Rosas
Rossell y Rius
Saca Chispas
Saca Chispas
Sacramento
Salamanca
Salta
Salto
San Antonio
San Antonio
San Bautista
San Benito
San Carlos
Sanchez Chico
Sánchez Grande
Sánchez
San Dios
San Eugenio
San Félix
San Fernando de Maldonado
San Fructuoso
San Gabriel
San Gregorio de Polanco
San Gregorio
San Gregorio
San Gregorio
San Isidrio
San Jacinto
San Javier
San Jorge
San José de Cañas
San José de las Cañas
San José de Mayo
San José
San Juan Bautista
San Juan
San Luis Al Medio
San Luis
San Luis
San Luis
San Martín
San Máximo
San Pedro
San Ramón
San Ramón
San Servando
Santa Bernardina
Santa Catalina
Santa Clara del Olimar
Santa Clara de Olimar
Santa Clara
Santa Ecilda
Santa Ernestina
Santa Fernandina
Santa Isabel
Santa Lucía
Santa María del Pirarajá
Santa María
Santa Rosa del Cuareim
Santa Rosa
Santa Rosa
Santa Teresa
Santiago
Santiago Vázquez
Santo Domingo de Soriano
San Vicente de Castillos
Sarandí de Aceguá
Sarandí de Barceló
Sarandí de Cebollatí
Sarandí de Cuaró
Sarandí de Gutiérrez
Sarandí del Yi
Sarandí de Navarro
Sarandí Grande
Sarandí
Sarandí
Sarandí
Sarandí
Sarandí
Sauce Batoví
Sauce Buricayupí
Sauce Chico de Laureles
Sauce del Yí
Sauce del Yi
Sauce de Queguay
Sauce de San Jorge
Saucedo
Sauce Queguay
Sauce
Sauce
Sauce
Sauce
Sauce
Sauce Solo de Río Negro
Sauce Solo
Sauce Tranqueras
Sauzal
Savago
Sayago
Scavino
Segarra
Sequeira
Sierra de Lunarejo
Soca
Solís de Mataojo
Solís Grande
Solís
Solís
Soriano
Sosa
Soto
Soto
Soto
Suárez
Suárez
Tacuarembó
Tala
Tamanduá
Tambores
Tapia
Tarariras
Tarugo
Tarumán
Termas del Arapey
Tiatocura
Tiatucurá
Toledo
Toledo
Toledo
Tomás Gomensoro
Tomás Paz
Topador
Toro Negro
Totoral
Totoral
Tranqueras
Treinta y Tres
Tres Árboles
Tres Bocas
Tres Bocas
Tres Cerros
Tres Cerros
Tres Esquinas
Tres Islas
Trigo
Trinidad
Tropezón
Tropiezo
Tupambaé
Turupí
Unión
Uruguay
Valdense
Valentines
Valentín Grande
Valentín
Varese
Vázquez
Veinticinco de Agosto
Veinticinco de Mayo
Vejigas
Velasquez
Velázquez
Veras
Vera
Vera
Verdún
Vergara
Vichadero
Vicheadero
Victoria
Vila
Villa Alejandrina
Villa Alesandrina
Villa Borges
Villa Colón
Villa de Canelones
Villa de Fray Bentos
Villa de la Paz
Villa de la Santísima Trinidad
Villa de las Piedras
Villa de la Trinidad
Villa del Carmen
Villa del Cerro
Villa del Rosario
Villa de Pando
Villa de Porongos
Villa de Rivera
Villa de San Carlos
Villa de San Fructuoso
Villa de Soriano
Villa de Tacuarembo
Villa de Treinta y Tres
Villa de Trinidad
Villa Dolores
Villa Don Bosco
Villa Elisa
Villa Española
Villa Fray Bentos
Villa García
Villa General Borges
Villa Independencia
Villa Libertad
Villa María Albina
Villa Maria Isabel Isla de Patrulla
Villa Maria
Villa Muñoz
Villa Nueva
Villa Passano
Villa Sarandí
Villa Sara
Villa Serrana
Villa Vieja
Villa Viñoles
Viñolles
Vuelta del Palmar
Wenceslao Silveira
Yacot
Yaguan
Yaguarí
Young
Zambullón
Zanja Honda
Zanja Honda
Zapará
Zapicán
Zapucay
Zapucay
