Aala
Abanga
Abatabanga
Abatounbouliva
Abatounbwabwa
Abatouwai
Abatvenou
Abnetare
Abouetare
Abounanbay
Abounatari
Abounavahé
Abowi
Abuetare
Abwatountora
Abwatuntora
Aïoua
Aïowo
Aiwos
Aiwos Mission Station
Akam
Alavas
Alélé
Alémémer
Aligu
Alihak
Alolo
Alowarou
Alowou
Amalaboua
Amata
Ambao
Ambousi
Amio
Amok
Amseran
Anabrou
Anamé
Anaouya
Anap
Anawamet
Anégen
Anelbounbékè
Anelgaohat
Anelgauhal
Anelgauhat
Anelghowhat
Anémdanaè
Anémek
Anitchawo
Anowounamalo
Anowounoouras
Antaripoï
Anwaré
Aop
Aouloua
Aoutili
Apopo
Arasa
Aratoa
Aravida
Ariaou
Aroka
Aronbalato
Arong
Asé
Assen
Assoué
Assourou
Ataboulou
Atangouroua
Atavoa
Atsaritibi
Atsoma
Aulua
Avatouna
Aviliana
Avira
Avire
Avounbaka
Avtitnan
Baagwergwèr
Baalap
Baga
Baïtora
Bakakara
Balago
Banhoul
Baréréo
Barik
Barksal
Barvet
Batambon
Batambou
Batarhoumbou
Batarlilip
Bat
Batenfoutou
Batin
Batnavni
Batouitano
Batouna
Batounaéré
Batounaroutoul
Batounboaen
Batounfaramb
Batounklao
Batounlemak
Batountalbarav
Batvoubarav
Baulap
Beer
Bellevue
Bénamour
Bénavoué
Bénéhour
Bétarara
Bétel
Bethel
Béwéto
Bigeïlan
Bilbilou
Bilibil
Biloykoulouwan
Bitar
Boatpasis
Bogor
Bolès
Boloa
Bongabonga
Bonkowia
Borabor
Boroumvor
Bosao
Boton
Botvornov
Bouéboué
Bouégou
Bouinii
Bouisourou
Boulhak
Boumhaéham
Bounahatsa
Bounanbaga
Bouniakoup
Bounlap
Bourbar
Bouroumba
Bouté-Bouté
Boutmaraémojoro
Boutmas
Boutnavaga
Bowé
Brennwé
Bucumba
Bumboko
Bunlap
Burumba
Bwatnapné
Bwéhaltalam
Bwélétaveureukon
Centre
Chinohouse
Crépéta
Dalops
Dalotaropou
Deuriv
Dirihi
Douane
Douèn
Douin Doui
Dovin Doui
Drivaï
Duin Dui
Ebao
Eili
Ekar
Elia
Ellarmo
Emiotébin
Emiotouan
Emoa
Empaoura
Emua
Endou
Enfitana
Engem
Eniou
Enkaro
Enkoul
Enouwakeur
Enpinane
Eouta
Epantgoueï
Epao
EpÌ„ang
Epule
Erano
Erata
Eren
Erévoulay
Espen
Eton
Etpouléo
Éuta
Evitawo
Falan
Falatasa
Falibeur
Fali
Falimapkon
Faloua
Famban
Fandoué
Fanebal
Fanla
Fanouatatao
Fanpatey
Fanréréo
Fantiékon
Faréalapa
Faroun
Farsari
Fartabo
Féléa
Fila
Filakara
Fingalato
Finongi
Fiourou
Fisina
Fona
Fonteng
Fontengro
Fonwor
Forari
Foréas
Fortsenal
Founpat
Fousroumbous
Fwimambwetoli
Fwimatal
Fwimbérougou
Gavigamana
Gébénour
Gniérenioumen
Goulouf
Goun
Green Hill
Grempo
Halos
Hangar
Happy Land
Harimal
Hawor
Hébel
Hémébouer
Hog Harbour
Hokoua
Hokua
Holen
Horrok
Houbikou
Hounnbank
Iakobone
Iaosaou
Iaouwa
Iasoa
Ifo
Ignal
Iilé
Ijeptzav
Ikahakahak
Ikaokao
Ikaseukwi
Ikeupo
Ikiyoo
Ikounala
Ikounap
Ikouroup
Ilamré
Iléreup
Ileupouoou
Ilisilis
Iliwaba
Ilpweutou
Imaki
Imalé
Imareukak
Imlao
Imreang
Imwafeun
Imwapeul
Imwareupo
Imwaya
Inap
Inter
Invanou
Ioul
Ipao
Ipenyen
Ipeukel
Ipeukeul
Ireupuow
Iriré
Isaka
Isangel
Isarkey
Isavaï
Isino
Isowai
Itakoma
Itamotou
Itounga
Iwey
Jasmori
Kaïntsouro
Kaïpiloa
Kamel Léwawa
Kaounoméikeur
Kariamaoura
Karo
Katbol
Kéké
Kérembéi
Kérémbitia
Kérénaoura
Kérénavura
Kérentavou
Kérépoua
Kindou
Koïmarama
Kolé
Konaékeun
Konkon
Korro
Koulbaga
Koulouwan
Kouptana
Kouroumanpé
Kourourétapo
Kranturoe
Krantvroe
Kuru
Kwakéa
Kwanglav
Kwétégaveg
Laanbek
Labo
Laborha
Laboué
Laboultamat
Labwarou
Ladhu
Lahoénuwi
Lakatoro
Lakéréré
Lakétam
Lakinasouman
Laknasoua
Laladiva
Lalaéré
Lalbétaès
Lalda
Lalembou
Lalembu
Lalinda
Laloupleïto
Lalwori
Lamak
Lamalanga
Lamamas
Lamap
Lamarakaï
Lamaro
Lamarou
Lamboukouti
Lamboulpatouey
Lambwaen
Lamengo
Lametin
LamÌ„inaora
Lamniat
Lamorou
Lamorountoa
Lamouéneuvel
Lampétiar
Lamwinaoura
Langoutoïtoli
LangromÌ„os
Lankourou
Lanour
Lao
Laoné
Laonomoa
Laosaké
Laounalang
Lapé
Lapourépouré
Lararomboha
Larata
Laratava
Laravet
Laravinambosvi
Larawèt
Larévet
La Roseraie
Larouanou
Laroup
Lasméa
Lasoulé
Lasoulépona
Lasoulésoulé
Latano
Lativilan
Latounoukaé
Latouptoup
Lavalsal
Lavatavo
Laven
Lavonda
Lavousi
Lavoutou
Lawaawa
Lawe
Lawénata
Lawisa
Léar
Léblia
Léboukouvini
Leboung
Léboutsousap
Lebutt
Lédavi
Légal
Léhunang
Leïwoma
Lékoual
Le Lagon
Lélé
Lélislis
Lélowalo
Lélvah
Lémalda
Léman
Lembinwen
Lémèmbléké
Lémettou
Lémwelmwel
Lénakel
Lénaken
Lénana
Lénapouas
Lenaükas
Lénépin
Lenmowet
Lenok
Lénor
Lenwakmoul
Lepersivir
Léppa
Lerasangoul
Lératowo
Léronron
Lérourouk
Les Allobroges
Lésarmalras
Lésasa
Léséréplag
Les Lagunes
Lésoubélakan
Létévenrar
Létowaleue
Létowopom
Letut
Leumanggoviati
Leve
Lével
Léviamp
Lévolvol
Lewaïbilak
Léwawa
Lewelvaru
Liékar
Lihiouk
Lihiwouk
Likalia
Likon
Limalgan
Limap
Limbot
Limdi
Linarar
Linboul
Linèn
Liro
Litzlitz
Loameul
Loanengo
Loarou
Lobanga
Lobatmas
Loéafi
Loélafomwa
Loghvari
Lokéarou
Lokoten
Lolbwavato
Loldomaé
Loliboulo
Lolibwé
Lolimari
Lolimari
Lolmambwéo
Loloarou
Lolobanga
Loloikala
Lolokalato
Lolomangoua
Lolomatwi
Lolombivounié
Lolominiou
Lolonwélé
Lolopinawa
Lolopuépé
Lolopuépué
Lolopwépwé
Lolosori
Lolotingé
Lolovangé
Lolovélé
Lolovotali
Lolowaï
Lolowarou
Loloway
Lolsaliwann
Lolsanga
Loltong
Loluerkon
Lomalanga
Lomatéïwéï
Lombaha
Loméméti
Lomtéhékeul
Lomteuhéakal
Lomwanapiep
Lonasilian
Lonbaha
Lonbarnié
Lonbilingdoun
Lonboué
Lonbouréoul
Lonbwélo
Londwa
Loné
Lonengwarao
Loneowei
Lonepan
Lonépéyéwié
Longangoua
Longwarou
Lonha
Lonhao
Lonlébi
Lonmink
Lononwei
Lonorore
Lonré
Lonsal
Lontigé
Lonwaditari
Lonwar
Lonwel
Lonyemyem
Loonékiyawileung
Loonélangat
Loonélapeun
Loonoo
Loopa
Loouanapouta
Looukas
Looukeureus
Looulooupou
Looumwanoumwan
Loounaoula
Loounapkamey
Loounapkaülangeus
Loounapkiko
Loounatkey
Loounékaweuk
Loounémeloupang
Loouniel
Loounihm
Loounimhapeun
Looutel
Looutopounga
Loptoro
Lorédiakarkar
Loriéno
Losokwarou
Losoué
Lotabone
Lotapouna
Lotawan
Loua
Louganville
Loulep
Louli
Lounaragi
Lounékoukwéou
Louoïmalakaï
Loupaléa
Louri
Lourou
Lovénoué
Loviarou
Lovis
Lovonolivo
Lowaïnasasa
Lowa
Lowarhé
Lowatmémèr
Lowatoumbé
Lowéao
Lowékéwou
Lowe
Lowenof
Lowérié
Lowiravé
Lowitava
Lowitawor
Lowiteul
Lowosi
Lowoudbé
Lowounbouga
Lowountawor
Luganville Bay
Luganville
Maat
Maé
Maé
Maé-Moraé
Magam
Makata
Makatambo
Makéoné
Makéon
Malaliou
Malao
Malaora
Malapat
Malboral
Malfakal
Malmariv
Maloéta
Malori
Malouibakaranaé
Maloutfol
Malvér
Malvouko
Mandri
Mangarisiou
Mangorango
Manpay
Manuro
Mapkinkin
Mapoua
Mapouna
Maraé
Marao
Marchal
Marembako
Marino
Maronron
Marou
Marow
Maru
Masalato
Masol
Mataé
Matala
Mataméa
Matandan
Matangui-Salembanga
Matanpousa
Matansao
Matanvat
Mataravi
Matbopo
Maté
Maténoua
Matié
Matin'gi
Mat
Matnavando
Matnavora
Matoa
Mavora
Mbarévit
Mégam
Melbulbul
Melcofé
Mele
Mélibwé
Mélip
Melsisi
Meltébin
Mélten
Melto
Melwar
Membrémo
Ménégoro
Méraroua
Méré
Mériver
Mésabolo
Métadounkoul
Métamli
Métanwar
Métarouk
Métavèn
Météo
Métésari
Milipe
MÌ„osol
Mission d' Aouloua
Modi
Moériou
Mogam
Mohoun'gha
Moliitsi
Molorhaï
Mondoro
Mon Exil
Montmartre
Morgrif
Morioul
Moriou
Morouas
Morou
Mosina
Moualakot
Mourakawer
Mouroubak
Naano
Nabagaaki
Nabènbèné
Nabounay
Naboutariki
Naboutouriki
Nabutri
Naéréré
Nagap
Nagataro
Nagwingwim
Naïngama
Nakalato
Nakéré
Nakonrabonga
Nakouita
Namalao
Namaous
Namaram
Namarao
Namassari
Namatasopa
Namatooukou
Nambaramout
Nambia Tri
Namoumou
Namsafoura
Nanaharoua
Nanako
Nanamorou
Nandoro
Nandouha
Nangiré
Nangouèr
Nangouroua
Nanguilé
Nanoé
Naoné
Naoné
Naouli
Naous
Napérol
Napila
Napil
Napor
Napoua
Napoul
Naram
Narango
Naréa
Nareget
Narouah
Naroutoli
Narouwo
Narovorovo
Nasagoro
Nasanga
Nasawa
Natalou
Natambu
Natanopéta
Natapao
Natarimboé
Natavoa
Natchino
Natourouk
Natowoulata
Natséré
Navaras
Navel
Naviso
Navitora
Navolou
Navolou
Navonda
Navoun
Navoutiloui
Navouti
Navoutouriki
Nayo
Nazareth
Nazareth-Rantis
Ndui Ndui
Néafou
Néha
Nehatlin
Néhatourou
Nelvololkar
Neubul
Ngalaporoua
Ngalavasorou
Ngalovasoro
Ngouroua
Nikaoura
Nikapa
Nikaura
Nivénou
Noboros
Nobouvilévilé
Nogougou
Nogugu
Nokokoul
Nokombilatata
Nokonbouin
Nokongiri
Nokonsédé
Nokosaké
Nokowoula
Nokuku
Nonona
Noou
Norsoup
Norsup
Nosousou
Noul
Nounapon
Nountor
Nouvi
Npénanavèt
Olal
Olasi
Olbanga
Oloul
Olpoï
Olpoy
Olul
Olwaa
Ombous
Onésoua
Onesua
Onétar
Ontar
Orap
Orati
Oroïbao
Oroni
Orota
Otas
Oualonrigui
Oualourigui
Oulé
Oumetch
Ounakop
Ounasoule
Ounavahé
Ounèvsèm
Ounoua
Ounwarou
Ouo-Ouo
Oupongkor
Oureboul
Ouro
Ousiév
Oussélé
Outanlang
Outèr
Paétoré
Païa
Pakapoultol
Pakaroro
Pakatam
Palikoulo
Palikulo
Pamel
Panap
Panas
Panbroun
Pancros
Pangakara
Pangona
Pango
Panhavoul
Panita
Panmouwouom
Panoka
Pantévamal
Paonangisu
Paonanguis
Paona
Paouléli
Papasoulé
Papoulasmel
Patembiou
Paten
Pêcherie
Péléworéarou
Pellonk
Pélol
Pénantsiro
Pénap
Péniciès
Pénoubéré
Pépéksal
Périmengdé
Pesia
Peskarous
Peskarüs
Pétel
PÌ„ang-PÌ„ang
Piapiéo
Piapouria
Pila
Pilioura
Piloé
Pinaloum
Pinambo
Pinambro
Pinapel
Pitikabilendromé
Pivosava
Plamaé
Ploé
Poal
Poétsaysay
Pohourour
Poliba
Ponof
Ponrah
Pontasipsip
Poporonous
Porao
Port Fila
Port-Havannah
Port Lautour
Port-Olry
Port-Stanley
Port-Vato
Port-Vila
Potiraousak
Potlouzi
Potnarhvin
Potnaroumpouo
Potnarvin
Potovrou
Pouilipoé
Pouillet
Pouiloppoe
Pounalvat
Pourao
Pouriawot
Pourké
Pourtihé
Poussabier
Poussy
Poutoumiel
Pwélé
Pwelpitou
Qunassoule
Radier
Rafinga
Raga
Rambak
Rambouan
Rampounisia
Rampounmampouo
Rampounrougou
Ramwady
Ranbili
Ranbwé
Ranhor
Ranmawat
Ranmouhou
Ranon
Rano
Ranpoutor
Ranpout
Ransaré
Rantas
Ranuetlam
Ranvérékon
Ranwas
Ranwilinto
Rarepa
Rasfahalo
Rata
Remèp
Renmar
Répanbitipbonour
Rerepa
Rerep
Rétour
Rewoka Naboa
Rewoka Namalachi
Ringdove
Rip
Rive Yan
Robago
Roghuros
Rongétra
Ropoutsoum
Roria
Rougoumbo
Roupési
Rovo
Rowok
Rowonawo
Rowo
Rukumbo
Saama
Saé
Safiou
Saint Benoit
Sainte-Anne
Sainte-Marie
Sainte Thérèse
Sainte Thérèse
Saint-François
Saint Gabriel
Saint Henri et Saint-Paul
Saint Henri
Saint Joseph
Saint Michel
Saint-Paul
Saï
Sakao
Sakau
Sakéani
Saké
Saktouy
Salap
Saltas
Samarandas
Sameria
SamÌ„eo
Samoao
Samo
Samuao
Sanakoumbé
Sanapapa
Sanasoup
Sang'hava
Sankay
Santo
Sanwar
Saouma
Saou
Saraerao
Saranamoundou
Saranatogoro
Saraotou
Saritamata
Sarmét
Sarmette
Sarouaétan
Sasaké
Sasaki
Sasanadam
Sasia
Selembanga
Selembenga
Sénal
Sesake
Sesaki
Sésivi
Sessivi
Siviri
Slelouré
Slétassimal
Soamal
Sola
Sonrha
Souléiséré
Souléoutoubari
Soulé
Souloua
Sounaï
South River
Stade
Sydney
Taal Nétan
Tabalabalaran
Taboukavika
Taboulan
Tabounboder
Taboutsoui
Tabwé
Tabwimoli
Tabwimol
Taémammavi
Tafia
Tafoualé
Tahi
Tahouta
Taïwi
Taktak
Talatas
Talomaco
Talomako
Tambatalo
Tamlilip
Tanbok
Tanbouipil
Tanboun
Tangis
Tanlapa
Tanmaéto
Tanoï
Tanopousa
Tanoriki
Tanoutcho
Tanrig
Tanrik
Taoloa
Taoumanouni
Taoutou
Taouwa
Taraïbé
Tarasag
Tasfaron
Tasiriki
Tasmaloum
Tasmaloun
Tasmalune
Tasmalune Trader
Tasmaori
Tasmate
Tasmat
Tassematte
Tassériki
Tassmatta
Tatafo
Tataïkalo
Tatouira
Tavala
Tavalavala
Tavendroua
Taviac
Tavio
Tavoa
Tavoloua
Tavoni
Tawor
Télékey
Tellit
Témaonu
Tématou
Tembotalo
Tenmarou
Tenmérer
Tenmial
Tentaréssak
Tentaréssoup
Terebia
Terebiu
Térou
Tétavalé
Teuvrat
Tichlélamboué
Tigalga
Tikilasoa
Tioungwi
Tiouroumbo
Tisbel
Tivel
Toak
Tobol
Tobotoumbo
Tokofé
Tokor
Tolab
Tolag
Tolav
Tolomako
Tombaesar
Tombet
Tomboul
Tondila
Tongaméa
Tongwé
Tonvar
Toou
Torari
Tosi
Totokat
Toumbouria
Toupouétap
Tourébiou
Towol
Tsaraépaé
Tsaraépéla
Tsarapao
Tsariaorou
Tsinioni
Tsuréviu
Umpon Yélongi
Unpongkor
Utanlangi
Vaitini
Valaé
Valesdir
Vanaïa
Vanis
Vanmwel
Vanréwérep
Vansémakoul
Vapana
Varabibi
Varéwérèp
Varsaré
Var
Vas
Vatavoui
Vatiinopo
Vatlés
Vatorousin
Vatoukampani
Vatounaki
Vatowasis
Vatrada
Vatrof
Vatroto
Véroué
Ver
Vesalia
Vétoubosor
Veutümboso
Vévérao
Vias
Viei
Vienna
Vilakalaka
Vila
Viniou
Vipaka
Vir
Vitouara
Votlo
Vougénéré
Vourias
Vournéré
Vousin
Vovo
Wadounbaba
Wadounbowi
Wadounmwel
Wadovaga
Waéling
Waésisi
Wailapa
Waïlep
Wakon
Walembwé
Wali
Wall
Walourigi
Walpey
Walraoul
Walurighi
Walurigi
Wanawéré
Wanbagam
Wangtoo
Wanou
Wara Kapa
Waraparo
Wararana
Wasaka
Wasaléa
Watangwélé
Waterfall
Watfanwa
Watiawoli
Wawo
Waylapa
Wéilbéri
Wélawéa
Wéravénou
White Sands
Wiana
Wienna
Wihel
Wilir
Wilit
Wilmèt
Winbou
Winia
Winougap
Wintoua
Wintua
Win
Witaba
Woïnkoni
Wonisule
Woo
Worafiou
Woralapa
Worlembraki
Worlissliss
Wornambek
Worovok
Worowloa
Wortatcha
Wosaga
Woulélé
Woulior
Woumorou
Wounahaowoumhoum
Wounaouss
Wounaout
Wounapaka
Wounapéras
Wounawati
Woundrpoutsour
Wounépara
Woungmouil
Wounpipi
Wounpouko
Wounsoulé
Wountavitslavo
Wounwaka
Wouréwérèp
Wousi
Wousounmwèl
Wouta
Wowo
Wunpuka
Wunpuko
Wunpuku
Wuro
Wusi
Wus
Yakoukak
Yakoul
Yakounétikaoulil
Yakwaraka
Yakwipeur
Yanamahou
Yanamwakel
Yanaouhiya
Yanarbon
Yanavatang
Yankoula
Yankwanénéay
Yanmileun
Yaoukouriruang
Yapana
Yapimay
Yapnawitaleng
Yarouareung
Yasmori
Yatoukwey
Yéléwar
Yélowouwou
Yémamoso
Yéno
Yérou
Yétakapé
Yétap
Yimnakayip
Yoknaéka
Ytapoua
