Aart
Abe
Abraham
Ad
Adam
Ade
Adelbert
Adolf
Adriaan
Adrianus
Albert
Aldert
Alex
Alexander
Alfons
Alfred
Aloysius
Alwin
Ambroos
Andreas
Andries
Anton
Antonie
Antonius
Antoon
Arend
Arie
Arjan
Arnoud
Arthur
Augustijn
Augustus
Bart
Bartel
Bartholomeus
Bas
Bastiaan
Ben
Ben
Benedictus
Benjamin
Bernhard
Bert
Bob
Bonifaas
Boudewijn
Braam
Bram
Brecht
Broos
Cas
Casper
Cees
Chris
Christiaan
Christoffel
Cobus
Constantijn
Coos
Corné
Cornelis
Cornelius
Daan
Daniël
David
Dennis
Dick
Diede
Diederick
Diederik
Dirk
Dominicus
Ed
Eduard
Edwin
Egbert
Elbert
Elia
Emerens
Erik
Ernst
Erwin
Esmé
Ewoud
Ewout
Faas
Fabian
Felix
Ferdi
Ferdinand
Filibert
Filip
Filippus
Flip
Floor
Floris
Fons
Franciscus
Frank
Frans
Fred
Frederik
Freek
Frits
Funs
Funske
Gabriël
Geert
Gerard
Gerben
Gerd
Gerhard
Gerlach
Gerlof
Gerolf
Gerolt
Gerrit
Gerry
Gert
Gijs
Gijsbert
Gilbert
Gillis
Godfried
Gustaaf
Guus
Hannes
Hans
Harm
Heiko
Hein
Hendrik
Henk
Hennie
Henny
Herman
Hermanus
Hieronymus
Hubert
Hubertus
Hubrecht
Hugo
Huub
Ignaas
Inge
Ivo
Izaäk
Jaap
Jacob
Jacobus
Jakob
Jan
Jef
Jelle
Jeroen
Jesse
Job
Jochem
Jodocus
Joël
Joep
Joeri
Johan
Johannes
Jonas
Jonathan
Joop
Joord
Joos
Joost
Jordaan
Joris
Jos
Jozef
Jozua
Judocus
Jurgen
Jurriaan
Justus
Kai
Karel
Kasper
Kees
Kerneels
Kevin
Klaas
Kobus
Koen
Koenraad
Koert
Koos
Lambert
Lammert
Lars
Lau
Laurens
Leo
Leopold
Lex
Lieven
Lievin
Lodewijk
Louis
Lourens
Lowie
Lucas
Ludger
Ludo
Ludolf
Luuk
Maarten
Maas
Maikel
Manfred
Mannes
Marijn
Marinus
Marius
Mark
Marnix
Marten
Martijn
Matthias
Matthijs
Maurits
Max
Maximiliaan
Mees
Meindert
Meine
Meino
Meint
Menno
Michaël
Michiel
Milan
Minke
Mozes
Nick
Nico
Nicolaas
Niek
Niels
Nikolaas
Norbert
Olaf
Olivier
Otto
Pascal
Paul
Pauwel
Pepijn
Peter
Petrus
Philip
Pier
Piet
Pieter
Pim
Puck
Quinten
Quirijn
Radboud
Raf
Rafaël
Rein
Reinier
Reinout
Rembrandt
Rens
Richard
Rien
Rien
Rik
Rob
Robbe
Robert
Robin
Robrecht
Rochus
Rodolf
Roel
Roeland
Roelof
Rogier
Roy
Ruben
Rudolf
Rupert
Rutger
Ruud
Sander
Sebastiaan
Sem
Servaas
Siem
Siemen
Sieuwerd
Simon
Sjaak
Sjakie
Sjef
Sjoerd
Sjors
Staas
Stef
Stefan
Stefanus
Steffen
Sten
Stijn
Sven
Teun
Teunis
Theo
Theodoor
Theodorus
Theofilus
Theunis
Thijmen
Thijs
Thomas
Tiede
Ties
Tijmen
Tijn
Tim
Timotheus
Tjaard
Tjeerd
Tom
Ton
Tuur
Tygo
Valentijn
Vincent
Wendel
Wendelin
Werner
Wessel
Wibo
Wiebe
Wil
Wilbert
Willem
Willy
Wim
Wob
Wouter
Wubbe
Xander
Yorick
Yvo
Zef
