Abhay
Aditya
Agni
Ajeet
Ajit
Ajith
Akash
Akhil
Amar
Amit
Amrit
Anand
Ananta
Ananth
Anantha
Anil
Aniruddha
Anish
Ankur
Anuj
Anupam
Aravind
Aravinda
Arjun
Arjuna
Arun
Aruna
Arya
Aseem
Ashok
Ashoka
Asim
Avinash
Bala
Baladeva
Baldev
Basant
Basu
Bharat
Bharata
Bhaskar
Bhaskara
Bijay
Bijoy
Bipin
Bishen
Brahma
Brijesh
Brijesha
Buddha
Chanda
Chandan
Chander
Chandra
Chandrakant
Chetan
Chiranjeevi
Chiranjivi
Damodar
Damodara
Dayaram
Debdan
Deepak
Deo
Deodan
Dev
Devadas
Devaraja
Devdan
Devdas
Devraj
Dhananjay
Dhaval
Dilip
Dilipa
Dinesh
Dipak
Dipaka
Drupada
Duleep
Durai
Ganesh
Ganesha
Gautam
Gautama
Geevarghese
Girish
Girisha
Gobind
Gopal
Gopala
Gopinath
Gopinatha
Gotam
Gotama
Govind
Govinda
Harendra
Hari
Harinder
Harish
Harisha
Harsha
Harshad
Harshal
Inderjit
Inderpal
Indra
Indrajit
Isha
Jagannath
Jagannatha
Jagdish
Jagjit
Jai
Jaidev
Jay
Jayant
Jayanta
Jayendra
Jaywant
Jeetendra
Jitender
Jitendra
Jitinder
Kailash
Kalidas
Kalidasa
Kalyan
Kalyana
Kama
Kamal
Kapil
Kapila
Karan
Karna
Kavi
Kiran
Kishan
Kishen
Kishor
Kishore
Kistna
Krishna
Kshitij
Kumar
Kumara
Kunal
Kunala
Lakshman
Lakshmana
Lal
Lalit
Laxman
Lochan
Madhav
Madhava
Madhukar
Mahavir
Mahavira
Mahendra
Mahesh
Mahesha
Mahinder
Mandeep
Mani
Maninder
Manish
Manu
Mayur
Mitul
Mohan
Mohana
Mohandas
Mohinder
Mukesh
Mukesha
Mukul
Murali
Nagendra
Nala
Nanda
Narayan
Narayana
Narendra
Narinder
Naveen
Navin
Neelam
Nikhil
Nilam
Ninad
Niraj
Nirav
Nishant
Nithya
Nitin
Nitya
Om
Padma
Pallab
Pallav
Pankaj
Pankaja
Parth
Partha
Pitambar
Pitambara
Prabhakar
Prabhakara
Prabhat
Prabhu
Prabodh
Pradeep
Pradip
Prakash
Pramod
Pramoda
Pran
Pranav
Pranay
Prasad
Prasanna
Pratap
Pravin
Prem
Punit
Purushottam
Purushottama
Rabindra
Raghu
Rahul
Raj
Raja
Rajender
Rajendra
Rajesh
Rajinder
Rajiv
Rajneesh
Rajnish
Rakesh
Ram
Rama
Ramachander
Ramachandra
Ramakrishna
Ramesh
Ramesha
Rameshwar
Ranj
Ranjeet
Ranjit
Ratan
Ratnam
Ravi
Ravindra
Rishi
Rohan
Rohit
Roshan
Sachin
Sandeep
Sandip
Sanjay
Sanjaya
Sanjeet
Sanjeev
Sanjit
Sanjiv
Sankar
Saral
Sashi
Satish
Savitr
Sekar
Shankar
Shankara
Shantanu
Sharma
Shashi
Shekhar
Shiva
Shresth
Shrinivas
Shripati
Shrivatsa
Shyam
Shyama
Shyamal
Sib
Siddharta
Siddhartha
Singh
Skanda
Subhash
Sudarshan
Sudhir
Sujay
Suman
Sumantra
Sundar
Sundara
Sunder
Sunil
Suraj
Surendra
Suresh
Suresha
Surinder
Surya
Sushil
Swapan
Swapna
Swapnil
Swaran
Swarna
Varghese
Vasant
Vasanta
Vasu
Venkat
Venkata
Vijay
Vijaya
Vikram
Vikrama
Vimal
Vinay
Vipin
Vipul
Vishal
Vishnu
Vivek
Yama
Yash
