Adalbert
Adam
Adrian
Albert
Albin
Aleksander
Aleksy
Alfons
Alfred
Alojzy
Anastazy
Anatol
Andrzej
Antoni
Apolinary
Arkadiusz
Aron
Artur
August
Augustyn
Aureliusz
Bartek
Bartłomiej
Bartosz
Bazyli
Benedykt
Bernard
Błażej
Bogdan
Bogumił
Bogusław
Bolek
Bolesław
Bonifacy
Borys
Bożydar
Bratumił
Bronisław
Bruno
Celestyn
Cezary
Cibor
Cyryl
Czcibor
Czesław
Damian
Daniel
Dariusz
Dawid
Dobrogost
Dobromił
Dobrosław
Dominik
Donat
Edmund
Edward
Eliasz
Eligiusz
Emil
Ernest
Eugeniusz
Fabian
Felicjan
Feliks
Ferdynand
Filip
Florian
Franciszek
Fryderyk
Gabriel
Gaweł
Gerwazy
Grzegorz
Gustaw
Henryk
Herbert
Hipolit
Hubert
Ignacy
Igor
Ireneusz
Iwan
Iwo
Izaak
Izydor
Jacek
Jacenty
Jakub
Jan
Janek
Janusz
Jarek
Jarogniew
Jaromir
Jaropełk
Jarosław
Jędrzej
Jerzy
Joachim
Jozafat
Józef
Julek
Julian
Juliusz
Jurek
Justyn
Kacper
Kajetan
Kamil
Karol
Kasper
Kazimierz
Klaudiusz
Klemens
Kondrat
Konrad
Konstanty
Konstantyn
Kornel
Krystian
Krystyn
Krzesimir
Krzyś
Krzysztof
Ksawery
Kuba
Lech
Lechosław
Leon
Leonard
Leopold
Lesław
Leszek
Lew
Longin
Lubomierz
Lubomir
Łucjan
Lucjan
Lucjusz
Ludwik
Łukasz
Maciej
Maksym
Maksymilian
Manfred
Marcel
Marceli
Marcin
Marek
Marian
Mariusz
Mateusz
Maurycy
Metody
Michał
Mieczysław
Mieszko
Mikołaj
Miłogost
Miłosław
Miłosz
Mirek
Miron
Mirosław
Mścisław
Narcyz
Nikifor
Nikodem
Norbert
Olaf
Olek
Oskar
Patryk
Paweł
Piotr
Przemek
Przemko
Przemo
Przemysł
Przemysław
Racław
Radek
Radomił
Radosław
Radzim
Radzimierz
Rafał
Rajmund
Renard
Robert
Roch
Roland
Roman
Rudolf
Rupert
Ryszard
Salomon
Samuel
Sebastian
Serafin
Sergiusz
Seweryn
Siemowit
Sławomir
Sobiesław
Stanisław
Stefan
Sulisław
Świętomierz
Świętopełk
Świętosław
Sylwester
Szczepan
Szczęsny
Szymon
Tadeusz
Teodor
Teofil
Tobiasz
Tomasz
Tomek
Tymon
Tymoteusz
Tytus
Urban
Uriasz
Wacław
Waldek
Waldemar
Walduś
Walenty
Walerian
Walery
Walter
Wawrzyniec
Więcesław
Wielisław
Wiesław
Wiktor
Wilhelm
Wincenty
Wisław
Wit
Witołd
Witold
Władysław
Włodek
Włodzimierz
Włodzisław
Wojciech
Wojtek
Zachariasz
Zbigniew
Zdzisław
Zenon
Ziemowit
Zygfryd
Zygmunt
