Adrijana
Agata
Agnes
Albina
Aleksandra
Alena
Alenka
Alojzija
Amalija
Ana
Andreja
Angela
Anica
Anja
Antonija
Apolonija
Avgusta
Barbara
Bernarda
Berta
Bogdana
Bojana
Božena
Branislava
Branka
Brigita
Cecilija
Cila
Cilka
Cirila
Cvetka
Daliborka
Damijana
Damjana
Danica
Daniela
Danijela
Darija
Darinka
Darja
Dejana
Dijana
Dominika
Doroteja
Draga
Dragica
Dunja
Edita
Elena
Elizabeta
Ema
Emilija
Erika
Eva
Frančiška
Francka
Hedvika
Helena
Ida
Ines
Irena
Irma
Iva
Ivana
Ivanka
Jana
Jasmina
Jasna
Jelena
Jelka
Jolanda
Jožefa
Jozefa
Jožica
Julija
Julijana
Justina
Karmen
Karolina
Katarina
Katica
Katja
Klara
Klavdija
Klementina
Kristina
Ksenija
Lara
Laura
Lavra
Lea
Lidija
Lilijana
Ljerka
Ljubica
Ljudmila
Lucija
Magdalena
Maja
Maja
Majda
Margareta
Marica
Marija
Marijana
Marjana
Marjeta
Marta
Martina
Maša
Mateja
Mihaela
Milena
Milica
Milka
Mira
Mirjam
Mirjana
Miroslava
Mojca
Monika
Nada
Nadja
Natalija
Nataša
Nevenka
Neža
Nika
Nina
Olga
Pavla
Pavlina
Pepca
Petra
Pia
Polona
Radana
Renata
Romana
Roza
Rozalija
Sabina
Sandra
Sara
Silva
Silvestra
Silvija
Simona
Slavica
Slavka
Sonja
Špela
Stanislava
Stanka
Štefanija
Suzana
Tanja
Tatjana
Tea
Teja
Terezija
Tina
Tjaša
Tonka
Urška
Uršula
Valentina
Valerija
Vera
Veronika
Vesna
Vida
Viktorija
Vladimira
Zala
Žana
Zdenka
Zdravka
Željka
Živa
Zlata
Zora
Zorka
Zvezdana
