Abi
Acnin
Afif
Africa
Agate
Aiad
Aien
Aike
Ain
Ainao
Akilah
Akilina
Alcott
Ale
Alen
Aley
Alhueche
Alian
Alihuen
Aluen
Aluhe
Aluney
Alva
Amani
Amankaya
Ambay
Amor
Anael
Anat
Andras
Andrea
Anisi
Anoel
Ansley
Anti
Antu
Ara
Arai
Arami
Arandu
Are
Arel
Arev
Arge
Argyroula
Arjuna
Aruni
Ascension
Ashlan
Ashley
Atic
Atzin
Aucan
Augustine
Auki
Avi
Ayerai
Aylen
Ayrampu
Aysel
Ayun
Ballard
Bay
Bela
Belen
Bell
Ben Hur
Berjuhi
Beryl
Beverly
Bevin
Blair
Blake
Bo
Brazil
Brilane
Brit
Britain
Brynn
Calfu
Camil
Carlin
Carmel
Carmin
Cary
Casey
Charlie
Charlot
Cheyenne
Chris
Cielo
Cochi
Cody
Coquena
Cori
Corliss
Coty
Courtney
Cruz
Cumelen
Cuyen
Cyd
Dacey
Dakota
Dale
Dallas
Darcy
Daryl
Daudi
De la Cruz
De la Merced
De la Paz
De Lujan
Del Carmen
Del Cielo
Del Corazon de Jesus
Del Milagro
Del Rocio
Del Rosario
Del Sagr.C.de Jesus
Del Sagrado Coraz¢n
Del Solar
Del Valle
Dempsey
Denver
Deverell
Devin
Devon
Dharvinder
Dio
Dory
Doyel
Drew
Duam
Eavan
Eddie
Edlyn
Elal
Ellis
Eluhuei
Eluney
Ely
Eneyen
Epuleff
Etewa
Eyen
Fran
Fu Yao
Gaby
Gal
Gale
Gaynor
Genesis
Germaine
Glauco
Glynis
Guaraci
Guiomar
Guri
Hadley
Haley
Harley
Hartley
Hayes
Henning
Hikari
Hillary
Huapi
Huara
Huayra
Huelen
Hueneken
Huenu
Huerquen
Ik
Illed
Inan
Inaqui
India
Inti
Iori
Iru
Itziar
Iziar
Jackie
Jada
Jaen
Jaim
Jainen
Jamie
Jay
Jaya
Jayma
Jerzy
Jess
Jesse
Jocelyn
Jody
July
Jun
Kaede
Kalen
Kanti
Kaori
Kaoru
Kapriel
Karibe
Karumanta
Katu
Kay
Keelan
Keely
Keira
Kelby
Kelly
Kelsey
Kenaan
Kennedy
Kenti
Kenzie
Keren
Kerry
Killa
Kinen
King
Kinsey
Kospi
Kusi
Kuyen
Lahuen
Lane
Lanin
Leigh
Lesley
Leslie
Li
Licalel
Lighuen
Lihue
Lihuel
Lihuen
Lil
Limay
Lindsay
Lindsey
Lindy
Llanca
Llanque
Logan
Luan
Lucero
Lujan
Lurdes
Lynn
Maaian
Madison
Mailin
Mainque
Maiten
Maitreya
Maku
Mallory
Malu
Manami
Manque
Manuk
Mar
Maria
Maris
Matana
Mayon
Mel
Melen
Melin
Meredith
Merle
Mika
Milea
Min
Miqueas
Mishquila
Misky
Miyen
Monserrat
Montana
Morgan
Moriah
Moroti
Munay
Murphey
Murphy
Mu¤ay
Myoren
Nadin
Nagual
Nahime
Nale
Namir
Naschel
Nasha
Nazaret
Nazareth
Nehueln
Nell
Neri
Netania
Nevada
Nika
Nike
Nikita
Nikki
Noa
Noe
Noel
Nohien
Numilen
Nuriel
Nuru
Odara
Odell
Ollie
Olmo
Orly
Oz
Page
Paige
Painegour
Pampa
Parana
Park
Pat
Patrice
Patty
Paxton
Payton
Paz
Pe¤imel
Phoenix
Pier
Pilmaiquen
Pilmayquen
Piren
Piuque
Purva
Pyralis
Quetzal
Quilla
Quillen
Quimey
Quinn
Rahue
Raihue
Rainey
Randall
Randie
Randy
Rayen
Red
Reiko
Remy
Renny
Resham
Reyes
Rigel
Riley
River
Robin
Ronit
Rory
Rosario
Ryanne
Sagara
Saiguen
Sandy
Sasha
Sauken
Sela
Shadi
Shandy
Shannon
Sharbat
Sharon
Shawn
Shea
Shelby
Shelley
Shelly
Shin
Shivani
Sibley
Sidney
Silver
Sion
Skyle
Skyler
Sloan
Sloane
Soi
Solcire
Stacey
Stacy
Sterling
Stevie
Summit
Surai
Surak
Suyai
Suyay
Tae Ry
Taffi
Taiel
Tamia
Tanaka
Tanner
Tatsuki
Taylor
Teal
Tehuel
Terence
Terry
Tica
Tracey
Traichen
Transito
Trinidad
Tyler
Uriah
Utka
Val
Valentine
Verne
Walen
Wanelen
Wara
Wayra
Wechi
Wendell
Whitney
Willka
Winfred
Winni
Wi¤ay
Yal
Yam
Yamandu
Yamay
Yatel
Yboty
Yenien
Yerimen
Yexalem
Yochonon
Yuki
Yune
Yunka
Zohar
Zuriel
